

C:\program files\dotnet\sdk\11.0.100-preview.2.26159.112\Sdks\Microsoft.NET.Sdk\targets\Microsoft.NET.RuntimeIdentifierInference.targets(383,5): message NETSDK1057: You are using a preview version of .NET. See: https://aka.ms/dotnet-support-policy [C:\Users\koosh\Dino\src\Runtime\DINOForge.Runtime.csproj]
C:\program files\dotnet\sdk\11.0.100-preview.2.26159.112\Sdks\Microsoft.NET.Sdk\targets\Microsoft.NET.RuntimeIdentifierInference.targets(383,5): message NETSDK1057: You are using a preview version of .NET. See: https://aka.ms/dotnet-support-policy [C:\Users\koosh\Dino\src\Bridge\Client\DINOForge.Bridge.Client.csproj]
C:\program files\dotnet\sdk\11.0.100-preview.2.26159.112\Sdks\Microsoft.NET.Sdk\targets\Microsoft.NET.RuntimeIdentifierInference.targets(383,5): message NETSDK1057: You are using a preview version of .NET. See: https://aka.ms/dotnet-support-policy [C:\Users\koosh\Dino\src\Tools\Cli\DINOForge.Tools.Cli.csproj]
C:\program files\dotnet\sdk\11.0.100-preview.2.26159.112\Sdks\Microsoft.NET.Sdk\targets\Microsoft.NET.RuntimeIdentifierInference.targets(383,5): message NETSDK1057: You are using a preview version of .NET. See: https://aka.ms/dotnet-support-policy [C:\Users\koosh\Dino\src\Tools\DumpTools\DINOForge.Tools.DumpTools.csproj]
C:\program files\dotnet\sdk\11.0.100-preview.2.26159.112\Sdks\Microsoft.NET.Sdk\targets\Microsoft.NET.RuntimeIdentifierInference.targets(383,5): message NETSDK1057: You are using a preview version of .NET. See: https://aka.ms/dotnet-support-policy [C:\Users\koosh\Dino\src\Tests\Integration\DINOForge.Tests.Integration.csproj]
C:\program files\dotnet\sdk\11.0.100-preview.2.26159.112\Sdks\Microsoft.NET.Sdk\targets\Microsoft.NET.RuntimeIdentifierInference.targets(383,5): message NETSDK1057: You are using a preview version of .NET. See: https://aka.ms/dotnet-support-policy [C:\Users\koosh\Dino\src\Domains\Economy\DINOForge.Domains.Economy.csproj]
C:\program files\dotnet\sdk\11.0.100-preview.2.26159.112\Sdks\Microsoft.NET.Sdk\targets\Microsoft.NET.RuntimeIdentifierInference.targets(383,5): message NETSDK1057: You are using a preview version of .NET. See: https://aka.ms/dotnet-support-policy [C:\Users\koosh\Dino\src\SDK\DINOForge.SDK.csproj]
C:\program files\dotnet\sdk\11.0.100-preview.2.26159.112\Sdks\Microsoft.NET.Sdk\targets\Microsoft.NET.RuntimeIdentifierInference.targets(383,5): message NETSDK1057: You are using a preview version of .NET. See: https://aka.ms/dotnet-support-policy [C:\Users\koosh\Dino\src\Domains\Scenario\DINOForge.Domains.Scenario.csproj]
C:\Users\koosh\.nuget\packages\system.text.encodings.web\10.0.8\buildTransitive\netcoreapp2.0\System.Text.Encodings.Web.targets(4,5): warning : System.Text.Encodings.Web 10.0.8 doesn't support net6.0 and has not been tested with it. Consider upgrading your TargetFramework to net8.0 or later. You may also set <SuppressTfmSupportBuildWarnings>true</SuppressTfmSupportBuildWarnings> in the project file to ignore this warning and attempt to run in this unsupported configuration at your own risk. [C:\Users\koosh\Dino\src\Tools\Installer\InstallerLib\DINOForge.Tools.Installer.csproj]
C:\Users\koosh\.nuget\packages\system.io.pipelines\10.0.8\buildTransitive\netcoreapp2.0\System.IO.Pipelines.targets(4,5): warning : System.IO.Pipelines 10.0.8 doesn't support net6.0 and has not been tested with it. Consider upgrading your TargetFramework to net8.0 or later. You may also set <SuppressTfmSupportBuildWarnings>true</SuppressTfmSupportBuildWarnings> in the project file to ignore this warning and attempt to run in this unsupported configuration at your own risk. [C:\Users\koosh\Dino\src\Tools\Installer\InstallerLib\DINOForge.Tools.Installer.csproj]
C:\program files\dotnet\sdk\11.0.100-preview.2.26159.112\Sdks\Microsoft.NET.Sdk\targets\Microsoft.NET.RuntimeIdentifierInference.targets(383,5): message NETSDK1057: You are using a preview version of .NET. See: https://aka.ms/dotnet-support-policy [C:\Users\koosh\Dino\src\Templates\DINOForge.Templates.csproj]
C:\Users\koosh\.nuget\packages\system.text.json\10.0.8\buildTransitive\netcoreapp2.0\System.Text.Json.targets(4,5): warning : System.Text.Json 10.0.8 doesn't support net6.0 and has not been tested with it. Consider upgrading your TargetFramework to net8.0 or later. You may also set <SuppressTfmSupportBuildWarnings>true</SuppressTfmSupportBuildWarnings> in the project file to ignore this warning and attempt to run in this unsupported configuration at your own risk. [C:\Users\koosh\Dino\src\Tools\Installer\InstallerLib\DINOForge.Tools.Installer.csproj]
C:\program files\dotnet\sdk\11.0.100-preview.2.26159.112\Sdks\Microsoft.NET.Sdk\targets\Microsoft.NET.RuntimeIdentifierInference.targets(383,5): message NETSDK1057: You are using a preview version of .NET. See: https://aka.ms/dotnet-support-policy [C:\Users\koosh\Dino\src\Domains\Warfare\DINOForge.Domains.Warfare.csproj]
C:\program files\dotnet\sdk\11.0.100-preview.2.26159.112\Sdks\Microsoft.NET.Sdk\targets\Microsoft.NET.RuntimeIdentifierInference.targets(383,5): message NETSDK1057: You are using a preview version of .NET. See: https://aka.ms/dotnet-support-policy [C:\Users\koosh\Dino\src\Tools\Installer\InstallerLib\DINOForge.Tools.Installer.csproj]
C:\program files\dotnet\sdk\11.0.100-preview.2.26159.112\Sdks\Microsoft.NET.Sdk\targets\Microsoft.NET.RuntimeIdentifierInference.targets(383,5): message NETSDK1057: You are using a preview version of .NET. See: https://aka.ms/dotnet-support-policy [C:\Users\koosh\Dino\src\Bridge\Protocol\DINOForge.Bridge.Protocol.csproj]
C:\program files\dotnet\sdk\11.0.100-preview.2.26159.112\Sdks\Microsoft.NET.Sdk\targets\Microsoft.NET.RuntimeIdentifierInference.targets(383,5): message NETSDK1057: You are using a preview version of .NET. See: https://aka.ms/dotnet-support-policy [C:\Users\koosh\Dino\src\Domains\UI\DINOForge.Domains.UI.csproj]
C:\program files\dotnet\sdk\11.0.100-preview.2.26159.112\Sdks\Microsoft.NET.Sdk\targets\Microsoft.NET.RuntimeIdentifierInference.targets(383,5): message NETSDK1057: You are using a preview version of .NET. See: https://aka.ms/dotnet-support-policy [C:\Users\koosh\Dino\src\Tools\McpServer\DINOForge.Tools.McpServer.csproj]
C:\program files\dotnet\sdk\11.0.100-preview.2.26159.112\Sdks\Microsoft.NET.Sdk\targets\Microsoft.NET.RuntimeIdentifierInference.targets(383,5): message NETSDK1057: You are using a preview version of .NET. See: https://aka.ms/dotnet-support-policy [C:\Users\koosh\Dino\src\Tools\Installer\GUI\DINOForge.Installer.csproj]
C:\program files\dotnet\sdk\11.0.100-preview.2.26159.112\Sdks\Microsoft.NET.Sdk\targets\Microsoft.NET.RuntimeIdentifierInference.targets(383,5): message NETSDK1057: You are using a preview version of .NET. See: https://aka.ms/dotnet-support-policy [C:\Users\koosh\Dino\src\Tests\DINOForge.Tests.csproj]
  DINOForge.Bridge.Protocol -> C:\Users\koosh\Dino\src\Bridge\Protocol\bin\Release\netstandard2.0\DINOForge.Bridge.Protocol.dll
C:\Users\koosh\Dino\src\SDK\NativeInterop\GoDependencyResolver.cs(284,1): warning CS1570: XML comment has badly formed XML -- 'Expected an end tag for element 'summary'.' [C:\Users\koosh\Dino\src\SDK\DINOForge.SDK.csproj]
C:\Users\koosh\Dino\src\SDK\Dependencies\PackSubmoduleManager.cs(68,20): warning CS8602: Dereference of a possibly null reference. [C:\Users\koosh\Dino\src\SDK\DINOForge.SDK.csproj]
C:\Users\koosh\Dino\src\SDK\NativeInterop\GoDependencyResolver.cs(39,61): warning CS8601: Possible null reference assignment. [C:\Users\koosh\Dino\src\SDK\DINOForge.SDK.csproj]
C:\Users\koosh\Dino\src\SDK\NativeInterop\GoDependencyResolver.cs(227,39): warning CS8618: Non-nullable property 'Available' must contain a non-null value when exiting constructor. Consider adding the 'required' modifier or declaring the property as nullable. [C:\Users\koosh\Dino\src\SDK\DINOForge.SDK.csproj]
C:\Users\koosh\Dino\src\SDK\NativeInterop\GoDependencyResolver.cs(228,33): warning CS8618: Non-nullable property 'Target' must contain a non-null value when exiting constructor. Consider adding the 'required' modifier or declaring the property as nullable. [C:\Users\koosh\Dino\src\SDK\DINOForge.SDK.csproj]
C:\Users\koosh\Dino\src\SDK\NativeInterop\RustAssetPipeline.cs(192,24): warning CS8602: Dereference of a possibly null reference. [C:\Users\koosh\Dino\src\SDK\DINOForge.SDK.csproj]
C:\Users\koosh\Dino\src\SDK\Concurrency\PollingHelper.cs(40,23): warning CS1573: Parameter 'timeProvider' has no matching param tag in the XML comment for 'PollingHelper.RetryUntilAsync<T>(Func<T?>, TimeSpan, TimeSpan, double, TimeSpan, CancellationToken, TimeProvider?)' (but other parameters do) [C:\Users\koosh\Dino\src\SDK\DINOForge.SDK.csproj]
C:\Users\koosh\Dino\src\SDK\Concurrency\PollingHelper.cs(96,23): warning CS1573: Parameter 'timeProvider' has no matching param tag in the XML comment for 'PollingHelper.RetryUntilTrueAsync(Func<bool>, TimeSpan, TimeSpan, double, TimeSpan, CancellationToken, TimeProvider?)' (but other parameters do) [C:\Users\koosh\Dino\src\SDK\DINOForge.SDK.csproj]
  DINOForge.SDK -> C:\Users\koosh\Dino\src\SDK\bin\Release\netstandard2.0\DINOForge.SDK.dll
  DINOForge.Templates -> C:\Users\koosh\Dino\src\Templates\bin\Release\net11.0\DINOForge.Templates.dll
  DINOForge.Tools.DumpTools -> C:\Users\koosh\Dino\src\Tools\DumpTools\bin\Release\net11.0\win-x64\DINOForge.Tools.DumpTools.dll
C:\Users\koosh\Dino\src\Domains\UI\HUDInjectionSystem.cs(118,16): warning CS1591: Missing XML comment for publicly visible type or member 'HUDElementDefinition.HUDElementDefinition(string, string, string, string, int, bool)' [C:\Users\koosh\Dino\src\Domains\UI\DINOForge.Domains.UI.csproj]
C:\Users\koosh\Dino\src\Domains\UI\ThemeColorPalette.cs(192,21): warning CS1591: Missing XML comment for publicly visible type or member 'ThemeThemeColor.R' [C:\Users\koosh\Dino\src\Domains\UI\DINOForge.Domains.UI.csproj]
C:\Users\koosh\Dino\src\Domains\UI\ThemeColorPalette.cs(193,21): warning CS1591: Missing XML comment for publicly visible type or member 'ThemeThemeColor.G' [C:\Users\koosh\Dino\src\Domains\UI\DINOForge.Domains.UI.csproj]
C:\Users\koosh\Dino\src\Domains\UI\ThemeColorPalette.cs(194,21): warning CS1591: Missing XML comment for publicly visible type or member 'ThemeThemeColor.B' [C:\Users\koosh\Dino\src\Domains\UI\DINOForge.Domains.UI.csproj]
C:\Users\koosh\Dino\src\Domains\UI\ThemeColorPalette.cs(195,21): warning CS1591: Missing XML comment for publicly visible type or member 'ThemeThemeColor.A' [C:\Users\koosh\Dino\src\Domains\UI\DINOForge.Domains.UI.csproj]
  DINOForge.Domains.Warfare -> C:\Users\koosh\Dino\src\Domains\Warfare\bin\Release\netstandard2.0\DINOForge.Domains.Warfare.dll
  DINOForge.Domains.UI -> C:\Users\koosh\Dino\src\Domains\UI\bin\Release\netstandard2.0\DINOForge.Domains.UI.dll
  DINOForge.Domains.Economy -> C:\Users\koosh\Dino\src\Domains\Economy\bin\Release\netstandard2.0\DINOForge.Domains.Economy.dll
  DINOForge.Tools.Installer -> C:\Users\koosh\Dino\src\Tools\Installer\InstallerLib\bin\Release\net6.0\DINOForge.Tools.Installer.dll
  DINOForge.Domains.Scenario -> C:\Users\koosh\Dino\src\Domains\Scenario\bin\Release\netstandard2.0\DINOForge.Domains.Scenario.dll
C:\Users\koosh\.nuget\packages\system.text.encodings.web\10.0.8\buildTransitive\netcoreapp2.0\System.Text.Encodings.Web.targets(4,5): warning : System.Text.Encodings.Web 10.0.8 doesn't support net6.0 and has not been tested with it. Consider upgrading your TargetFramework to net8.0 or later. You may also set <SuppressTfmSupportBuildWarnings>true</SuppressTfmSupportBuildWarnings> in the project file to ignore this warning and attempt to run in this unsupported configuration at your own risk. [C:\Users\koosh\Dino\src\Tools\Installer\InstallerLib\DINOForge.Tools.Installer.csproj]
C:\Users\koosh\.nuget\packages\system.io.pipelines\10.0.8\buildTransitive\netcoreapp2.0\System.IO.Pipelines.targets(4,5): warning : System.IO.Pipelines 10.0.8 doesn't support net6.0 and has not been tested with it. Consider upgrading your TargetFramework to net8.0 or later. You may also set <SuppressTfmSupportBuildWarnings>true</SuppressTfmSupportBuildWarnings> in the project file to ignore this warning and attempt to run in this unsupported configuration at your own risk. [C:\Users\koosh\Dino\src\Tools\Installer\InstallerLib\DINOForge.Tools.Installer.csproj]
C:\Users\koosh\.nuget\packages\system.text.json\10.0.8\buildTransitive\netcoreapp2.0\System.Text.Json.targets(4,5): warning : System.Text.Json 10.0.8 doesn't support net6.0 and has not been tested with it. Consider upgrading your TargetFramework to net8.0 or later. You may also set <SuppressTfmSupportBuildWarnings>true</SuppressTfmSupportBuildWarnings> in the project file to ignore this warning and attempt to run in this unsupported configuration at your own risk. [C:\Users\koosh\Dino\src\Tools\Installer\InstallerLib\DINOForge.Tools.Installer.csproj]
C:\Users\koosh\.nuget\packages\system.text.encodings.web\10.0.8\buildTransitive\netcoreapp2.0\System.Text.Encodings.Web.targets(4,5): warning : System.Text.Encodings.Web 10.0.8 doesn't support net6.0 and has not been tested with it. Consider upgrading your TargetFramework to net8.0 or later. You may also set <SuppressTfmSupportBuildWarnings>true</SuppressTfmSupportBuildWarnings> in the project file to ignore this warning and attempt to run in this unsupported configuration at your own risk. [C:\Users\koosh\Dino\src\Tools\Installer\InstallerLib\DINOForge.Tools.Installer.csproj]
C:\Users\koosh\.nuget\packages\system.io.pipelines\10.0.8\buildTransitive\netcoreapp2.0\System.IO.Pipelines.targets(4,5): warning : System.IO.Pipelines 10.0.8 doesn't support net6.0 and has not been tested with it. Consider upgrading your TargetFramework to net8.0 or later. You may also set <SuppressTfmSupportBuildWarnings>true</SuppressTfmSupportBuildWarnings> in the project file to ignore this warning and attempt to run in this unsupported configuration at your own risk. [C:\Users\koosh\Dino\src\Tools\Installer\InstallerLib\DINOForge.Tools.Installer.csproj]
C:\Users\koosh\.nuget\packages\system.text.json\10.0.8\buildTransitive\netcoreapp2.0\System.Text.Json.targets(4,5): warning : System.Text.Json 10.0.8 doesn't support net6.0 and has not been tested with it. Consider upgrading your TargetFramework to net8.0 or later. You may also set <SuppressTfmSupportBuildWarnings>true</SuppressTfmSupportBuildWarnings> in the project file to ignore this warning and attempt to run in this unsupported configuration at your own risk. [C:\Users\koosh\Dino\src\Tools\Installer\InstallerLib\DINOForge.Tools.Installer.csproj]
C:\Users\koosh\Dino\src\Bridge\Client\BridgeReceiptVerifier.cs(139,28): warning CS1574: XML comment has cref attribute 'ComputeHmac' that could not be resolved [C:\Users\koosh\Dino\src\Bridge\Client\DINOForge.Bridge.Client.csproj]
C:\Users\koosh\Dino\src\Bridge\Client\SessionKeyCache.cs(17,16): warning CS1574: XML comment has cref attribute 'SessionHmac' that could not be resolved [C:\Users\koosh\Dino\src\Bridge\Client\DINOForge.Bridge.Client.csproj]
  The package DINOForge.Tools.Installer.0.20.0 is missing a readme. Go to https://aka.ms/nuget/authoring-best-practices/readme to learn why package readmes are important.
  Successfully created package 'C:\Users\koosh\Dino\src\Tools\Installer\InstallerLib\bin\Release\DINOForge.Tools.Installer.0.20.0.nupkg'.
  Successfully created package 'C:\Users\koosh\Dino\src\Tools\Installer\InstallerLib\bin\Release\DINOForge.Tools.Installer.0.20.0.snupkg'.
  DINOForge.Bridge.Client -> C:\Users\koosh\Dino\src\Bridge\Client\bin\Release\netstandard2.0\DINOForge.Bridge.Client.dll
C:\Users\koosh\Dino\src\Runtime\Plugin.cs(757,29): warning CS0162: Unreachable code detected [C:\Users\koosh\Dino\src\Runtime\DINOForge.Runtime.csproj]
C:\Users\koosh\Dino\src\Runtime\Plugin.cs(1052,21): warning CS8602: Dereference of a possibly null reference. [C:\Users\koosh\Dino\src\Runtime\DINOForge.Runtime.csproj]
C:\Users\koosh\Dino\src\Runtime\Plugin.cs(1062,21): warning CS8602: Dereference of a possibly null reference. [C:\Users\koosh\Dino\src\Runtime\DINOForge.Runtime.csproj]
C:\Users\koosh\Dino\src\Runtime\UI\ModMenuPanel.cs(47,23): warning CS0414: The field 'ModMenuPanel._animT' is assigned but its value is never used [C:\Users\koosh\Dino\src\Runtime\DINOForge.Runtime.csproj]
  DINOForge.Runtime -> C:\Users\koosh\Dino\src\Runtime\bin\Release\netstandard2.0\DINOForge.Runtime.dll
  DINOForge.Tools.McpServer -> C:\Users\koosh\Dino\src\Tools\McpServer\bin\x64\Release\net11.0\DINOForge.Tools.McpServer.dll
C:\Users\koosh\Dino\src\Tools\McpServer\DINOForge.Tools.McpServer.csproj(31,5): warning MSB3030: Could not copy the file "bare-cua-native.exe" because it was not found.
  DINOForge.Tools.Cli -> C:\Users\koosh\Dino\src\Tools\Cli\bin\x64\Release\net11.0\win-x64\DINOForge.Tools.Cli.dll
  DINOForge.Installer -> C:\Users\koosh\Dino\src\Tools\Installer\GUI\bin\Release\net11.0-windows\DINOForge.Installer.dll
C:\Users\koosh\Dino\src\Tests\Integration\Tests\ParallelGameE2ETests.cs(758,18): warning CS0414: The field 'FreshInstallTests._isDisposed' is assigned but its value is never used [C:\Users\koosh\Dino\src\Tests\Integration\DINOForge.Tests.Integration.csproj]
C:\program files\dotnet\sdk\11.0.100-preview.2.26159.112\Microsoft.Common.CurrentVersion.targets(5094,5): warning MSB3026: Could not copy "C:\Users\koosh\Dino\src\SDK\bin\Release\netstandard2.0\DINOForge.SDK.dll" to "bin\Release\net8.0\DINOForge.SDK.dll". Beginning retry 1 in 1000ms. The process cannot access the file 'C:\Users\koosh\Dino\src\Tests\Integration\bin\Release\net8.0\DINOForge.SDK.dll' because it is being used by another process. The file is locked by: "testhost (23308)" [C:\Users\koosh\Dino\src\Tests\Integration\DINOForge.Tests.Integration.csproj]
C:\program files\dotnet\sdk\11.0.100-preview.2.26159.112\Microsoft.Common.CurrentVersion.targets(5094,5): warning MSB3026: Could not copy "C:\Users\koosh\Dino\src\Runtime\bin\Release\netstandard2.0\DINOForge.Runtime.dll" to "bin\Release\net8.0\DINOForge.Runtime.dll". Beginning retry 1 in 1000ms. The process cannot access the file 'C:\Users\koosh\Dino\src\Tests\Integration\bin\Release\net8.0\DINOForge.Runtime.dll' because it is being used by another process. The file is locked by: "testhost (23308)" [C:\Users\koosh\Dino\src\Tests\Integration\DINOForge.Tests.Integration.csproj]
C:\program files\dotnet\sdk\11.0.100-preview.2.26159.112\Microsoft.Common.CurrentVersion.targets(5094,5): warning MSB3026: Could not copy "C:\Users\koosh\Dino\src\Domains\UI\bin\Release\netstandard2.0\DINOForge.Domains.UI.dll" to "bin\Release\net8.0\DINOForge.Domains.UI.dll". Beginning retry 1 in 1000ms. The process cannot access the file 'C:\Users\koosh\Dino\src\Tests\Integration\bin\Release\net8.0\DINOForge.Domains.UI.dll' because it is being used by another process. The file is locked by: "testhost (23308)" [C:\Users\koosh\Dino\src\Tests\Integration\DINOForge.Tests.Integration.csproj]
C:\program files\dotnet\sdk\11.0.100-preview.2.26159.112\Microsoft.Common.CurrentVersion.targets(5094,5): warning MSB3026: Could not copy "C:\Users\koosh\Dino\src\Bridge\Client\bin\Release\netstandard2.0\DINOForge.Bridge.Client.dll" to "bin\Release\net8.0\DINOForge.Bridge.Client.dll". Beginning retry 1 in 1000ms. The process cannot access the file 'C:\Users\koosh\Dino\src\Tests\Integration\bin\Release\net8.0\DINOForge.Bridge.Client.dll' because it is being used by another process. The file is locked by: "testhost (23308)" [C:\Users\koosh\Dino\src\Tests\Integration\DINOForge.Tests.Integration.csproj]
C:\program files\dotnet\sdk\11.0.100-preview.2.26159.112\Microsoft.Common.CurrentVersion.targets(5094,5): warning MSB3026: Could not copy "C:\Users\koosh\Dino\src\Bridge\Protocol\bin\Release\netstandard2.0\DINOForge.Bridge.Protocol.dll" to "bin\Release\net8.0\DINOForge.Bridge.Protocol.dll". Beginning retry 1 in 1000ms. The process cannot access the file 'C:\Users\koosh\Dino\src\Tests\Integration\bin\Release\net8.0\DINOForge.Bridge.Protocol.dll' because it is being used by another process. The file is locked by: "testhost (23308)" [C:\Users\koosh\Dino\src\Tests\Integration\DINOForge.Tests.Integration.csproj]
C:\Users\koosh\Dino\src\Runtime\Bridge\ComponentMap.cs(344,51): warning CS0436: The type 'ComponentMapping' in 'C:\Users\koosh\Dino\src\Tests\..\Runtime\Bridge\ComponentMapping.cs' conflicts with the imported type 'ComponentMapping' in 'DINOForge.Runtime, Version=1.0.0.0, Culture=neutral, PublicKeyToken=null'. Using the type defined in 'C:\Users\koosh\Dino\src\Tests\..\Runtime\Bridge\ComponentMapping.cs'. [C:\Users\koosh\Dino\src\Tests\DINOForge.Tests.csproj]
C:\Users\koosh\Dino\src\Runtime\Bridge\ComponentMap.cs(370,23): warning CS0436: The type 'ComponentMapping' in 'C:\Users\koosh\Dino\src\Tests\..\Runtime\Bridge\ComponentMapping.cs' conflicts with the imported type 'ComponentMapping' in 'DINOForge.Runtime, Version=1.0.0.0, Culture=neutral, PublicKeyToken=null'. Using the type defined in 'C:\Users\koosh\Dino\src\Tests\..\Runtime\Bridge\ComponentMapping.cs'. [C:\Users\koosh\Dino\src\Tests\DINOForge.Tests.csproj]
C:\Users\koosh\Dino\src\Runtime\Bridge\ComponentMap.cs(381,23): warning CS0436: The type 'ComponentMapping' in 'C:\Users\koosh\Dino\src\Tests\..\Runtime\Bridge\ComponentMapping.cs' conflicts with the imported type 'ComponentMapping' in 'DINOForge.Runtime, Version=1.0.0.0, Culture=neutral, PublicKeyToken=null'. Using the type defined in 'C:\Users\koosh\Dino\src\Tests\..\Runtime\Bridge\ComponentMapping.cs'. [C:\Users\koosh\Dino\src\Tests\DINOForge.Tests.csproj]
C:\Users\koosh\Dino\src\Runtime\Bridge\ComponentMap.cs(26,32): warning CS0436: The type 'ComponentMapping' in 'C:\Users\koosh\Dino\src\Tests\..\Runtime\Bridge\ComponentMapping.cs' conflicts with the imported type 'ComponentMapping' in 'DINOForge.Runtime, Version=1.0.0.0, Culture=neutral, PublicKeyToken=null'. Using the type defined in 'C:\Users\koosh\Dino\src\Tests\..\Runtime\Bridge\ComponentMapping.cs'. [C:\Users\koosh\Dino\src\Tests\DINOForge.Tests.csproj]
C:\Users\koosh\Dino\src\Runtime\Bridge\ComponentMap.cs(31,32): warning CS0436: The type 'ComponentMapping' in 'C:\Users\koosh\Dino\src\Tests\..\Runtime\Bridge\ComponentMapping.cs' conflicts with the imported type 'ComponentMapping' in 'DINOForge.Runtime, Version=1.0.0.0, Culture=neutral, PublicKeyToken=null'. Using the type defined in 'C:\Users\koosh\Dino\src\Tests\..\Runtime\Bridge\ComponentMapping.cs'. [C:\Users\koosh\Dino\src\Tests\DINOForge.Tests.csproj]
C:\Users\koosh\Dino\src\Runtime\Bridge\ComponentMap.cs(37,32): warning CS0436: The type 'ComponentMapping' in 'C:\Users\koosh\Dino\src\Tests\..\Runtime\Bridge\ComponentMapping.cs' conflicts with the imported type 'ComponentMapping' in 'DINOForge.Runtime, Version=1.0.0.0, Culture=neutral, PublicKeyToken=null'. Using the type defined in 'C:\Users\koosh\Dino\src\Tests\..\Runtime\Bridge\ComponentMapping.cs'. [C:\Users\koosh\Dino\src\Tests\DINOForge.Tests.csproj]
C:\Users\koosh\Dino\src\Runtime\Bridge\ComponentMap.cs(42,32): warning CS0436: The type 'ComponentMapping' in 'C:\Users\koosh\Dino\src\Tests\..\Runtime\Bridge\ComponentMapping.cs' conflicts with the imported type 'ComponentMapping' in 'DINOForge.Runtime, Version=1.0.0.0, Culture=neutral, PublicKeyToken=null'. Using the type defined in 'C:\Users\koosh\Dino\src\Tests\..\Runtime\Bridge\ComponentMapping.cs'. [C:\Users\koosh\Dino\src\Tests\DINOForge.Tests.csproj]
C:\Users\koosh\Dino\src\Runtime\Bridge\ComponentMap.cs(47,32): warning CS0436: The type 'ComponentMapping' in 'C:\Users\koosh\Dino\src\Tests\..\Runtime\Bridge\ComponentMapping.cs' conflicts with the imported type 'ComponentMapping' in 'DINOForge.Runtime, Version=1.0.0.0, Culture=neutral, PublicKeyToken=null'. Using the type defined in 'C:\Users\koosh\Dino\src\Tests\..\Runtime\Bridge\ComponentMapping.cs'. [C:\Users\koosh\Dino\src\Tests\DINOForge.Tests.csproj]
C:\Users\koosh\Dino\src\Runtime\Bridge\ComponentMap.cs(52,32): warning CS0436: The type 'ComponentMapping' in 'C:\Users\koosh\Dino\src\Tests\..\Runtime\Bridge\ComponentMapping.cs' conflicts with the imported type 'ComponentMapping' in 'DINOForge.Runtime, Version=1.0.0.0, Culture=neutral, PublicKeyToken=null'. Using the type defined in 'C:\Users\koosh\Dino\src\Tests\..\Runtime\Bridge\ComponentMapping.cs'. [C:\Users\koosh\Dino\src\Tests\DINOForge.Tests.csproj]
C:\Users\koosh\Dino\src\Runtime\Bridge\ComponentMap.cs(57,32): warning CS0436: The type 'ComponentMapping' in 'C:\Users\koosh\Dino\src\Tests\..\Runtime\Bridge\ComponentMapping.cs' conflicts with the imported type 'ComponentMapping' in 'DINOForge.Runtime, Version=1.0.0.0, Culture=neutral, PublicKeyToken=null'. Using the type defined in 'C:\Users\koosh\Dino\src\Tests\..\Runtime\Bridge\ComponentMapping.cs'. [C:\Users\koosh\Dino\src\Tests\DINOForge.Tests.csproj]
C:\Users\koosh\Dino\src\Runtime\Bridge\ComponentMap.cs(63,32): warning CS0436: The type 'ComponentMapping' in 'C:\Users\koosh\Dino\src\Tests\..\Runtime\Bridge\ComponentMapping.cs' conflicts with the imported type 'ComponentMapping' in 'DINOForge.Runtime, Version=1.0.0.0, Culture=neutral, PublicKeyToken=null'. Using the type defined in 'C:\Users\koosh\Dino\src\Tests\..\Runtime\Bridge\ComponentMapping.cs'. [C:\Users\koosh\Dino\src\Tests\DINOForge.Tests.csproj]
C:\Users\koosh\Dino\src\Runtime\Bridge\ComponentMap.cs(68,32): warning CS0436: The type 'ComponentMapping' in 'C:\Users\koosh\Dino\src\Tests\..\Runtime\Bridge\ComponentMapping.cs' conflicts with the imported type 'ComponentMapping' in 'DINOForge.Runtime, Version=1.0.0.0, Culture=neutral, PublicKeyToken=null'. Using the type defined in 'C:\Users\koosh\Dino\src\Tests\..\Runtime\Bridge\ComponentMapping.cs'. [C:\Users\koosh\Dino\src\Tests\DINOForge.Tests.csproj]
C:\Users\koosh\Dino\src\Runtime\Bridge\ComponentMap.cs(73,32): warning CS0436: The type 'ComponentMapping' in 'C:\Users\koosh\Dino\src\Tests\..\Runtime\Bridge\ComponentMapping.cs' conflicts with the imported type 'ComponentMapping' in 'DINOForge.Runtime, Version=1.0.0.0, Culture=neutral, PublicKeyToken=null'. Using the type defined in 'C:\Users\koosh\Dino\src\Tests\..\Runtime\Bridge\ComponentMapping.cs'. [C:\Users\koosh\Dino\src\Tests\DINOForge.Tests.csproj]
C:\Users\koosh\Dino\src\Runtime\Bridge\ComponentMap.cs(78,32): warning CS0436: The type 'ComponentMapping' in 'C:\Users\koosh\Dino\src\Tests\..\Runtime\Bridge\ComponentMapping.cs' conflicts with the imported type 'ComponentMapping' in 'DINOForge.Runtime, Version=1.0.0.0, Culture=neutral, PublicKeyToken=null'. Using the type defined in 'C:\Users\koosh\Dino\src\Tests\..\Runtime\Bridge\ComponentMapping.cs'. [C:\Users\koosh\Dino\src\Tests\DINOForge.Tests.csproj]
C:\Users\koosh\Dino\src\Runtime\Bridge\ComponentMap.cs(83,32): warning CS0436: The type 'ComponentMapping' in 'C:\Users\koosh\Dino\src\Tests\..\Runtime\Bridge\ComponentMapping.cs' conflicts with the imported type 'ComponentMapping' in 'DINOForge.Runtime, Version=1.0.0.0, Culture=neutral, PublicKeyToken=null'. Using the type defined in 'C:\Users\koosh\Dino\src\Tests\..\Runtime\Bridge\ComponentMapping.cs'. [C:\Users\koosh\Dino\src\Tests\DINOForge.Tests.csproj]
C:\Users\koosh\Dino\src\Runtime\Bridge\ComponentMap.cs(88,32): warning CS0436: The type 'ComponentMapping' in 'C:\Users\koosh\Dino\src\Tests\..\Runtime\Bridge\ComponentMapping.cs' conflicts with the imported type 'ComponentMapping' in 'DINOForge.Runtime, Version=1.0.0.0, Culture=neutral, PublicKeyToken=null'. Using the type defined in 'C:\Users\koosh\Dino\src\Tests\..\Runtime\Bridge\ComponentMapping.cs'. [C:\Users\koosh\Dino\src\Tests\DINOForge.Tests.csproj]
C:\Users\koosh\Dino\src\Runtime\Bridge\ComponentMap.cs(93,32): warning CS0436: The type 'ComponentMapping' in 'C:\Users\koosh\Dino\src\Tests\..\Runtime\Bridge\ComponentMapping.cs' conflicts with the imported type 'ComponentMapping' in 'DINOForge.Runtime, Version=1.0.0.0, Culture=neutral, PublicKeyToken=null'. Using the type defined in 'C:\Users\koosh\Dino\src\Tests\..\Runtime\Bridge\ComponentMapping.cs'. [C:\Users\koosh\Dino\src\Tests\DINOForge.Tests.csproj]
C:\Users\koosh\Dino\src\Runtime\Bridge\ComponentMap.cs(100,32): warning CS0436: The type 'ComponentMapping' in 'C:\Users\koosh\Dino\src\Tests\..\Runtime\Bridge\ComponentMapping.cs' conflicts with the imported type 'ComponentMapping' in 'DINOForge.Runtime, Version=1.0.0.0, Culture=neutral, PublicKeyToken=null'. Using the type defined in 'C:\Users\koosh\Dino\src\Tests\..\Runtime\Bridge\ComponentMapping.cs'. [C:\Users\koosh\Dino\src\Tests\DINOForge.Tests.csproj]
C:\Users\koosh\Dino\src\Runtime\Bridge\ComponentMap.cs(105,32): warning CS0436: The type 'ComponentMapping' in 'C:\Users\koosh\Dino\src\Tests\..\Runtime\Bridge\ComponentMapping.cs' conflicts with the imported type 'ComponentMapping' in 'DINOForge.Runtime, Version=1.0.0.0, Culture=neutral, PublicKeyToken=null'. Using the type defined in 'C:\Users\koosh\Dino\src\Tests\..\Runtime\Bridge\ComponentMapping.cs'. [C:\Users\koosh\Dino\src\Tests\DINOForge.Tests.csproj]
C:\Users\koosh\Dino\src\Runtime\Bridge\ComponentMap.cs(110,32): warning CS0436: The type 'ComponentMapping' in 'C:\Users\koosh\Dino\src\Tests\..\Runtime\Bridge\ComponentMapping.cs' conflicts with the imported type 'ComponentMapping' in 'DINOForge.Runtime, Version=1.0.0.0, Culture=neutral, PublicKeyToken=null'. Using the type defined in 'C:\Users\koosh\Dino\src\Tests\..\Runtime\Bridge\ComponentMapping.cs'. [C:\Users\koosh\Dino\src\Tests\DINOForge.Tests.csproj]
C:\Users\koosh\Dino\src\Runtime\Bridge\ComponentMap.cs(115,32): warning CS0436: The type 'ComponentMapping' in 'C:\Users\koosh\Dino\src\Tests\..\Runtime\Bridge\ComponentMapping.cs' conflicts with the imported type 'ComponentMapping' in 'DINOForge.Runtime, Version=1.0.0.0, Culture=neutral, PublicKeyToken=null'. Using the type defined in 'C:\Users\koosh\Dino\src\Tests\..\Runtime\Bridge\ComponentMapping.cs'. [C:\Users\koosh\Dino\src\Tests\DINOForge.Tests.csproj]
C:\Users\koosh\Dino\src\Runtime\Bridge\ComponentMap.cs(120,32): warning CS0436: The type 'ComponentMapping' in 'C:\Users\koosh\Dino\src\Tests\..\Runtime\Bridge\ComponentMapping.cs' conflicts with the imported type 'ComponentMapping' in 'DINOForge.Runtime, Version=1.0.0.0, Culture=neutral, PublicKeyToken=null'. Using the type defined in 'C:\Users\koosh\Dino\src\Tests\..\Runtime\Bridge\ComponentMapping.cs'. [C:\Users\koosh\Dino\src\Tests\DINOForge.Tests.csproj]
C:\Users\koosh\Dino\src\Runtime\Bridge\ComponentMap.cs(125,32): warning CS0436: The type 'ComponentMapping' in 'C:\Users\koosh\Dino\src\Tests\..\Runtime\Bridge\ComponentMapping.cs' conflicts with the imported type 'ComponentMapping' in 'DINOForge.Runtime, Version=1.0.0.0, Culture=neutral, PublicKeyToken=null'. Using the type defined in 'C:\Users\koosh\Dino\src\Tests\..\Runtime\Bridge\ComponentMapping.cs'. [C:\Users\koosh\Dino\src\Tests\DINOForge.Tests.csproj]
C:\Users\koosh\Dino\src\Runtime\Bridge\ComponentMap.cs(130,32): warning CS0436: The type 'ComponentMapping' in 'C:\Users\koosh\Dino\src\Tests\..\Runtime\Bridge\ComponentMapping.cs' conflicts with the imported type 'ComponentMapping' in 'DINOForge.Runtime, Version=1.0.0.0, Culture=neutral, PublicKeyToken=null'. Using the type defined in 'C:\Users\koosh\Dino\src\Tests\..\Runtime\Bridge\ComponentMapping.cs'. [C:\Users\koosh\Dino\src\Tests\DINOForge.Tests.csproj]
C:\Users\koosh\Dino\src\Runtime\Bridge\ComponentMap.cs(137,32): warning CS0436: The type 'ComponentMapping' in 'C:\Users\koosh\Dino\src\Tests\..\Runtime\Bridge\ComponentMapping.cs' conflicts with the imported type 'ComponentMapping' in 'DINOForge.Runtime, Version=1.0.0.0, Culture=neutral, PublicKeyToken=null'. Using the type defined in 'C:\Users\koosh\Dino\src\Tests\..\Runtime\Bridge\ComponentMapping.cs'. [C:\Users\koosh\Dino\src\Tests\DINOForge.Tests.csproj]
C:\Users\koosh\Dino\src\Runtime\Bridge\ComponentMap.cs(145,32): warning CS0436: The type 'ComponentMapping' in 'C:\Users\koosh\Dino\src\Tests\..\Runtime\Bridge\ComponentMapping.cs' conflicts with the imported type 'ComponentMapping' in 'DINOForge.Runtime, Version=1.0.0.0, Culture=neutral, PublicKeyToken=null'. Using the type defined in 'C:\Users\koosh\Dino\src\Tests\..\Runtime\Bridge\ComponentMapping.cs'. [C:\Users\koosh\Dino\src\Tests\DINOForge.Tests.csproj]
C:\Users\koosh\Dino\src\Runtime\Bridge\ComponentMap.cs(150,32): warning CS0436: The type 'ComponentMapping' in 'C:\Users\koosh\Dino\src\Tests\..\Runtime\Bridge\ComponentMapping.cs' conflicts with the imported type 'ComponentMapping' in 'DINOForge.Runtime, Version=1.0.0.0, Culture=neutral, PublicKeyToken=null'. Using the type defined in 'C:\Users\koosh\Dino\src\Tests\..\Runtime\Bridge\ComponentMapping.cs'. [C:\Users\koosh\Dino\src\Tests\DINOForge.Tests.csproj]
C:\Users\koosh\Dino\src\Runtime\Bridge\ComponentMap.cs(156,32): warning CS0436: The type 'ComponentMapping' in 'C:\Users\koosh\Dino\src\Tests\..\Runtime\Bridge\ComponentMapping.cs' conflicts with the imported type 'ComponentMapping' in 'DINOForge.Runtime, Version=1.0.0.0, Culture=neutral, PublicKeyToken=null'. Using the type defined in 'C:\Users\koosh\Dino\src\Tests\..\Runtime\Bridge\ComponentMapping.cs'. [C:\Users\koosh\Dino\src\Tests\DINOForge.Tests.csproj]
C:\Users\koosh\Dino\src\Runtime\Bridge\ComponentMap.cs(166,32): warning CS0436: The type 'ComponentMapping' in 'C:\Users\koosh\Dino\src\Tests\..\Runtime\Bridge\ComponentMapping.cs' conflicts with the imported type 'ComponentMapping' in 'DINOForge.Runtime, Version=1.0.0.0, Culture=neutral, PublicKeyToken=null'. Using the type defined in 'C:\Users\koosh\Dino\src\Tests\..\Runtime\Bridge\ComponentMapping.cs'. [C:\Users\koosh\Dino\src\Tests\DINOForge.Tests.csproj]
C:\Users\koosh\Dino\src\Runtime\Bridge\ComponentMap.cs(171,32): warning CS0436: The type 'ComponentMapping' in 'C:\Users\koosh\Dino\src\Tests\..\Runtime\Bridge\ComponentMapping.cs' conflicts with the imported type 'ComponentMapping' in 'DINOForge.Runtime, Version=1.0.0.0, Culture=neutral, PublicKeyToken=null'. Using the type defined in 'C:\Users\koosh\Dino\src\Tests\..\Runtime\Bridge\ComponentMapping.cs'. [C:\Users\koosh\Dino\src\Tests\DINOForge.Tests.csproj]
C:\Users\koosh\Dino\src\Runtime\Bridge\ComponentMap.cs(176,32): warning CS0436: The type 'ComponentMapping' in 'C:\Users\koosh\Dino\src\Tests\..\Runtime\Bridge\ComponentMapping.cs' conflicts with the imported type 'ComponentMapping' in 'DINOForge.Runtime, Version=1.0.0.0, Culture=neutral, PublicKeyToken=null'. Using the type defined in 'C:\Users\koosh\Dino\src\Tests\..\Runtime\Bridge\ComponentMapping.cs'. [C:\Users\koosh\Dino\src\Tests\DINOForge.Tests.csproj]
C:\Users\koosh\Dino\src\Runtime\Bridge\ComponentMap.cs(181,32): warning CS0436: The type 'ComponentMapping' in 'C:\Users\koosh\Dino\src\Tests\..\Runtime\Bridge\ComponentMapping.cs' conflicts with the imported type 'ComponentMapping' in 'DINOForge.Runtime, Version=1.0.0.0, Culture=neutral, PublicKeyToken=null'. Using the type defined in 'C:\Users\koosh\Dino\src\Tests\..\Runtime\Bridge\ComponentMapping.cs'. [C:\Users\koosh\Dino\src\Tests\DINOForge.Tests.csproj]
C:\Users\koosh\Dino\src\Runtime\Bridge\ComponentMap.cs(186,32): warning CS0436: The type 'ComponentMapping' in 'C:\Users\koosh\Dino\src\Tests\..\Runtime\Bridge\ComponentMapping.cs' conflicts with the imported type 'ComponentMapping' in 'DINOForge.Runtime, Version=1.0.0.0, Culture=neutral, PublicKeyToken=null'. Using the type defined in 'C:\Users\koosh\Dino\src\Tests\..\Runtime\Bridge\ComponentMapping.cs'. [C:\Users\koosh\Dino\src\Tests\DINOForge.Tests.csproj]
C:\Users\koosh\Dino\src\Runtime\Bridge\ComponentMap.cs(191,32): warning CS0436: The type 'ComponentMapping' in 'C:\Users\koosh\Dino\src\Tests\..\Runtime\Bridge\ComponentMapping.cs' conflicts with the imported type 'ComponentMapping' in 'DINOForge.Runtime, Version=1.0.0.0, Culture=neutral, PublicKeyToken=null'. Using the type defined in 'C:\Users\koosh\Dino\src\Tests\..\Runtime\Bridge\ComponentMapping.cs'. [C:\Users\koosh\Dino\src\Tests\DINOForge.Tests.csproj]
C:\Users\koosh\Dino\src\Runtime\Bridge\ComponentMap.cs(196,32): warning CS0436: The type 'ComponentMapping' in 'C:\Users\koosh\Dino\src\Tests\..\Runtime\Bridge\ComponentMapping.cs' conflicts with the imported type 'ComponentMapping' in 'DINOForge.Runtime, Version=1.0.0.0, Culture=neutral, PublicKeyToken=null'. Using the type defined in 'C:\Users\koosh\Dino\src\Tests\..\Runtime\Bridge\ComponentMapping.cs'. [C:\Users\koosh\Dino\src\Tests\DINOForge.Tests.csproj]
C:\Users\koosh\Dino\src\Runtime\Bridge\ComponentMap.cs(201,32): warning CS0436: The type 'ComponentMapping' in 'C:\Users\koosh\Dino\src\Tests\..\Runtime\Bridge\ComponentMapping.cs' conflicts with the imported type 'ComponentMapping' in 'DINOForge.Runtime, Version=1.0.0.0, Culture=neutral, PublicKeyToken=null'. Using the type defined in 'C:\Users\koosh\Dino\src\Tests\..\Runtime\Bridge\ComponentMapping.cs'. [C:\Users\koosh\Dino\src\Tests\DINOForge.Tests.csproj]
C:\Users\koosh\Dino\src\Runtime\Bridge\ComponentMap.cs(206,32): warning CS0436: The type 'ComponentMapping' in 'C:\Users\koosh\Dino\src\Tests\..\Runtime\Bridge\ComponentMapping.cs' conflicts with the imported type 'ComponentMapping' in 'DINOForge.Runtime, Version=1.0.0.0, Culture=neutral, PublicKeyToken=null'. Using the type defined in 'C:\Users\koosh\Dino\src\Tests\..\Runtime\Bridge\ComponentMapping.cs'. [C:\Users\koosh\Dino\src\Tests\DINOForge.Tests.csproj]
C:\Users\koosh\Dino\src\Runtime\Bridge\ComponentMap.cs(211,32): warning CS0436: The type 'ComponentMapping' in 'C:\Users\koosh\Dino\src\Tests\..\Runtime\Bridge\ComponentMapping.cs' conflicts with the imported type 'ComponentMapping' in 'DINOForge.Runtime, Version=1.0.0.0, Culture=neutral, PublicKeyToken=null'. Using the type defined in 'C:\Users\koosh\Dino\src\Tests\..\Runtime\Bridge\ComponentMapping.cs'. [C:\Users\koosh\Dino\src\Tests\DINOForge.Tests.csproj]
C:\Users\koosh\Dino\src\Runtime\Bridge\ComponentMap.cs(216,32): warning CS0436: The type 'ComponentMapping' in 'C:\Users\koosh\Dino\src\Tests\..\Runtime\Bridge\ComponentMapping.cs' conflicts with the imported type 'ComponentMapping' in 'DINOForge.Runtime, Version=1.0.0.0, Culture=neutral, PublicKeyToken=null'. Using the type defined in 'C:\Users\koosh\Dino\src\Tests\..\Runtime\Bridge\ComponentMapping.cs'. [C:\Users\koosh\Dino\src\Tests\DINOForge.Tests.csproj]
C:\Users\koosh\Dino\src\Runtime\Bridge\ComponentMap.cs(221,32): warning CS0436: The type 'ComponentMapping' in 'C:\Users\koosh\Dino\src\Tests\..\Runtime\Bridge\ComponentMapping.cs' conflicts with the imported type 'ComponentMapping' in 'DINOForge.Runtime, Version=1.0.0.0, Culture=neutral, PublicKeyToken=null'. Using the type defined in 'C:\Users\koosh\Dino\src\Tests\..\Runtime\Bridge\ComponentMapping.cs'. [C:\Users\koosh\Dino\src\Tests\DINOForge.Tests.csproj]
C:\Users\koosh\Dino\src\Runtime\Bridge\ComponentMap.cs(226,32): warning CS0436: The type 'ComponentMapping' in 'C:\Users\koosh\Dino\src\Tests\..\Runtime\Bridge\ComponentMapping.cs' conflicts with the imported type 'ComponentMapping' in 'DINOForge.Runtime, Version=1.0.0.0, Culture=neutral, PublicKeyToken=null'. Using the type defined in 'C:\Users\koosh\Dino\src\Tests\..\Runtime\Bridge\ComponentMapping.cs'. [C:\Users\koosh\Dino\src\Tests\DINOForge.Tests.csproj]
C:\Users\koosh\Dino\src\Runtime\Bridge\ComponentMap.cs(243,32): warning CS0436: The type 'ComponentMapping' in 'C:\Users\koosh\Dino\src\Tests\..\Runtime\Bridge\ComponentMapping.cs' conflicts with the imported type 'ComponentMapping' in 'DINOForge.Runtime, Version=1.0.0.0, Culture=neutral, PublicKeyToken=null'. Using the type defined in 'C:\Users\koosh\Dino\src\Tests\..\Runtime\Bridge\ComponentMapping.cs'. [C:\Users\koosh\Dino\src\Tests\DINOForge.Tests.csproj]
C:\Users\koosh\Dino\src\Runtime\Bridge\ComponentMap.cs(249,32): warning CS0436: The type 'ComponentMapping' in 'C:\Users\koosh\Dino\src\Tests\..\Runtime\Bridge\ComponentMapping.cs' conflicts with the imported type 'ComponentMapping' in 'DINOForge.Runtime, Version=1.0.0.0, Culture=neutral, PublicKeyToken=null'. Using the type defined in 'C:\Users\koosh\Dino\src\Tests\..\Runtime\Bridge\ComponentMapping.cs'. [C:\Users\koosh\Dino\src\Tests\DINOForge.Tests.csproj]
C:\Users\koosh\Dino\src\Runtime\Bridge\ComponentMap.cs(255,32): warning CS0436: The type 'ComponentMapping' in 'C:\Users\koosh\Dino\src\Tests\..\Runtime\Bridge\ComponentMapping.cs' conflicts with the imported type 'ComponentMapping' in 'DINOForge.Runtime, Version=1.0.0.0, Culture=neutral, PublicKeyToken=null'. Using the type defined in 'C:\Users\koosh\Dino\src\Tests\..\Runtime\Bridge\ComponentMapping.cs'. [C:\Users\koosh\Dino\src\Tests\DINOForge.Tests.csproj]
C:\Users\koosh\Dino\src\Runtime\Bridge\ComponentMap.cs(261,32): warning CS0436: The type 'ComponentMapping' in 'C:\Users\koosh\Dino\src\Tests\..\Runtime\Bridge\ComponentMapping.cs' conflicts with the imported type 'ComponentMapping' in 'DINOForge.Runtime, Version=1.0.0.0, Culture=neutral, PublicKeyToken=null'. Using the type defined in 'C:\Users\koosh\Dino\src\Tests\..\Runtime\Bridge\ComponentMapping.cs'. [C:\Users\koosh\Dino\src\Tests\DINOForge.Tests.csproj]
C:\Users\koosh\Dino\src\Runtime\Bridge\ComponentMap.cs(267,32): warning CS0436: The type 'ComponentMapping' in 'C:\Users\koosh\Dino\src\Tests\..\Runtime\Bridge\ComponentMapping.cs' conflicts with the imported type 'ComponentMapping' in 'DINOForge.Runtime, Version=1.0.0.0, Culture=neutral, PublicKeyToken=null'. Using the type defined in 'C:\Users\koosh\Dino\src\Tests\..\Runtime\Bridge\ComponentMapping.cs'. [C:\Users\koosh\Dino\src\Tests\DINOForge.Tests.csproj]
C:\Users\koosh\Dino\src\Runtime\Bridge\ComponentMap.cs(273,32): warning CS0436: The type 'ComponentMapping' in 'C:\Users\koosh\Dino\src\Tests\..\Runtime\Bridge\ComponentMapping.cs' conflicts with the imported type 'ComponentMapping' in 'DINOForge.Runtime, Version=1.0.0.0, Culture=neutral, PublicKeyToken=null'. Using the type defined in 'C:\Users\koosh\Dino\src\Tests\..\Runtime\Bridge\ComponentMapping.cs'. [C:\Users\koosh\Dino\src\Tests\DINOForge.Tests.csproj]
C:\Users\koosh\Dino\src\Runtime\Bridge\ComponentMap.cs(279,32): warning CS0436: The type 'ComponentMapping' in 'C:\Users\koosh\Dino\src\Tests\..\Runtime\Bridge\ComponentMapping.cs' conflicts with the imported type 'ComponentMapping' in 'DINOForge.Runtime, Version=1.0.0.0, Culture=neutral, PublicKeyToken=null'. Using the type defined in 'C:\Users\koosh\Dino\src\Tests\..\Runtime\Bridge\ComponentMapping.cs'. [C:\Users\koosh\Dino\src\Tests\DINOForge.Tests.csproj]
C:\Users\koosh\Dino\src\Runtime\Bridge\ComponentMap.cs(285,32): warning CS0436: The type 'ComponentMapping' in 'C:\Users\koosh\Dino\src\Tests\..\Runtime\Bridge\ComponentMapping.cs' conflicts with the imported type 'ComponentMapping' in 'DINOForge.Runtime, Version=1.0.0.0, Culture=neutral, PublicKeyToken=null'. Using the type defined in 'C:\Users\koosh\Dino\src\Tests\..\Runtime\Bridge\ComponentMapping.cs'. [C:\Users\koosh\Dino\src\Tests\DINOForge.Tests.csproj]
C:\Users\koosh\Dino\src\Runtime\Bridge\ComponentMap.cs(291,32): warning CS0436: The type 'ComponentMapping' in 'C:\Users\koosh\Dino\src\Tests\..\Runtime\Bridge\ComponentMapping.cs' conflicts with the imported type 'ComponentMapping' in 'DINOForge.Runtime, Version=1.0.0.0, Culture=neutral, PublicKeyToken=null'. Using the type defined in 'C:\Users\koosh\Dino\src\Tests\..\Runtime\Bridge\ComponentMapping.cs'. [C:\Users\koosh\Dino\src\Tests\DINOForge.Tests.csproj]
C:\Users\koosh\Dino\src\Runtime\Bridge\ComponentMap.cs(296,32): warning CS0436: The type 'ComponentMapping' in 'C:\Users\koosh\Dino\src\Tests\..\Runtime\Bridge\ComponentMapping.cs' conflicts with the imported type 'ComponentMapping' in 'DINOForge.Runtime, Version=1.0.0.0, Culture=neutral, PublicKeyToken=null'. Using the type defined in 'C:\Users\koosh\Dino\src\Tests\..\Runtime\Bridge\ComponentMapping.cs'. [C:\Users\koosh\Dino\src\Tests\DINOForge.Tests.csproj]
C:\Users\koosh\Dino\src\Runtime\Bridge\ComponentMap.cs(301,32): warning CS0436: The type 'ComponentMapping' in 'C:\Users\koosh\Dino\src\Tests\..\Runtime\Bridge\ComponentMapping.cs' conflicts with the imported type 'ComponentMapping' in 'DINOForge.Runtime, Version=1.0.0.0, Culture=neutral, PublicKeyToken=null'. Using the type defined in 'C:\Users\koosh\Dino\src\Tests\..\Runtime\Bridge\ComponentMapping.cs'. [C:\Users\koosh\Dino\src\Tests\DINOForge.Tests.csproj]
C:\Users\koosh\Dino\src\Runtime\Bridge\ComponentMap.cs(306,32): warning CS0436: The type 'ComponentMapping' in 'C:\Users\koosh\Dino\src\Tests\..\Runtime\Bridge\ComponentMapping.cs' conflicts with the imported type 'ComponentMapping' in 'DINOForge.Runtime, Version=1.0.0.0, Culture=neutral, PublicKeyToken=null'. Using the type defined in 'C:\Users\koosh\Dino\src\Tests\..\Runtime\Bridge\ComponentMapping.cs'. [C:\Users\koosh\Dino\src\Tests\DINOForge.Tests.csproj]
C:\Users\koosh\Dino\src\Runtime\Bridge\ComponentMap.cs(311,32): warning CS0436: The type 'ComponentMapping' in 'C:\Users\koosh\Dino\src\Tests\..\Runtime\Bridge\ComponentMapping.cs' conflicts with the imported type 'ComponentMapping' in 'DINOForge.Runtime, Version=1.0.0.0, Culture=neutral, PublicKeyToken=null'. Using the type defined in 'C:\Users\koosh\Dino\src\Tests\..\Runtime\Bridge\ComponentMapping.cs'. [C:\Users\koosh\Dino\src\Tests\DINOForge.Tests.csproj]
C:\Users\koosh\Dino\src\Runtime\Bridge\ComponentMap.cs(316,32): warning CS0436: The type 'ComponentMapping' in 'C:\Users\koosh\Dino\src\Tests\..\Runtime\Bridge\ComponentMapping.cs' conflicts with the imported type 'ComponentMapping' in 'DINOForge.Runtime, Version=1.0.0.0, Culture=neutral, PublicKeyToken=null'. Using the type defined in 'C:\Users\koosh\Dino\src\Tests\..\Runtime\Bridge\ComponentMapping.cs'. [C:\Users\koosh\Dino\src\Tests\DINOForge.Tests.csproj]
C:\Users\koosh\Dino\src\Runtime\Bridge\ComponentMap.cs(321,32): warning CS0436: The type 'ComponentMapping' in 'C:\Users\koosh\Dino\src\Tests\..\Runtime\Bridge\ComponentMapping.cs' conflicts with the imported type 'ComponentMapping' in 'DINOForge.Runtime, Version=1.0.0.0, Culture=neutral, PublicKeyToken=null'. Using the type defined in 'C:\Users\koosh\Dino\src\Tests\..\Runtime\Bridge\ComponentMapping.cs'. [C:\Users\koosh\Dino\src\Tests\DINOForge.Tests.csproj]
C:\Users\koosh\Dino\src\Runtime\Bridge\ComponentMap.cs(326,32): warning CS0436: The type 'ComponentMapping' in 'C:\Users\koosh\Dino\src\Tests\..\Runtime\Bridge\ComponentMapping.cs' conflicts with the imported type 'ComponentMapping' in 'DINOForge.Runtime, Version=1.0.0.0, Culture=neutral, PublicKeyToken=null'. Using the type defined in 'C:\Users\koosh\Dino\src\Tests\..\Runtime\Bridge\ComponentMapping.cs'. [C:\Users\koosh\Dino\src\Tests\DINOForge.Tests.csproj]
C:\Users\koosh\Dino\src\Runtime\Bridge\ComponentMap.cs(331,32): warning CS0436: The type 'ComponentMapping' in 'C:\Users\koosh\Dino\src\Tests\..\Runtime\Bridge\ComponentMapping.cs' conflicts with the imported type 'ComponentMapping' in 'DINOForge.Runtime, Version=1.0.0.0, Culture=neutral, PublicKeyToken=null'. Using the type defined in 'C:\Users\koosh\Dino\src\Tests\..\Runtime\Bridge\ComponentMapping.cs'. [C:\Users\koosh\Dino\src\Tests\DINOForge.Tests.csproj]
C:\Users\koosh\Dino\src\Runtime\Bridge\ComponentMap.cs(339,52): warning CS0436: The type 'ComponentMapping' in 'C:\Users\koosh\Dino\src\Tests\..\Runtime\Bridge\ComponentMapping.cs' conflicts with the imported type 'ComponentMapping' in 'DINOForge.Runtime, Version=1.0.0.0, Culture=neutral, PublicKeyToken=null'. Using the type defined in 'C:\Users\koosh\Dino\src\Tests\..\Runtime\Bridge\ComponentMapping.cs'. [C:\Users\koosh\Dino\src\Tests\DINOForge.Tests.csproj]
C:\Users\koosh\Dino\src\Runtime\RustAssetPipelineInterop.cs(80,23): warning CS0436: The type 'AssetData' in 'C:\Users\koosh\Dino\src\Tests\..\Runtime\RustAssetPipelineInterop.cs' conflicts with the imported type 'AssetData' in 'DINOForge.Runtime, Version=1.0.0.0, Culture=neutral, PublicKeyToken=null'. Using the type defined in 'C:\Users\koosh\Dino\src\Tests\..\Runtime\RustAssetPipelineInterop.cs'. [C:\Users\koosh\Dino\src\Tests\DINOForge.Tests.csproj]
C:\Users\koosh\Dino\src\Runtime\RustAssetPipelineInterop.cs(141,49): warning CS0436: The type 'AssetData' in 'C:\Users\koosh\Dino\src\Tests\..\Runtime\RustAssetPipelineInterop.cs' conflicts with the imported type 'AssetData' in 'DINOForge.Runtime, Version=1.0.0.0, Culture=neutral, PublicKeyToken=null'. Using the type defined in 'C:\Users\koosh\Dino\src\Tests\..\Runtime\RustAssetPipelineInterop.cs'. [C:\Users\koosh\Dino\src\Tests\DINOForge.Tests.csproj]
C:\Users\koosh\Dino\src\Runtime\RustAssetPipelineInterop.cs(141,23): warning CS0436: The type 'AssetData' in 'C:\Users\koosh\Dino\src\Tests\..\Runtime\RustAssetPipelineInterop.cs' conflicts with the imported type 'AssetData' in 'DINOForge.Runtime, Version=1.0.0.0, Culture=neutral, PublicKeyToken=null'. Using the type defined in 'C:\Users\koosh\Dino\src\Tests\..\Runtime\RustAssetPipelineInterop.cs'. [C:\Users\koosh\Dino\src\Tests\DINOForge.Tests.csproj]
C:\Users\koosh\Dino\src\Runtime\RustAssetPipelineInterop.cs(282,16): warning CS0436: The type 'AssetMetadataJson' in 'C:\Users\koosh\Dino\src\Tests\..\Runtime\RustAssetPipelineInterop.cs' conflicts with the imported type 'AssetMetadataJson' in 'DINOForge.Runtime, Version=1.0.0.0, Culture=neutral, PublicKeyToken=null'. Using the type defined in 'C:\Users\koosh\Dino\src\Tests\..\Runtime\RustAssetPipelineInterop.cs'. [C:\Users\koosh\Dino\src\Tests\DINOForge.Tests.csproj]
C:\Users\koosh\Dino\src\Tests\ECS\MockEntityManager.cs(115,44): warning CS8625: Cannot convert null literal to non-nullable reference type. [C:\Users\koosh\Dino\src\Tests\DINOForge.Tests.csproj]
C:\Users\koosh\Dino\src\Runtime\Bridge\ComponentMap.cs(27,17): warning CS0436: The type 'ComponentMapping' in 'C:\Users\koosh\Dino\src\Tests\..\Runtime\Bridge\ComponentMapping.cs' conflicts with the imported type 'ComponentMapping' in 'DINOForge.Runtime, Version=1.0.0.0, Culture=neutral, PublicKeyToken=null'. Using the type defined in 'C:\Users\koosh\Dino\src\Tests\..\Runtime\Bridge\ComponentMapping.cs'. [C:\Users\koosh\Dino\src\Tests\DINOForge.Tests.csproj]
C:\Users\koosh\Dino\src\Runtime\Bridge\ComponentMap.cs(32,17): warning CS0436: The type 'ComponentMapping' in 'C:\Users\koosh\Dino\src\Tests\..\Runtime\Bridge\ComponentMapping.cs' conflicts with the imported type 'ComponentMapping' in 'DINOForge.Runtime, Version=1.0.0.0, Culture=neutral, PublicKeyToken=null'. Using the type defined in 'C:\Users\koosh\Dino\src\Tests\..\Runtime\Bridge\ComponentMapping.cs'. [C:\Users\koosh\Dino\src\Tests\DINOForge.Tests.csproj]
C:\Users\koosh\Dino\src\Runtime\Bridge\ComponentMap.cs(38,17): warning CS0436: The type 'ComponentMapping' in 'C:\Users\koosh\Dino\src\Tests\..\Runtime\Bridge\ComponentMapping.cs' conflicts with the imported type 'ComponentMapping' in 'DINOForge.Runtime, Version=1.0.0.0, Culture=neutral, PublicKeyToken=null'. Using the type defined in 'C:\Users\koosh\Dino\src\Tests\..\Runtime\Bridge\ComponentMapping.cs'. [C:\Users\koosh\Dino\src\Tests\DINOForge.Tests.csproj]
C:\Users\koosh\Dino\src\Runtime\Bridge\ComponentMap.cs(43,17): warning CS0436: The type 'ComponentMapping' in 'C:\Users\koosh\Dino\src\Tests\..\Runtime\Bridge\ComponentMapping.cs' conflicts with the imported type 'ComponentMapping' in 'DINOForge.Runtime, Version=1.0.0.0, Culture=neutral, PublicKeyToken=null'. Using the type defined in 'C:\Users\koosh\Dino\src\Tests\..\Runtime\Bridge\ComponentMapping.cs'. [C:\Users\koosh\Dino\src\Tests\DINOForge.Tests.csproj]
C:\Users\koosh\Dino\src\Runtime\Bridge\ComponentMap.cs(48,17): warning CS0436: The type 'ComponentMapping' in 'C:\Users\koosh\Dino\src\Tests\..\Runtime\Bridge\ComponentMapping.cs' conflicts with the imported type 'ComponentMapping' in 'DINOForge.Runtime, Version=1.0.0.0, Culture=neutral, PublicKeyToken=null'. Using the type defined in 'C:\Users\koosh\Dino\src\Tests\..\Runtime\Bridge\ComponentMapping.cs'. [C:\Users\koosh\Dino\src\Tests\DINOForge.Tests.csproj]
C:\Users\koosh\Dino\src\Runtime\Bridge\ComponentMap.cs(53,17): warning CS0436: The type 'ComponentMapping' in 'C:\Users\koosh\Dino\src\Tests\..\Runtime\Bridge\ComponentMapping.cs' conflicts with the imported type 'ComponentMapping' in 'DINOForge.Runtime, Version=1.0.0.0, Culture=neutral, PublicKeyToken=null'. Using the type defined in 'C:\Users\koosh\Dino\src\Tests\..\Runtime\Bridge\ComponentMapping.cs'. [C:\Users\koosh\Dino\src\Tests\DINOForge.Tests.csproj]
C:\Users\koosh\Dino\src\Runtime\Bridge\ComponentMap.cs(58,17): warning CS0436: The type 'ComponentMapping' in 'C:\Users\koosh\Dino\src\Tests\..\Runtime\Bridge\ComponentMapping.cs' conflicts with the imported type 'ComponentMapping' in 'DINOForge.Runtime, Version=1.0.0.0, Culture=neutral, PublicKeyToken=null'. Using the type defined in 'C:\Users\koosh\Dino\src\Tests\..\Runtime\Bridge\ComponentMapping.cs'. [C:\Users\koosh\Dino\src\Tests\DINOForge.Tests.csproj]
C:\Users\koosh\Dino\src\Runtime\Bridge\ComponentMap.cs(64,17): warning CS0436: The type 'ComponentMapping' in 'C:\Users\koosh\Dino\src\Tests\..\Runtime\Bridge\ComponentMapping.cs' conflicts with the imported type 'ComponentMapping' in 'DINOForge.Runtime, Version=1.0.0.0, Culture=neutral, PublicKeyToken=null'. Using the type defined in 'C:\Users\koosh\Dino\src\Tests\..\Runtime\Bridge\ComponentMapping.cs'. [C:\Users\koosh\Dino\src\Tests\DINOForge.Tests.csproj]
C:\Users\koosh\Dino\src\Runtime\Bridge\ComponentMap.cs(69,17): warning CS0436: The type 'ComponentMapping' in 'C:\Users\koosh\Dino\src\Tests\..\Runtime\Bridge\ComponentMapping.cs' conflicts with the imported type 'ComponentMapping' in 'DINOForge.Runtime, Version=1.0.0.0, Culture=neutral, PublicKeyToken=null'. Using the type defined in 'C:\Users\koosh\Dino\src\Tests\..\Runtime\Bridge\ComponentMapping.cs'. [C:\Users\koosh\Dino\src\Tests\DINOForge.Tests.csproj]
C:\Users\koosh\Dino\src\Runtime\Bridge\ComponentMap.cs(74,17): warning CS0436: The type 'ComponentMapping' in 'C:\Users\koosh\Dino\src\Tests\..\Runtime\Bridge\ComponentMapping.cs' conflicts with the imported type 'ComponentMapping' in 'DINOForge.Runtime, Version=1.0.0.0, Culture=neutral, PublicKeyToken=null'. Using the type defined in 'C:\Users\koosh\Dino\src\Tests\..\Runtime\Bridge\ComponentMapping.cs'. [C:\Users\koosh\Dino\src\Tests\DINOForge.Tests.csproj]
C:\Users\koosh\Dino\src\Runtime\Bridge\ComponentMap.cs(79,17): warning CS0436: The type 'ComponentMapping' in 'C:\Users\koosh\Dino\src\Tests\..\Runtime\Bridge\ComponentMapping.cs' conflicts with the imported type 'ComponentMapping' in 'DINOForge.Runtime, Version=1.0.0.0, Culture=neutral, PublicKeyToken=null'. Using the type defined in 'C:\Users\koosh\Dino\src\Tests\..\Runtime\Bridge\ComponentMapping.cs'. [C:\Users\koosh\Dino\src\Tests\DINOForge.Tests.csproj]
C:\Users\koosh\Dino\src\Runtime\Bridge\ComponentMap.cs(84,17): warning CS0436: The type 'ComponentMapping' in 'C:\Users\koosh\Dino\src\Tests\..\Runtime\Bridge\ComponentMapping.cs' conflicts with the imported type 'ComponentMapping' in 'DINOForge.Runtime, Version=1.0.0.0, Culture=neutral, PublicKeyToken=null'. Using the type defined in 'C:\Users\koosh\Dino\src\Tests\..\Runtime\Bridge\ComponentMapping.cs'. [C:\Users\koosh\Dino\src\Tests\DINOForge.Tests.csproj]
C:\Users\koosh\Dino\src\Runtime\Bridge\ComponentMap.cs(89,17): warning CS0436: The type 'ComponentMapping' in 'C:\Users\koosh\Dino\src\Tests\..\Runtime\Bridge\ComponentMapping.cs' conflicts with the imported type 'ComponentMapping' in 'DINOForge.Runtime, Version=1.0.0.0, Culture=neutral, PublicKeyToken=null'. Using the type defined in 'C:\Users\koosh\Dino\src\Tests\..\Runtime\Bridge\ComponentMapping.cs'. [C:\Users\koosh\Dino\src\Tests\DINOForge.Tests.csproj]
C:\Users\koosh\Dino\src\Runtime\Bridge\ComponentMap.cs(94,17): warning CS0436: The type 'ComponentMapping' in 'C:\Users\koosh\Dino\src\Tests\..\Runtime\Bridge\ComponentMapping.cs' conflicts with the imported type 'ComponentMapping' in 'DINOForge.Runtime, Version=1.0.0.0, Culture=neutral, PublicKeyToken=null'. Using the type defined in 'C:\Users\koosh\Dino\src\Tests\..\Runtime\Bridge\ComponentMapping.cs'. [C:\Users\koosh\Dino\src\Tests\DINOForge.Tests.csproj]
C:\Users\koosh\Dino\src\Runtime\Bridge\ComponentMap.cs(101,17): warning CS0436: The type 'ComponentMapping' in 'C:\Users\koosh\Dino\src\Tests\..\Runtime\Bridge\ComponentMapping.cs' conflicts with the imported type 'ComponentMapping' in 'DINOForge.Runtime, Version=1.0.0.0, Culture=neutral, PublicKeyToken=null'. Using the type defined in 'C:\Users\koosh\Dino\src\Tests\..\Runtime\Bridge\ComponentMapping.cs'. [C:\Users\koosh\Dino\src\Tests\DINOForge.Tests.csproj]
C:\Users\koosh\Dino\src\Runtime\Bridge\ComponentMap.cs(106,17): warning CS0436: The type 'ComponentMapping' in 'C:\Users\koosh\Dino\src\Tests\..\Runtime\Bridge\ComponentMapping.cs' conflicts with the imported type 'ComponentMapping' in 'DINOForge.Runtime, Version=1.0.0.0, Culture=neutral, PublicKeyToken=null'. Using the type defined in 'C:\Users\koosh\Dino\src\Tests\..\Runtime\Bridge\ComponentMapping.cs'. [C:\Users\koosh\Dino\src\Tests\DINOForge.Tests.csproj]
C:\Users\koosh\Dino\src\Runtime\Bridge\ComponentMap.cs(111,17): warning CS0436: The type 'ComponentMapping' in 'C:\Users\koosh\Dino\src\Tests\..\Runtime\Bridge\ComponentMapping.cs' conflicts with the imported type 'ComponentMapping' in 'DINOForge.Runtime, Version=1.0.0.0, Culture=neutral, PublicKeyToken=null'. Using the type defined in 'C:\Users\koosh\Dino\src\Tests\..\Runtime\Bridge\ComponentMapping.cs'. [C:\Users\koosh\Dino\src\Tests\DINOForge.Tests.csproj]
C:\Users\koosh\Dino\src\Runtime\Bridge\ComponentMap.cs(116,17): warning CS0436: The type 'ComponentMapping' in 'C:\Users\koosh\Dino\src\Tests\..\Runtime\Bridge\ComponentMapping.cs' conflicts with the imported type 'ComponentMapping' in 'DINOForge.Runtime, Version=1.0.0.0, Culture=neutral, PublicKeyToken=null'. Using the type defined in 'C:\Users\koosh\Dino\src\Tests\..\Runtime\Bridge\ComponentMapping.cs'. [C:\Users\koosh\Dino\src\Tests\DINOForge.Tests.csproj]
C:\Users\koosh\Dino\src\Runtime\Bridge\ComponentMap.cs(121,17): warning CS0436: The type 'ComponentMapping' in 'C:\Users\koosh\Dino\src\Tests\..\Runtime\Bridge\ComponentMapping.cs' conflicts with the imported type 'ComponentMapping' in 'DINOForge.Runtime, Version=1.0.0.0, Culture=neutral, PublicKeyToken=null'. Using the type defined in 'C:\Users\koosh\Dino\src\Tests\..\Runtime\Bridge\ComponentMapping.cs'. [C:\Users\koosh\Dino\src\Tests\DINOForge.Tests.csproj]
C:\Users\koosh\Dino\src\Runtime\Bridge\ComponentMap.cs(126,17): warning CS0436: The type 'ComponentMapping' in 'C:\Users\koosh\Dino\src\Tests\..\Runtime\Bridge\ComponentMapping.cs' conflicts with the imported type 'ComponentMapping' in 'DINOForge.Runtime, Version=1.0.0.0, Culture=neutral, PublicKeyToken=null'. Using the type defined in 'C:\Users\koosh\Dino\src\Tests\..\Runtime\Bridge\ComponentMapping.cs'. [C:\Users\koosh\Dino\src\Tests\DINOForge.Tests.csproj]
C:\Users\koosh\Dino\src\Runtime\Bridge\ComponentMap.cs(131,17): warning CS0436: The type 'ComponentMapping' in 'C:\Users\koosh\Dino\src\Tests\..\Runtime\Bridge\ComponentMapping.cs' conflicts with the imported type 'ComponentMapping' in 'DINOForge.Runtime, Version=1.0.0.0, Culture=neutral, PublicKeyToken=null'. Using the type defined in 'C:\Users\koosh\Dino\src\Tests\..\Runtime\Bridge\ComponentMapping.cs'. [C:\Users\koosh\Dino\src\Tests\DINOForge.Tests.csproj]
C:\Users\koosh\Dino\src\Runtime\Bridge\ComponentMap.cs(138,17): warning CS0436: The type 'ComponentMapping' in 'C:\Users\koosh\Dino\src\Tests\..\Runtime\Bridge\ComponentMapping.cs' conflicts with the imported type 'ComponentMapping' in 'DINOForge.Runtime, Version=1.0.0.0, Culture=neutral, PublicKeyToken=null'. Using the type defined in 'C:\Users\koosh\Dino\src\Tests\..\Runtime\Bridge\ComponentMapping.cs'. [C:\Users\koosh\Dino\src\Tests\DINOForge.Tests.csproj]
C:\Users\koosh\Dino\src\Runtime\Bridge\ComponentMap.cs(146,17): warning CS0436: The type 'ComponentMapping' in 'C:\Users\koosh\Dino\src\Tests\..\Runtime\Bridge\ComponentMapping.cs' conflicts with the imported type 'ComponentMapping' in 'DINOForge.Runtime, Version=1.0.0.0, Culture=neutral, PublicKeyToken=null'. Using the type defined in 'C:\Users\koosh\Dino\src\Tests\..\Runtime\Bridge\ComponentMapping.cs'. [C:\Users\koosh\Dino\src\Tests\DINOForge.Tests.csproj]
C:\Users\koosh\Dino\src\Runtime\Bridge\ComponentMap.cs(151,17): warning CS0436: The type 'ComponentMapping' in 'C:\Users\koosh\Dino\src\Tests\..\Runtime\Bridge\ComponentMapping.cs' conflicts with the imported type 'ComponentMapping' in 'DINOForge.Runtime, Version=1.0.0.0, Culture=neutral, PublicKeyToken=null'. Using the type defined in 'C:\Users\koosh\Dino\src\Tests\..\Runtime\Bridge\ComponentMapping.cs'. [C:\Users\koosh\Dino\src\Tests\DINOForge.Tests.csproj]
C:\Users\koosh\Dino\src\Runtime\Bridge\ComponentMap.cs(157,17): warning CS0436: The type 'ComponentMapping' in 'C:\Users\koosh\Dino\src\Tests\..\Runtime\Bridge\ComponentMapping.cs' conflicts with the imported type 'ComponentMapping' in 'DINOForge.Runtime, Version=1.0.0.0, Culture=neutral, PublicKeyToken=null'. Using the type defined in 'C:\Users\koosh\Dino\src\Tests\..\Runtime\Bridge\ComponentMapping.cs'. [C:\Users\koosh\Dino\src\Tests\DINOForge.Tests.csproj]
C:\Users\koosh\Dino\src\Runtime\Bridge\ComponentMap.cs(167,17): warning CS0436: The type 'ComponentMapping' in 'C:\Users\koosh\Dino\src\Tests\..\Runtime\Bridge\ComponentMapping.cs' conflicts with the imported type 'ComponentMapping' in 'DINOForge.Runtime, Version=1.0.0.0, Culture=neutral, PublicKeyToken=null'. Using the type defined in 'C:\Users\koosh\Dino\src\Tests\..\Runtime\Bridge\ComponentMapping.cs'. [C:\Users\koosh\Dino\src\Tests\DINOForge.Tests.csproj]
C:\Users\koosh\Dino\src\Runtime\Bridge\ComponentMap.cs(172,17): warning CS0436: The type 'ComponentMapping' in 'C:\Users\koosh\Dino\src\Tests\..\Runtime\Bridge\ComponentMapping.cs' conflicts with the imported type 'ComponentMapping' in 'DINOForge.Runtime, Version=1.0.0.0, Culture=neutral, PublicKeyToken=null'. Using the type defined in 'C:\Users\koosh\Dino\src\Tests\..\Runtime\Bridge\ComponentMapping.cs'. [C:\Users\koosh\Dino\src\Tests\DINOForge.Tests.csproj]
C:\Users\koosh\Dino\src\Runtime\Bridge\ComponentMap.cs(177,17): warning CS0436: The type 'ComponentMapping' in 'C:\Users\koosh\Dino\src\Tests\..\Runtime\Bridge\ComponentMapping.cs' conflicts with the imported type 'ComponentMapping' in 'DINOForge.Runtime, Version=1.0.0.0, Culture=neutral, PublicKeyToken=null'. Using the type defined in 'C:\Users\koosh\Dino\src\Tests\..\Runtime\Bridge\ComponentMapping.cs'. [C:\Users\koosh\Dino\src\Tests\DINOForge.Tests.csproj]
C:\Users\koosh\Dino\src\Runtime\Bridge\ComponentMap.cs(182,17): warning CS0436: The type 'ComponentMapping' in 'C:\Users\koosh\Dino\src\Tests\..\Runtime\Bridge\ComponentMapping.cs' conflicts with the imported type 'ComponentMapping' in 'DINOForge.Runtime, Version=1.0.0.0, Culture=neutral, PublicKeyToken=null'. Using the type defined in 'C:\Users\koosh\Dino\src\Tests\..\Runtime\Bridge\ComponentMapping.cs'. [C:\Users\koosh\Dino\src\Tests\DINOForge.Tests.csproj]
C:\Users\koosh\Dino\src\Runtime\Bridge\ComponentMap.cs(187,17): warning CS0436: The type 'ComponentMapping' in 'C:\Users\koosh\Dino\src\Tests\..\Runtime\Bridge\ComponentMapping.cs' conflicts with the imported type 'ComponentMapping' in 'DINOForge.Runtime, Version=1.0.0.0, Culture=neutral, PublicKeyToken=null'. Using the type defined in 'C:\Users\koosh\Dino\src\Tests\..\Runtime\Bridge\ComponentMapping.cs'. [C:\Users\koosh\Dino\src\Tests\DINOForge.Tests.csproj]
C:\Users\koosh\Dino\src\Runtime\Bridge\ComponentMap.cs(192,17): warning CS0436: The type 'ComponentMapping' in 'C:\Users\koosh\Dino\src\Tests\..\Runtime\Bridge\ComponentMapping.cs' conflicts with the imported type 'ComponentMapping' in 'DINOForge.Runtime, Version=1.0.0.0, Culture=neutral, PublicKeyToken=null'. Using the type defined in 'C:\Users\koosh\Dino\src\Tests\..\Runtime\Bridge\ComponentMapping.cs'. [C:\Users\koosh\Dino\src\Tests\DINOForge.Tests.csproj]
C:\Users\koosh\Dino\src\Runtime\Bridge\ComponentMap.cs(197,17): warning CS0436: The type 'ComponentMapping' in 'C:\Users\koosh\Dino\src\Tests\..\Runtime\Bridge\ComponentMapping.cs' conflicts with the imported type 'ComponentMapping' in 'DINOForge.Runtime, Version=1.0.0.0, Culture=neutral, PublicKeyToken=null'. Using the type defined in 'C:\Users\koosh\Dino\src\Tests\..\Runtime\Bridge\ComponentMapping.cs'. [C:\Users\koosh\Dino\src\Tests\DINOForge.Tests.csproj]
C:\Users\koosh\Dino\src\Runtime\Bridge\ComponentMap.cs(202,17): warning CS0436: The type 'ComponentMapping' in 'C:\Users\koosh\Dino\src\Tests\..\Runtime\Bridge\ComponentMapping.cs' conflicts with the imported type 'ComponentMapping' in 'DINOForge.Runtime, Version=1.0.0.0, Culture=neutral, PublicKeyToken=null'. Using the type defined in 'C:\Users\koosh\Dino\src\Tests\..\Runtime\Bridge\ComponentMapping.cs'. [C:\Users\koosh\Dino\src\Tests\DINOForge.Tests.csproj]
C:\Users\koosh\Dino\src\Runtime\Bridge\ComponentMap.cs(207,17): warning CS0436: The type 'ComponentMapping' in 'C:\Users\koosh\Dino\src\Tests\..\Runtime\Bridge\ComponentMapping.cs' conflicts with the imported type 'ComponentMapping' in 'DINOForge.Runtime, Version=1.0.0.0, Culture=neutral, PublicKeyToken=null'. Using the type defined in 'C:\Users\koosh\Dino\src\Tests\..\Runtime\Bridge\ComponentMapping.cs'. [C:\Users\koosh\Dino\src\Tests\DINOForge.Tests.csproj]
C:\Users\koosh\Dino\src\Runtime\Bridge\ComponentMap.cs(212,17): warning CS0436: The type 'ComponentMapping' in 'C:\Users\koosh\Dino\src\Tests\..\Runtime\Bridge\ComponentMapping.cs' conflicts with the imported type 'ComponentMapping' in 'DINOForge.Runtime, Version=1.0.0.0, Culture=neutral, PublicKeyToken=null'. Using the type defined in 'C:\Users\koosh\Dino\src\Tests\..\Runtime\Bridge\ComponentMapping.cs'. [C:\Users\koosh\Dino\src\Tests\DINOForge.Tests.csproj]
C:\Users\koosh\Dino\src\Runtime\Bridge\ComponentMap.cs(217,17): warning CS0436: The type 'ComponentMapping' in 'C:\Users\koosh\Dino\src\Tests\..\Runtime\Bridge\ComponentMapping.cs' conflicts with the imported type 'ComponentMapping' in 'DINOForge.Runtime, Version=1.0.0.0, Culture=neutral, PublicKeyToken=null'. Using the type defined in 'C:\Users\koosh\Dino\src\Tests\..\Runtime\Bridge\ComponentMapping.cs'. [C:\Users\koosh\Dino\src\Tests\DINOForge.Tests.csproj]
C:\Users\koosh\Dino\src\Runtime\Bridge\ComponentMap.cs(222,17): warning CS0436: The type 'ComponentMapping' in 'C:\Users\koosh\Dino\src\Tests\..\Runtime\Bridge\ComponentMapping.cs' conflicts with the imported type 'ComponentMapping' in 'DINOForge.Runtime, Version=1.0.0.0, Culture=neutral, PublicKeyToken=null'. Using the type defined in 'C:\Users\koosh\Dino\src\Tests\..\Runtime\Bridge\ComponentMapping.cs'. [C:\Users\koosh\Dino\src\Tests\DINOForge.Tests.csproj]
C:\Users\koosh\Dino\src\Runtime\Bridge\ComponentMap.cs(227,17): warning CS0436: The type 'ComponentMapping' in 'C:\Users\koosh\Dino\src\Tests\..\Runtime\Bridge\ComponentMapping.cs' conflicts with the imported type 'ComponentMapping' in 'DINOForge.Runtime, Version=1.0.0.0, Culture=neutral, PublicKeyToken=null'. Using the type defined in 'C:\Users\koosh\Dino\src\Tests\..\Runtime\Bridge\ComponentMapping.cs'. [C:\Users\koosh\Dino\src\Tests\DINOForge.Tests.csproj]
C:\Users\koosh\Dino\src\Runtime\Bridge\ComponentMap.cs(244,17): warning CS0436: The type 'ComponentMapping' in 'C:\Users\koosh\Dino\src\Tests\..\Runtime\Bridge\ComponentMapping.cs' conflicts with the imported type 'ComponentMapping' in 'DINOForge.Runtime, Version=1.0.0.0, Culture=neutral, PublicKeyToken=null'. Using the type defined in 'C:\Users\koosh\Dino\src\Tests\..\Runtime\Bridge\ComponentMapping.cs'. [C:\Users\koosh\Dino\src\Tests\DINOForge.Tests.csproj]
C:\Users\koosh\Dino\src\Runtime\Bridge\ComponentMap.cs(250,17): warning CS0436: The type 'ComponentMapping' in 'C:\Users\koosh\Dino\src\Tests\..\Runtime\Bridge\ComponentMapping.cs' conflicts with the imported type 'ComponentMapping' in 'DINOForge.Runtime, Version=1.0.0.0, Culture=neutral, PublicKeyToken=null'. Using the type defined in 'C:\Users\koosh\Dino\src\Tests\..\Runtime\Bridge\ComponentMapping.cs'. [C:\Users\koosh\Dino\src\Tests\DINOForge.Tests.csproj]
C:\Users\koosh\Dino\src\Runtime\Bridge\ComponentMap.cs(256,17): warning CS0436: The type 'ComponentMapping' in 'C:\Users\koosh\Dino\src\Tests\..\Runtime\Bridge\ComponentMapping.cs' conflicts with the imported type 'ComponentMapping' in 'DINOForge.Runtime, Version=1.0.0.0, Culture=neutral, PublicKeyToken=null'. Using the type defined in 'C:\Users\koosh\Dino\src\Tests\..\Runtime\Bridge\ComponentMapping.cs'. [C:\Users\koosh\Dino\src\Tests\DINOForge.Tests.csproj]
C:\Users\koosh\Dino\src\Runtime\Bridge\ComponentMap.cs(262,17): warning CS0436: The type 'ComponentMapping' in 'C:\Users\koosh\Dino\src\Tests\..\Runtime\Bridge\ComponentMapping.cs' conflicts with the imported type 'ComponentMapping' in 'DINOForge.Runtime, Version=1.0.0.0, Culture=neutral, PublicKeyToken=null'. Using the type defined in 'C:\Users\koosh\Dino\src\Tests\..\Runtime\Bridge\ComponentMapping.cs'. [C:\Users\koosh\Dino\src\Tests\DINOForge.Tests.csproj]
C:\Users\koosh\Dino\src\Runtime\Bridge\ComponentMap.cs(268,17): warning CS0436: The type 'ComponentMapping' in 'C:\Users\koosh\Dino\src\Tests\..\Runtime\Bridge\ComponentMapping.cs' conflicts with the imported type 'ComponentMapping' in 'DINOForge.Runtime, Version=1.0.0.0, Culture=neutral, PublicKeyToken=null'. Using the type defined in 'C:\Users\koosh\Dino\src\Tests\..\Runtime\Bridge\ComponentMapping.cs'. [C:\Users\koosh\Dino\src\Tests\DINOForge.Tests.csproj]
C:\Users\koosh\Dino\src\Runtime\Bridge\ComponentMap.cs(274,17): warning CS0436: The type 'ComponentMapping' in 'C:\Users\koosh\Dino\src\Tests\..\Runtime\Bridge\ComponentMapping.cs' conflicts with the imported type 'ComponentMapping' in 'DINOForge.Runtime, Version=1.0.0.0, Culture=neutral, PublicKeyToken=null'. Using the type defined in 'C:\Users\koosh\Dino\src\Tests\..\Runtime\Bridge\ComponentMapping.cs'. [C:\Users\koosh\Dino\src\Tests\DINOForge.Tests.csproj]
C:\Users\koosh\Dino\src\Runtime\Bridge\ComponentMap.cs(280,17): warning CS0436: The type 'ComponentMapping' in 'C:\Users\koosh\Dino\src\Tests\..\Runtime\Bridge\ComponentMapping.cs' conflicts with the imported type 'ComponentMapping' in 'DINOForge.Runtime, Version=1.0.0.0, Culture=neutral, PublicKeyToken=null'. Using the type defined in 'C:\Users\koosh\Dino\src\Tests\..\Runtime\Bridge\ComponentMapping.cs'. [C:\Users\koosh\Dino\src\Tests\DINOForge.Tests.csproj]
C:\Users\koosh\Dino\src\Runtime\Bridge\ComponentMap.cs(286,17): warning CS0436: The type 'ComponentMapping' in 'C:\Users\koosh\Dino\src\Tests\..\Runtime\Bridge\ComponentMapping.cs' conflicts with the imported type 'ComponentMapping' in 'DINOForge.Runtime, Version=1.0.0.0, Culture=neutral, PublicKeyToken=null'. Using the type defined in 'C:\Users\koosh\Dino\src\Tests\..\Runtime\Bridge\ComponentMapping.cs'. [C:\Users\koosh\Dino\src\Tests\DINOForge.Tests.csproj]
C:\Users\koosh\Dino\src\Runtime\Bridge\ComponentMap.cs(292,17): warning CS0436: The type 'ComponentMapping' in 'C:\Users\koosh\Dino\src\Tests\..\Runtime\Bridge\ComponentMapping.cs' conflicts with the imported type 'ComponentMapping' in 'DINOForge.Runtime, Version=1.0.0.0, Culture=neutral, PublicKeyToken=null'. Using the type defined in 'C:\Users\koosh\Dino\src\Tests\..\Runtime\Bridge\ComponentMapping.cs'. [C:\Users\koosh\Dino\src\Tests\DINOForge.Tests.csproj]
C:\Users\koosh\Dino\src\Runtime\Bridge\ComponentMap.cs(297,17): warning CS0436: The type 'ComponentMapping' in 'C:\Users\koosh\Dino\src\Tests\..\Runtime\Bridge\ComponentMapping.cs' conflicts with the imported type 'ComponentMapping' in 'DINOForge.Runtime, Version=1.0.0.0, Culture=neutral, PublicKeyToken=null'. Using the type defined in 'C:\Users\koosh\Dino\src\Tests\..\Runtime\Bridge\ComponentMapping.cs'. [C:\Users\koosh\Dino\src\Tests\DINOForge.Tests.csproj]
C:\Users\koosh\Dino\src\Runtime\Bridge\ComponentMap.cs(302,17): warning CS0436: The type 'ComponentMapping' in 'C:\Users\koosh\Dino\src\Tests\..\Runtime\Bridge\ComponentMapping.cs' conflicts with the imported type 'ComponentMapping' in 'DINOForge.Runtime, Version=1.0.0.0, Culture=neutral, PublicKeyToken=null'. Using the type defined in 'C:\Users\koosh\Dino\src\Tests\..\Runtime\Bridge\ComponentMapping.cs'. [C:\Users\koosh\Dino\src\Tests\DINOForge.Tests.csproj]
C:\Users\koosh\Dino\src\Runtime\Bridge\ComponentMap.cs(307,17): warning CS0436: The type 'ComponentMapping' in 'C:\Users\koosh\Dino\src\Tests\..\Runtime\Bridge\ComponentMapping.cs' conflicts with the imported type 'ComponentMapping' in 'DINOForge.Runtime, Version=1.0.0.0, Culture=neutral, PublicKeyToken=null'. Using the type defined in 'C:\Users\koosh\Dino\src\Tests\..\Runtime\Bridge\ComponentMapping.cs'. [C:\Users\koosh\Dino\src\Tests\DINOForge.Tests.csproj]
C:\Users\koosh\Dino\src\Runtime\Bridge\ComponentMap.cs(312,17): warning CS0436: The type 'ComponentMapping' in 'C:\Users\koosh\Dino\src\Tests\..\Runtime\Bridge\ComponentMapping.cs' conflicts with the imported type 'ComponentMapping' in 'DINOForge.Runtime, Version=1.0.0.0, Culture=neutral, PublicKeyToken=null'. Using the type defined in 'C:\Users\koosh\Dino\src\Tests\..\Runtime\Bridge\ComponentMapping.cs'. [C:\Users\koosh\Dino\src\Tests\DINOForge.Tests.csproj]
C:\Users\koosh\Dino\src\Runtime\Bridge\ComponentMap.cs(317,17): warning CS0436: The type 'ComponentMapping' in 'C:\Users\koosh\Dino\src\Tests\..\Runtime\Bridge\ComponentMapping.cs' conflicts with the imported type 'ComponentMapping' in 'DINOForge.Runtime, Version=1.0.0.0, Culture=neutral, PublicKeyToken=null'. Using the type defined in 'C:\Users\koosh\Dino\src\Tests\..\Runtime\Bridge\ComponentMapping.cs'. [C:\Users\koosh\Dino\src\Tests\DINOForge.Tests.csproj]
C:\Users\koosh\Dino\src\Runtime\Bridge\ComponentMap.cs(322,17): warning CS0436: The type 'ComponentMapping' in 'C:\Users\koosh\Dino\src\Tests\..\Runtime\Bridge\ComponentMapping.cs' conflicts with the imported type 'ComponentMapping' in 'DINOForge.Runtime, Version=1.0.0.0, Culture=neutral, PublicKeyToken=null'. Using the type defined in 'C:\Users\koosh\Dino\src\Tests\..\Runtime\Bridge\ComponentMapping.cs'. [C:\Users\koosh\Dino\src\Tests\DINOForge.Tests.csproj]
C:\Users\koosh\Dino\src\Runtime\Bridge\ComponentMap.cs(327,17): warning CS0436: The type 'ComponentMapping' in 'C:\Users\koosh\Dino\src\Tests\..\Runtime\Bridge\ComponentMapping.cs' conflicts with the imported type 'ComponentMapping' in 'DINOForge.Runtime, Version=1.0.0.0, Culture=neutral, PublicKeyToken=null'. Using the type defined in 'C:\Users\koosh\Dino\src\Tests\..\Runtime\Bridge\ComponentMapping.cs'. [C:\Users\koosh\Dino\src\Tests\DINOForge.Tests.csproj]
C:\Users\koosh\Dino\src\Runtime\Bridge\ComponentMap.cs(332,17): warning CS0436: The type 'ComponentMapping' in 'C:\Users\koosh\Dino\src\Tests\..\Runtime\Bridge\ComponentMapping.cs' conflicts with the imported type 'ComponentMapping' in 'DINOForge.Runtime, Version=1.0.0.0, Culture=neutral, PublicKeyToken=null'. Using the type defined in 'C:\Users\koosh\Dino\src\Tests\..\Runtime\Bridge\ComponentMapping.cs'. [C:\Users\koosh\Dino\src\Tests\DINOForge.Tests.csproj]
C:\Users\koosh\Dino\src\Runtime\Bridge\ComponentMap.cs(348,43): warning CS0436: The type 'ComponentMapping' in 'C:\Users\koosh\Dino\src\Tests\..\Runtime\Bridge\ComponentMapping.cs' conflicts with the imported type 'ComponentMapping' in 'DINOForge.Runtime, Version=1.0.0.0, Culture=neutral, PublicKeyToken=null'. Using the type defined in 'C:\Users\koosh\Dino\src\Tests\..\Runtime\Bridge\ComponentMapping.cs'. [C:\Users\koosh\Dino\src\Tests\DINOForge.Tests.csproj]
C:\Users\koosh\Dino\src\Runtime\Bridge\ComponentMap.cs(351,48): warning CS0436: The type 'ComponentMap' in 'C:\Users\koosh\Dino\src\Tests\..\Runtime\Bridge\ComponentMap.cs' conflicts with the imported type 'ComponentMap' in 'DINOForge.Runtime, Version=1.0.0.0, Culture=neutral, PublicKeyToken=null'. Using the type defined in 'C:\Users\koosh\Dino\src\Tests\..\Runtime\Bridge\ComponentMap.cs'. [C:\Users\koosh\Dino\src\Tests\DINOForge.Tests.csproj]
C:\Users\koosh\Dino\src\Runtime\Bridge\ComponentMap.cs(354,47): warning CS0436: The type 'ComponentMapping' in 'C:\Users\koosh\Dino\src\Tests\..\Runtime\Bridge\ComponentMapping.cs' conflicts with the imported type 'ComponentMapping' in 'DINOForge.Runtime, Version=1.0.0.0, Culture=neutral, PublicKeyToken=null'. Using the type defined in 'C:\Users\koosh\Dino\src\Tests\..\Runtime\Bridge\ComponentMapping.cs'. [C:\Users\koosh\Dino\src\Tests\DINOForge.Tests.csproj]
C:\Users\koosh\Dino\src\Runtime\Bridge\ComponentMap.cs(356,21): warning CS0436: The type 'ComponentMapping' in 'C:\Users\koosh\Dino\src\Tests\..\Runtime\Bridge\ComponentMapping.cs' conflicts with the imported type 'ComponentMapping' in 'DINOForge.Runtime, Version=1.0.0.0, Culture=neutral, PublicKeyToken=null'. Using the type defined in 'C:\Users\koosh\Dino\src\Tests\..\Runtime\Bridge\ComponentMapping.cs'. [C:\Users\koosh\Dino\src\Tests\DINOForge.Tests.csproj]
C:\Users\koosh\Dino\src\Runtime\Bridge\ComponentMap.cs(356,73): warning CS0436: The type 'ComponentMapping' in 'C:\Users\koosh\Dino\src\Tests\..\Runtime\Bridge\ComponentMapping.cs' conflicts with the imported type 'ComponentMapping' in 'DINOForge.Runtime, Version=1.0.0.0, Culture=neutral, PublicKeyToken=null'. Using the type defined in 'C:\Users\koosh\Dino\src\Tests\..\Runtime\Bridge\ComponentMapping.cs'. [C:\Users\koosh\Dino\src\Tests\DINOForge.Tests.csproj]
C:\Users\koosh\Dino\src\Runtime\Bridge\ComponentMap.cs(372,43): warning CS0436: The type 'ComponentMapping' in 'C:\Users\koosh\Dino\src\Tests\..\Runtime\Bridge\ComponentMapping.cs' conflicts with the imported type 'ComponentMapping' in 'DINOForge.Runtime, Version=1.0.0.0, Culture=neutral, PublicKeyToken=null'. Using the type defined in 'C:\Users\koosh\Dino\src\Tests\..\Runtime\Bridge\ComponentMapping.cs'. [C:\Users\koosh\Dino\src\Tests\DINOForge.Tests.csproj]
C:\Users\koosh\Dino\src\Runtime\Bridge\ComponentMap.cs(383,22): warning CS0436: The type 'ComponentMapping' in 'C:\Users\koosh\Dino\src\Tests\..\Runtime\Bridge\ComponentMapping.cs' conflicts with the imported type 'ComponentMapping' in 'DINOForge.Runtime, Version=1.0.0.0, Culture=neutral, PublicKeyToken=null'. Using the type defined in 'C:\Users\koosh\Dino\src\Tests\..\Runtime\Bridge\ComponentMapping.cs'. [C:\Users\koosh\Dino\src\Tests\DINOForge.Tests.csproj]
C:\Users\koosh\Dino\src\Runtime\RustAssetPipelineInterop.cs(111,66): warning CS0436: The type 'AssetData' in 'C:\Users\koosh\Dino\src\Tests\..\Runtime\RustAssetPipelineInterop.cs' conflicts with the imported type 'AssetData' in 'DINOForge.Runtime, Version=1.0.0.0, Culture=neutral, PublicKeyToken=null'. Using the type defined in 'C:\Users\koosh\Dino\src\Tests\..\Runtime\RustAssetPipelineInterop.cs'. [C:\Users\koosh\Dino\src\Tests\DINOForge.Tests.csproj]
C:\Users\koosh\Dino\src\Runtime\Bridge\ComponentMap.cs(401,22): warning CS0436: The type 'ComponentMapping' in 'C:\Users\koosh\Dino\src\Tests\..\Runtime\Bridge\ComponentMapping.cs' conflicts with the imported type 'ComponentMapping' in 'DINOForge.Runtime, Version=1.0.0.0, Culture=neutral, PublicKeyToken=null'. Using the type defined in 'C:\Users\koosh\Dino\src\Tests\..\Runtime\Bridge\ComponentMapping.cs'. [C:\Users\koosh\Dino\src\Tests\DINOForge.Tests.csproj]
C:\Users\koosh\Dino\src\Runtime\RustAssetPipelineInterop.cs(187,67): warning CS0436: The type 'AssetData' in 'C:\Users\koosh\Dino\src\Tests\..\Runtime\RustAssetPipelineInterop.cs' conflicts with the imported type 'AssetData' in 'DINOForge.Runtime, Version=1.0.0.0, Culture=neutral, PublicKeyToken=null'. Using the type defined in 'C:\Users\koosh\Dino\src\Tests\..\Runtime\RustAssetPipelineInterop.cs'. [C:\Users\koosh\Dino\src\Tests\DINOForge.Tests.csproj]
C:\Users\koosh\Dino\src\Tests\ContentLoaderErrorTests.cs(114,31): warning CS8600: Converting null literal or possible null value to non-nullable type. [C:\Users\koosh\Dino\src\Tests\DINOForge.Tests.csproj]
C:\Users\koosh\Dino\src\Tests\RegistryErrorTests.cs(42,28): warning CS8600: Converting null literal or possible null value to non-nullable type. [C:\Users\koosh\Dino\src\Tests\DINOForge.Tests.csproj]
C:\Users\koosh\Dino\src\Tests\RegistryErrorTests.cs(76,32): warning CS8600: Converting null literal or possible null value to non-nullable type. [C:\Users\koosh\Dino\src\Tests\DINOForge.Tests.csproj]
C:\Users\koosh\Dino\src\Tests\EconomyCoverageGapTests.cs(221,59): warning CS8625: Cannot convert null literal to non-nullable reference type. [C:\Users\koosh\Dino\src\Tests\DINOForge.Tests.csproj]
C:\Users\koosh\Dino\src\Tests\EconomyCoverageGapTests.cs(231,59): warning CS8625: Cannot convert null literal to non-nullable reference type. [C:\Users\koosh\Dino\src\Tests\DINOForge.Tests.csproj]
C:\Users\koosh\Dino\src\Tests\Mocks\MockValidatableTests.cs(67,13): warning CS0219: The variable 'hookFired' is assigned but its value is never used [C:\Users\koosh\Dino\src\Tests\DINOForge.Tests.csproj]
C:\Users\koosh\Dino\src\Tests\RuntimeExtractionTests.cs(24,23): warning CS0436: The type 'PackStatMappings' in 'C:\Users\koosh\Dino\src\Tests\..\Runtime\Bridge\PackStatMappings.cs' conflicts with the imported type 'PackStatMappings' in 'DINOForge.Runtime, Version=1.0.0.0, Culture=neutral, PublicKeyToken=null'. Using the type defined in 'C:\Users\koosh\Dino\src\Tests\..\Runtime\Bridge\PackStatMappings.cs'. [C:\Users\koosh\Dino\src\Tests\DINOForge.Tests.csproj]
C:\Users\koosh\Dino\src\Tests\RuntimeExtractionTests.cs(35,23): warning CS0436: The type 'PackStatMappings' in 'C:\Users\koosh\Dino\src\Tests\..\Runtime\Bridge\PackStatMappings.cs' conflicts with the imported type 'PackStatMappings' in 'DINOForge.Runtime, Version=1.0.0.0, Culture=neutral, PublicKeyToken=null'. Using the type defined in 'C:\Users\koosh\Dino\src\Tests\..\Runtime\Bridge\PackStatMappings.cs'. [C:\Users\koosh\Dino\src\Tests\DINOForge.Tests.csproj]
C:\Users\koosh\Dino\src\Tests\RuntimeExtractionTests.cs(46,23): warning CS0436: The type 'PackStatMappings' in 'C:\Users\koosh\Dino\src\Tests\..\Runtime\Bridge\PackStatMappings.cs' conflicts with the imported type 'PackStatMappings' in 'DINOForge.Runtime, Version=1.0.0.0, Culture=neutral, PublicKeyToken=null'. Using the type defined in 'C:\Users\koosh\Dino\src\Tests\..\Runtime\Bridge\PackStatMappings.cs'. [C:\Users\koosh\Dino\src\Tests\DINOForge.Tests.csproj]
C:\Users\koosh\Dino\src\Tests\RuntimeExtractionTests.cs(61,23): warning CS0436: The type 'PackStatMappings' in 'C:\Users\koosh\Dino\src\Tests\..\Runtime\Bridge\PackStatMappings.cs' conflicts with the imported type 'PackStatMappings' in 'DINOForge.Runtime, Version=1.0.0.0, Culture=neutral, PublicKeyToken=null'. Using the type defined in 'C:\Users\koosh\Dino\src\Tests\..\Runtime\Bridge\PackStatMappings.cs'. [C:\Users\koosh\Dino\src\Tests\DINOForge.Tests.csproj]
C:\Users\koosh\Dino\src\Tests\RuntimeExtractionTests.cs(72,23): warning CS0436: The type 'PackStatMappings' in 'C:\Users\koosh\Dino\src\Tests\..\Runtime\Bridge\PackStatMappings.cs' conflicts with the imported type 'PackStatMappings' in 'DINOForge.Runtime, Version=1.0.0.0, Culture=neutral, PublicKeyToken=null'. Using the type defined in 'C:\Users\koosh\Dino\src\Tests\..\Runtime\Bridge\PackStatMappings.cs'. [C:\Users\koosh\Dino\src\Tests\DINOForge.Tests.csproj]
C:\Users\koosh\Dino\src\Tests\RuntimeExtractionTests.cs(85,28): warning CS0436: The type 'PackStatMappings' in 'C:\Users\koosh\Dino\src\Tests\..\Runtime\Bridge\PackStatMappings.cs' conflicts with the imported type 'PackStatMappings' in 'DINOForge.Runtime, Version=1.0.0.0, Culture=neutral, PublicKeyToken=null'. Using the type defined in 'C:\Users\koosh\Dino\src\Tests\..\Runtime\Bridge\PackStatMappings.cs'. [C:\Users\koosh\Dino\src\Tests\DINOForge.Tests.csproj]
C:\Users\koosh\Dino\src\Tests\RuntimeExtractionTests.cs(98,21): warning CS0436: The type 'PackStatMappings' in 'C:\Users\koosh\Dino\src\Tests\..\Runtime\Bridge\PackStatMappings.cs' conflicts with the imported type 'PackStatMappings' in 'DINOForge.Runtime, Version=1.0.0.0, Culture=neutral, PublicKeyToken=null'. Using the type defined in 'C:\Users\koosh\Dino\src\Tests\..\Runtime\Bridge\PackStatMappings.cs'. [C:\Users\koosh\Dino\src\Tests\DINOForge.Tests.csproj]
C:\Users\koosh\Dino\src\Tests\RuntimeExtractionTests.cs(115,21): warning CS0436: The type 'PackStatMappings' in 'C:\Users\koosh\Dino\src\Tests\..\Runtime\Bridge\PackStatMappings.cs' conflicts with the imported type 'PackStatMappings' in 'DINOForge.Runtime, Version=1.0.0.0, Culture=neutral, PublicKeyToken=null'. Using the type defined in 'C:\Users\koosh\Dino\src\Tests\..\Runtime\Bridge\PackStatMappings.cs'. [C:\Users\koosh\Dino\src\Tests\DINOForge.Tests.csproj]
C:\Users\koosh\Dino\src\Tests\RuntimeExtractionTests.cs(131,21): warning CS0436: The type 'PackStatMappings' in 'C:\Users\koosh\Dino\src\Tests\..\Runtime\Bridge\PackStatMappings.cs' conflicts with the imported type 'PackStatMappings' in 'DINOForge.Runtime, Version=1.0.0.0, Culture=neutral, PublicKeyToken=null'. Using the type defined in 'C:\Users\koosh\Dino\src\Tests\..\Runtime\Bridge\PackStatMappings.cs'. [C:\Users\koosh\Dino\src\Tests\DINOForge.Tests.csproj]
C:\Users\koosh\Dino\src\Tests\RuntimeExtractionTests.cs(150,26): warning CS0436: The type 'VanillaArchetypeMapper' in 'C:\Users\koosh\Dino\src\Tests\..\Runtime\Bridge\VanillaArchetypeMapper.cs' conflicts with the imported type 'VanillaArchetypeMapper' in 'DINOForge.Runtime, Version=1.0.0.0, Culture=neutral, PublicKeyToken=null'. Using the type defined in 'C:\Users\koosh\Dino\src\Tests\..\Runtime\Bridge\VanillaArchetypeMapper.cs'. [C:\Users\koosh\Dino\src\Tests\DINOForge.Tests.csproj]
C:\Users\koosh\Dino\src\Tests\RuntimeExtractionTests.cs(150,77): warning CS8625: Cannot convert null literal to non-nullable reference type. [C:\Users\koosh\Dino\src\Tests\DINOForge.Tests.csproj]
C:\Users\koosh\Dino\src\Tests\RuntimeExtractionTests.cs(160,26): warning CS0436: The type 'VanillaArchetypeMapper' in 'C:\Users\koosh\Dino\src\Tests\..\Runtime\Bridge\VanillaArchetypeMapper.cs' conflicts with the imported type 'VanillaArchetypeMapper' in 'DINOForge.Runtime, Version=1.0.0.0, Culture=neutral, PublicKeyToken=null'. Using the type defined in 'C:\Users\koosh\Dino\src\Tests\..\Runtime\Bridge\VanillaArchetypeMapper.cs'. [C:\Users\koosh\Dino\src\Tests\DINOForge.Tests.csproj]
C:\Users\koosh\Dino\src\Tests\RuntimeExtractionTests.cs(170,26): warning CS0436: The type 'VanillaArchetypeMapper' in 'C:\Users\koosh\Dino\src\Tests\..\Runtime\Bridge\VanillaArchetypeMapper.cs' conflicts with the imported type 'VanillaArchetypeMapper' in 'DINOForge.Runtime, Version=1.0.0.0, Culture=neutral, PublicKeyToken=null'. Using the type defined in 'C:\Users\koosh\Dino\src\Tests\..\Runtime\Bridge\VanillaArchetypeMapper.cs'. [C:\Users\koosh\Dino\src\Tests\DINOForge.Tests.csproj]
C:\Users\koosh\Dino\src\Tests\RuntimeExtractionTests.cs(185,26): warning CS0436: The type 'VanillaArchetypeMapper' in 'C:\Users\koosh\Dino\src\Tests\..\Runtime\Bridge\VanillaArchetypeMapper.cs' conflicts with the imported type 'VanillaArchetypeMapper' in 'DINOForge.Runtime, Version=1.0.0.0, Culture=neutral, PublicKeyToken=null'. Using the type defined in 'C:\Users\koosh\Dino\src\Tests\..\Runtime\Bridge\VanillaArchetypeMapper.cs'. [C:\Users\koosh\Dino\src\Tests\DINOForge.Tests.csproj]
C:\Users\koosh\Dino\src\Tests\RuntimeExtractionTests.cs(195,31): warning CS0436: The type 'VanillaArchetypeMapper' in 'C:\Users\koosh\Dino\src\Tests\..\Runtime\Bridge\VanillaArchetypeMapper.cs' conflicts with the imported type 'VanillaArchetypeMapper' in 'DINOForge.Runtime, Version=1.0.0.0, Culture=neutral, PublicKeyToken=null'. Using the type defined in 'C:\Users\koosh\Dino\src\Tests\..\Runtime\Bridge\VanillaArchetypeMapper.cs'. [C:\Users\koosh\Dino\src\Tests\DINOForge.Tests.csproj]
C:\Users\koosh\Dino\src\Tests\RuntimeExtractionTests.cs(196,31): warning CS0436: The type 'VanillaArchetypeMapper' in 'C:\Users\koosh\Dino\src\Tests\..\Runtime\Bridge\VanillaArchetypeMapper.cs' conflicts with the imported type 'VanillaArchetypeMapper' in 'DINOForge.Runtime, Version=1.0.0.0, Culture=neutral, PublicKeyToken=null'. Using the type defined in 'C:\Users\koosh\Dino\src\Tests\..\Runtime\Bridge\VanillaArchetypeMapper.cs'. [C:\Users\koosh\Dino\src\Tests\DINOForge.Tests.csproj]
C:\Users\koosh\Dino\src\Tests\RuntimeExtractionTests.cs(197,31): warning CS0436: The type 'VanillaArchetypeMapper' in 'C:\Users\koosh\Dino\src\Tests\..\Runtime\Bridge\VanillaArchetypeMapper.cs' conflicts with the imported type 'VanillaArchetypeMapper' in 'DINOForge.Runtime, Version=1.0.0.0, Culture=neutral, PublicKeyToken=null'. Using the type defined in 'C:\Users\koosh\Dino\src\Tests\..\Runtime\Bridge\VanillaArchetypeMapper.cs'. [C:\Users\koosh\Dino\src\Tests\DINOForge.Tests.csproj]
C:\Users\koosh\Dino\src\Tests\RuntimeExtractionTests.cs(212,23): warning CS0436: The type 'VanillaArchetypeMapper' in 'C:\Users\koosh\Dino\src\Tests\..\Runtime\Bridge\VanillaArchetypeMapper.cs' conflicts with the imported type 'VanillaArchetypeMapper' in 'DINOForge.Runtime, Version=1.0.0.0, Culture=neutral, PublicKeyToken=null'. Using the type defined in 'C:\Users\koosh\Dino\src\Tests\..\Runtime\Bridge\VanillaArchetypeMapper.cs'. [C:\Users\koosh\Dino\src\Tests\DINOForge.Tests.csproj]
C:\Users\koosh\Dino\src\Tests\RuntimeExtractionTests.cs(224,23): warning CS0436: The type 'VanillaArchetypeMapper' in 'C:\Users\koosh\Dino\src\Tests\..\Runtime\Bridge\VanillaArchetypeMapper.cs' conflicts with the imported type 'VanillaArchetypeMapper' in 'DINOForge.Runtime, Version=1.0.0.0, Culture=neutral, PublicKeyToken=null'. Using the type defined in 'C:\Users\koosh\Dino\src\Tests\..\Runtime\Bridge\VanillaArchetypeMapper.cs'. [C:\Users\koosh\Dino\src\Tests\DINOForge.Tests.csproj]
C:\Users\koosh\Dino\src\Tests\RuntimeExtractionTests.cs(235,23): warning CS0436: The type 'VanillaArchetypeMapper' in 'C:\Users\koosh\Dino\src\Tests\..\Runtime\Bridge\VanillaArchetypeMapper.cs' conflicts with the imported type 'VanillaArchetypeMapper' in 'DINOForge.Runtime, Version=1.0.0.0, Culture=neutral, PublicKeyToken=null'. Using the type defined in 'C:\Users\koosh\Dino\src\Tests\..\Runtime\Bridge\VanillaArchetypeMapper.cs'. [C:\Users\koosh\Dino\src\Tests\DINOForge.Tests.csproj]
C:\Users\koosh\Dino\src\Tests\RuntimeExtractionTests.cs(235,58): warning CS8625: Cannot convert null literal to non-nullable reference type. [C:\Users\koosh\Dino\src\Tests\DINOForge.Tests.csproj]
C:\Users\koosh\Dino\src\Tests\RuntimeExtractionTests.cs(246,23): warning CS0436: The type 'VanillaArchetypeMapper' in 'C:\Users\koosh\Dino\src\Tests\..\Runtime\Bridge\VanillaArchetypeMapper.cs' conflicts with the imported type 'VanillaArchetypeMapper' in 'DINOForge.Runtime, Version=1.0.0.0, Culture=neutral, PublicKeyToken=null'. Using the type defined in 'C:\Users\koosh\Dino\src\Tests\..\Runtime\Bridge\VanillaArchetypeMapper.cs'. [C:\Users\koosh\Dino\src\Tests\DINOForge.Tests.csproj]
C:\Users\koosh\Dino\src\Tests\RuntimeExtractionTests.cs(257,23): warning CS0436: The type 'VanillaArchetypeMapper' in 'C:\Users\koosh\Dino\src\Tests\..\Runtime\Bridge\VanillaArchetypeMapper.cs' conflicts with the imported type 'VanillaArchetypeMapper' in 'DINOForge.Runtime, Version=1.0.0.0, Culture=neutral, PublicKeyToken=null'. Using the type defined in 'C:\Users\koosh\Dino\src\Tests\..\Runtime\Bridge\VanillaArchetypeMapper.cs'. [C:\Users\koosh\Dino\src\Tests\DINOForge.Tests.csproj]
C:\Users\koosh\Dino\src\Tests\SdkCompatibilityEdgeCaseTests.cs(314,23): warning CS8625: Cannot convert null literal to non-nullable reference type. [C:\Users\koosh\Dino\src\Tests\DINOForge.Tests.csproj]
C:\Users\koosh\Dino\src\Tests\RuntimeExtractionTests.cs(272,27): warning CS0436: The type 'ComponentMapping' in 'C:\Users\koosh\Dino\src\Tests\..\Runtime\Bridge\ComponentMapping.cs' conflicts with the imported type 'ComponentMapping' in 'DINOForge.Runtime, Version=1.0.0.0, Culture=neutral, PublicKeyToken=null'. Using the type defined in 'C:\Users\koosh\Dino\src\Tests\..\Runtime\Bridge\ComponentMapping.cs'. [C:\Users\koosh\Dino\src\Tests\DINOForge.Tests.csproj]
C:\Users\koosh\Dino\src\Tests\RuntimeExtractionTests.cs(284,32): warning CS0436: The type 'ComponentMapping' in 'C:\Users\koosh\Dino\src\Tests\..\Runtime\Bridge\ComponentMapping.cs' conflicts with the imported type 'ComponentMapping' in 'DINOForge.Runtime, Version=1.0.0.0, Culture=neutral, PublicKeyToken=null'. Using the type defined in 'C:\Users\koosh\Dino\src\Tests\..\Runtime\Bridge\ComponentMapping.cs'. [C:\Users\koosh\Dino\src\Tests\DINOForge.Tests.csproj]
C:\Users\koosh\Dino\src\Tests\RuntimeExtractionTests.cs(292,32): warning CS0436: The type 'ComponentMapping' in 'C:\Users\koosh\Dino\src\Tests\..\Runtime\Bridge\ComponentMapping.cs' conflicts with the imported type 'ComponentMapping' in 'DINOForge.Runtime, Version=1.0.0.0, Culture=neutral, PublicKeyToken=null'. Using the type defined in 'C:\Users\koosh\Dino\src\Tests\..\Runtime\Bridge\ComponentMapping.cs'. [C:\Users\koosh\Dino\src\Tests\DINOForge.Tests.csproj]
C:\Users\koosh\Dino\src\Tests\RuntimeExtractionTests.cs(300,27): warning CS0436: The type 'ComponentMapping' in 'C:\Users\koosh\Dino\src\Tests\..\Runtime\Bridge\ComponentMapping.cs' conflicts with the imported type 'ComponentMapping' in 'DINOForge.Runtime, Version=1.0.0.0, Culture=neutral, PublicKeyToken=null'. Using the type defined in 'C:\Users\koosh\Dino\src\Tests\..\Runtime\Bridge\ComponentMapping.cs'. [C:\Users\koosh\Dino\src\Tests\DINOForge.Tests.csproj]
C:\Users\koosh\Dino\src\Tests\RuntimeExtractionTests.cs(315,27): warning CS0436: The type 'ComponentMapping' in 'C:\Users\koosh\Dino\src\Tests\..\Runtime\Bridge\ComponentMapping.cs' conflicts with the imported type 'ComponentMapping' in 'DINOForge.Runtime, Version=1.0.0.0, Culture=neutral, PublicKeyToken=null'. Using the type defined in 'C:\Users\koosh\Dino\src\Tests\..\Runtime\Bridge\ComponentMapping.cs'. [C:\Users\koosh\Dino\src\Tests\DINOForge.Tests.csproj]
C:\Users\koosh\Dino\src\Tests\RuntimeExtractionTests.cs(330,22): warning CS0436: The type 'ComponentMap' in 'C:\Users\koosh\Dino\src\Tests\..\Runtime\Bridge\ComponentMap.cs' conflicts with the imported type 'ComponentMap' in 'DINOForge.Runtime, Version=1.0.0.0, Culture=neutral, PublicKeyToken=null'. Using the type defined in 'C:\Users\koosh\Dino\src\Tests\..\Runtime\Bridge\ComponentMap.cs'. [C:\Users\koosh\Dino\src\Tests\DINOForge.Tests.csproj]
C:\Users\koosh\Dino\src\Tests\GameClientCoverageTests.cs(2262,18): warning CS8602: Dereference of a possibly null reference. [C:\Users\koosh\Dino\src\Tests\DINOForge.Tests.csproj]
C:\Users\koosh\Dino\src\Tests\RuntimeExtractionTests.cs(342,22): warning CS0436: The type 'ComponentMap' in 'C:\Users\koosh\Dino\src\Tests\..\Runtime\Bridge\ComponentMap.cs' conflicts with the imported type 'ComponentMap' in 'DINOForge.Runtime, Version=1.0.0.0, Culture=neutral, PublicKeyToken=null'. Using the type defined in 'C:\Users\koosh\Dino\src\Tests\..\Runtime\Bridge\ComponentMap.cs'. [C:\Users\koosh\Dino\src\Tests\DINOForge.Tests.csproj]
C:\Users\koosh\Dino\src\Tests\RuntimeExtractionTests.cs(352,27): warning CS0436: The type 'ComponentMap' in 'C:\Users\koosh\Dino\src\Tests\..\Runtime\Bridge\ComponentMap.cs' conflicts with the imported type 'ComponentMap' in 'DINOForge.Runtime, Version=1.0.0.0, Culture=neutral, PublicKeyToken=null'. Using the type defined in 'C:\Users\koosh\Dino\src\Tests\..\Runtime\Bridge\ComponentMap.cs'. [C:\Users\koosh\Dino\src\Tests\DINOForge.Tests.csproj]
C:\Users\koosh\Dino\src\Tests\RuntimeExtractionTests.cs(353,27): warning CS0436: The type 'ComponentMap' in 'C:\Users\koosh\Dino\src\Tests\..\Runtime\Bridge\ComponentMap.cs' conflicts with the imported type 'ComponentMap' in 'DINOForge.Runtime, Version=1.0.0.0, Culture=neutral, PublicKeyToken=null'. Using the type defined in 'C:\Users\koosh\Dino\src\Tests\..\Runtime\Bridge\ComponentMap.cs'. [C:\Users\koosh\Dino\src\Tests\DINOForge.Tests.csproj]
C:\Users\koosh\Dino\src\Tests\VanillaCatalogErrorTests.cs(169,29): warning CS8600: Converting null literal or possible null value to non-nullable type. [C:\Users\koosh\Dino\src\Tests\DINOForge.Tests.csproj]
C:\Users\koosh\Dino\src\Tests\RuntimeExtractionTests.cs(365,22): warning CS0436: The type 'ComponentMap' in 'C:\Users\koosh\Dino\src\Tests\..\Runtime\Bridge\ComponentMap.cs' conflicts with the imported type 'ComponentMap' in 'DINOForge.Runtime, Version=1.0.0.0, Culture=neutral, PublicKeyToken=null'. Using the type defined in 'C:\Users\koosh\Dino\src\Tests\..\Runtime\Bridge\ComponentMap.cs'. [C:\Users\koosh\Dino\src\Tests\DINOForge.Tests.csproj]
C:\Users\koosh\Dino\src\Tests\RuntimeExtractionTests.cs(376,22): warning CS0436: The type 'ComponentMap' in 'C:\Users\koosh\Dino\src\Tests\..\Runtime\Bridge\ComponentMap.cs' conflicts with the imported type 'ComponentMap' in 'DINOForge.Runtime, Version=1.0.0.0, Culture=neutral, PublicKeyToken=null'. Using the type defined in 'C:\Users\koosh\Dino\src\Tests\..\Runtime\Bridge\ComponentMap.cs'. [C:\Users\koosh\Dino\src\Tests\DINOForge.Tests.csproj]
C:\Users\koosh\Dino\src\Tests\RuntimeExtractionTests.cs(386,19): warning CS0436: The type 'ComponentMap' in 'C:\Users\koosh\Dino\src\Tests\..\Runtime\Bridge\ComponentMap.cs' conflicts with the imported type 'ComponentMap' in 'DINOForge.Runtime, Version=1.0.0.0, Culture=neutral, PublicKeyToken=null'. Using the type defined in 'C:\Users\koosh\Dino\src\Tests\..\Runtime\Bridge\ComponentMap.cs'. [C:\Users\koosh\Dino\src\Tests\DINOForge.Tests.csproj]
C:\Users\koosh\Dino\src\Tests\RuntimeExtractionTests.cs(398,19): warning CS0436: The type 'ComponentMap' in 'C:\Users\koosh\Dino\src\Tests\..\Runtime\Bridge\ComponentMap.cs' conflicts with the imported type 'ComponentMap' in 'DINOForge.Runtime, Version=1.0.0.0, Culture=neutral, PublicKeyToken=null'. Using the type defined in 'C:\Users\koosh\Dino\src\Tests\..\Runtime\Bridge\ComponentMap.cs'. [C:\Users\koosh\Dino\src\Tests\DINOForge.Tests.csproj]
C:\Users\koosh\Dino\src\Tests\NativeInteropIntegrationTests.cs(28,21): warning CS0649: Field 'NativeInteropIntegrationTests._originalResolverPath' is never assigned to, and will always have its default value null [C:\Users\koosh\Dino\src\Tests\DINOForge.Tests.csproj]
C:\program files\dotnet\sdk\11.0.100-preview.2.26159.112\Microsoft.Common.CurrentVersion.targets(5094,5): warning MSB3026: Could not copy "C:\Users\koosh\Dino\src\Domains\Scenario\bin\Release\netstandard2.0\DINOForge.Domains.Scenario.dll" to "bin\Release\net8.0\DINOForge.Domains.Scenario.dll". Beginning retry 1 in 1000ms. The process cannot access the file 'C:\Users\koosh\Dino\src\Tests\bin\Release\net8.0\DINOForge.Domains.Scenario.dll' because it is being used by another process. The file is locked by: "testhost (45240)" [C:\Users\koosh\Dino\src\Tests\DINOForge.Tests.csproj]
C:\program files\dotnet\sdk\11.0.100-preview.2.26159.112\Microsoft.Common.CurrentVersion.targets(5094,5): warning MSB3026: Could not copy "C:\Users\koosh\Dino\src\Domains\Warfare\bin\Release\netstandard2.0\DINOForge.Domains.Warfare.dll" to "bin\Release\net8.0\DINOForge.Domains.Warfare.dll". Beginning retry 1 in 1000ms. The process cannot access the file 'C:\Users\koosh\Dino\src\Tests\bin\Release\net8.0\DINOForge.Domains.Warfare.dll' because it is being used by another process. The file is locked by: "testhost (45240)" [C:\Users\koosh\Dino\src\Tests\DINOForge.Tests.csproj]
C:\program files\dotnet\sdk\11.0.100-preview.2.26159.112\Microsoft.Common.CurrentVersion.targets(5094,5): warning MSB3026: Could not copy "C:\Users\koosh\Dino\src\Domains\UI\bin\Release\netstandard2.0\DINOForge.Domains.UI.dll" to "bin\Release\net8.0\DINOForge.Domains.UI.dll". Beginning retry 1 in 1000ms. The process cannot access the file 'C:\Users\koosh\Dino\src\Tests\bin\Release\net8.0\DINOForge.Domains.UI.dll' because it is being used by another process. The file is locked by: "testhost (45240)" [C:\Users\koosh\Dino\src\Tests\DINOForge.Tests.csproj]
C:\program files\dotnet\sdk\11.0.100-preview.2.26159.112\Microsoft.Common.CurrentVersion.targets(5094,5): warning MSB3026: Could not copy "C:\Users\koosh\Dino\src\Bridge\Protocol\bin\Release\netstandard2.0\DINOForge.Bridge.Protocol.dll" to "bin\Release\net8.0\DINOForge.Bridge.Protocol.dll". Beginning retry 1 in 1000ms. The process cannot access the file 'C:\Users\koosh\Dino\src\Tests\bin\Release\net8.0\DINOForge.Bridge.Protocol.dll' because it is being used by another process. The file is locked by: "testhost (45240)" [C:\Users\koosh\Dino\src\Tests\DINOForge.Tests.csproj]
C:\program files\dotnet\sdk\11.0.100-preview.2.26159.112\Microsoft.Common.CurrentVersion.targets(5094,5): warning MSB3026: Could not copy "C:\Users\koosh\Dino\src\Bridge\Client\bin\Release\netstandard2.0\DINOForge.Bridge.Client.dll" to "bin\Release\net8.0\DINOForge.Bridge.Client.dll". Beginning retry 1 in 1000ms. The process cannot access the file 'C:\Users\koosh\Dino\src\Tests\bin\Release\net8.0\DINOForge.Bridge.Client.dll' because it is being used by another process. The file is locked by: "testhost (45240)" [C:\Users\koosh\Dino\src\Tests\DINOForge.Tests.csproj]
C:\program files\dotnet\sdk\11.0.100-preview.2.26159.112\Microsoft.Common.CurrentVersion.targets(5094,5): warning MSB3026: Could not copy "C:\Users\koosh\Dino\src\Domains\Economy\bin\Release\netstandard2.0\DINOForge.Domains.Economy.dll" to "bin\Release\net8.0\DINOForge.Domains.Economy.dll". Beginning retry 1 in 1000ms. The process cannot access the file 'C:\Users\koosh\Dino\src\Tests\bin\Release\net8.0\DINOForge.Domains.Economy.dll' because it is being used by another process. The file is locked by: "testhost (45240)" [C:\Users\koosh\Dino\src\Tests\DINOForge.Tests.csproj]
C:\program files\dotnet\sdk\11.0.100-preview.2.26159.112\Microsoft.Common.CurrentVersion.targets(5094,5): warning MSB3026: Could not copy "C:\Users\koosh\Dino\src\SDK\bin\Release\netstandard2.0\DINOForge.SDK.dll" to "bin\Release\net8.0\DINOForge.SDK.dll". Beginning retry 2 in 1000ms. The process cannot access the file 'C:\Users\koosh\Dino\src\Tests\Integration\bin\Release\net8.0\DINOForge.SDK.dll' because it is being used by another process. The file is locked by: "testhost (23308)" [C:\Users\koosh\Dino\src\Tests\Integration\DINOForge.Tests.Integration.csproj]
C:\program files\dotnet\sdk\11.0.100-preview.2.26159.112\Microsoft.Common.CurrentVersion.targets(5094,5): warning MSB3026: Could not copy "C:\Users\koosh\Dino\src\Runtime\bin\Release\netstandard2.0\DINOForge.Runtime.dll" to "bin\Release\net8.0\DINOForge.Runtime.dll". Beginning retry 2 in 1000ms. The process cannot access the file 'C:\Users\koosh\Dino\src\Tests\Integration\bin\Release\net8.0\DINOForge.Runtime.dll' because it is being used by another process. The file is locked by: "testhost (23308)" [C:\Users\koosh\Dino\src\Tests\Integration\DINOForge.Tests.Integration.csproj]
C:\program files\dotnet\sdk\11.0.100-preview.2.26159.112\Microsoft.Common.CurrentVersion.targets(5094,5): warning MSB3026: Could not copy "C:\Users\koosh\Dino\src\Bridge\Protocol\bin\Release\netstandard2.0\DINOForge.Bridge.Protocol.dll" to "bin\Release\net8.0\DINOForge.Bridge.Protocol.dll". Beginning retry 2 in 1000ms. The process cannot access the file 'C:\Users\koosh\Dino\src\Tests\Integration\bin\Release\net8.0\DINOForge.Bridge.Protocol.dll' because it is being used by another process. The file is locked by: "testhost (23308)" [C:\Users\koosh\Dino\src\Tests\Integration\DINOForge.Tests.Integration.csproj]
C:\program files\dotnet\sdk\11.0.100-preview.2.26159.112\Microsoft.Common.CurrentVersion.targets(5094,5): warning MSB3026: Could not copy "C:\Users\koosh\Dino\src\Domains\UI\bin\Release\netstandard2.0\DINOForge.Domains.UI.dll" to "bin\Release\net8.0\DINOForge.Domains.UI.dll". Beginning retry 2 in 1000ms. The process cannot access the file 'C:\Users\koosh\Dino\src\Tests\Integration\bin\Release\net8.0\DINOForge.Domains.UI.dll' because it is being used by another process. The file is locked by: "testhost (23308)" [C:\Users\koosh\Dino\src\Tests\Integration\DINOForge.Tests.Integration.csproj]
C:\program files\dotnet\sdk\11.0.100-preview.2.26159.112\Microsoft.Common.CurrentVersion.targets(5094,5): warning MSB3026: Could not copy "C:\Users\koosh\Dino\src\Bridge\Client\bin\Release\netstandard2.0\DINOForge.Bridge.Client.dll" to "bin\Release\net8.0\DINOForge.Bridge.Client.dll". Beginning retry 2 in 1000ms. The process cannot access the file 'C:\Users\koosh\Dino\src\Tests\Integration\bin\Release\net8.0\DINOForge.Bridge.Client.dll' because it is being used by another process. The file is locked by: "testhost (23308)" [C:\Users\koosh\Dino\src\Tests\Integration\DINOForge.Tests.Integration.csproj]
C:\program files\dotnet\sdk\11.0.100-preview.2.26159.112\Microsoft.Common.CurrentVersion.targets(5094,5): warning MSB3026: Could not copy "C:\Users\koosh\Dino\src\Domains\UI\bin\Release\netstandard2.0\DINOForge.Domains.UI.dll" to "bin\Release\net8.0\DINOForge.Domains.UI.dll". Beginning retry 2 in 1000ms. The process cannot access the file 'C:\Users\koosh\Dino\src\Tests\bin\Release\net8.0\DINOForge.Domains.UI.dll' because it is being used by another process. The file is locked by: "testhost (45240)" [C:\Users\koosh\Dino\src\Tests\DINOForge.Tests.csproj]
C:\program files\dotnet\sdk\11.0.100-preview.2.26159.112\Microsoft.Common.CurrentVersion.targets(5094,5): warning MSB3026: Could not copy "C:\Users\koosh\Dino\src\Bridge\Client\bin\Release\netstandard2.0\DINOForge.Bridge.Client.dll" to "bin\Release\net8.0\DINOForge.Bridge.Client.dll". Beginning retry 2 in 1000ms. The process cannot access the file 'C:\Users\koosh\Dino\src\Tests\bin\Release\net8.0\DINOForge.Bridge.Client.dll' because it is being used by another process. The file is locked by: "testhost (45240)" [C:\Users\koosh\Dino\src\Tests\DINOForge.Tests.csproj]
C:\program files\dotnet\sdk\11.0.100-preview.2.26159.112\Microsoft.Common.CurrentVersion.targets(5094,5): warning MSB3026: Could not copy "C:\Users\koosh\Dino\src\Domains\Warfare\bin\Release\netstandard2.0\DINOForge.Domains.Warfare.dll" to "bin\Release\net8.0\DINOForge.Domains.Warfare.dll". Beginning retry 2 in 1000ms. The process cannot access the file 'C:\Users\koosh\Dino\src\Tests\bin\Release\net8.0\DINOForge.Domains.Warfare.dll' because it is being used by another process. The file is locked by: "testhost (45240)" [C:\Users\koosh\Dino\src\Tests\DINOForge.Tests.csproj]
C:\program files\dotnet\sdk\11.0.100-preview.2.26159.112\Microsoft.Common.CurrentVersion.targets(5094,5): warning MSB3026: Could not copy "C:\Users\koosh\Dino\src\Domains\Scenario\bin\Release\netstandard2.0\DINOForge.Domains.Scenario.dll" to "bin\Release\net8.0\DINOForge.Domains.Scenario.dll". Beginning retry 2 in 1000ms. The process cannot access the file 'C:\Users\koosh\Dino\src\Tests\bin\Release\net8.0\DINOForge.Domains.Scenario.dll' because it is being used by another process. The file is locked by: "testhost (45240)" [C:\Users\koosh\Dino\src\Tests\DINOForge.Tests.csproj]
C:\program files\dotnet\sdk\11.0.100-preview.2.26159.112\Microsoft.Common.CurrentVersion.targets(5094,5): warning MSB3026: Could not copy "C:\Users\koosh\Dino\src\Bridge\Protocol\bin\Release\netstandard2.0\DINOForge.Bridge.Protocol.dll" to "bin\Release\net8.0\DINOForge.Bridge.Protocol.dll". Beginning retry 2 in 1000ms. The process cannot access the file 'C:\Users\koosh\Dino\src\Tests\bin\Release\net8.0\DINOForge.Bridge.Protocol.dll' because it is being used by another process. The file is locked by: "testhost (45240)" [C:\Users\koosh\Dino\src\Tests\DINOForge.Tests.csproj]
C:\program files\dotnet\sdk\11.0.100-preview.2.26159.112\Microsoft.Common.CurrentVersion.targets(5094,5): warning MSB3026: Could not copy "C:\Users\koosh\Dino\src\Domains\Economy\bin\Release\netstandard2.0\DINOForge.Domains.Economy.dll" to "bin\Release\net8.0\DINOForge.Domains.Economy.dll". Beginning retry 2 in 1000ms. The process cannot access the file 'C:\Users\koosh\Dino\src\Tests\bin\Release\net8.0\DINOForge.Domains.Economy.dll' because it is being used by another process. The file is locked by: "testhost (45240)" [C:\Users\koosh\Dino\src\Tests\DINOForge.Tests.csproj]
C:\program files\dotnet\sdk\11.0.100-preview.2.26159.112\Microsoft.Common.CurrentVersion.targets(5094,5): warning MSB3026: Could not copy "C:\Users\koosh\Dino\src\SDK\bin\Release\netstandard2.0\DINOForge.SDK.dll" to "bin\Release\net8.0\DINOForge.SDK.dll". Beginning retry 3 in 1000ms. The process cannot access the file 'C:\Users\koosh\Dino\src\Tests\Integration\bin\Release\net8.0\DINOForge.SDK.dll' because it is being used by another process. The file is locked by: "testhost (23308)" [C:\Users\koosh\Dino\src\Tests\Integration\DINOForge.Tests.Integration.csproj]
C:\program files\dotnet\sdk\11.0.100-preview.2.26159.112\Microsoft.Common.CurrentVersion.targets(5094,5): warning MSB3026: Could not copy "C:\Users\koosh\Dino\src\Runtime\bin\Release\netstandard2.0\DINOForge.Runtime.dll" to "bin\Release\net8.0\DINOForge.Runtime.dll". Beginning retry 3 in 1000ms. The process cannot access the file 'C:\Users\koosh\Dino\src\Tests\Integration\bin\Release\net8.0\DINOForge.Runtime.dll' because it is being used by another process. The file is locked by: "testhost (23308)" [C:\Users\koosh\Dino\src\Tests\Integration\DINOForge.Tests.Integration.csproj]
C:\program files\dotnet\sdk\11.0.100-preview.2.26159.112\Microsoft.Common.CurrentVersion.targets(5094,5): warning MSB3026: Could not copy "C:\Users\koosh\Dino\src\Domains\UI\bin\Release\netstandard2.0\DINOForge.Domains.UI.dll" to "bin\Release\net8.0\DINOForge.Domains.UI.dll". Beginning retry 3 in 1000ms. The process cannot access the file 'C:\Users\koosh\Dino\src\Tests\Integration\bin\Release\net8.0\DINOForge.Domains.UI.dll' because it is being used by another process. The file is locked by: "testhost (23308)" [C:\Users\koosh\Dino\src\Tests\Integration\DINOForge.Tests.Integration.csproj]
C:\program files\dotnet\sdk\11.0.100-preview.2.26159.112\Microsoft.Common.CurrentVersion.targets(5094,5): warning MSB3026: Could not copy "C:\Users\koosh\Dino\src\Bridge\Protocol\bin\Release\netstandard2.0\DINOForge.Bridge.Protocol.dll" to "bin\Release\net8.0\DINOForge.Bridge.Protocol.dll". Beginning retry 3 in 1000ms. The process cannot access the file 'C:\Users\koosh\Dino\src\Tests\Integration\bin\Release\net8.0\DINOForge.Bridge.Protocol.dll' because it is being used by another process. The file is locked by: "testhost (23308)" [C:\Users\koosh\Dino\src\Tests\Integration\DINOForge.Tests.Integration.csproj]
C:\program files\dotnet\sdk\11.0.100-preview.2.26159.112\Microsoft.Common.CurrentVersion.targets(5094,5): warning MSB3026: Could not copy "C:\Users\koosh\Dino\src\Bridge\Client\bin\Release\netstandard2.0\DINOForge.Bridge.Client.dll" to "bin\Release\net8.0\DINOForge.Bridge.Client.dll". Beginning retry 3 in 1000ms. The process cannot access the file 'C:\Users\koosh\Dino\src\Tests\Integration\bin\Release\net8.0\DINOForge.Bridge.Client.dll' because it is being used by another process. The file is locked by: "testhost (23308)" [C:\Users\koosh\Dino\src\Tests\Integration\DINOForge.Tests.Integration.csproj]
C:\program files\dotnet\sdk\11.0.100-preview.2.26159.112\Microsoft.Common.CurrentVersion.targets(5094,5): warning MSB3026: Could not copy "C:\Users\koosh\Dino\src\Bridge\Protocol\bin\Release\netstandard2.0\DINOForge.Bridge.Protocol.dll" to "bin\Release\net8.0\DINOForge.Bridge.Protocol.dll". Beginning retry 3 in 1000ms. The process cannot access the file 'C:\Users\koosh\Dino\src\Tests\bin\Release\net8.0\DINOForge.Bridge.Protocol.dll' because it is being used by another process. The file is locked by: "testhost (45240)" [C:\Users\koosh\Dino\src\Tests\DINOForge.Tests.csproj]
C:\program files\dotnet\sdk\11.0.100-preview.2.26159.112\Microsoft.Common.CurrentVersion.targets(5094,5): warning MSB3026: Could not copy "C:\Users\koosh\Dino\src\Domains\Warfare\bin\Release\netstandard2.0\DINOForge.Domains.Warfare.dll" to "bin\Release\net8.0\DINOForge.Domains.Warfare.dll". Beginning retry 3 in 1000ms. The process cannot access the file 'C:\Users\koosh\Dino\src\Tests\bin\Release\net8.0\DINOForge.Domains.Warfare.dll' because it is being used by another process. The file is locked by: "testhost (45240)" [C:\Users\koosh\Dino\src\Tests\DINOForge.Tests.csproj]
C:\program files\dotnet\sdk\11.0.100-preview.2.26159.112\Microsoft.Common.CurrentVersion.targets(5094,5): warning MSB3026: Could not copy "C:\Users\koosh\Dino\src\Domains\Economy\bin\Release\netstandard2.0\DINOForge.Domains.Economy.dll" to "bin\Release\net8.0\DINOForge.Domains.Economy.dll". Beginning retry 3 in 1000ms. The process cannot access the file 'C:\Users\koosh\Dino\src\Tests\bin\Release\net8.0\DINOForge.Domains.Economy.dll' because it is being used by another process. The file is locked by: "testhost (45240)" [C:\Users\koosh\Dino\src\Tests\DINOForge.Tests.csproj]
C:\program files\dotnet\sdk\11.0.100-preview.2.26159.112\Microsoft.Common.CurrentVersion.targets(5094,5): warning MSB3026: Could not copy "C:\Users\koosh\Dino\src\Domains\UI\bin\Release\netstandard2.0\DINOForge.Domains.UI.dll" to "bin\Release\net8.0\DINOForge.Domains.UI.dll". Beginning retry 3 in 1000ms. The process cannot access the file 'C:\Users\koosh\Dino\src\Tests\bin\Release\net8.0\DINOForge.Domains.UI.dll' because it is being used by another process. The file is locked by: "testhost (45240)" [C:\Users\koosh\Dino\src\Tests\DINOForge.Tests.csproj]
C:\program files\dotnet\sdk\11.0.100-preview.2.26159.112\Microsoft.Common.CurrentVersion.targets(5094,5): warning MSB3026: Could not copy "C:\Users\koosh\Dino\src\Bridge\Client\bin\Release\netstandard2.0\DINOForge.Bridge.Client.dll" to "bin\Release\net8.0\DINOForge.Bridge.Client.dll". Beginning retry 3 in 1000ms. The process cannot access the file 'C:\Users\koosh\Dino\src\Tests\bin\Release\net8.0\DINOForge.Bridge.Client.dll' because it is being used by another process. The file is locked by: "testhost (45240)" [C:\Users\koosh\Dino\src\Tests\DINOForge.Tests.csproj]
C:\program files\dotnet\sdk\11.0.100-preview.2.26159.112\Microsoft.Common.CurrentVersion.targets(5094,5): warning MSB3026: Could not copy "C:\Users\koosh\Dino\src\Domains\Scenario\bin\Release\netstandard2.0\DINOForge.Domains.Scenario.dll" to "bin\Release\net8.0\DINOForge.Domains.Scenario.dll". Beginning retry 3 in 1000ms. The process cannot access the file 'C:\Users\koosh\Dino\src\Tests\bin\Release\net8.0\DINOForge.Domains.Scenario.dll' because it is being used by another process. The file is locked by: "testhost (45240)" [C:\Users\koosh\Dino\src\Tests\DINOForge.Tests.csproj]
C:\program files\dotnet\sdk\11.0.100-preview.2.26159.112\Microsoft.Common.CurrentVersion.targets(5094,5): warning MSB3026: Could not copy "C:\Users\koosh\Dino\src\SDK\bin\Release\netstandard2.0\DINOForge.SDK.dll" to "bin\Release\net8.0\DINOForge.SDK.dll". Beginning retry 4 in 1000ms. The process cannot access the file 'C:\Users\koosh\Dino\src\Tests\Integration\bin\Release\net8.0\DINOForge.SDK.dll' because it is being used by another process. The file is locked by: "testhost (23308)" [C:\Users\koosh\Dino\src\Tests\Integration\DINOForge.Tests.Integration.csproj]
C:\program files\dotnet\sdk\11.0.100-preview.2.26159.112\Microsoft.Common.CurrentVersion.targets(5094,5): warning MSB3026: Could not copy "C:\Users\koosh\Dino\src\Runtime\bin\Release\netstandard2.0\DINOForge.Runtime.dll" to "bin\Release\net8.0\DINOForge.Runtime.dll". Beginning retry 4 in 1000ms. The process cannot access the file 'C:\Users\koosh\Dino\src\Tests\Integration\bin\Release\net8.0\DINOForge.Runtime.dll' because it is being used by another process. The file is locked by: "testhost (23308)" [C:\Users\koosh\Dino\src\Tests\Integration\DINOForge.Tests.Integration.csproj]
C:\program files\dotnet\sdk\11.0.100-preview.2.26159.112\Microsoft.Common.CurrentVersion.targets(5094,5): warning MSB3026: Could not copy "C:\Users\koosh\Dino\src\Domains\UI\bin\Release\netstandard2.0\DINOForge.Domains.UI.dll" to "bin\Release\net8.0\DINOForge.Domains.UI.dll". Beginning retry 4 in 1000ms. The process cannot access the file 'C:\Users\koosh\Dino\src\Tests\Integration\bin\Release\net8.0\DINOForge.Domains.UI.dll' because it is being used by another process. The file is locked by: "testhost (23308)" [C:\Users\koosh\Dino\src\Tests\Integration\DINOForge.Tests.Integration.csproj]
C:\program files\dotnet\sdk\11.0.100-preview.2.26159.112\Microsoft.Common.CurrentVersion.targets(5094,5): warning MSB3026: Could not copy "C:\Users\koosh\Dino\src\Bridge\Client\bin\Release\netstandard2.0\DINOForge.Bridge.Client.dll" to "bin\Release\net8.0\DINOForge.Bridge.Client.dll". Beginning retry 4 in 1000ms. The process cannot access the file 'C:\Users\koosh\Dino\src\Tests\Integration\bin\Release\net8.0\DINOForge.Bridge.Client.dll' because it is being used by another process. The file is locked by: "testhost (23308)" [C:\Users\koosh\Dino\src\Tests\Integration\DINOForge.Tests.Integration.csproj]
C:\program files\dotnet\sdk\11.0.100-preview.2.26159.112\Microsoft.Common.CurrentVersion.targets(5094,5): warning MSB3026: Could not copy "C:\Users\koosh\Dino\src\Bridge\Protocol\bin\Release\netstandard2.0\DINOForge.Bridge.Protocol.dll" to "bin\Release\net8.0\DINOForge.Bridge.Protocol.dll". Beginning retry 4 in 1000ms. The process cannot access the file 'C:\Users\koosh\Dino\src\Tests\Integration\bin\Release\net8.0\DINOForge.Bridge.Protocol.dll' because it is being used by another process. The file is locked by: "testhost (23308)" [C:\Users\koosh\Dino\src\Tests\Integration\DINOForge.Tests.Integration.csproj]
C:\program files\dotnet\sdk\11.0.100-preview.2.26159.112\Microsoft.Common.CurrentVersion.targets(5094,5): warning MSB3026: Could not copy "C:\Users\koosh\Dino\src\Domains\Scenario\bin\Release\netstandard2.0\DINOForge.Domains.Scenario.dll" to "bin\Release\net8.0\DINOForge.Domains.Scenario.dll". Beginning retry 4 in 1000ms. The process cannot access the file 'C:\Users\koosh\Dino\src\Tests\bin\Release\net8.0\DINOForge.Domains.Scenario.dll' because it is being used by another process. The file is locked by: "testhost (45240)" [C:\Users\koosh\Dino\src\Tests\DINOForge.Tests.csproj]
C:\program files\dotnet\sdk\11.0.100-preview.2.26159.112\Microsoft.Common.CurrentVersion.targets(5094,5): warning MSB3026: Could not copy "C:\Users\koosh\Dino\src\Bridge\Client\bin\Release\netstandard2.0\DINOForge.Bridge.Client.dll" to "bin\Release\net8.0\DINOForge.Bridge.Client.dll". Beginning retry 4 in 1000ms. The process cannot access the file 'C:\Users\koosh\Dino\src\Tests\bin\Release\net8.0\DINOForge.Bridge.Client.dll' because it is being used by another process. The file is locked by: "testhost (45240)" [C:\Users\koosh\Dino\src\Tests\DINOForge.Tests.csproj]
C:\program files\dotnet\sdk\11.0.100-preview.2.26159.112\Microsoft.Common.CurrentVersion.targets(5094,5): warning MSB3026: Could not copy "C:\Users\koosh\Dino\src\Domains\Economy\bin\Release\netstandard2.0\DINOForge.Domains.Economy.dll" to "bin\Release\net8.0\DINOForge.Domains.Economy.dll". Beginning retry 4 in 1000ms. The process cannot access the file 'C:\Users\koosh\Dino\src\Tests\bin\Release\net8.0\DINOForge.Domains.Economy.dll' because it is being used by another process. The file is locked by: "testhost (45240)" [C:\Users\koosh\Dino\src\Tests\DINOForge.Tests.csproj]
C:\program files\dotnet\sdk\11.0.100-preview.2.26159.112\Microsoft.Common.CurrentVersion.targets(5094,5): warning MSB3026: Could not copy "C:\Users\koosh\Dino\src\Domains\Warfare\bin\Release\netstandard2.0\DINOForge.Domains.Warfare.dll" to "bin\Release\net8.0\DINOForge.Domains.Warfare.dll". Beginning retry 4 in 1000ms. The process cannot access the file 'C:\Users\koosh\Dino\src\Tests\bin\Release\net8.0\DINOForge.Domains.Warfare.dll' because it is being used by another process. The file is locked by: "testhost (45240)" [C:\Users\koosh\Dino\src\Tests\DINOForge.Tests.csproj]
C:\program files\dotnet\sdk\11.0.100-preview.2.26159.112\Microsoft.Common.CurrentVersion.targets(5094,5): warning MSB3026: Could not copy "C:\Users\koosh\Dino\src\Bridge\Protocol\bin\Release\netstandard2.0\DINOForge.Bridge.Protocol.dll" to "bin\Release\net8.0\DINOForge.Bridge.Protocol.dll". Beginning retry 4 in 1000ms. The process cannot access the file 'C:\Users\koosh\Dino\src\Tests\bin\Release\net8.0\DINOForge.Bridge.Protocol.dll' because it is being used by another process. The file is locked by: "testhost (45240)" [C:\Users\koosh\Dino\src\Tests\DINOForge.Tests.csproj]
C:\program files\dotnet\sdk\11.0.100-preview.2.26159.112\Microsoft.Common.CurrentVersion.targets(5094,5): warning MSB3026: Could not copy "C:\Users\koosh\Dino\src\Domains\UI\bin\Release\netstandard2.0\DINOForge.Domains.UI.dll" to "bin\Release\net8.0\DINOForge.Domains.UI.dll". Beginning retry 4 in 1000ms. The process cannot access the file 'C:\Users\koosh\Dino\src\Tests\bin\Release\net8.0\DINOForge.Domains.UI.dll' because it is being used by another process. The file is locked by: "testhost (45240)" [C:\Users\koosh\Dino\src\Tests\DINOForge.Tests.csproj]
C:\program files\dotnet\sdk\11.0.100-preview.2.26159.112\Microsoft.Common.CurrentVersion.targets(5094,5): warning MSB3026: Could not copy "C:\Users\koosh\Dino\src\SDK\bin\Release\netstandard2.0\DINOForge.SDK.dll" to "bin\Release\net8.0\DINOForge.SDK.dll". Beginning retry 5 in 1000ms. The process cannot access the file 'C:\Users\koosh\Dino\src\Tests\Integration\bin\Release\net8.0\DINOForge.SDK.dll' because it is being used by another process. The file is locked by: "testhost (23308)" [C:\Users\koosh\Dino\src\Tests\Integration\DINOForge.Tests.Integration.csproj]
C:\program files\dotnet\sdk\11.0.100-preview.2.26159.112\Microsoft.Common.CurrentVersion.targets(5094,5): warning MSB3026: Could not copy "C:\Users\koosh\Dino\src\Runtime\bin\Release\netstandard2.0\DINOForge.Runtime.dll" to "bin\Release\net8.0\DINOForge.Runtime.dll". Beginning retry 5 in 1000ms. The process cannot access the file 'C:\Users\koosh\Dino\src\Tests\Integration\bin\Release\net8.0\DINOForge.Runtime.dll' because it is being used by another process. The file is locked by: "testhost (23308)" [C:\Users\koosh\Dino\src\Tests\Integration\DINOForge.Tests.Integration.csproj]
C:\program files\dotnet\sdk\11.0.100-preview.2.26159.112\Microsoft.Common.CurrentVersion.targets(5094,5): warning MSB3026: Could not copy "C:\Users\koosh\Dino\src\Bridge\Client\bin\Release\netstandard2.0\DINOForge.Bridge.Client.dll" to "bin\Release\net8.0\DINOForge.Bridge.Client.dll". Beginning retry 5 in 1000ms. The process cannot access the file 'C:\Users\koosh\Dino\src\Tests\Integration\bin\Release\net8.0\DINOForge.Bridge.Client.dll' because it is being used by another process. The file is locked by: "testhost (23308)" [C:\Users\koosh\Dino\src\Tests\Integration\DINOForge.Tests.Integration.csproj]
C:\program files\dotnet\sdk\11.0.100-preview.2.26159.112\Microsoft.Common.CurrentVersion.targets(5094,5): warning MSB3026: Could not copy "C:\Users\koosh\Dino\src\Domains\UI\bin\Release\netstandard2.0\DINOForge.Domains.UI.dll" to "bin\Release\net8.0\DINOForge.Domains.UI.dll". Beginning retry 5 in 1000ms. The process cannot access the file 'C:\Users\koosh\Dino\src\Tests\Integration\bin\Release\net8.0\DINOForge.Domains.UI.dll' because it is being used by another process. The file is locked by: "testhost (23308)" [C:\Users\koosh\Dino\src\Tests\Integration\DINOForge.Tests.Integration.csproj]
C:\program files\dotnet\sdk\11.0.100-preview.2.26159.112\Microsoft.Common.CurrentVersion.targets(5094,5): warning MSB3026: Could not copy "C:\Users\koosh\Dino\src\Bridge\Protocol\bin\Release\netstandard2.0\DINOForge.Bridge.Protocol.dll" to "bin\Release\net8.0\DINOForge.Bridge.Protocol.dll". Beginning retry 5 in 1000ms. The process cannot access the file 'C:\Users\koosh\Dino\src\Tests\Integration\bin\Release\net8.0\DINOForge.Bridge.Protocol.dll' because it is being used by another process. The file is locked by: "testhost (23308)" [C:\Users\koosh\Dino\src\Tests\Integration\DINOForge.Tests.Integration.csproj]
C:\program files\dotnet\sdk\11.0.100-preview.2.26159.112\Microsoft.Common.CurrentVersion.targets(5094,5): warning MSB3026: Could not copy "C:\Users\koosh\Dino\src\Domains\Scenario\bin\Release\netstandard2.0\DINOForge.Domains.Scenario.dll" to "bin\Release\net8.0\DINOForge.Domains.Scenario.dll". Beginning retry 5 in 1000ms. The process cannot access the file 'C:\Users\koosh\Dino\src\Tests\bin\Release\net8.0\DINOForge.Domains.Scenario.dll' because it is being used by another process. The file is locked by: "testhost (45240)" [C:\Users\koosh\Dino\src\Tests\DINOForge.Tests.csproj]
C:\program files\dotnet\sdk\11.0.100-preview.2.26159.112\Microsoft.Common.CurrentVersion.targets(5094,5): warning MSB3026: Could not copy "C:\Users\koosh\Dino\src\Domains\Economy\bin\Release\netstandard2.0\DINOForge.Domains.Economy.dll" to "bin\Release\net8.0\DINOForge.Domains.Economy.dll". Beginning retry 5 in 1000ms. The process cannot access the file 'C:\Users\koosh\Dino\src\Tests\bin\Release\net8.0\DINOForge.Domains.Economy.dll' because it is being used by another process. The file is locked by: "testhost (45240)" [C:\Users\koosh\Dino\src\Tests\DINOForge.Tests.csproj]
C:\program files\dotnet\sdk\11.0.100-preview.2.26159.112\Microsoft.Common.CurrentVersion.targets(5094,5): warning MSB3026: Could not copy "C:\Users\koosh\Dino\src\Bridge\Client\bin\Release\netstandard2.0\DINOForge.Bridge.Client.dll" to "bin\Release\net8.0\DINOForge.Bridge.Client.dll". Beginning retry 5 in 1000ms. The process cannot access the file 'C:\Users\koosh\Dino\src\Tests\bin\Release\net8.0\DINOForge.Bridge.Client.dll' because it is being used by another process. The file is locked by: "testhost (45240)" [C:\Users\koosh\Dino\src\Tests\DINOForge.Tests.csproj]
C:\program files\dotnet\sdk\11.0.100-preview.2.26159.112\Microsoft.Common.CurrentVersion.targets(5094,5): warning MSB3026: Could not copy "C:\Users\koosh\Dino\src\Domains\UI\bin\Release\netstandard2.0\DINOForge.Domains.UI.dll" to "bin\Release\net8.0\DINOForge.Domains.UI.dll". Beginning retry 5 in 1000ms. The process cannot access the file 'C:\Users\koosh\Dino\src\Tests\bin\Release\net8.0\DINOForge.Domains.UI.dll' because it is being used by another process. The file is locked by: "testhost (45240)" [C:\Users\koosh\Dino\src\Tests\DINOForge.Tests.csproj]
C:\program files\dotnet\sdk\11.0.100-preview.2.26159.112\Microsoft.Common.CurrentVersion.targets(5094,5): warning MSB3026: Could not copy "C:\Users\koosh\Dino\src\Bridge\Protocol\bin\Release\netstandard2.0\DINOForge.Bridge.Protocol.dll" to "bin\Release\net8.0\DINOForge.Bridge.Protocol.dll". Beginning retry 5 in 1000ms. The process cannot access the file 'C:\Users\koosh\Dino\src\Tests\bin\Release\net8.0\DINOForge.Bridge.Protocol.dll' because it is being used by another process. The file is locked by: "testhost (45240)" [C:\Users\koosh\Dino\src\Tests\DINOForge.Tests.csproj]
C:\program files\dotnet\sdk\11.0.100-preview.2.26159.112\Microsoft.Common.CurrentVersion.targets(5094,5): warning MSB3026: Could not copy "C:\Users\koosh\Dino\src\Domains\Warfare\bin\Release\netstandard2.0\DINOForge.Domains.Warfare.dll" to "bin\Release\net8.0\DINOForge.Domains.Warfare.dll". Beginning retry 5 in 1000ms. The process cannot access the file 'C:\Users\koosh\Dino\src\Tests\bin\Release\net8.0\DINOForge.Domains.Warfare.dll' because it is being used by another process. The file is locked by: "testhost (45240)" [C:\Users\koosh\Dino\src\Tests\DINOForge.Tests.csproj]
C:\program files\dotnet\sdk\11.0.100-preview.2.26159.112\Microsoft.Common.CurrentVersion.targets(5094,5): warning MSB3026: Could not copy "C:\Users\koosh\Dino\src\SDK\bin\Release\netstandard2.0\DINOForge.SDK.dll" to "bin\Release\net8.0\DINOForge.SDK.dll". Beginning retry 6 in 1000ms. The process cannot access the file 'C:\Users\koosh\Dino\src\Tests\Integration\bin\Release\net8.0\DINOForge.SDK.dll' because it is being used by another process. The file is locked by: "testhost (23308)" [C:\Users\koosh\Dino\src\Tests\Integration\DINOForge.Tests.Integration.csproj]
C:\program files\dotnet\sdk\11.0.100-preview.2.26159.112\Microsoft.Common.CurrentVersion.targets(5094,5): warning MSB3026: Could not copy "C:\Users\koosh\Dino\src\Runtime\bin\Release\netstandard2.0\DINOForge.Runtime.dll" to "bin\Release\net8.0\DINOForge.Runtime.dll". Beginning retry 6 in 1000ms. The process cannot access the file 'C:\Users\koosh\Dino\src\Tests\Integration\bin\Release\net8.0\DINOForge.Runtime.dll' because it is being used by another process. The file is locked by: "testhost (23308)" [C:\Users\koosh\Dino\src\Tests\Integration\DINOForge.Tests.Integration.csproj]
C:\program files\dotnet\sdk\11.0.100-preview.2.26159.112\Microsoft.Common.CurrentVersion.targets(5094,5): warning MSB3026: Could not copy "C:\Users\koosh\Dino\src\Bridge\Client\bin\Release\netstandard2.0\DINOForge.Bridge.Client.dll" to "bin\Release\net8.0\DINOForge.Bridge.Client.dll". Beginning retry 6 in 1000ms. The process cannot access the file 'C:\Users\koosh\Dino\src\Tests\Integration\bin\Release\net8.0\DINOForge.Bridge.Client.dll' because it is being used by another process. The file is locked by: "testhost (23308)" [C:\Users\koosh\Dino\src\Tests\Integration\DINOForge.Tests.Integration.csproj]
C:\program files\dotnet\sdk\11.0.100-preview.2.26159.112\Microsoft.Common.CurrentVersion.targets(5094,5): warning MSB3026: Could not copy "C:\Users\koosh\Dino\src\Bridge\Protocol\bin\Release\netstandard2.0\DINOForge.Bridge.Protocol.dll" to "bin\Release\net8.0\DINOForge.Bridge.Protocol.dll". Beginning retry 6 in 1000ms. The process cannot access the file 'C:\Users\koosh\Dino\src\Tests\Integration\bin\Release\net8.0\DINOForge.Bridge.Protocol.dll' because it is being used by another process. The file is locked by: "testhost (23308)" [C:\Users\koosh\Dino\src\Tests\Integration\DINOForge.Tests.Integration.csproj]
C:\program files\dotnet\sdk\11.0.100-preview.2.26159.112\Microsoft.Common.CurrentVersion.targets(5094,5): warning MSB3026: Could not copy "C:\Users\koosh\Dino\src\Domains\UI\bin\Release\netstandard2.0\DINOForge.Domains.UI.dll" to "bin\Release\net8.0\DINOForge.Domains.UI.dll". Beginning retry 6 in 1000ms. The process cannot access the file 'C:\Users\koosh\Dino\src\Tests\Integration\bin\Release\net8.0\DINOForge.Domains.UI.dll' because it is being used by another process. The file is locked by: "testhost (23308)" [C:\Users\koosh\Dino\src\Tests\Integration\DINOForge.Tests.Integration.csproj]
C:\program files\dotnet\sdk\11.0.100-preview.2.26159.112\Microsoft.Common.CurrentVersion.targets(5094,5): warning MSB3026: Could not copy "C:\Users\koosh\Dino\src\Domains\Economy\bin\Release\netstandard2.0\DINOForge.Domains.Economy.dll" to "bin\Release\net8.0\DINOForge.Domains.Economy.dll". Beginning retry 6 in 1000ms. The process cannot access the file 'C:\Users\koosh\Dino\src\Tests\bin\Release\net8.0\DINOForge.Domains.Economy.dll' because it is being used by another process. The file is locked by: "testhost (45240)" [C:\Users\koosh\Dino\src\Tests\DINOForge.Tests.csproj]
C:\program files\dotnet\sdk\11.0.100-preview.2.26159.112\Microsoft.Common.CurrentVersion.targets(5094,5): warning MSB3026: Could not copy "C:\Users\koosh\Dino\src\Bridge\Client\bin\Release\netstandard2.0\DINOForge.Bridge.Client.dll" to "bin\Release\net8.0\DINOForge.Bridge.Client.dll". Beginning retry 6 in 1000ms. The process cannot access the file 'C:\Users\koosh\Dino\src\Tests\bin\Release\net8.0\DINOForge.Bridge.Client.dll' because it is being used by another process. The file is locked by: "testhost (45240)" [C:\Users\koosh\Dino\src\Tests\DINOForge.Tests.csproj]
C:\program files\dotnet\sdk\11.0.100-preview.2.26159.112\Microsoft.Common.CurrentVersion.targets(5094,5): warning MSB3026: Could not copy "C:\Users\koosh\Dino\src\Domains\Scenario\bin\Release\netstandard2.0\DINOForge.Domains.Scenario.dll" to "bin\Release\net8.0\DINOForge.Domains.Scenario.dll". Beginning retry 6 in 1000ms. The process cannot access the file 'C:\Users\koosh\Dino\src\Tests\bin\Release\net8.0\DINOForge.Domains.Scenario.dll' because it is being used by another process. The file is locked by: "testhost (45240)" [C:\Users\koosh\Dino\src\Tests\DINOForge.Tests.csproj]
C:\program files\dotnet\sdk\11.0.100-preview.2.26159.112\Microsoft.Common.CurrentVersion.targets(5094,5): warning MSB3026: Could not copy "C:\Users\koosh\Dino\src\Domains\UI\bin\Release\netstandard2.0\DINOForge.Domains.UI.dll" to "bin\Release\net8.0\DINOForge.Domains.UI.dll". Beginning retry 6 in 1000ms. The process cannot access the file 'C:\Users\koosh\Dino\src\Tests\bin\Release\net8.0\DINOForge.Domains.UI.dll' because it is being used by another process. The file is locked by: "testhost (45240)" [C:\Users\koosh\Dino\src\Tests\DINOForge.Tests.csproj]
C:\program files\dotnet\sdk\11.0.100-preview.2.26159.112\Microsoft.Common.CurrentVersion.targets(5094,5): warning MSB3026: Could not copy "C:\Users\koosh\Dino\src\Bridge\Protocol\bin\Release\netstandard2.0\DINOForge.Bridge.Protocol.dll" to "bin\Release\net8.0\DINOForge.Bridge.Protocol.dll". Beginning retry 6 in 1000ms. The process cannot access the file 'C:\Users\koosh\Dino\src\Tests\bin\Release\net8.0\DINOForge.Bridge.Protocol.dll' because it is being used by another process. The file is locked by: "testhost (45240)" [C:\Users\koosh\Dino\src\Tests\DINOForge.Tests.csproj]
C:\program files\dotnet\sdk\11.0.100-preview.2.26159.112\Microsoft.Common.CurrentVersion.targets(5094,5): warning MSB3026: Could not copy "C:\Users\koosh\Dino\src\Domains\Warfare\bin\Release\netstandard2.0\DINOForge.Domains.Warfare.dll" to "bin\Release\net8.0\DINOForge.Domains.Warfare.dll". Beginning retry 6 in 1000ms. The process cannot access the file 'C:\Users\koosh\Dino\src\Tests\bin\Release\net8.0\DINOForge.Domains.Warfare.dll' because it is being used by another process. The file is locked by: "testhost (45240)" [C:\Users\koosh\Dino\src\Tests\DINOForge.Tests.csproj]
C:\program files\dotnet\sdk\11.0.100-preview.2.26159.112\Microsoft.Common.CurrentVersion.targets(5094,5): warning MSB3026: Could not copy "C:\Users\koosh\Dino\src\SDK\bin\Release\netstandard2.0\DINOForge.SDK.dll" to "bin\Release\net8.0\DINOForge.SDK.dll". Beginning retry 7 in 1000ms. The process cannot access the file 'C:\Users\koosh\Dino\src\Tests\Integration\bin\Release\net8.0\DINOForge.SDK.dll' because it is being used by another process. The file is locked by: "testhost (23308)" [C:\Users\koosh\Dino\src\Tests\Integration\DINOForge.Tests.Integration.csproj]
C:\program files\dotnet\sdk\11.0.100-preview.2.26159.112\Microsoft.Common.CurrentVersion.targets(5094,5): warning MSB3026: Could not copy "C:\Users\koosh\Dino\src\Runtime\bin\Release\netstandard2.0\DINOForge.Runtime.dll" to "bin\Release\net8.0\DINOForge.Runtime.dll". Beginning retry 7 in 1000ms. The process cannot access the file 'C:\Users\koosh\Dino\src\Tests\Integration\bin\Release\net8.0\DINOForge.Runtime.dll' because it is being used by another process. The file is locked by: "testhost (23308)" [C:\Users\koosh\Dino\src\Tests\Integration\DINOForge.Tests.Integration.csproj]
C:\program files\dotnet\sdk\11.0.100-preview.2.26159.112\Microsoft.Common.CurrentVersion.targets(5094,5): warning MSB3026: Could not copy "C:\Users\koosh\Dino\src\Bridge\Client\bin\Release\netstandard2.0\DINOForge.Bridge.Client.dll" to "bin\Release\net8.0\DINOForge.Bridge.Client.dll". Beginning retry 7 in 1000ms. The process cannot access the file 'C:\Users\koosh\Dino\src\Tests\Integration\bin\Release\net8.0\DINOForge.Bridge.Client.dll' because it is being used by another process. The file is locked by: "testhost (23308)" [C:\Users\koosh\Dino\src\Tests\Integration\DINOForge.Tests.Integration.csproj]
C:\program files\dotnet\sdk\11.0.100-preview.2.26159.112\Microsoft.Common.CurrentVersion.targets(5094,5): warning MSB3026: Could not copy "C:\Users\koosh\Dino\src\Domains\UI\bin\Release\netstandard2.0\DINOForge.Domains.UI.dll" to "bin\Release\net8.0\DINOForge.Domains.UI.dll". Beginning retry 7 in 1000ms. The process cannot access the file 'C:\Users\koosh\Dino\src\Tests\Integration\bin\Release\net8.0\DINOForge.Domains.UI.dll' because it is being used by another process. The file is locked by: "testhost (23308)" [C:\Users\koosh\Dino\src\Tests\Integration\DINOForge.Tests.Integration.csproj]
C:\program files\dotnet\sdk\11.0.100-preview.2.26159.112\Microsoft.Common.CurrentVersion.targets(5094,5): warning MSB3026: Could not copy "C:\Users\koosh\Dino\src\Bridge\Protocol\bin\Release\netstandard2.0\DINOForge.Bridge.Protocol.dll" to "bin\Release\net8.0\DINOForge.Bridge.Protocol.dll". Beginning retry 7 in 1000ms. The process cannot access the file 'C:\Users\koosh\Dino\src\Tests\Integration\bin\Release\net8.0\DINOForge.Bridge.Protocol.dll' because it is being used by another process. The file is locked by: "testhost (23308)" [C:\Users\koosh\Dino\src\Tests\Integration\DINOForge.Tests.Integration.csproj]
C:\program files\dotnet\sdk\11.0.100-preview.2.26159.112\Microsoft.Common.CurrentVersion.targets(5094,5): warning MSB3026: Could not copy "C:\Users\koosh\Dino\src\Domains\Economy\bin\Release\netstandard2.0\DINOForge.Domains.Economy.dll" to "bin\Release\net8.0\DINOForge.Domains.Economy.dll". Beginning retry 7 in 1000ms. The process cannot access the file 'C:\Users\koosh\Dino\src\Tests\bin\Release\net8.0\DINOForge.Domains.Economy.dll' because it is being used by another process. The file is locked by: "testhost (45240)" [C:\Users\koosh\Dino\src\Tests\DINOForge.Tests.csproj]
C:\program files\dotnet\sdk\11.0.100-preview.2.26159.112\Microsoft.Common.CurrentVersion.targets(5094,5): warning MSB3026: Could not copy "C:\Users\koosh\Dino\src\Domains\Scenario\bin\Release\netstandard2.0\DINOForge.Domains.Scenario.dll" to "bin\Release\net8.0\DINOForge.Domains.Scenario.dll". Beginning retry 7 in 1000ms. The process cannot access the file 'C:\Users\koosh\Dino\src\Tests\bin\Release\net8.0\DINOForge.Domains.Scenario.dll' because it is being used by another process. The file is locked by: "testhost (45240)" [C:\Users\koosh\Dino\src\Tests\DINOForge.Tests.csproj]
C:\program files\dotnet\sdk\11.0.100-preview.2.26159.112\Microsoft.Common.CurrentVersion.targets(5094,5): warning MSB3026: Could not copy "C:\Users\koosh\Dino\src\Bridge\Client\bin\Release\netstandard2.0\DINOForge.Bridge.Client.dll" to "bin\Release\net8.0\DINOForge.Bridge.Client.dll". Beginning retry 7 in 1000ms. The process cannot access the file 'C:\Users\koosh\Dino\src\Tests\bin\Release\net8.0\DINOForge.Bridge.Client.dll' because it is being used by another process. The file is locked by: "testhost (45240)" [C:\Users\koosh\Dino\src\Tests\DINOForge.Tests.csproj]
C:\program files\dotnet\sdk\11.0.100-preview.2.26159.112\Microsoft.Common.CurrentVersion.targets(5094,5): warning MSB3026: Could not copy "C:\Users\koosh\Dino\src\Domains\Warfare\bin\Release\netstandard2.0\DINOForge.Domains.Warfare.dll" to "bin\Release\net8.0\DINOForge.Domains.Warfare.dll". Beginning retry 7 in 1000ms. The process cannot access the file 'C:\Users\koosh\Dino\src\Tests\bin\Release\net8.0\DINOForge.Domains.Warfare.dll' because it is being used by another process. The file is locked by: "testhost (45240)" [C:\Users\koosh\Dino\src\Tests\DINOForge.Tests.csproj]
C:\program files\dotnet\sdk\11.0.100-preview.2.26159.112\Microsoft.Common.CurrentVersion.targets(5094,5): warning MSB3026: Could not copy "C:\Users\koosh\Dino\src\Domains\UI\bin\Release\netstandard2.0\DINOForge.Domains.UI.dll" to "bin\Release\net8.0\DINOForge.Domains.UI.dll". Beginning retry 7 in 1000ms. The process cannot access the file 'C:\Users\koosh\Dino\src\Tests\bin\Release\net8.0\DINOForge.Domains.UI.dll' because it is being used by another process. The file is locked by: "testhost (45240)" [C:\Users\koosh\Dino\src\Tests\DINOForge.Tests.csproj]
C:\program files\dotnet\sdk\11.0.100-preview.2.26159.112\Microsoft.Common.CurrentVersion.targets(5094,5): warning MSB3026: Could not copy "C:\Users\koosh\Dino\src\Bridge\Protocol\bin\Release\netstandard2.0\DINOForge.Bridge.Protocol.dll" to "bin\Release\net8.0\DINOForge.Bridge.Protocol.dll". Beginning retry 7 in 1000ms. The process cannot access the file 'C:\Users\koosh\Dino\src\Tests\bin\Release\net8.0\DINOForge.Bridge.Protocol.dll' because it is being used by another process. The file is locked by: "testhost (45240)" [C:\Users\koosh\Dino\src\Tests\DINOForge.Tests.csproj]
C:\program files\dotnet\sdk\11.0.100-preview.2.26159.112\Microsoft.Common.CurrentVersion.targets(5094,5): warning MSB3026: Could not copy "C:\Users\koosh\Dino\src\SDK\bin\Release\netstandard2.0\DINOForge.SDK.dll" to "bin\Release\net8.0\DINOForge.SDK.dll". Beginning retry 8 in 1000ms. The process cannot access the file 'C:\Users\koosh\Dino\src\Tests\Integration\bin\Release\net8.0\DINOForge.SDK.dll' because it is being used by another process. The file is locked by: "testhost (23308)" [C:\Users\koosh\Dino\src\Tests\Integration\DINOForge.Tests.Integration.csproj]
C:\program files\dotnet\sdk\11.0.100-preview.2.26159.112\Microsoft.Common.CurrentVersion.targets(5094,5): warning MSB3026: Could not copy "C:\Users\koosh\Dino\src\Runtime\bin\Release\netstandard2.0\DINOForge.Runtime.dll" to "bin\Release\net8.0\DINOForge.Runtime.dll". Beginning retry 8 in 1000ms. The process cannot access the file 'C:\Users\koosh\Dino\src\Tests\Integration\bin\Release\net8.0\DINOForge.Runtime.dll' because it is being used by another process. The file is locked by: "testhost (23308)" [C:\Users\koosh\Dino\src\Tests\Integration\DINOForge.Tests.Integration.csproj]
C:\program files\dotnet\sdk\11.0.100-preview.2.26159.112\Microsoft.Common.CurrentVersion.targets(5094,5): warning MSB3026: Could not copy "C:\Users\koosh\Dino\src\Bridge\Client\bin\Release\netstandard2.0\DINOForge.Bridge.Client.dll" to "bin\Release\net8.0\DINOForge.Bridge.Client.dll". Beginning retry 8 in 1000ms. The process cannot access the file 'C:\Users\koosh\Dino\src\Tests\Integration\bin\Release\net8.0\DINOForge.Bridge.Client.dll' because it is being used by another process. The file is locked by: "testhost (23308)" [C:\Users\koosh\Dino\src\Tests\Integration\DINOForge.Tests.Integration.csproj]
C:\program files\dotnet\sdk\11.0.100-preview.2.26159.112\Microsoft.Common.CurrentVersion.targets(5094,5): warning MSB3026: Could not copy "C:\Users\koosh\Dino\src\Domains\UI\bin\Release\netstandard2.0\DINOForge.Domains.UI.dll" to "bin\Release\net8.0\DINOForge.Domains.UI.dll". Beginning retry 8 in 1000ms. The process cannot access the file 'C:\Users\koosh\Dino\src\Tests\Integration\bin\Release\net8.0\DINOForge.Domains.UI.dll' because it is being used by another process. The file is locked by: "testhost (23308)" [C:\Users\koosh\Dino\src\Tests\Integration\DINOForge.Tests.Integration.csproj]
C:\program files\dotnet\sdk\11.0.100-preview.2.26159.112\Microsoft.Common.CurrentVersion.targets(5094,5): warning MSB3026: Could not copy "C:\Users\koosh\Dino\src\Bridge\Protocol\bin\Release\netstandard2.0\DINOForge.Bridge.Protocol.dll" to "bin\Release\net8.0\DINOForge.Bridge.Protocol.dll". Beginning retry 8 in 1000ms. The process cannot access the file 'C:\Users\koosh\Dino\src\Tests\Integration\bin\Release\net8.0\DINOForge.Bridge.Protocol.dll' because it is being used by another process. The file is locked by: "testhost (23308)" [C:\Users\koosh\Dino\src\Tests\Integration\DINOForge.Tests.Integration.csproj]
C:\program files\dotnet\sdk\11.0.100-preview.2.26159.112\Microsoft.Common.CurrentVersion.targets(5094,5): warning MSB3026: Could not copy "C:\Users\koosh\Dino\src\SDK\bin\Release\netstandard2.0\DINOForge.SDK.dll" to "bin\Release\net8.0\DINOForge.SDK.dll". Beginning retry 9 in 1000ms. The process cannot access the file 'C:\Users\koosh\Dino\src\Tests\Integration\bin\Release\net8.0\DINOForge.SDK.dll' because it is being used by another process. The file is locked by: "testhost (23308)" [C:\Users\koosh\Dino\src\Tests\Integration\DINOForge.Tests.Integration.csproj]
C:\program files\dotnet\sdk\11.0.100-preview.2.26159.112\Microsoft.Common.CurrentVersion.targets(5094,5): warning MSB3026: Could not copy "C:\Users\koosh\Dino\src\Bridge\Protocol\bin\Release\netstandard2.0\DINOForge.Bridge.Protocol.dll" to "bin\Release\net8.0\DINOForge.Bridge.Protocol.dll". Beginning retry 8 in 1000ms. The process cannot access the file 'C:\Users\koosh\Dino\src\Tests\bin\Release\net8.0\DINOForge.Bridge.Protocol.dll' because it is being used by another process. The file is locked by: "testhost (45240)" [C:\Users\koosh\Dino\src\Tests\DINOForge.Tests.csproj]
C:\program files\dotnet\sdk\11.0.100-preview.2.26159.112\Microsoft.Common.CurrentVersion.targets(5094,5): warning MSB3026: Could not copy "C:\Users\koosh\Dino\src\Domains\Economy\bin\Release\netstandard2.0\DINOForge.Domains.Economy.dll" to "bin\Release\net8.0\DINOForge.Domains.Economy.dll". Beginning retry 8 in 1000ms. The process cannot access the file 'C:\Users\koosh\Dino\src\Tests\bin\Release\net8.0\DINOForge.Domains.Economy.dll' because it is being used by another process. The file is locked by: "testhost (45240)" [C:\Users\koosh\Dino\src\Tests\DINOForge.Tests.csproj]
C:\program files\dotnet\sdk\11.0.100-preview.2.26159.112\Microsoft.Common.CurrentVersion.targets(5094,5): warning MSB3026: Could not copy "C:\Users\koosh\Dino\src\Domains\UI\bin\Release\netstandard2.0\DINOForge.Domains.UI.dll" to "bin\Release\net8.0\DINOForge.Domains.UI.dll". Beginning retry 8 in 1000ms. The process cannot access the file 'C:\Users\koosh\Dino\src\Tests\bin\Release\net8.0\DINOForge.Domains.UI.dll' because it is being used by another process. The file is locked by: "testhost (45240)" [C:\Users\koosh\Dino\src\Tests\DINOForge.Tests.csproj]
C:\program files\dotnet\sdk\11.0.100-preview.2.26159.112\Microsoft.Common.CurrentVersion.targets(5094,5): warning MSB3026: Could not copy "C:\Users\koosh\Dino\src\Domains\Warfare\bin\Release\netstandard2.0\DINOForge.Domains.Warfare.dll" to "bin\Release\net8.0\DINOForge.Domains.Warfare.dll". Beginning retry 8 in 1000ms. The process cannot access the file 'C:\Users\koosh\Dino\src\Tests\bin\Release\net8.0\DINOForge.Domains.Warfare.dll' because it is being used by another process. The file is locked by: "testhost (45240)" [C:\Users\koosh\Dino\src\Tests\DINOForge.Tests.csproj]
C:\program files\dotnet\sdk\11.0.100-preview.2.26159.112\Microsoft.Common.CurrentVersion.targets(5094,5): warning MSB3026: Could not copy "C:\Users\koosh\Dino\src\Bridge\Client\bin\Release\netstandard2.0\DINOForge.Bridge.Client.dll" to "bin\Release\net8.0\DINOForge.Bridge.Client.dll". Beginning retry 8 in 1000ms. The process cannot access the file 'C:\Users\koosh\Dino\src\Tests\bin\Release\net8.0\DINOForge.Bridge.Client.dll' because it is being used by another process. The file is locked by: "testhost (45240)" [C:\Users\koosh\Dino\src\Tests\DINOForge.Tests.csproj]
C:\program files\dotnet\sdk\11.0.100-preview.2.26159.112\Microsoft.Common.CurrentVersion.targets(5094,5): warning MSB3026: Could not copy "C:\Users\koosh\Dino\src\Domains\Scenario\bin\Release\netstandard2.0\DINOForge.Domains.Scenario.dll" to "bin\Release\net8.0\DINOForge.Domains.Scenario.dll". Beginning retry 8 in 1000ms. The process cannot access the file 'C:\Users\koosh\Dino\src\Tests\bin\Release\net8.0\DINOForge.Domains.Scenario.dll' because it is being used by another process. The file is locked by: "testhost (45240)" [C:\Users\koosh\Dino\src\Tests\DINOForge.Tests.csproj]
C:\program files\dotnet\sdk\11.0.100-preview.2.26159.112\Microsoft.Common.CurrentVersion.targets(5094,5): warning MSB3026: Could not copy "C:\Users\koosh\Dino\src\Runtime\bin\Release\netstandard2.0\DINOForge.Runtime.dll" to "bin\Release\net8.0\DINOForge.Runtime.dll". Beginning retry 9 in 1000ms. The process cannot access the file 'C:\Users\koosh\Dino\src\Tests\Integration\bin\Release\net8.0\DINOForge.Runtime.dll' because it is being used by another process. The file is locked by: "testhost (23308)" [C:\Users\koosh\Dino\src\Tests\Integration\DINOForge.Tests.Integration.csproj]
C:\program files\dotnet\sdk\11.0.100-preview.2.26159.112\Microsoft.Common.CurrentVersion.targets(5094,5): warning MSB3026: Could not copy "C:\Users\koosh\Dino\src\Bridge\Client\bin\Release\netstandard2.0\DINOForge.Bridge.Client.dll" to "bin\Release\net8.0\DINOForge.Bridge.Client.dll". Beginning retry 9 in 1000ms. The process cannot access the file 'C:\Users\koosh\Dino\src\Tests\Integration\bin\Release\net8.0\DINOForge.Bridge.Client.dll' because it is being used by another process. The file is locked by: "testhost (23308)" [C:\Users\koosh\Dino\src\Tests\Integration\DINOForge.Tests.Integration.csproj]
C:\program files\dotnet\sdk\11.0.100-preview.2.26159.112\Microsoft.Common.CurrentVersion.targets(5094,5): warning MSB3026: Could not copy "C:\Users\koosh\Dino\src\Bridge\Protocol\bin\Release\netstandard2.0\DINOForge.Bridge.Protocol.dll" to "bin\Release\net8.0\DINOForge.Bridge.Protocol.dll". Beginning retry 9 in 1000ms. The process cannot access the file 'C:\Users\koosh\Dino\src\Tests\Integration\bin\Release\net8.0\DINOForge.Bridge.Protocol.dll' because it is being used by another process. The file is locked by: "testhost (23308)" [C:\Users\koosh\Dino\src\Tests\Integration\DINOForge.Tests.Integration.csproj]
C:\program files\dotnet\sdk\11.0.100-preview.2.26159.112\Microsoft.Common.CurrentVersion.targets(5094,5): warning MSB3026: Could not copy "C:\Users\koosh\Dino\src\Domains\UI\bin\Release\netstandard2.0\DINOForge.Domains.UI.dll" to "bin\Release\net8.0\DINOForge.Domains.UI.dll". Beginning retry 9 in 1000ms. The process cannot access the file 'C:\Users\koosh\Dino\src\Tests\Integration\bin\Release\net8.0\DINOForge.Domains.UI.dll' because it is being used by another process. The file is locked by: "testhost (23308)" [C:\Users\koosh\Dino\src\Tests\Integration\DINOForge.Tests.Integration.csproj]
C:\program files\dotnet\sdk\11.0.100-preview.2.26159.112\Microsoft.Common.CurrentVersion.targets(5094,5): warning MSB3026: Could not copy "C:\Users\koosh\Dino\src\SDK\bin\Release\netstandard2.0\DINOForge.SDK.dll" to "bin\Release\net8.0\DINOForge.SDK.dll". Beginning retry 10 in 1000ms. The process cannot access the file 'C:\Users\koosh\Dino\src\Tests\Integration\bin\Release\net8.0\DINOForge.SDK.dll' because it is being used by another process. The file is locked by: "testhost (23308)" [C:\Users\koosh\Dino\src\Tests\Integration\DINOForge.Tests.Integration.csproj]
C:\program files\dotnet\sdk\11.0.100-preview.2.26159.112\Microsoft.Common.CurrentVersion.targets(5094,5): warning MSB3026: Could not copy "C:\Users\koosh\Dino\src\Runtime\bin\Release\netstandard2.0\DINOForge.Runtime.dll" to "bin\Release\net8.0\DINOForge.Runtime.dll". Beginning retry 10 in 1000ms. The process cannot access the file 'C:\Users\koosh\Dino\src\Tests\Integration\bin\Release\net8.0\DINOForge.Runtime.dll' because it is being used by another process. The file is locked by: "testhost (23308)" [C:\Users\koosh\Dino\src\Tests\Integration\DINOForge.Tests.Integration.csproj]
C:\program files\dotnet\sdk\11.0.100-preview.2.26159.112\Microsoft.Common.CurrentVersion.targets(5094,5): warning MSB3026: Could not copy "C:\Users\koosh\Dino\src\Domains\Scenario\bin\Release\netstandard2.0\DINOForge.Domains.Scenario.dll" to "bin\Release\net8.0\DINOForge.Domains.Scenario.dll". Beginning retry 9 in 1000ms. The process cannot access the file 'C:\Users\koosh\Dino\src\Tests\bin\Release\net8.0\DINOForge.Domains.Scenario.dll' because it is being used by another process. The file is locked by: "testhost (45240)" [C:\Users\koosh\Dino\src\Tests\DINOForge.Tests.csproj]
C:\program files\dotnet\sdk\11.0.100-preview.2.26159.112\Microsoft.Common.CurrentVersion.targets(5094,5): warning MSB3026: Could not copy "C:\Users\koosh\Dino\src\Domains\Warfare\bin\Release\netstandard2.0\DINOForge.Domains.Warfare.dll" to "bin\Release\net8.0\DINOForge.Domains.Warfare.dll". Beginning retry 9 in 1000ms. The process cannot access the file 'C:\Users\koosh\Dino\src\Tests\bin\Release\net8.0\DINOForge.Domains.Warfare.dll' because it is being used by another process. The file is locked by: "testhost (45240)" [C:\Users\koosh\Dino\src\Tests\DINOForge.Tests.csproj]
C:\program files\dotnet\sdk\11.0.100-preview.2.26159.112\Microsoft.Common.CurrentVersion.targets(5094,5): warning MSB3026: Could not copy "C:\Users\koosh\Dino\src\Bridge\Client\bin\Release\netstandard2.0\DINOForge.Bridge.Client.dll" to "bin\Release\net8.0\DINOForge.Bridge.Client.dll". Beginning retry 9 in 1000ms. The process cannot access the file 'C:\Users\koosh\Dino\src\Tests\bin\Release\net8.0\DINOForge.Bridge.Client.dll' because it is being used by another process. The file is locked by: "testhost (45240)" [C:\Users\koosh\Dino\src\Tests\DINOForge.Tests.csproj]
C:\program files\dotnet\sdk\11.0.100-preview.2.26159.112\Microsoft.Common.CurrentVersion.targets(5094,5): warning MSB3026: Could not copy "C:\Users\koosh\Dino\src\Domains\UI\bin\Release\netstandard2.0\DINOForge.Domains.UI.dll" to "bin\Release\net8.0\DINOForge.Domains.UI.dll". Beginning retry 9 in 1000ms. The process cannot access the file 'C:\Users\koosh\Dino\src\Tests\bin\Release\net8.0\DINOForge.Domains.UI.dll' because it is being used by another process. The file is locked by: "testhost (45240)" [C:\Users\koosh\Dino\src\Tests\DINOForge.Tests.csproj]
C:\program files\dotnet\sdk\11.0.100-preview.2.26159.112\Microsoft.Common.CurrentVersion.targets(5094,5): warning MSB3026: Could not copy "C:\Users\koosh\Dino\src\Bridge\Protocol\bin\Release\netstandard2.0\DINOForge.Bridge.Protocol.dll" to "bin\Release\net8.0\DINOForge.Bridge.Protocol.dll". Beginning retry 9 in 1000ms. The process cannot access the file 'C:\Users\koosh\Dino\src\Tests\bin\Release\net8.0\DINOForge.Bridge.Protocol.dll' because it is being used by another process. The file is locked by: "testhost (45240)" [C:\Users\koosh\Dino\src\Tests\DINOForge.Tests.csproj]
C:\program files\dotnet\sdk\11.0.100-preview.2.26159.112\Microsoft.Common.CurrentVersion.targets(5094,5): warning MSB3026: Could not copy "C:\Users\koosh\Dino\src\Domains\Economy\bin\Release\netstandard2.0\DINOForge.Domains.Economy.dll" to "bin\Release\net8.0\DINOForge.Domains.Economy.dll". Beginning retry 9 in 1000ms. The process cannot access the file 'C:\Users\koosh\Dino\src\Tests\bin\Release\net8.0\DINOForge.Domains.Economy.dll' because it is being used by another process. The file is locked by: "testhost (45240)" [C:\Users\koosh\Dino\src\Tests\DINOForge.Tests.csproj]
C:\program files\dotnet\sdk\11.0.100-preview.2.26159.112\Microsoft.Common.CurrentVersion.targets(5094,5): warning MSB3026: Could not copy "C:\Users\koosh\Dino\src\Bridge\Client\bin\Release\netstandard2.0\DINOForge.Bridge.Client.dll" to "bin\Release\net8.0\DINOForge.Bridge.Client.dll". Beginning retry 10 in 1000ms. The process cannot access the file 'C:\Users\koosh\Dino\src\Tests\Integration\bin\Release\net8.0\DINOForge.Bridge.Client.dll' because it is being used by another process. The file is locked by: "testhost (23308)" [C:\Users\koosh\Dino\src\Tests\Integration\DINOForge.Tests.Integration.csproj]
C:\program files\dotnet\sdk\11.0.100-preview.2.26159.112\Microsoft.Common.CurrentVersion.targets(5094,5): warning MSB3026: Could not copy "C:\Users\koosh\Dino\src\Bridge\Protocol\bin\Release\netstandard2.0\DINOForge.Bridge.Protocol.dll" to "bin\Release\net8.0\DINOForge.Bridge.Protocol.dll". Beginning retry 10 in 1000ms. The process cannot access the file 'C:\Users\koosh\Dino\src\Tests\Integration\bin\Release\net8.0\DINOForge.Bridge.Protocol.dll' because it is being used by another process. The file is locked by: "testhost (23308)" [C:\Users\koosh\Dino\src\Tests\Integration\DINOForge.Tests.Integration.csproj]
C:\program files\dotnet\sdk\11.0.100-preview.2.26159.112\Microsoft.Common.CurrentVersion.targets(5094,5): warning MSB3026: Could not copy "C:\Users\koosh\Dino\src\Domains\UI\bin\Release\netstandard2.0\DINOForge.Domains.UI.dll" to "bin\Release\net8.0\DINOForge.Domains.UI.dll". Beginning retry 10 in 1000ms. The process cannot access the file 'C:\Users\koosh\Dino\src\Tests\Integration\bin\Release\net8.0\DINOForge.Domains.UI.dll' because it is being used by another process. The file is locked by: "testhost (23308)" [C:\Users\koosh\Dino\src\Tests\Integration\DINOForge.Tests.Integration.csproj]
C:\program files\dotnet\sdk\11.0.100-preview.2.26159.112\Microsoft.Common.CurrentVersion.targets(5094,5): error MSB3027: Could not copy "C:\Users\koosh\Dino\src\SDK\bin\Release\netstandard2.0\DINOForge.SDK.dll" to "bin\Release\net8.0\DINOForge.SDK.dll". Exceeded retry count of 10. Failed. The file is locked by: "testhost (23308)" [C:\Users\koosh\Dino\src\Tests\Integration\DINOForge.Tests.Integration.csproj]
C:\program files\dotnet\sdk\11.0.100-preview.2.26159.112\Microsoft.Common.CurrentVersion.targets(5094,5): error MSB3021: Unable to copy file "C:\Users\koosh\Dino\src\SDK\bin\Release\netstandard2.0\DINOForge.SDK.dll" to "bin\Release\net8.0\DINOForge.SDK.dll". The process cannot access the file 'C:\Users\koosh\Dino\src\Tests\Integration\bin\Release\net8.0\DINOForge.SDK.dll' because it is being used by another process. [C:\Users\koosh\Dino\src\Tests\Integration\DINOForge.Tests.Integration.csproj]
C:\program files\dotnet\sdk\11.0.100-preview.2.26159.112\Microsoft.Common.CurrentVersion.targets(5094,5): error MSB3027: Could not copy "C:\Users\koosh\Dino\src\Runtime\bin\Release\netstandard2.0\DINOForge.Runtime.dll" to "bin\Release\net8.0\DINOForge.Runtime.dll". Exceeded retry count of 10. Failed. The file is locked by: "testhost (23308)" [C:\Users\koosh\Dino\src\Tests\Integration\DINOForge.Tests.Integration.csproj]
C:\program files\dotnet\sdk\11.0.100-preview.2.26159.112\Microsoft.Common.CurrentVersion.targets(5094,5): error MSB3021: Unable to copy file "C:\Users\koosh\Dino\src\Runtime\bin\Release\netstandard2.0\DINOForge.Runtime.dll" to "bin\Release\net8.0\DINOForge.Runtime.dll". The process cannot access the file 'C:\Users\koosh\Dino\src\Tests\Integration\bin\Release\net8.0\DINOForge.Runtime.dll' because it is being used by another process. [C:\Users\koosh\Dino\src\Tests\Integration\DINOForge.Tests.Integration.csproj]
C:\program files\dotnet\sdk\11.0.100-preview.2.26159.112\Microsoft.Common.CurrentVersion.targets(5094,5): warning MSB3026: Could not copy "C:\Users\koosh\Dino\src\Domains\Scenario\bin\Release\netstandard2.0\DINOForge.Domains.Scenario.dll" to "bin\Release\net8.0\DINOForge.Domains.Scenario.dll". Beginning retry 10 in 1000ms. The process cannot access the file 'C:\Users\koosh\Dino\src\Tests\bin\Release\net8.0\DINOForge.Domains.Scenario.dll' because it is being used by another process. The file is locked by: "testhost (45240)" [C:\Users\koosh\Dino\src\Tests\DINOForge.Tests.csproj]
C:\program files\dotnet\sdk\11.0.100-preview.2.26159.112\Microsoft.Common.CurrentVersion.targets(5094,5): warning MSB3026: Could not copy "C:\Users\koosh\Dino\src\Domains\Economy\bin\Release\netstandard2.0\DINOForge.Domains.Economy.dll" to "bin\Release\net8.0\DINOForge.Domains.Economy.dll". Beginning retry 10 in 1000ms. The process cannot access the file 'C:\Users\koosh\Dino\src\Tests\bin\Release\net8.0\DINOForge.Domains.Economy.dll' because it is being used by another process. The file is locked by: "testhost (45240)" [C:\Users\koosh\Dino\src\Tests\DINOForge.Tests.csproj]
C:\program files\dotnet\sdk\11.0.100-preview.2.26159.112\Microsoft.Common.CurrentVersion.targets(5094,5): warning MSB3026: Could not copy "C:\Users\koosh\Dino\src\Bridge\Client\bin\Release\netstandard2.0\DINOForge.Bridge.Client.dll" to "bin\Release\net8.0\DINOForge.Bridge.Client.dll". Beginning retry 10 in 1000ms. The process cannot access the file 'C:\Users\koosh\Dino\src\Tests\bin\Release\net8.0\DINOForge.Bridge.Client.dll' because it is being used by another process. The file is locked by: "testhost (45240)" [C:\Users\koosh\Dino\src\Tests\DINOForge.Tests.csproj]
C:\program files\dotnet\sdk\11.0.100-preview.2.26159.112\Microsoft.Common.CurrentVersion.targets(5094,5): warning MSB3026: Could not copy "C:\Users\koosh\Dino\src\Domains\UI\bin\Release\netstandard2.0\DINOForge.Domains.UI.dll" to "bin\Release\net8.0\DINOForge.Domains.UI.dll". Beginning retry 10 in 1000ms. The process cannot access the file 'C:\Users\koosh\Dino\src\Tests\bin\Release\net8.0\DINOForge.Domains.UI.dll' because it is being used by another process. The file is locked by: "testhost (45240)" [C:\Users\koosh\Dino\src\Tests\DINOForge.Tests.csproj]
C:\program files\dotnet\sdk\11.0.100-preview.2.26159.112\Microsoft.Common.CurrentVersion.targets(5094,5): warning MSB3026: Could not copy "C:\Users\koosh\Dino\src\Bridge\Protocol\bin\Release\netstandard2.0\DINOForge.Bridge.Protocol.dll" to "bin\Release\net8.0\DINOForge.Bridge.Protocol.dll". Beginning retry 10 in 1000ms. The process cannot access the file 'C:\Users\koosh\Dino\src\Tests\bin\Release\net8.0\DINOForge.Bridge.Protocol.dll' because it is being used by another process. The file is locked by: "testhost (45240)" [C:\Users\koosh\Dino\src\Tests\DINOForge.Tests.csproj]
C:\program files\dotnet\sdk\11.0.100-preview.2.26159.112\Microsoft.Common.CurrentVersion.targets(5094,5): warning MSB3026: Could not copy "C:\Users\koosh\Dino\src\Domains\Warfare\bin\Release\netstandard2.0\DINOForge.Domains.Warfare.dll" to "bin\Release\net8.0\DINOForge.Domains.Warfare.dll". Beginning retry 10 in 1000ms. The process cannot access the file 'C:\Users\koosh\Dino\src\Tests\bin\Release\net8.0\DINOForge.Domains.Warfare.dll' because it is being used by another process. The file is locked by: "testhost (45240)" [C:\Users\koosh\Dino\src\Tests\DINOForge.Tests.csproj]
C:\program files\dotnet\sdk\11.0.100-preview.2.26159.112\Microsoft.Common.CurrentVersion.targets(5094,5): error MSB3027: Could not copy "C:\Users\koosh\Dino\src\Bridge\Client\bin\Release\netstandard2.0\DINOForge.Bridge.Client.dll" to "bin\Release\net8.0\DINOForge.Bridge.Client.dll". Exceeded retry count of 10. Failed. The file is locked by: "testhost (23308)" [C:\Users\koosh\Dino\src\Tests\Integration\DINOForge.Tests.Integration.csproj]
C:\program files\dotnet\sdk\11.0.100-preview.2.26159.112\Microsoft.Common.CurrentVersion.targets(5094,5): error MSB3021: Unable to copy file "C:\Users\koosh\Dino\src\Bridge\Client\bin\Release\netstandard2.0\DINOForge.Bridge.Client.dll" to "bin\Release\net8.0\DINOForge.Bridge.Client.dll". The process cannot access the file 'C:\Users\koosh\Dino\src\Tests\Integration\bin\Release\net8.0\DINOForge.Bridge.Client.dll' because it is being used by another process. [C:\Users\koosh\Dino\src\Tests\Integration\DINOForge.Tests.Integration.csproj]
C:\program files\dotnet\sdk\11.0.100-preview.2.26159.112\Microsoft.Common.CurrentVersion.targets(5094,5): error MSB3027: Could not copy "C:\Users\koosh\Dino\src\Bridge\Protocol\bin\Release\netstandard2.0\DINOForge.Bridge.Protocol.dll" to "bin\Release\net8.0\DINOForge.Bridge.Protocol.dll". Exceeded retry count of 10. Failed. The file is locked by: "testhost (23308)" [C:\Users\koosh\Dino\src\Tests\Integration\DINOForge.Tests.Integration.csproj]
C:\program files\dotnet\sdk\11.0.100-preview.2.26159.112\Microsoft.Common.CurrentVersion.targets(5094,5): error MSB3021: Unable to copy file "C:\Users\koosh\Dino\src\Bridge\Protocol\bin\Release\netstandard2.0\DINOForge.Bridge.Protocol.dll" to "bin\Release\net8.0\DINOForge.Bridge.Protocol.dll". The process cannot access the file 'C:\Users\koosh\Dino\src\Tests\Integration\bin\Release\net8.0\DINOForge.Bridge.Protocol.dll' because it is being used by another process. [C:\Users\koosh\Dino\src\Tests\Integration\DINOForge.Tests.Integration.csproj]
C:\program files\dotnet\sdk\11.0.100-preview.2.26159.112\Microsoft.Common.CurrentVersion.targets(5094,5): error MSB3027: Could not copy "C:\Users\koosh\Dino\src\Domains\UI\bin\Release\netstandard2.0\DINOForge.Domains.UI.dll" to "bin\Release\net8.0\DINOForge.Domains.UI.dll". Exceeded retry count of 10. Failed. The file is locked by: "testhost (23308)" [C:\Users\koosh\Dino\src\Tests\Integration\DINOForge.Tests.Integration.csproj]
C:\program files\dotnet\sdk\11.0.100-preview.2.26159.112\Microsoft.Common.CurrentVersion.targets(5094,5): error MSB3021: Unable to copy file "C:\Users\koosh\Dino\src\Domains\UI\bin\Release\netstandard2.0\DINOForge.Domains.UI.dll" to "bin\Release\net8.0\DINOForge.Domains.UI.dll". The process cannot access the file 'C:\Users\koosh\Dino\src\Tests\Integration\bin\Release\net8.0\DINOForge.Domains.UI.dll' because it is being used by another process. [C:\Users\koosh\Dino\src\Tests\Integration\DINOForge.Tests.Integration.csproj]
C:\program files\dotnet\sdk\11.0.100-preview.2.26159.112\Microsoft.Common.CurrentVersion.targets(5094,5): error MSB3027: Could not copy "C:\Users\koosh\Dino\src\Domains\Scenario\bin\Release\netstandard2.0\DINOForge.Domains.Scenario.dll" to "bin\Release\net8.0\DINOForge.Domains.Scenario.dll". Exceeded retry count of 10. Failed. The file is locked by: "testhost (45240)" [C:\Users\koosh\Dino\src\Tests\DINOForge.Tests.csproj]
C:\program files\dotnet\sdk\11.0.100-preview.2.26159.112\Microsoft.Common.CurrentVersion.targets(5094,5): error MSB3021: Unable to copy file "C:\Users\koosh\Dino\src\Domains\Scenario\bin\Release\netstandard2.0\DINOForge.Domains.Scenario.dll" to "bin\Release\net8.0\DINOForge.Domains.Scenario.dll". The process cannot access the file 'C:\Users\koosh\Dino\src\Tests\bin\Release\net8.0\DINOForge.Domains.Scenario.dll' because it is being used by another process. [C:\Users\koosh\Dino\src\Tests\DINOForge.Tests.csproj]
C:\program files\dotnet\sdk\11.0.100-preview.2.26159.112\Microsoft.Common.CurrentVersion.targets(5094,5): error MSB3027: Could not copy "C:\Users\koosh\Dino\src\Domains\UI\bin\Release\netstandard2.0\DINOForge.Domains.UI.dll" to "bin\Release\net8.0\DINOForge.Domains.UI.dll". Exceeded retry count of 10. Failed. The file is locked by: "testhost (45240)" [C:\Users\koosh\Dino\src\Tests\DINOForge.Tests.csproj]
C:\program files\dotnet\sdk\11.0.100-preview.2.26159.112\Microsoft.Common.CurrentVersion.targets(5094,5): error MSB3021: Unable to copy file "C:\Users\koosh\Dino\src\Domains\UI\bin\Release\netstandard2.0\DINOForge.Domains.UI.dll" to "bin\Release\net8.0\DINOForge.Domains.UI.dll". The process cannot access the file 'C:\Users\koosh\Dino\src\Tests\bin\Release\net8.0\DINOForge.Domains.UI.dll' because it is being used by another process. [C:\Users\koosh\Dino\src\Tests\DINOForge.Tests.csproj]
C:\program files\dotnet\sdk\11.0.100-preview.2.26159.112\Microsoft.Common.CurrentVersion.targets(5094,5): error MSB3027: Could not copy "C:\Users\koosh\Dino\src\Bridge\Protocol\bin\Release\netstandard2.0\DINOForge.Bridge.Protocol.dll" to "bin\Release\net8.0\DINOForge.Bridge.Protocol.dll". Exceeded retry count of 10. Failed. The file is locked by: "testhost (45240)" [C:\Users\koosh\Dino\src\Tests\DINOForge.Tests.csproj]
C:\program files\dotnet\sdk\11.0.100-preview.2.26159.112\Microsoft.Common.CurrentVersion.targets(5094,5): error MSB3021: Unable to copy file "C:\Users\koosh\Dino\src\Bridge\Protocol\bin\Release\netstandard2.0\DINOForge.Bridge.Protocol.dll" to "bin\Release\net8.0\DINOForge.Bridge.Protocol.dll". The process cannot access the file 'C:\Users\koosh\Dino\src\Tests\bin\Release\net8.0\DINOForge.Bridge.Protocol.dll' because it is being used by another process. [C:\Users\koosh\Dino\src\Tests\DINOForge.Tests.csproj]
C:\program files\dotnet\sdk\11.0.100-preview.2.26159.112\Microsoft.Common.CurrentVersion.targets(5094,5): error MSB3027: Could not copy "C:\Users\koosh\Dino\src\Bridge\Client\bin\Release\netstandard2.0\DINOForge.Bridge.Client.dll" to "bin\Release\net8.0\DINOForge.Bridge.Client.dll". Exceeded retry count of 10. Failed. The file is locked by: "testhost (45240)" [C:\Users\koosh\Dino\src\Tests\DINOForge.Tests.csproj]
C:\program files\dotnet\sdk\11.0.100-preview.2.26159.112\Microsoft.Common.CurrentVersion.targets(5094,5): error MSB3021: Unable to copy file "C:\Users\koosh\Dino\src\Bridge\Client\bin\Release\netstandard2.0\DINOForge.Bridge.Client.dll" to "bin\Release\net8.0\DINOForge.Bridge.Client.dll". The process cannot access the file 'C:\Users\koosh\Dino\src\Tests\bin\Release\net8.0\DINOForge.Bridge.Client.dll' because it is being used by another process. [C:\Users\koosh\Dino\src\Tests\DINOForge.Tests.csproj]
C:\program files\dotnet\sdk\11.0.100-preview.2.26159.112\Microsoft.Common.CurrentVersion.targets(5094,5): error MSB3027: Could not copy "C:\Users\koosh\Dino\src\Domains\Warfare\bin\Release\netstandard2.0\DINOForge.Domains.Warfare.dll" to "bin\Release\net8.0\DINOForge.Domains.Warfare.dll". Exceeded retry count of 10. Failed. The file is locked by: "testhost (45240)" [C:\Users\koosh\Dino\src\Tests\DINOForge.Tests.csproj]
C:\program files\dotnet\sdk\11.0.100-preview.2.26159.112\Microsoft.Common.CurrentVersion.targets(5094,5): error MSB3021: Unable to copy file "C:\Users\koosh\Dino\src\Domains\Warfare\bin\Release\netstandard2.0\DINOForge.Domains.Warfare.dll" to "bin\Release\net8.0\DINOForge.Domains.Warfare.dll". The process cannot access the file 'C:\Users\koosh\Dino\src\Tests\bin\Release\net8.0\DINOForge.Domains.Warfare.dll' because it is being used by another process. [C:\Users\koosh\Dino\src\Tests\DINOForge.Tests.csproj]
C:\program files\dotnet\sdk\11.0.100-preview.2.26159.112\Microsoft.Common.CurrentVersion.targets(5094,5): error MSB3027: Could not copy "C:\Users\koosh\Dino\src\Domains\Economy\bin\Release\netstandard2.0\DINOForge.Domains.Economy.dll" to "bin\Release\net8.0\DINOForge.Domains.Economy.dll". Exceeded retry count of 10. Failed. The file is locked by: "testhost (45240)" [C:\Users\koosh\Dino\src\Tests\DINOForge.Tests.csproj]
C:\program files\dotnet\sdk\11.0.100-preview.2.26159.112\Microsoft.Common.CurrentVersion.targets(5094,5): error MSB3021: Unable to copy file "C:\Users\koosh\Dino\src\Domains\Economy\bin\Release\netstandard2.0\DINOForge.Domains.Economy.dll" to "bin\Release\net8.0\DINOForge.Domains.Economy.dll". The process cannot access the file 'C:\Users\koosh\Dino\src\Tests\bin\Release\net8.0\DINOForge.Domains.Economy.dll' because it is being used by another process. [C:\Users\koosh\Dino\src\Tests\DINOForge.Tests.csproj]
C:\program files\dotnet\sdk\11.0.100-preview.2.26159.112\Microsoft.Common.CurrentVersion.targets(5094,5): warning MSB3026: Could not copy "C:\Users\koosh\Dino\src\Runtime\bin\Release\netstandard2.0\DINOForge.Runtime.dll" to "bin\Release\net8.0\DINOForge.Runtime.dll". Beginning retry 1 in 1000ms. The process cannot access the file 'C:\Users\koosh\Dino\src\Tests\bin\Release\net8.0\DINOForge.Runtime.dll' because it is being used by another process. The file is locked by: "testhost (45240)" [C:\Users\koosh\Dino\src\Tests\DINOForge.Tests.csproj]
C:\program files\dotnet\sdk\11.0.100-preview.2.26159.112\Microsoft.Common.CurrentVersion.targets(5094,5): warning MSB3026: Could not copy "C:\Users\koosh\Dino\src\Tools\Installer\InstallerLib\bin\Release\net6.0\DINOForge.Tools.Installer.dll" to "bin\Release\net8.0\DINOForge.Tools.Installer.dll". Beginning retry 1 in 1000ms. The process cannot access the file 'C:\Users\koosh\Dino\src\Tests\bin\Release\net8.0\DINOForge.Tools.Installer.dll' because it is being used by another process. The file is locked by: "testhost (45240)" [C:\Users\koosh\Dino\src\Tests\DINOForge.Tests.csproj]
C:\program files\dotnet\sdk\11.0.100-preview.2.26159.112\Microsoft.Common.CurrentVersion.targets(5094,5): warning MSB3026: Could not copy "C:\Users\koosh\Dino\src\SDK\bin\Release\netstandard2.0\DINOForge.SDK.dll" to "bin\Release\net8.0\DINOForge.SDK.dll". Beginning retry 1 in 1000ms. The process cannot access the file 'C:\Users\koosh\Dino\src\Tests\bin\Release\net8.0\DINOForge.SDK.dll' because it is being used by another process. The file is locked by: "testhost (45240)" [C:\Users\koosh\Dino\src\Tests\DINOForge.Tests.csproj]
C:\program files\dotnet\sdk\11.0.100-preview.2.26159.112\Microsoft.Common.CurrentVersion.targets(5094,5): warning MSB3026: Could not copy "C:\Users\koosh\Dino\src\Tools\Installer\InstallerLib\bin\Release\net6.0\DINOForge.Tools.Installer.dll" to "bin\Release\net8.0\DINOForge.Tools.Installer.dll". Beginning retry 2 in 1000ms. The process cannot access the file 'C:\Users\koosh\Dino\src\Tests\bin\Release\net8.0\DINOForge.Tools.Installer.dll' because it is being used by another process. The file is locked by: "testhost (45240)" [C:\Users\koosh\Dino\src\Tests\DINOForge.Tests.csproj]
C:\program files\dotnet\sdk\11.0.100-preview.2.26159.112\Microsoft.Common.CurrentVersion.targets(5094,5): warning MSB3026: Could not copy "C:\Users\koosh\Dino\src\Runtime\bin\Release\netstandard2.0\DINOForge.Runtime.dll" to "bin\Release\net8.0\DINOForge.Runtime.dll". Beginning retry 2 in 1000ms. The process cannot access the file 'C:\Users\koosh\Dino\src\Tests\bin\Release\net8.0\DINOForge.Runtime.dll' because it is being used by another process. The file is locked by: "testhost (45240)" [C:\Users\koosh\Dino\src\Tests\DINOForge.Tests.csproj]
C:\program files\dotnet\sdk\11.0.100-preview.2.26159.112\Microsoft.Common.CurrentVersion.targets(5094,5): warning MSB3026: Could not copy "C:\Users\koosh\Dino\src\SDK\bin\Release\netstandard2.0\DINOForge.SDK.dll" to "bin\Release\net8.0\DINOForge.SDK.dll". Beginning retry 2 in 1000ms. The process cannot access the file 'C:\Users\koosh\Dino\src\Tests\bin\Release\net8.0\DINOForge.SDK.dll' because it is being used by another process. The file is locked by: "testhost (45240)" [C:\Users\koosh\Dino\src\Tests\DINOForge.Tests.csproj]
C:\program files\dotnet\sdk\11.0.100-preview.2.26159.112\Microsoft.Common.CurrentVersion.targets(5094,5): warning MSB3026: Could not copy "C:\Users\koosh\Dino\src\Runtime\bin\Release\netstandard2.0\DINOForge.Runtime.dll" to "bin\Release\net8.0\DINOForge.Runtime.dll". Beginning retry 3 in 1000ms. The process cannot access the file 'C:\Users\koosh\Dino\src\Tests\bin\Release\net8.0\DINOForge.Runtime.dll' because it is being used by another process. The file is locked by: "testhost (45240)" [C:\Users\koosh\Dino\src\Tests\DINOForge.Tests.csproj]
C:\program files\dotnet\sdk\11.0.100-preview.2.26159.112\Microsoft.Common.CurrentVersion.targets(5094,5): warning MSB3026: Could not copy "C:\Users\koosh\Dino\src\SDK\bin\Release\netstandard2.0\DINOForge.SDK.dll" to "bin\Release\net8.0\DINOForge.SDK.dll". Beginning retry 3 in 1000ms. The process cannot access the file 'C:\Users\koosh\Dino\src\Tests\bin\Release\net8.0\DINOForge.SDK.dll' because it is being used by another process. The file is locked by: "testhost (45240)" [C:\Users\koosh\Dino\src\Tests\DINOForge.Tests.csproj]
C:\program files\dotnet\sdk\11.0.100-preview.2.26159.112\Microsoft.Common.CurrentVersion.targets(5094,5): warning MSB3026: Could not copy "C:\Users\koosh\Dino\src\Tools\Installer\InstallerLib\bin\Release\net6.0\DINOForge.Tools.Installer.dll" to "bin\Release\net8.0\DINOForge.Tools.Installer.dll". Beginning retry 3 in 1000ms. The process cannot access the file 'C:\Users\koosh\Dino\src\Tests\bin\Release\net8.0\DINOForge.Tools.Installer.dll' because it is being used by another process. The file is locked by: "testhost (45240)" [C:\Users\koosh\Dino\src\Tests\DINOForge.Tests.csproj]
C:\program files\dotnet\sdk\11.0.100-preview.2.26159.112\Microsoft.Common.CurrentVersion.targets(5094,5): warning MSB3026: Could not copy "C:\Users\koosh\Dino\src\Tools\Installer\InstallerLib\bin\Release\net6.0\DINOForge.Tools.Installer.dll" to "bin\Release\net8.0\DINOForge.Tools.Installer.dll". Beginning retry 4 in 1000ms. The process cannot access the file 'C:\Users\koosh\Dino\src\Tests\bin\Release\net8.0\DINOForge.Tools.Installer.dll' because it is being used by another process. The file is locked by: "testhost (45240)" [C:\Users\koosh\Dino\src\Tests\DINOForge.Tests.csproj]
C:\program files\dotnet\sdk\11.0.100-preview.2.26159.112\Microsoft.Common.CurrentVersion.targets(5094,5): warning MSB3026: Could not copy "C:\Users\koosh\Dino\src\Runtime\bin\Release\netstandard2.0\DINOForge.Runtime.dll" to "bin\Release\net8.0\DINOForge.Runtime.dll". Beginning retry 4 in 1000ms. The process cannot access the file 'C:\Users\koosh\Dino\src\Tests\bin\Release\net8.0\DINOForge.Runtime.dll' because it is being used by another process. The file is locked by: "testhost (45240)" [C:\Users\koosh\Dino\src\Tests\DINOForge.Tests.csproj]
C:\program files\dotnet\sdk\11.0.100-preview.2.26159.112\Microsoft.Common.CurrentVersion.targets(5094,5): warning MSB3026: Could not copy "C:\Users\koosh\Dino\src\SDK\bin\Release\netstandard2.0\DINOForge.SDK.dll" to "bin\Release\net8.0\DINOForge.SDK.dll". Beginning retry 4 in 1000ms. The process cannot access the file 'C:\Users\koosh\Dino\src\Tests\bin\Release\net8.0\DINOForge.SDK.dll' because it is being used by another process. The file is locked by: "testhost (45240)" [C:\Users\koosh\Dino\src\Tests\DINOForge.Tests.csproj]
C:\program files\dotnet\sdk\11.0.100-preview.2.26159.112\Microsoft.Common.CurrentVersion.targets(5094,5): warning MSB3026: Could not copy "C:\Users\koosh\Dino\src\Runtime\bin\Release\netstandard2.0\DINOForge.Runtime.dll" to "bin\Release\net8.0\DINOForge.Runtime.dll". Beginning retry 5 in 1000ms. The process cannot access the file 'C:\Users\koosh\Dino\src\Tests\bin\Release\net8.0\DINOForge.Runtime.dll' because it is being used by another process. The file is locked by: "testhost (45240)" [C:\Users\koosh\Dino\src\Tests\DINOForge.Tests.csproj]
C:\program files\dotnet\sdk\11.0.100-preview.2.26159.112\Microsoft.Common.CurrentVersion.targets(5094,5): warning MSB3026: Could not copy "C:\Users\koosh\Dino\src\SDK\bin\Release\netstandard2.0\DINOForge.SDK.dll" to "bin\Release\net8.0\DINOForge.SDK.dll". Beginning retry 5 in 1000ms. The process cannot access the file 'C:\Users\koosh\Dino\src\Tests\bin\Release\net8.0\DINOForge.SDK.dll' because it is being used by another process. The file is locked by: "testhost (45240)" [C:\Users\koosh\Dino\src\Tests\DINOForge.Tests.csproj]
C:\program files\dotnet\sdk\11.0.100-preview.2.26159.112\Microsoft.Common.CurrentVersion.targets(5094,5): warning MSB3026: Could not copy "C:\Users\koosh\Dino\src\Tools\Installer\InstallerLib\bin\Release\net6.0\DINOForge.Tools.Installer.dll" to "bin\Release\net8.0\DINOForge.Tools.Installer.dll". Beginning retry 5 in 1000ms. The process cannot access the file 'C:\Users\koosh\Dino\src\Tests\bin\Release\net8.0\DINOForge.Tools.Installer.dll' because it is being used by another process. The file is locked by: "testhost (45240)" [C:\Users\koosh\Dino\src\Tests\DINOForge.Tests.csproj]
C:\program files\dotnet\sdk\11.0.100-preview.2.26159.112\Microsoft.Common.CurrentVersion.targets(5094,5): warning MSB3026: Could not copy "C:\Users\koosh\Dino\src\SDK\bin\Release\netstandard2.0\DINOForge.SDK.dll" to "bin\Release\net8.0\DINOForge.SDK.dll". Beginning retry 6 in 1000ms. The process cannot access the file 'C:\Users\koosh\Dino\src\Tests\bin\Release\net8.0\DINOForge.SDK.dll' because it is being used by another process. The file is locked by: "testhost (45240)" [C:\Users\koosh\Dino\src\Tests\DINOForge.Tests.csproj]
C:\program files\dotnet\sdk\11.0.100-preview.2.26159.112\Microsoft.Common.CurrentVersion.targets(5094,5): warning MSB3026: Could not copy "C:\Users\koosh\Dino\src\Runtime\bin\Release\netstandard2.0\DINOForge.Runtime.dll" to "bin\Release\net8.0\DINOForge.Runtime.dll". Beginning retry 6 in 1000ms. The process cannot access the file 'C:\Users\koosh\Dino\src\Tests\bin\Release\net8.0\DINOForge.Runtime.dll' because it is being used by another process. The file is locked by: "testhost (45240)" [C:\Users\koosh\Dino\src\Tests\DINOForge.Tests.csproj]
C:\program files\dotnet\sdk\11.0.100-preview.2.26159.112\Microsoft.Common.CurrentVersion.targets(5094,5): warning MSB3026: Could not copy "C:\Users\koosh\Dino\src\Tools\Installer\InstallerLib\bin\Release\net6.0\DINOForge.Tools.Installer.dll" to "bin\Release\net8.0\DINOForge.Tools.Installer.dll". Beginning retry 6 in 1000ms. The process cannot access the file 'C:\Users\koosh\Dino\src\Tests\bin\Release\net8.0\DINOForge.Tools.Installer.dll' because it is being used by another process. The file is locked by: "testhost (45240)" [C:\Users\koosh\Dino\src\Tests\DINOForge.Tests.csproj]
C:\program files\dotnet\sdk\11.0.100-preview.2.26159.112\Microsoft.Common.CurrentVersion.targets(5094,5): warning MSB3026: Could not copy "C:\Users\koosh\Dino\src\Tools\Installer\InstallerLib\bin\Release\net6.0\DINOForge.Tools.Installer.dll" to "bin\Release\net8.0\DINOForge.Tools.Installer.dll". Beginning retry 7 in 1000ms. The process cannot access the file 'C:\Users\koosh\Dino\src\Tests\bin\Release\net8.0\DINOForge.Tools.Installer.dll' because it is being used by another process. The file is locked by: "testhost (45240)" [C:\Users\koosh\Dino\src\Tests\DINOForge.Tests.csproj]
C:\program files\dotnet\sdk\11.0.100-preview.2.26159.112\Microsoft.Common.CurrentVersion.targets(5094,5): warning MSB3026: Could not copy "C:\Users\koosh\Dino\src\Runtime\bin\Release\netstandard2.0\DINOForge.Runtime.dll" to "bin\Release\net8.0\DINOForge.Runtime.dll". Beginning retry 7 in 1000ms. The process cannot access the file 'C:\Users\koosh\Dino\src\Tests\bin\Release\net8.0\DINOForge.Runtime.dll' because it is being used by another process. The file is locked by: "testhost (45240)" [C:\Users\koosh\Dino\src\Tests\DINOForge.Tests.csproj]
C:\program files\dotnet\sdk\11.0.100-preview.2.26159.112\Microsoft.Common.CurrentVersion.targets(5094,5): warning MSB3026: Could not copy "C:\Users\koosh\Dino\src\SDK\bin\Release\netstandard2.0\DINOForge.SDK.dll" to "bin\Release\net8.0\DINOForge.SDK.dll". Beginning retry 7 in 1000ms. The process cannot access the file 'C:\Users\koosh\Dino\src\Tests\bin\Release\net8.0\DINOForge.SDK.dll' because it is being used by another process. The file is locked by: "testhost (45240)" [C:\Users\koosh\Dino\src\Tests\DINOForge.Tests.csproj]
C:\program files\dotnet\sdk\11.0.100-preview.2.26159.112\Microsoft.Common.CurrentVersion.targets(5094,5): warning MSB3026: Could not copy "C:\Users\koosh\Dino\src\Tools\Installer\InstallerLib\bin\Release\net6.0\DINOForge.Tools.Installer.dll" to "bin\Release\net8.0\DINOForge.Tools.Installer.dll". Beginning retry 8 in 1000ms. The process cannot access the file 'C:\Users\koosh\Dino\src\Tests\bin\Release\net8.0\DINOForge.Tools.Installer.dll' because it is being used by another process. The file is locked by: "testhost (45240)" [C:\Users\koosh\Dino\src\Tests\DINOForge.Tests.csproj]
C:\program files\dotnet\sdk\11.0.100-preview.2.26159.112\Microsoft.Common.CurrentVersion.targets(5094,5): warning MSB3026: Could not copy "C:\Users\koosh\Dino\src\SDK\bin\Release\netstandard2.0\DINOForge.SDK.dll" to "bin\Release\net8.0\DINOForge.SDK.dll". Beginning retry 8 in 1000ms. The process cannot access the file 'C:\Users\koosh\Dino\src\Tests\bin\Release\net8.0\DINOForge.SDK.dll' because it is being used by another process. The file is locked by: "testhost (45240)" [C:\Users\koosh\Dino\src\Tests\DINOForge.Tests.csproj]
C:\program files\dotnet\sdk\11.0.100-preview.2.26159.112\Microsoft.Common.CurrentVersion.targets(5094,5): warning MSB3026: Could not copy "C:\Users\koosh\Dino\src\Runtime\bin\Release\netstandard2.0\DINOForge.Runtime.dll" to "bin\Release\net8.0\DINOForge.Runtime.dll". Beginning retry 8 in 1000ms. The process cannot access the file 'C:\Users\koosh\Dino\src\Tests\bin\Release\net8.0\DINOForge.Runtime.dll' because it is being used by another process. The file is locked by: "testhost (45240)" [C:\Users\koosh\Dino\src\Tests\DINOForge.Tests.csproj]
C:\program files\dotnet\sdk\11.0.100-preview.2.26159.112\Microsoft.Common.CurrentVersion.targets(5094,5): warning MSB3026: Could not copy "C:\Users\koosh\Dino\src\SDK\bin\Release\netstandard2.0\DINOForge.SDK.dll" to "bin\Release\net8.0\DINOForge.SDK.dll". Beginning retry 9 in 1000ms. The process cannot access the file 'C:\Users\koosh\Dino\src\Tests\bin\Release\net8.0\DINOForge.SDK.dll' because it is being used by another process. The file is locked by: "testhost (45240)" [C:\Users\koosh\Dino\src\Tests\DINOForge.Tests.csproj]
C:\program files\dotnet\sdk\11.0.100-preview.2.26159.112\Microsoft.Common.CurrentVersion.targets(5094,5): warning MSB3026: Could not copy "C:\Users\koosh\Dino\src\Runtime\bin\Release\netstandard2.0\DINOForge.Runtime.dll" to "bin\Release\net8.0\DINOForge.Runtime.dll". Beginning retry 9 in 1000ms. The process cannot access the file 'C:\Users\koosh\Dino\src\Tests\bin\Release\net8.0\DINOForge.Runtime.dll' because it is being used by another process. The file is locked by: "testhost (45240)" [C:\Users\koosh\Dino\src\Tests\DINOForge.Tests.csproj]
C:\program files\dotnet\sdk\11.0.100-preview.2.26159.112\Microsoft.Common.CurrentVersion.targets(5094,5): warning MSB3026: Could not copy "C:\Users\koosh\Dino\src\Tools\Installer\InstallerLib\bin\Release\net6.0\DINOForge.Tools.Installer.dll" to "bin\Release\net8.0\DINOForge.Tools.Installer.dll". Beginning retry 9 in 1000ms. The process cannot access the file 'C:\Users\koosh\Dino\src\Tests\bin\Release\net8.0\DINOForge.Tools.Installer.dll' because it is being used by another process. The file is locked by: "testhost (45240)" [C:\Users\koosh\Dino\src\Tests\DINOForge.Tests.csproj]
C:\program files\dotnet\sdk\11.0.100-preview.2.26159.112\Microsoft.Common.CurrentVersion.targets(5094,5): warning MSB3026: Could not copy "C:\Users\koosh\Dino\src\Tools\Installer\InstallerLib\bin\Release\net6.0\DINOForge.Tools.Installer.dll" to "bin\Release\net8.0\DINOForge.Tools.Installer.dll". Beginning retry 10 in 1000ms. The process cannot access the file 'C:\Users\koosh\Dino\src\Tests\bin\Release\net8.0\DINOForge.Tools.Installer.dll' because it is being used by another process. The file is locked by: "testhost (45240)" [C:\Users\koosh\Dino\src\Tests\DINOForge.Tests.csproj]
C:\program files\dotnet\sdk\11.0.100-preview.2.26159.112\Microsoft.Common.CurrentVersion.targets(5094,5): warning MSB3026: Could not copy "C:\Users\koosh\Dino\src\Runtime\bin\Release\netstandard2.0\DINOForge.Runtime.dll" to "bin\Release\net8.0\DINOForge.Runtime.dll". Beginning retry 10 in 1000ms. The process cannot access the file 'C:\Users\koosh\Dino\src\Tests\bin\Release\net8.0\DINOForge.Runtime.dll' because it is being used by another process. The file is locked by: "testhost (45240)" [C:\Users\koosh\Dino\src\Tests\DINOForge.Tests.csproj]
C:\program files\dotnet\sdk\11.0.100-preview.2.26159.112\Microsoft.Common.CurrentVersion.targets(5094,5): warning MSB3026: Could not copy "C:\Users\koosh\Dino\src\SDK\bin\Release\netstandard2.0\DINOForge.SDK.dll" to "bin\Release\net8.0\DINOForge.SDK.dll". Beginning retry 10 in 1000ms. The process cannot access the file 'C:\Users\koosh\Dino\src\Tests\bin\Release\net8.0\DINOForge.SDK.dll' because it is being used by another process. The file is locked by: "testhost (45240)" [C:\Users\koosh\Dino\src\Tests\DINOForge.Tests.csproj]
C:\program files\dotnet\sdk\11.0.100-preview.2.26159.112\Microsoft.Common.CurrentVersion.targets(5094,5): error MSB3027: Could not copy "C:\Users\koosh\Dino\src\Tools\Installer\InstallerLib\bin\Release\net6.0\DINOForge.Tools.Installer.dll" to "bin\Release\net8.0\DINOForge.Tools.Installer.dll". Exceeded retry count of 10. Failed. The file is locked by: "testhost (45240)" [C:\Users\koosh\Dino\src\Tests\DINOForge.Tests.csproj]
C:\program files\dotnet\sdk\11.0.100-preview.2.26159.112\Microsoft.Common.CurrentVersion.targets(5094,5): error MSB3021: Unable to copy file "C:\Users\koosh\Dino\src\Tools\Installer\InstallerLib\bin\Release\net6.0\DINOForge.Tools.Installer.dll" to "bin\Release\net8.0\DINOForge.Tools.Installer.dll". The process cannot access the file 'C:\Users\koosh\Dino\src\Tests\bin\Release\net8.0\DINOForge.Tools.Installer.dll' because it is being used by another process. [C:\Users\koosh\Dino\src\Tests\DINOForge.Tests.csproj]
C:\program files\dotnet\sdk\11.0.100-preview.2.26159.112\Microsoft.Common.CurrentVersion.targets(5094,5): error MSB3027: Could not copy "C:\Users\koosh\Dino\src\Runtime\bin\Release\netstandard2.0\DINOForge.Runtime.dll" to "bin\Release\net8.0\DINOForge.Runtime.dll". Exceeded retry count of 10. Failed. The file is locked by: "testhost (45240)" [C:\Users\koosh\Dino\src\Tests\DINOForge.Tests.csproj]
C:\program files\dotnet\sdk\11.0.100-preview.2.26159.112\Microsoft.Common.CurrentVersion.targets(5094,5): error MSB3021: Unable to copy file "C:\Users\koosh\Dino\src\Runtime\bin\Release\netstandard2.0\DINOForge.Runtime.dll" to "bin\Release\net8.0\DINOForge.Runtime.dll". The process cannot access the file 'C:\Users\koosh\Dino\src\Tests\bin\Release\net8.0\DINOForge.Runtime.dll' because it is being used by another process. [C:\Users\koosh\Dino\src\Tests\DINOForge.Tests.csproj]
C:\program files\dotnet\sdk\11.0.100-preview.2.26159.112\Microsoft.Common.CurrentVersion.targets(5094,5): error MSB3027: Could not copy "C:\Users\koosh\Dino\src\SDK\bin\Release\netstandard2.0\DINOForge.SDK.dll" to "bin\Release\net8.0\DINOForge.SDK.dll". Exceeded retry count of 10. Failed. The file is locked by: "testhost (45240)" [C:\Users\koosh\Dino\src\Tests\DINOForge.Tests.csproj]
C:\program files\dotnet\sdk\11.0.100-preview.2.26159.112\Microsoft.Common.CurrentVersion.targets(5094,5): error MSB3021: Unable to copy file "C:\Users\koosh\Dino\src\SDK\bin\Release\netstandard2.0\DINOForge.SDK.dll" to "bin\Release\net8.0\DINOForge.SDK.dll". The process cannot access the file 'C:\Users\koosh\Dino\src\Tests\bin\Release\net8.0\DINOForge.SDK.dll' because it is being used by another process. [C:\Users\koosh\Dino\src\Tests\DINOForge.Tests.csproj]

Build FAILED.

C:\Users\koosh\.nuget\packages\system.text.encodings.web\10.0.8\buildTransitive\netcoreapp2.0\System.Text.Encodings.Web.targets(4,5): warning : System.Text.Encodings.Web 10.0.8 doesn't support net6.0 and has not been tested with it. Consider upgrading your TargetFramework to net8.0 or later. You may also set <SuppressTfmSupportBuildWarnings>true</SuppressTfmSupportBuildWarnings> in the project file to ignore this warning and attempt to run in this unsupported configuration at your own risk. [C:\Users\koosh\Dino\src\Tools\Installer\InstallerLib\DINOForge.Tools.Installer.csproj]
C:\Users\koosh\.nuget\packages\system.io.pipelines\10.0.8\buildTransitive\netcoreapp2.0\System.IO.Pipelines.targets(4,5): warning : System.IO.Pipelines 10.0.8 doesn't support net6.0 and has not been tested with it. Consider upgrading your TargetFramework to net8.0 or later. You may also set <SuppressTfmSupportBuildWarnings>true</SuppressTfmSupportBuildWarnings> in the project file to ignore this warning and attempt to run in this unsupported configuration at your own risk. [C:\Users\koosh\Dino\src\Tools\Installer\InstallerLib\DINOForge.Tools.Installer.csproj]
C:\Users\koosh\.nuget\packages\system.text.json\10.0.8\buildTransitive\netcoreapp2.0\System.Text.Json.targets(4,5): warning : System.Text.Json 10.0.8 doesn't support net6.0 and has not been tested with it. Consider upgrading your TargetFramework to net8.0 or later. You may also set <SuppressTfmSupportBuildWarnings>true</SuppressTfmSupportBuildWarnings> in the project file to ignore this warning and attempt to run in this unsupported configuration at your own risk. [C:\Users\koosh\Dino\src\Tools\Installer\InstallerLib\DINOForge.Tools.Installer.csproj]
C:\Users\koosh\Dino\src\SDK\NativeInterop\GoDependencyResolver.cs(284,1): warning CS1570: XML comment has badly formed XML -- 'Expected an end tag for element 'summary'.' [C:\Users\koosh\Dino\src\SDK\DINOForge.SDK.csproj]
C:\Users\koosh\Dino\src\SDK\Dependencies\PackSubmoduleManager.cs(68,20): warning CS8602: Dereference of a possibly null reference. [C:\Users\koosh\Dino\src\SDK\DINOForge.SDK.csproj]
C:\Users\koosh\Dino\src\SDK\NativeInterop\GoDependencyResolver.cs(39,61): warning CS8601: Possible null reference assignment. [C:\Users\koosh\Dino\src\SDK\DINOForge.SDK.csproj]
C:\Users\koosh\Dino\src\SDK\NativeInterop\GoDependencyResolver.cs(227,39): warning CS8618: Non-nullable property 'Available' must contain a non-null value when exiting constructor. Consider adding the 'required' modifier or declaring the property as nullable. [C:\Users\koosh\Dino\src\SDK\DINOForge.SDK.csproj]
C:\Users\koosh\Dino\src\SDK\NativeInterop\GoDependencyResolver.cs(228,33): warning CS8618: Non-nullable property 'Target' must contain a non-null value when exiting constructor. Consider adding the 'required' modifier or declaring the property as nullable. [C:\Users\koosh\Dino\src\SDK\DINOForge.SDK.csproj]
C:\Users\koosh\Dino\src\SDK\NativeInterop\RustAssetPipeline.cs(192,24): warning CS8602: Dereference of a possibly null reference. [C:\Users\koosh\Dino\src\SDK\DINOForge.SDK.csproj]
C:\Users\koosh\Dino\src\SDK\Concurrency\PollingHelper.cs(40,23): warning CS1573: Parameter 'timeProvider' has no matching param tag in the XML comment for 'PollingHelper.RetryUntilAsync<T>(Func<T?>, TimeSpan, TimeSpan, double, TimeSpan, CancellationToken, TimeProvider?)' (but other parameters do) [C:\Users\koosh\Dino\src\SDK\DINOForge.SDK.csproj]
C:\Users\koosh\Dino\src\SDK\Concurrency\PollingHelper.cs(96,23): warning CS1573: Parameter 'timeProvider' has no matching param tag in the XML comment for 'PollingHelper.RetryUntilTrueAsync(Func<bool>, TimeSpan, TimeSpan, double, TimeSpan, CancellationToken, TimeProvider?)' (but other parameters do) [C:\Users\koosh\Dino\src\SDK\DINOForge.SDK.csproj]
C:\Users\koosh\Dino\src\Domains\UI\HUDInjectionSystem.cs(118,16): warning CS1591: Missing XML comment for publicly visible type or member 'HUDElementDefinition.HUDElementDefinition(string, string, string, string, int, bool)' [C:\Users\koosh\Dino\src\Domains\UI\DINOForge.Domains.UI.csproj]
C:\Users\koosh\Dino\src\Domains\UI\ThemeColorPalette.cs(192,21): warning CS1591: Missing XML comment for publicly visible type or member 'ThemeThemeColor.R' [C:\Users\koosh\Dino\src\Domains\UI\DINOForge.Domains.UI.csproj]
C:\Users\koosh\Dino\src\Domains\UI\ThemeColorPalette.cs(193,21): warning CS1591: Missing XML comment for publicly visible type or member 'ThemeThemeColor.G' [C:\Users\koosh\Dino\src\Domains\UI\DINOForge.Domains.UI.csproj]
C:\Users\koosh\Dino\src\Domains\UI\ThemeColorPalette.cs(194,21): warning CS1591: Missing XML comment for publicly visible type or member 'ThemeThemeColor.B' [C:\Users\koosh\Dino\src\Domains\UI\DINOForge.Domains.UI.csproj]
C:\Users\koosh\Dino\src\Domains\UI\ThemeColorPalette.cs(195,21): warning CS1591: Missing XML comment for publicly visible type or member 'ThemeThemeColor.A' [C:\Users\koosh\Dino\src\Domains\UI\DINOForge.Domains.UI.csproj]
C:\Users\koosh\.nuget\packages\system.text.encodings.web\10.0.8\buildTransitive\netcoreapp2.0\System.Text.Encodings.Web.targets(4,5): warning : System.Text.Encodings.Web 10.0.8 doesn't support net6.0 and has not been tested with it. Consider upgrading your TargetFramework to net8.0 or later. You may also set <SuppressTfmSupportBuildWarnings>true</SuppressTfmSupportBuildWarnings> in the project file to ignore this warning and attempt to run in this unsupported configuration at your own risk. [C:\Users\koosh\Dino\src\Tools\Installer\InstallerLib\DINOForge.Tools.Installer.csproj]
C:\Users\koosh\.nuget\packages\system.io.pipelines\10.0.8\buildTransitive\netcoreapp2.0\System.IO.Pipelines.targets(4,5): warning : System.IO.Pipelines 10.0.8 doesn't support net6.0 and has not been tested with it. Consider upgrading your TargetFramework to net8.0 or later. You may also set <SuppressTfmSupportBuildWarnings>true</SuppressTfmSupportBuildWarnings> in the project file to ignore this warning and attempt to run in this unsupported configuration at your own risk. [C:\Users\koosh\Dino\src\Tools\Installer\InstallerLib\DINOForge.Tools.Installer.csproj]
C:\Users\koosh\.nuget\packages\system.text.json\10.0.8\buildTransitive\netcoreapp2.0\System.Text.Json.targets(4,5): warning : System.Text.Json 10.0.8 doesn't support net6.0 and has not been tested with it. Consider upgrading your TargetFramework to net8.0 or later. You may also set <SuppressTfmSupportBuildWarnings>true</SuppressTfmSupportBuildWarnings> in the project file to ignore this warning and attempt to run in this unsupported configuration at your own risk. [C:\Users\koosh\Dino\src\Tools\Installer\InstallerLib\DINOForge.Tools.Installer.csproj]
C:\Users\koosh\.nuget\packages\system.text.encodings.web\10.0.8\buildTransitive\netcoreapp2.0\System.Text.Encodings.Web.targets(4,5): warning : System.Text.Encodings.Web 10.0.8 doesn't support net6.0 and has not been tested with it. Consider upgrading your TargetFramework to net8.0 or later. You may also set <SuppressTfmSupportBuildWarnings>true</SuppressTfmSupportBuildWarnings> in the project file to ignore this warning and attempt to run in this unsupported configuration at your own risk. [C:\Users\koosh\Dino\src\Tools\Installer\InstallerLib\DINOForge.Tools.Installer.csproj]
C:\Users\koosh\.nuget\packages\system.io.pipelines\10.0.8\buildTransitive\netcoreapp2.0\System.IO.Pipelines.targets(4,5): warning : System.IO.Pipelines 10.0.8 doesn't support net6.0 and has not been tested with it. Consider upgrading your TargetFramework to net8.0 or later. You may also set <SuppressTfmSupportBuildWarnings>true</SuppressTfmSupportBuildWarnings> in the project file to ignore this warning and attempt to run in this unsupported configuration at your own risk. [C:\Users\koosh\Dino\src\Tools\Installer\InstallerLib\DINOForge.Tools.Installer.csproj]
C:\Users\koosh\.nuget\packages\system.text.json\10.0.8\buildTransitive\netcoreapp2.0\System.Text.Json.targets(4,5): warning : System.Text.Json 10.0.8 doesn't support net6.0 and has not been tested with it. Consider upgrading your TargetFramework to net8.0 or later. You may also set <SuppressTfmSupportBuildWarnings>true</SuppressTfmSupportBuildWarnings> in the project file to ignore this warning and attempt to run in this unsupported configuration at your own risk. [C:\Users\koosh\Dino\src\Tools\Installer\InstallerLib\DINOForge.Tools.Installer.csproj]
C:\Users\koosh\Dino\src\Bridge\Client\BridgeReceiptVerifier.cs(139,28): warning CS1574: XML comment has cref attribute 'ComputeHmac' that could not be resolved [C:\Users\koosh\Dino\src\Bridge\Client\DINOForge.Bridge.Client.csproj]
C:\Users\koosh\Dino\src\Bridge\Client\SessionKeyCache.cs(17,16): warning CS1574: XML comment has cref attribute 'SessionHmac' that could not be resolved [C:\Users\koosh\Dino\src\Bridge\Client\DINOForge.Bridge.Client.csproj]
C:\Users\koosh\Dino\src\Runtime\Plugin.cs(757,29): warning CS0162: Unreachable code detected [C:\Users\koosh\Dino\src\Runtime\DINOForge.Runtime.csproj]
C:\Users\koosh\Dino\src\Runtime\Plugin.cs(1052,21): warning CS8602: Dereference of a possibly null reference. [C:\Users\koosh\Dino\src\Runtime\DINOForge.Runtime.csproj]
C:\Users\koosh\Dino\src\Runtime\Plugin.cs(1062,21): warning CS8602: Dereference of a possibly null reference. [C:\Users\koosh\Dino\src\Runtime\DINOForge.Runtime.csproj]
C:\Users\koosh\Dino\src\Runtime\UI\ModMenuPanel.cs(47,23): warning CS0414: The field 'ModMenuPanel._animT' is assigned but its value is never used [C:\Users\koosh\Dino\src\Runtime\DINOForge.Runtime.csproj]
C:\Users\koosh\Dino\src\Tools\McpServer\DINOForge.Tools.McpServer.csproj(31,5): warning MSB3030: Could not copy the file "bare-cua-native.exe" because it was not found.
C:\Users\koosh\Dino\src\Tests\Integration\Tests\ParallelGameE2ETests.cs(758,18): warning CS0414: The field 'FreshInstallTests._isDisposed' is assigned but its value is never used [C:\Users\koosh\Dino\src\Tests\Integration\DINOForge.Tests.Integration.csproj]
C:\program files\dotnet\sdk\11.0.100-preview.2.26159.112\Microsoft.Common.CurrentVersion.targets(5094,5): warning MSB3026: Could not copy "C:\Users\koosh\Dino\src\SDK\bin\Release\netstandard2.0\DINOForge.SDK.dll" to "bin\Release\net8.0\DINOForge.SDK.dll". Beginning retry 1 in 1000ms. The process cannot access the file 'C:\Users\koosh\Dino\src\Tests\Integration\bin\Release\net8.0\DINOForge.SDK.dll' because it is being used by another process. The file is locked by: "testhost (23308)" [C:\Users\koosh\Dino\src\Tests\Integration\DINOForge.Tests.Integration.csproj]
C:\program files\dotnet\sdk\11.0.100-preview.2.26159.112\Microsoft.Common.CurrentVersion.targets(5094,5): warning MSB3026: Could not copy "C:\Users\koosh\Dino\src\Runtime\bin\Release\netstandard2.0\DINOForge.Runtime.dll" to "bin\Release\net8.0\DINOForge.Runtime.dll". Beginning retry 1 in 1000ms. The process cannot access the file 'C:\Users\koosh\Dino\src\Tests\Integration\bin\Release\net8.0\DINOForge.Runtime.dll' because it is being used by another process. The file is locked by: "testhost (23308)" [C:\Users\koosh\Dino\src\Tests\Integration\DINOForge.Tests.Integration.csproj]
C:\program files\dotnet\sdk\11.0.100-preview.2.26159.112\Microsoft.Common.CurrentVersion.targets(5094,5): warning MSB3026: Could not copy "C:\Users\koosh\Dino\src\Domains\UI\bin\Release\netstandard2.0\DINOForge.Domains.UI.dll" to "bin\Release\net8.0\DINOForge.Domains.UI.dll". Beginning retry 1 in 1000ms. The process cannot access the file 'C:\Users\koosh\Dino\src\Tests\Integration\bin\Release\net8.0\DINOForge.Domains.UI.dll' because it is being used by another process. The file is locked by: "testhost (23308)" [C:\Users\koosh\Dino\src\Tests\Integration\DINOForge.Tests.Integration.csproj]
C:\program files\dotnet\sdk\11.0.100-preview.2.26159.112\Microsoft.Common.CurrentVersion.targets(5094,5): warning MSB3026: Could not copy "C:\Users\koosh\Dino\src\Bridge\Client\bin\Release\netstandard2.0\DINOForge.Bridge.Client.dll" to "bin\Release\net8.0\DINOForge.Bridge.Client.dll". Beginning retry 1 in 1000ms. The process cannot access the file 'C:\Users\koosh\Dino\src\Tests\Integration\bin\Release\net8.0\DINOForge.Bridge.Client.dll' because it is being used by another process. The file is locked by: "testhost (23308)" [C:\Users\koosh\Dino\src\Tests\Integration\DINOForge.Tests.Integration.csproj]
C:\program files\dotnet\sdk\11.0.100-preview.2.26159.112\Microsoft.Common.CurrentVersion.targets(5094,5): warning MSB3026: Could not copy "C:\Users\koosh\Dino\src\Bridge\Protocol\bin\Release\netstandard2.0\DINOForge.Bridge.Protocol.dll" to "bin\Release\net8.0\DINOForge.Bridge.Protocol.dll". Beginning retry 1 in 1000ms. The process cannot access the file 'C:\Users\koosh\Dino\src\Tests\Integration\bin\Release\net8.0\DINOForge.Bridge.Protocol.dll' because it is being used by another process. The file is locked by: "testhost (23308)" [C:\Users\koosh\Dino\src\Tests\Integration\DINOForge.Tests.Integration.csproj]
C:\Users\koosh\Dino\src\Runtime\Bridge\ComponentMap.cs(344,51): warning CS0436: The type 'ComponentMapping' in 'C:\Users\koosh\Dino\src\Tests\..\Runtime\Bridge\ComponentMapping.cs' conflicts with the imported type 'ComponentMapping' in 'DINOForge.Runtime, Version=1.0.0.0, Culture=neutral, PublicKeyToken=null'. Using the type defined in 'C:\Users\koosh\Dino\src\Tests\..\Runtime\Bridge\ComponentMapping.cs'. [C:\Users\koosh\Dino\src\Tests\DINOForge.Tests.csproj]
C:\Users\koosh\Dino\src\Runtime\Bridge\ComponentMap.cs(370,23): warning CS0436: The type 'ComponentMapping' in 'C:\Users\koosh\Dino\src\Tests\..\Runtime\Bridge\ComponentMapping.cs' conflicts with the imported type 'ComponentMapping' in 'DINOForge.Runtime, Version=1.0.0.0, Culture=neutral, PublicKeyToken=null'. Using the type defined in 'C:\Users\koosh\Dino\src\Tests\..\Runtime\Bridge\ComponentMapping.cs'. [C:\Users\koosh\Dino\src\Tests\DINOForge.Tests.csproj]
C:\Users\koosh\Dino\src\Runtime\Bridge\ComponentMap.cs(381,23): warning CS0436: The type 'ComponentMapping' in 'C:\Users\koosh\Dino\src\Tests\..\Runtime\Bridge\ComponentMapping.cs' conflicts with the imported type 'ComponentMapping' in 'DINOForge.Runtime, Version=1.0.0.0, Culture=neutral, PublicKeyToken=null'. Using the type defined in 'C:\Users\koosh\Dino\src\Tests\..\Runtime\Bridge\ComponentMapping.cs'. [C:\Users\koosh\Dino\src\Tests\DINOForge.Tests.csproj]
C:\Users\koosh\Dino\src\Runtime\Bridge\ComponentMap.cs(26,32): warning CS0436: The type 'ComponentMapping' in 'C:\Users\koosh\Dino\src\Tests\..\Runtime\Bridge\ComponentMapping.cs' conflicts with the imported type 'ComponentMapping' in 'DINOForge.Runtime, Version=1.0.0.0, Culture=neutral, PublicKeyToken=null'. Using the type defined in 'C:\Users\koosh\Dino\src\Tests\..\Runtime\Bridge\ComponentMapping.cs'. [C:\Users\koosh\Dino\src\Tests\DINOForge.Tests.csproj]
C:\Users\koosh\Dino\src\Runtime\Bridge\ComponentMap.cs(31,32): warning CS0436: The type 'ComponentMapping' in 'C:\Users\koosh\Dino\src\Tests\..\Runtime\Bridge\ComponentMapping.cs' conflicts with the imported type 'ComponentMapping' in 'DINOForge.Runtime, Version=1.0.0.0, Culture=neutral, PublicKeyToken=null'. Using the type defined in 'C:\Users\koosh\Dino\src\Tests\..\Runtime\Bridge\ComponentMapping.cs'. [C:\Users\koosh\Dino\src\Tests\DINOForge.Tests.csproj]
C:\Users\koosh\Dino\src\Runtime\Bridge\ComponentMap.cs(37,32): warning CS0436: The type 'ComponentMapping' in 'C:\Users\koosh\Dino\src\Tests\..\Runtime\Bridge\ComponentMapping.cs' conflicts with the imported type 'ComponentMapping' in 'DINOForge.Runtime, Version=1.0.0.0, Culture=neutral, PublicKeyToken=null'. Using the type defined in 'C:\Users\koosh\Dino\src\Tests\..\Runtime\Bridge\ComponentMapping.cs'. [C:\Users\koosh\Dino\src\Tests\DINOForge.Tests.csproj]
C:\Users\koosh\Dino\src\Runtime\Bridge\ComponentMap.cs(42,32): warning CS0436: The type 'ComponentMapping' in 'C:\Users\koosh\Dino\src\Tests\..\Runtime\Bridge\ComponentMapping.cs' conflicts with the imported type 'ComponentMapping' in 'DINOForge.Runtime, Version=1.0.0.0, Culture=neutral, PublicKeyToken=null'. Using the type defined in 'C:\Users\koosh\Dino\src\Tests\..\Runtime\Bridge\ComponentMapping.cs'. [C:\Users\koosh\Dino\src\Tests\DINOForge.Tests.csproj]
C:\Users\koosh\Dino\src\Runtime\Bridge\ComponentMap.cs(47,32): warning CS0436: The type 'ComponentMapping' in 'C:\Users\koosh\Dino\src\Tests\..\Runtime\Bridge\ComponentMapping.cs' conflicts with the imported type 'ComponentMapping' in 'DINOForge.Runtime, Version=1.0.0.0, Culture=neutral, PublicKeyToken=null'. Using the type defined in 'C:\Users\koosh\Dino\src\Tests\..\Runtime\Bridge\ComponentMapping.cs'. [C:\Users\koosh\Dino\src\Tests\DINOForge.Tests.csproj]
C:\Users\koosh\Dino\src\Runtime\Bridge\ComponentMap.cs(52,32): warning CS0436: The type 'ComponentMapping' in 'C:\Users\koosh\Dino\src\Tests\..\Runtime\Bridge\ComponentMapping.cs' conflicts with the imported type 'ComponentMapping' in 'DINOForge.Runtime, Version=1.0.0.0, Culture=neutral, PublicKeyToken=null'. Using the type defined in 'C:\Users\koosh\Dino\src\Tests\..\Runtime\Bridge\ComponentMapping.cs'. [C:\Users\koosh\Dino\src\Tests\DINOForge.Tests.csproj]
C:\Users\koosh\Dino\src\Runtime\Bridge\ComponentMap.cs(57,32): warning CS0436: The type 'ComponentMapping' in 'C:\Users\koosh\Dino\src\Tests\..\Runtime\Bridge\ComponentMapping.cs' conflicts with the imported type 'ComponentMapping' in 'DINOForge.Runtime, Version=1.0.0.0, Culture=neutral, PublicKeyToken=null'. Using the type defined in 'C:\Users\koosh\Dino\src\Tests\..\Runtime\Bridge\ComponentMapping.cs'. [C:\Users\koosh\Dino\src\Tests\DINOForge.Tests.csproj]
C:\Users\koosh\Dino\src\Runtime\Bridge\ComponentMap.cs(63,32): warning CS0436: The type 'ComponentMapping' in 'C:\Users\koosh\Dino\src\Tests\..\Runtime\Bridge\ComponentMapping.cs' conflicts with the imported type 'ComponentMapping' in 'DINOForge.Runtime, Version=1.0.0.0, Culture=neutral, PublicKeyToken=null'. Using the type defined in 'C:\Users\koosh\Dino\src\Tests\..\Runtime\Bridge\ComponentMapping.cs'. [C:\Users\koosh\Dino\src\Tests\DINOForge.Tests.csproj]
C:\Users\koosh\Dino\src\Runtime\Bridge\ComponentMap.cs(68,32): warning CS0436: The type 'ComponentMapping' in 'C:\Users\koosh\Dino\src\Tests\..\Runtime\Bridge\ComponentMapping.cs' conflicts with the imported type 'ComponentMapping' in 'DINOForge.Runtime, Version=1.0.0.0, Culture=neutral, PublicKeyToken=null'. Using the type defined in 'C:\Users\koosh\Dino\src\Tests\..\Runtime\Bridge\ComponentMapping.cs'. [C:\Users\koosh\Dino\src\Tests\DINOForge.Tests.csproj]
C:\Users\koosh\Dino\src\Runtime\Bridge\ComponentMap.cs(73,32): warning CS0436: The type 'ComponentMapping' in 'C:\Users\koosh\Dino\src\Tests\..\Runtime\Bridge\ComponentMapping.cs' conflicts with the imported type 'ComponentMapping' in 'DINOForge.Runtime, Version=1.0.0.0, Culture=neutral, PublicKeyToken=null'. Using the type defined in 'C:\Users\koosh\Dino\src\Tests\..\Runtime\Bridge\ComponentMapping.cs'. [C:\Users\koosh\Dino\src\Tests\DINOForge.Tests.csproj]
C:\Users\koosh\Dino\src\Runtime\Bridge\ComponentMap.cs(78,32): warning CS0436: The type 'ComponentMapping' in 'C:\Users\koosh\Dino\src\Tests\..\Runtime\Bridge\ComponentMapping.cs' conflicts with the imported type 'ComponentMapping' in 'DINOForge.Runtime, Version=1.0.0.0, Culture=neutral, PublicKeyToken=null'. Using the type defined in 'C:\Users\koosh\Dino\src\Tests\..\Runtime\Bridge\ComponentMapping.cs'. [C:\Users\koosh\Dino\src\Tests\DINOForge.Tests.csproj]
C:\Users\koosh\Dino\src\Runtime\Bridge\ComponentMap.cs(83,32): warning CS0436: The type 'ComponentMapping' in 'C:\Users\koosh\Dino\src\Tests\..\Runtime\Bridge\ComponentMapping.cs' conflicts with the imported type 'ComponentMapping' in 'DINOForge.Runtime, Version=1.0.0.0, Culture=neutral, PublicKeyToken=null'. Using the type defined in 'C:\Users\koosh\Dino\src\Tests\..\Runtime\Bridge\ComponentMapping.cs'. [C:\Users\koosh\Dino\src\Tests\DINOForge.Tests.csproj]
C:\Users\koosh\Dino\src\Runtime\Bridge\ComponentMap.cs(88,32): warning CS0436: The type 'ComponentMapping' in 'C:\Users\koosh\Dino\src\Tests\..\Runtime\Bridge\ComponentMapping.cs' conflicts with the imported type 'ComponentMapping' in 'DINOForge.Runtime, Version=1.0.0.0, Culture=neutral, PublicKeyToken=null'. Using the type defined in 'C:\Users\koosh\Dino\src\Tests\..\Runtime\Bridge\ComponentMapping.cs'. [C:\Users\koosh\Dino\src\Tests\DINOForge.Tests.csproj]
C:\Users\koosh\Dino\src\Runtime\Bridge\ComponentMap.cs(93,32): warning CS0436: The type 'ComponentMapping' in 'C:\Users\koosh\Dino\src\Tests\..\Runtime\Bridge\ComponentMapping.cs' conflicts with the imported type 'ComponentMapping' in 'DINOForge.Runtime, Version=1.0.0.0, Culture=neutral, PublicKeyToken=null'. Using the type defined in 'C:\Users\koosh\Dino\src\Tests\..\Runtime\Bridge\ComponentMapping.cs'. [C:\Users\koosh\Dino\src\Tests\DINOForge.Tests.csproj]
C:\Users\koosh\Dino\src\Runtime\Bridge\ComponentMap.cs(100,32): warning CS0436: The type 'ComponentMapping' in 'C:\Users\koosh\Dino\src\Tests\..\Runtime\Bridge\ComponentMapping.cs' conflicts with the imported type 'ComponentMapping' in 'DINOForge.Runtime, Version=1.0.0.0, Culture=neutral, PublicKeyToken=null'. Using the type defined in 'C:\Users\koosh\Dino\src\Tests\..\Runtime\Bridge\ComponentMapping.cs'. [C:\Users\koosh\Dino\src\Tests\DINOForge.Tests.csproj]
C:\Users\koosh\Dino\src\Runtime\Bridge\ComponentMap.cs(105,32): warning CS0436: The type 'ComponentMapping' in 'C:\Users\koosh\Dino\src\Tests\..\Runtime\Bridge\ComponentMapping.cs' conflicts with the imported type 'ComponentMapping' in 'DINOForge.Runtime, Version=1.0.0.0, Culture=neutral, PublicKeyToken=null'. Using the type defined in 'C:\Users\koosh\Dino\src\Tests\..\Runtime\Bridge\ComponentMapping.cs'. [C:\Users\koosh\Dino\src\Tests\DINOForge.Tests.csproj]
C:\Users\koosh\Dino\src\Runtime\Bridge\ComponentMap.cs(110,32): warning CS0436: The type 'ComponentMapping' in 'C:\Users\koosh\Dino\src\Tests\..\Runtime\Bridge\ComponentMapping.cs' conflicts with the imported type 'ComponentMapping' in 'DINOForge.Runtime, Version=1.0.0.0, Culture=neutral, PublicKeyToken=null'. Using the type defined in 'C:\Users\koosh\Dino\src\Tests\..\Runtime\Bridge\ComponentMapping.cs'. [C:\Users\koosh\Dino\src\Tests\DINOForge.Tests.csproj]
C:\Users\koosh\Dino\src\Runtime\Bridge\ComponentMap.cs(115,32): warning CS0436: The type 'ComponentMapping' in 'C:\Users\koosh\Dino\src\Tests\..\Runtime\Bridge\ComponentMapping.cs' conflicts with the imported type 'ComponentMapping' in 'DINOForge.Runtime, Version=1.0.0.0, Culture=neutral, PublicKeyToken=null'. Using the type defined in 'C:\Users\koosh\Dino\src\Tests\..\Runtime\Bridge\ComponentMapping.cs'. [C:\Users\koosh\Dino\src\Tests\DINOForge.Tests.csproj]
C:\Users\koosh\Dino\src\Runtime\Bridge\ComponentMap.cs(120,32): warning CS0436: The type 'ComponentMapping' in 'C:\Users\koosh\Dino\src\Tests\..\Runtime\Bridge\ComponentMapping.cs' conflicts with the imported type 'ComponentMapping' in 'DINOForge.Runtime, Version=1.0.0.0, Culture=neutral, PublicKeyToken=null'. Using the type defined in 'C:\Users\koosh\Dino\src\Tests\..\Runtime\Bridge\ComponentMapping.cs'. [C:\Users\koosh\Dino\src\Tests\DINOForge.Tests.csproj]
C:\Users\koosh\Dino\src\Runtime\Bridge\ComponentMap.cs(125,32): warning CS0436: The type 'ComponentMapping' in 'C:\Users\koosh\Dino\src\Tests\..\Runtime\Bridge\ComponentMapping.cs' conflicts with the imported type 'ComponentMapping' in 'DINOForge.Runtime, Version=1.0.0.0, Culture=neutral, PublicKeyToken=null'. Using the type defined in 'C:\Users\koosh\Dino\src\Tests\..\Runtime\Bridge\ComponentMapping.cs'. [C:\Users\koosh\Dino\src\Tests\DINOForge.Tests.csproj]
C:\Users\koosh\Dino\src\Runtime\Bridge\ComponentMap.cs(130,32): warning CS0436: The type 'ComponentMapping' in 'C:\Users\koosh\Dino\src\Tests\..\Runtime\Bridge\ComponentMapping.cs' conflicts with the imported type 'ComponentMapping' in 'DINOForge.Runtime, Version=1.0.0.0, Culture=neutral, PublicKeyToken=null'. Using the type defined in 'C:\Users\koosh\Dino\src\Tests\..\Runtime\Bridge\ComponentMapping.cs'. [C:\Users\koosh\Dino\src\Tests\DINOForge.Tests.csproj]
C:\Users\koosh\Dino\src\Runtime\Bridge\ComponentMap.cs(137,32): warning CS0436: The type 'ComponentMapping' in 'C:\Users\koosh\Dino\src\Tests\..\Runtime\Bridge\ComponentMapping.cs' conflicts with the imported type 'ComponentMapping' in 'DINOForge.Runtime, Version=1.0.0.0, Culture=neutral, PublicKeyToken=null'. Using the type defined in 'C:\Users\koosh\Dino\src\Tests\..\Runtime\Bridge\ComponentMapping.cs'. [C:\Users\koosh\Dino\src\Tests\DINOForge.Tests.csproj]
C:\Users\koosh\Dino\src\Runtime\Bridge\ComponentMap.cs(145,32): warning CS0436: The type 'ComponentMapping' in 'C:\Users\koosh\Dino\src\Tests\..\Runtime\Bridge\ComponentMapping.cs' conflicts with the imported type 'ComponentMapping' in 'DINOForge.Runtime, Version=1.0.0.0, Culture=neutral, PublicKeyToken=null'. Using the type defined in 'C:\Users\koosh\Dino\src\Tests\..\Runtime\Bridge\ComponentMapping.cs'. [C:\Users\koosh\Dino\src\Tests\DINOForge.Tests.csproj]
C:\Users\koosh\Dino\src\Runtime\Bridge\ComponentMap.cs(150,32): warning CS0436: The type 'ComponentMapping' in 'C:\Users\koosh\Dino\src\Tests\..\Runtime\Bridge\ComponentMapping.cs' conflicts with the imported type 'ComponentMapping' in 'DINOForge.Runtime, Version=1.0.0.0, Culture=neutral, PublicKeyToken=null'. Using the type defined in 'C:\Users\koosh\Dino\src\Tests\..\Runtime\Bridge\ComponentMapping.cs'. [C:\Users\koosh\Dino\src\Tests\DINOForge.Tests.csproj]
C:\Users\koosh\Dino\src\Runtime\Bridge\ComponentMap.cs(156,32): warning CS0436: The type 'ComponentMapping' in 'C:\Users\koosh\Dino\src\Tests\..\Runtime\Bridge\ComponentMapping.cs' conflicts with the imported type 'ComponentMapping' in 'DINOForge.Runtime, Version=1.0.0.0, Culture=neutral, PublicKeyToken=null'. Using the type defined in 'C:\Users\koosh\Dino\src\Tests\..\Runtime\Bridge\ComponentMapping.cs'. [C:\Users\koosh\Dino\src\Tests\DINOForge.Tests.csproj]
C:\Users\koosh\Dino\src\Runtime\Bridge\ComponentMap.cs(166,32): warning CS0436: The type 'ComponentMapping' in 'C:\Users\koosh\Dino\src\Tests\..\Runtime\Bridge\ComponentMapping.cs' conflicts with the imported type 'ComponentMapping' in 'DINOForge.Runtime, Version=1.0.0.0, Culture=neutral, PublicKeyToken=null'. Using the type defined in 'C:\Users\koosh\Dino\src\Tests\..\Runtime\Bridge\ComponentMapping.cs'. [C:\Users\koosh\Dino\src\Tests\DINOForge.Tests.csproj]
C:\Users\koosh\Dino\src\Runtime\Bridge\ComponentMap.cs(171,32): warning CS0436: The type 'ComponentMapping' in 'C:\Users\koosh\Dino\src\Tests\..\Runtime\Bridge\ComponentMapping.cs' conflicts with the imported type 'ComponentMapping' in 'DINOForge.Runtime, Version=1.0.0.0, Culture=neutral, PublicKeyToken=null'. Using the type defined in 'C:\Users\koosh\Dino\src\Tests\..\Runtime\Bridge\ComponentMapping.cs'. [C:\Users\koosh\Dino\src\Tests\DINOForge.Tests.csproj]
C:\Users\koosh\Dino\src\Runtime\Bridge\ComponentMap.cs(176,32): warning CS0436: The type 'ComponentMapping' in 'C:\Users\koosh\Dino\src\Tests\..\Runtime\Bridge\ComponentMapping.cs' conflicts with the imported type 'ComponentMapping' in 'DINOForge.Runtime, Version=1.0.0.0, Culture=neutral, PublicKeyToken=null'. Using the type defined in 'C:\Users\koosh\Dino\src\Tests\..\Runtime\Bridge\ComponentMapping.cs'. [C:\Users\koosh\Dino\src\Tests\DINOForge.Tests.csproj]
C:\Users\koosh\Dino\src\Runtime\Bridge\ComponentMap.cs(181,32): warning CS0436: The type 'ComponentMapping' in 'C:\Users\koosh\Dino\src\Tests\..\Runtime\Bridge\ComponentMapping.cs' conflicts with the imported type 'ComponentMapping' in 'DINOForge.Runtime, Version=1.0.0.0, Culture=neutral, PublicKeyToken=null'. Using the type defined in 'C:\Users\koosh\Dino\src\Tests\..\Runtime\Bridge\ComponentMapping.cs'. [C:\Users\koosh\Dino\src\Tests\DINOForge.Tests.csproj]
C:\Users\koosh\Dino\src\Runtime\Bridge\ComponentMap.cs(186,32): warning CS0436: The type 'ComponentMapping' in 'C:\Users\koosh\Dino\src\Tests\..\Runtime\Bridge\ComponentMapping.cs' conflicts with the imported type 'ComponentMapping' in 'DINOForge.Runtime, Version=1.0.0.0, Culture=neutral, PublicKeyToken=null'. Using the type defined in 'C:\Users\koosh\Dino\src\Tests\..\Runtime\Bridge\ComponentMapping.cs'. [C:\Users\koosh\Dino\src\Tests\DINOForge.Tests.csproj]
C:\Users\koosh\Dino\src\Runtime\Bridge\ComponentMap.cs(191,32): warning CS0436: The type 'ComponentMapping' in 'C:\Users\koosh\Dino\src\Tests\..\Runtime\Bridge\ComponentMapping.cs' conflicts with the imported type 'ComponentMapping' in 'DINOForge.Runtime, Version=1.0.0.0, Culture=neutral, PublicKeyToken=null'. Using the type defined in 'C:\Users\koosh\Dino\src\Tests\..\Runtime\Bridge\ComponentMapping.cs'. [C:\Users\koosh\Dino\src\Tests\DINOForge.Tests.csproj]
C:\Users\koosh\Dino\src\Runtime\Bridge\ComponentMap.cs(196,32): warning CS0436: The type 'ComponentMapping' in 'C:\Users\koosh\Dino\src\Tests\..\Runtime\Bridge\ComponentMapping.cs' conflicts with the imported type 'ComponentMapping' in 'DINOForge.Runtime, Version=1.0.0.0, Culture=neutral, PublicKeyToken=null'. Using the type defined in 'C:\Users\koosh\Dino\src\Tests\..\Runtime\Bridge\ComponentMapping.cs'. [C:\Users\koosh\Dino\src\Tests\DINOForge.Tests.csproj]
C:\Users\koosh\Dino\src\Runtime\Bridge\ComponentMap.cs(201,32): warning CS0436: The type 'ComponentMapping' in 'C:\Users\koosh\Dino\src\Tests\..\Runtime\Bridge\ComponentMapping.cs' conflicts with the imported type 'ComponentMapping' in 'DINOForge.Runtime, Version=1.0.0.0, Culture=neutral, PublicKeyToken=null'. Using the type defined in 'C:\Users\koosh\Dino\src\Tests\..\Runtime\Bridge\ComponentMapping.cs'. [C:\Users\koosh\Dino\src\Tests\DINOForge.Tests.csproj]
C:\Users\koosh\Dino\src\Runtime\Bridge\ComponentMap.cs(206,32): warning CS0436: The type 'ComponentMapping' in 'C:\Users\koosh\Dino\src\Tests\..\Runtime\Bridge\ComponentMapping.cs' conflicts with the imported type 'ComponentMapping' in 'DINOForge.Runtime, Version=1.0.0.0, Culture=neutral, PublicKeyToken=null'. Using the type defined in 'C:\Users\koosh\Dino\src\Tests\..\Runtime\Bridge\ComponentMapping.cs'. [C:\Users\koosh\Dino\src\Tests\DINOForge.Tests.csproj]
C:\Users\koosh\Dino\src\Runtime\Bridge\ComponentMap.cs(211,32): warning CS0436: The type 'ComponentMapping' in 'C:\Users\koosh\Dino\src\Tests\..\Runtime\Bridge\ComponentMapping.cs' conflicts with the imported type 'ComponentMapping' in 'DINOForge.Runtime, Version=1.0.0.0, Culture=neutral, PublicKeyToken=null'. Using the type defined in 'C:\Users\koosh\Dino\src\Tests\..\Runtime\Bridge\ComponentMapping.cs'. [C:\Users\koosh\Dino\src\Tests\DINOForge.Tests.csproj]
C:\Users\koosh\Dino\src\Runtime\Bridge\ComponentMap.cs(216,32): warning CS0436: The type 'ComponentMapping' in 'C:\Users\koosh\Dino\src\Tests\..\Runtime\Bridge\ComponentMapping.cs' conflicts with the imported type 'ComponentMapping' in 'DINOForge.Runtime, Version=1.0.0.0, Culture=neutral, PublicKeyToken=null'. Using the type defined in 'C:\Users\koosh\Dino\src\Tests\..\Runtime\Bridge\ComponentMapping.cs'. [C:\Users\koosh\Dino\src\Tests\DINOForge.Tests.csproj]
C:\Users\koosh\Dino\src\Runtime\Bridge\ComponentMap.cs(221,32): warning CS0436: The type 'ComponentMapping' in 'C:\Users\koosh\Dino\src\Tests\..\Runtime\Bridge\ComponentMapping.cs' conflicts with the imported type 'ComponentMapping' in 'DINOForge.Runtime, Version=1.0.0.0, Culture=neutral, PublicKeyToken=null'. Using the type defined in 'C:\Users\koosh\Dino\src\Tests\..\Runtime\Bridge\ComponentMapping.cs'. [C:\Users\koosh\Dino\src\Tests\DINOForge.Tests.csproj]
C:\Users\koosh\Dino\src\Runtime\Bridge\ComponentMap.cs(226,32): warning CS0436: The type 'ComponentMapping' in 'C:\Users\koosh\Dino\src\Tests\..\Runtime\Bridge\ComponentMapping.cs' conflicts with the imported type 'ComponentMapping' in 'DINOForge.Runtime, Version=1.0.0.0, Culture=neutral, PublicKeyToken=null'. Using the type defined in 'C:\Users\koosh\Dino\src\Tests\..\Runtime\Bridge\ComponentMapping.cs'. [C:\Users\koosh\Dino\src\Tests\DINOForge.Tests.csproj]
C:\Users\koosh\Dino\src\Runtime\Bridge\ComponentMap.cs(243,32): warning CS0436: The type 'ComponentMapping' in 'C:\Users\koosh\Dino\src\Tests\..\Runtime\Bridge\ComponentMapping.cs' conflicts with the imported type 'ComponentMapping' in 'DINOForge.Runtime, Version=1.0.0.0, Culture=neutral, PublicKeyToken=null'. Using the type defined in 'C:\Users\koosh\Dino\src\Tests\..\Runtime\Bridge\ComponentMapping.cs'. [C:\Users\koosh\Dino\src\Tests\DINOForge.Tests.csproj]
C:\Users\koosh\Dino\src\Runtime\Bridge\ComponentMap.cs(249,32): warning CS0436: The type 'ComponentMapping' in 'C:\Users\koosh\Dino\src\Tests\..\Runtime\Bridge\ComponentMapping.cs' conflicts with the imported type 'ComponentMapping' in 'DINOForge.Runtime, Version=1.0.0.0, Culture=neutral, PublicKeyToken=null'. Using the type defined in 'C:\Users\koosh\Dino\src\Tests\..\Runtime\Bridge\ComponentMapping.cs'. [C:\Users\koosh\Dino\src\Tests\DINOForge.Tests.csproj]
C:\Users\koosh\Dino\src\Runtime\Bridge\ComponentMap.cs(255,32): warning CS0436: The type 'ComponentMapping' in 'C:\Users\koosh\Dino\src\Tests\..\Runtime\Bridge\ComponentMapping.cs' conflicts with the imported type 'ComponentMapping' in 'DINOForge.Runtime, Version=1.0.0.0, Culture=neutral, PublicKeyToken=null'. Using the type defined in 'C:\Users\koosh\Dino\src\Tests\..\Runtime\Bridge\ComponentMapping.cs'. [C:\Users\koosh\Dino\src\Tests\DINOForge.Tests.csproj]
C:\Users\koosh\Dino\src\Runtime\Bridge\ComponentMap.cs(261,32): warning CS0436: The type 'ComponentMapping' in 'C:\Users\koosh\Dino\src\Tests\..\Runtime\Bridge\ComponentMapping.cs' conflicts with the imported type 'ComponentMapping' in 'DINOForge.Runtime, Version=1.0.0.0, Culture=neutral, PublicKeyToken=null'. Using the type defined in 'C:\Users\koosh\Dino\src\Tests\..\Runtime\Bridge\ComponentMapping.cs'. [C:\Users\koosh\Dino\src\Tests\DINOForge.Tests.csproj]
C:\Users\koosh\Dino\src\Runtime\Bridge\ComponentMap.cs(267,32): warning CS0436: The type 'ComponentMapping' in 'C:\Users\koosh\Dino\src\Tests\..\Runtime\Bridge\ComponentMapping.cs' conflicts with the imported type 'ComponentMapping' in 'DINOForge.Runtime, Version=1.0.0.0, Culture=neutral, PublicKeyToken=null'. Using the type defined in 'C:\Users\koosh\Dino\src\Tests\..\Runtime\Bridge\ComponentMapping.cs'. [C:\Users\koosh\Dino\src\Tests\DINOForge.Tests.csproj]
C:\Users\koosh\Dino\src\Runtime\Bridge\ComponentMap.cs(273,32): warning CS0436: The type 'ComponentMapping' in 'C:\Users\koosh\Dino\src\Tests\..\Runtime\Bridge\ComponentMapping.cs' conflicts with the imported type 'ComponentMapping' in 'DINOForge.Runtime, Version=1.0.0.0, Culture=neutral, PublicKeyToken=null'. Using the type defined in 'C:\Users\koosh\Dino\src\Tests\..\Runtime\Bridge\ComponentMapping.cs'. [C:\Users\koosh\Dino\src\Tests\DINOForge.Tests.csproj]
C:\Users\koosh\Dino\src\Runtime\Bridge\ComponentMap.cs(279,32): warning CS0436: The type 'ComponentMapping' in 'C:\Users\koosh\Dino\src\Tests\..\Runtime\Bridge\ComponentMapping.cs' conflicts with the imported type 'ComponentMapping' in 'DINOForge.Runtime, Version=1.0.0.0, Culture=neutral, PublicKeyToken=null'. Using the type defined in 'C:\Users\koosh\Dino\src\Tests\..\Runtime\Bridge\ComponentMapping.cs'. [C:\Users\koosh\Dino\src\Tests\DINOForge.Tests.csproj]
C:\Users\koosh\Dino\src\Runtime\Bridge\ComponentMap.cs(285,32): warning CS0436: The type 'ComponentMapping' in 'C:\Users\koosh\Dino\src\Tests\..\Runtime\Bridge\ComponentMapping.cs' conflicts with the imported type 'ComponentMapping' in 'DINOForge.Runtime, Version=1.0.0.0, Culture=neutral, PublicKeyToken=null'. Using the type defined in 'C:\Users\koosh\Dino\src\Tests\..\Runtime\Bridge\ComponentMapping.cs'. [C:\Users\koosh\Dino\src\Tests\DINOForge.Tests.csproj]
C:\Users\koosh\Dino\src\Runtime\Bridge\ComponentMap.cs(291,32): warning CS0436: The type 'ComponentMapping' in 'C:\Users\koosh\Dino\src\Tests\..\Runtime\Bridge\ComponentMapping.cs' conflicts with the imported type 'ComponentMapping' in 'DINOForge.Runtime, Version=1.0.0.0, Culture=neutral, PublicKeyToken=null'. Using the type defined in 'C:\Users\koosh\Dino\src\Tests\..\Runtime\Bridge\ComponentMapping.cs'. [C:\Users\koosh\Dino\src\Tests\DINOForge.Tests.csproj]
C:\Users\koosh\Dino\src\Runtime\Bridge\ComponentMap.cs(296,32): warning CS0436: The type 'ComponentMapping' in 'C:\Users\koosh\Dino\src\Tests\..\Runtime\Bridge\ComponentMapping.cs' conflicts with the imported type 'ComponentMapping' in 'DINOForge.Runtime, Version=1.0.0.0, Culture=neutral, PublicKeyToken=null'. Using the type defined in 'C:\Users\koosh\Dino\src\Tests\..\Runtime\Bridge\ComponentMapping.cs'. [C:\Users\koosh\Dino\src\Tests\DINOForge.Tests.csproj]
C:\Users\koosh\Dino\src\Runtime\Bridge\ComponentMap.cs(301,32): warning CS0436: The type 'ComponentMapping' in 'C:\Users\koosh\Dino\src\Tests\..\Runtime\Bridge\ComponentMapping.cs' conflicts with the imported type 'ComponentMapping' in 'DINOForge.Runtime, Version=1.0.0.0, Culture=neutral, PublicKeyToken=null'. Using the type defined in 'C:\Users\koosh\Dino\src\Tests\..\Runtime\Bridge\ComponentMapping.cs'. [C:\Users\koosh\Dino\src\Tests\DINOForge.Tests.csproj]
C:\Users\koosh\Dino\src\Runtime\Bridge\ComponentMap.cs(306,32): warning CS0436: The type 'ComponentMapping' in 'C:\Users\koosh\Dino\src\Tests\..\Runtime\Bridge\ComponentMapping.cs' conflicts with the imported type 'ComponentMapping' in 'DINOForge.Runtime, Version=1.0.0.0, Culture=neutral, PublicKeyToken=null'. Using the type defined in 'C:\Users\koosh\Dino\src\Tests\..\Runtime\Bridge\ComponentMapping.cs'. [C:\Users\koosh\Dino\src\Tests\DINOForge.Tests.csproj]
C:\Users\koosh\Dino\src\Runtime\Bridge\ComponentMap.cs(311,32): warning CS0436: The type 'ComponentMapping' in 'C:\Users\koosh\Dino\src\Tests\..\Runtime\Bridge\ComponentMapping.cs' conflicts with the imported type 'ComponentMapping' in 'DINOForge.Runtime, Version=1.0.0.0, Culture=neutral, PublicKeyToken=null'. Using the type defined in 'C:\Users\koosh\Dino\src\Tests\..\Runtime\Bridge\ComponentMapping.cs'. [C:\Users\koosh\Dino\src\Tests\DINOForge.Tests.csproj]
C:\Users\koosh\Dino\src\Runtime\Bridge\ComponentMap.cs(316,32): warning CS0436: The type 'ComponentMapping' in 'C:\Users\koosh\Dino\src\Tests\..\Runtime\Bridge\ComponentMapping.cs' conflicts with the imported type 'ComponentMapping' in 'DINOForge.Runtime, Version=1.0.0.0, Culture=neutral, PublicKeyToken=null'. Using the type defined in 'C:\Users\koosh\Dino\src\Tests\..\Runtime\Bridge\ComponentMapping.cs'. [C:\Users\koosh\Dino\src\Tests\DINOForge.Tests.csproj]
C:\Users\koosh\Dino\src\Runtime\Bridge\ComponentMap.cs(321,32): warning CS0436: The type 'ComponentMapping' in 'C:\Users\koosh\Dino\src\Tests\..\Runtime\Bridge\ComponentMapping.cs' conflicts with the imported type 'ComponentMapping' in 'DINOForge.Runtime, Version=1.0.0.0, Culture=neutral, PublicKeyToken=null'. Using the type defined in 'C:\Users\koosh\Dino\src\Tests\..\Runtime\Bridge\ComponentMapping.cs'. [C:\Users\koosh\Dino\src\Tests\DINOForge.Tests.csproj]
C:\Users\koosh\Dino\src\Runtime\Bridge\ComponentMap.cs(326,32): warning CS0436: The type 'ComponentMapping' in 'C:\Users\koosh\Dino\src\Tests\..\Runtime\Bridge\ComponentMapping.cs' conflicts with the imported type 'ComponentMapping' in 'DINOForge.Runtime, Version=1.0.0.0, Culture=neutral, PublicKeyToken=null'. Using the type defined in 'C:\Users\koosh\Dino\src\Tests\..\Runtime\Bridge\ComponentMapping.cs'. [C:\Users\koosh\Dino\src\Tests\DINOForge.Tests.csproj]
C:\Users\koosh\Dino\src\Runtime\Bridge\ComponentMap.cs(331,32): warning CS0436: The type 'ComponentMapping' in 'C:\Users\koosh\Dino\src\Tests\..\Runtime\Bridge\ComponentMapping.cs' conflicts with the imported type 'ComponentMapping' in 'DINOForge.Runtime, Version=1.0.0.0, Culture=neutral, PublicKeyToken=null'. Using the type defined in 'C:\Users\koosh\Dino\src\Tests\..\Runtime\Bridge\ComponentMapping.cs'. [C:\Users\koosh\Dino\src\Tests\DINOForge.Tests.csproj]
C:\Users\koosh\Dino\src\Runtime\Bridge\ComponentMap.cs(339,52): warning CS0436: The type 'ComponentMapping' in 'C:\Users\koosh\Dino\src\Tests\..\Runtime\Bridge\ComponentMapping.cs' conflicts with the imported type 'ComponentMapping' in 'DINOForge.Runtime, Version=1.0.0.0, Culture=neutral, PublicKeyToken=null'. Using the type defined in 'C:\Users\koosh\Dino\src\Tests\..\Runtime\Bridge\ComponentMapping.cs'. [C:\Users\koosh\Dino\src\Tests\DINOForge.Tests.csproj]
C:\Users\koosh\Dino\src\Runtime\RustAssetPipelineInterop.cs(80,23): warning CS0436: The type 'AssetData' in 'C:\Users\koosh\Dino\src\Tests\..\Runtime\RustAssetPipelineInterop.cs' conflicts with the imported type 'AssetData' in 'DINOForge.Runtime, Version=1.0.0.0, Culture=neutral, PublicKeyToken=null'. Using the type defined in 'C:\Users\koosh\Dino\src\Tests\..\Runtime\RustAssetPipelineInterop.cs'. [C:\Users\koosh\Dino\src\Tests\DINOForge.Tests.csproj]
C:\Users\koosh\Dino\src\Runtime\RustAssetPipelineInterop.cs(141,49): warning CS0436: The type 'AssetData' in 'C:\Users\koosh\Dino\src\Tests\..\Runtime\RustAssetPipelineInterop.cs' conflicts with the imported type 'AssetData' in 'DINOForge.Runtime, Version=1.0.0.0, Culture=neutral, PublicKeyToken=null'. Using the type defined in 'C:\Users\koosh\Dino\src\Tests\..\Runtime\RustAssetPipelineInterop.cs'. [C:\Users\koosh\Dino\src\Tests\DINOForge.Tests.csproj]
C:\Users\koosh\Dino\src\Runtime\RustAssetPipelineInterop.cs(141,23): warning CS0436: The type 'AssetData' in 'C:\Users\koosh\Dino\src\Tests\..\Runtime\RustAssetPipelineInterop.cs' conflicts with the imported type 'AssetData' in 'DINOForge.Runtime, Version=1.0.0.0, Culture=neutral, PublicKeyToken=null'. Using the type defined in 'C:\Users\koosh\Dino\src\Tests\..\Runtime\RustAssetPipelineInterop.cs'. [C:\Users\koosh\Dino\src\Tests\DINOForge.Tests.csproj]
C:\Users\koosh\Dino\src\Runtime\RustAssetPipelineInterop.cs(282,16): warning CS0436: The type 'AssetMetadataJson' in 'C:\Users\koosh\Dino\src\Tests\..\Runtime\RustAssetPipelineInterop.cs' conflicts with the imported type 'AssetMetadataJson' in 'DINOForge.Runtime, Version=1.0.0.0, Culture=neutral, PublicKeyToken=null'. Using the type defined in 'C:\Users\koosh\Dino\src\Tests\..\Runtime\RustAssetPipelineInterop.cs'. [C:\Users\koosh\Dino\src\Tests\DINOForge.Tests.csproj]
C:\Users\koosh\Dino\src\Tests\ECS\MockEntityManager.cs(115,44): warning CS8625: Cannot convert null literal to non-nullable reference type. [C:\Users\koosh\Dino\src\Tests\DINOForge.Tests.csproj]
C:\Users\koosh\Dino\src\Runtime\Bridge\ComponentMap.cs(27,17): warning CS0436: The type 'ComponentMapping' in 'C:\Users\koosh\Dino\src\Tests\..\Runtime\Bridge\ComponentMapping.cs' conflicts with the imported type 'ComponentMapping' in 'DINOForge.Runtime, Version=1.0.0.0, Culture=neutral, PublicKeyToken=null'. Using the type defined in 'C:\Users\koosh\Dino\src\Tests\..\Runtime\Bridge\ComponentMapping.cs'. [C:\Users\koosh\Dino\src\Tests\DINOForge.Tests.csproj]
C:\Users\koosh\Dino\src\Runtime\Bridge\ComponentMap.cs(32,17): warning CS0436: The type 'ComponentMapping' in 'C:\Users\koosh\Dino\src\Tests\..\Runtime\Bridge\ComponentMapping.cs' conflicts with the imported type 'ComponentMapping' in 'DINOForge.Runtime, Version=1.0.0.0, Culture=neutral, PublicKeyToken=null'. Using the type defined in 'C:\Users\koosh\Dino\src\Tests\..\Runtime\Bridge\ComponentMapping.cs'. [C:\Users\koosh\Dino\src\Tests\DINOForge.Tests.csproj]
C:\Users\koosh\Dino\src\Runtime\Bridge\ComponentMap.cs(38,17): warning CS0436: The type 'ComponentMapping' in 'C:\Users\koosh\Dino\src\Tests\..\Runtime\Bridge\ComponentMapping.cs' conflicts with the imported type 'ComponentMapping' in 'DINOForge.Runtime, Version=1.0.0.0, Culture=neutral, PublicKeyToken=null'. Using the type defined in 'C:\Users\koosh\Dino\src\Tests\..\Runtime\Bridge\ComponentMapping.cs'. [C:\Users\koosh\Dino\src\Tests\DINOForge.Tests.csproj]
C:\Users\koosh\Dino\src\Runtime\Bridge\ComponentMap.cs(43,17): warning CS0436: The type 'ComponentMapping' in 'C:\Users\koosh\Dino\src\Tests\..\Runtime\Bridge\ComponentMapping.cs' conflicts with the imported type 'ComponentMapping' in 'DINOForge.Runtime, Version=1.0.0.0, Culture=neutral, PublicKeyToken=null'. Using the type defined in 'C:\Users\koosh\Dino\src\Tests\..\Runtime\Bridge\ComponentMapping.cs'. [C:\Users\koosh\Dino\src\Tests\DINOForge.Tests.csproj]
C:\Users\koosh\Dino\src\Runtime\Bridge\ComponentMap.cs(48,17): warning CS0436: The type 'ComponentMapping' in 'C:\Users\koosh\Dino\src\Tests\..\Runtime\Bridge\ComponentMapping.cs' conflicts with the imported type 'ComponentMapping' in 'DINOForge.Runtime, Version=1.0.0.0, Culture=neutral, PublicKeyToken=null'. Using the type defined in 'C:\Users\koosh\Dino\src\Tests\..\Runtime\Bridge\ComponentMapping.cs'. [C:\Users\koosh\Dino\src\Tests\DINOForge.Tests.csproj]
C:\Users\koosh\Dino\src\Runtime\Bridge\ComponentMap.cs(53,17): warning CS0436: The type 'ComponentMapping' in 'C:\Users\koosh\Dino\src\Tests\..\Runtime\Bridge\ComponentMapping.cs' conflicts with the imported type 'ComponentMapping' in 'DINOForge.Runtime, Version=1.0.0.0, Culture=neutral, PublicKeyToken=null'. Using the type defined in 'C:\Users\koosh\Dino\src\Tests\..\Runtime\Bridge\ComponentMapping.cs'. [C:\Users\koosh\Dino\src\Tests\DINOForge.Tests.csproj]
C:\Users\koosh\Dino\src\Runtime\Bridge\ComponentMap.cs(58,17): warning CS0436: The type 'ComponentMapping' in 'C:\Users\koosh\Dino\src\Tests\..\Runtime\Bridge\ComponentMapping.cs' conflicts with the imported type 'ComponentMapping' in 'DINOForge.Runtime, Version=1.0.0.0, Culture=neutral, PublicKeyToken=null'. Using the type defined in 'C:\Users\koosh\Dino\src\Tests\..\Runtime\Bridge\ComponentMapping.cs'. [C:\Users\koosh\Dino\src\Tests\DINOForge.Tests.csproj]
C:\Users\koosh\Dino\src\Runtime\Bridge\ComponentMap.cs(64,17): warning CS0436: The type 'ComponentMapping' in 'C:\Users\koosh\Dino\src\Tests\..\Runtime\Bridge\ComponentMapping.cs' conflicts with the imported type 'ComponentMapping' in 'DINOForge.Runtime, Version=1.0.0.0, Culture=neutral, PublicKeyToken=null'. Using the type defined in 'C:\Users\koosh\Dino\src\Tests\..\Runtime\Bridge\ComponentMapping.cs'. [C:\Users\koosh\Dino\src\Tests\DINOForge.Tests.csproj]
C:\Users\koosh\Dino\src\Runtime\Bridge\ComponentMap.cs(69,17): warning CS0436: The type 'ComponentMapping' in 'C:\Users\koosh\Dino\src\Tests\..\Runtime\Bridge\ComponentMapping.cs' conflicts with the imported type 'ComponentMapping' in 'DINOForge.Runtime, Version=1.0.0.0, Culture=neutral, PublicKeyToken=null'. Using the type defined in 'C:\Users\koosh\Dino\src\Tests\..\Runtime\Bridge\ComponentMapping.cs'. [C:\Users\koosh\Dino\src\Tests\DINOForge.Tests.csproj]
C:\Users\koosh\Dino\src\Runtime\Bridge\ComponentMap.cs(74,17): warning CS0436: The type 'ComponentMapping' in 'C:\Users\koosh\Dino\src\Tests\..\Runtime\Bridge\ComponentMapping.cs' conflicts with the imported type 'ComponentMapping' in 'DINOForge.Runtime, Version=1.0.0.0, Culture=neutral, PublicKeyToken=null'. Using the type defined in 'C:\Users\koosh\Dino\src\Tests\..\Runtime\Bridge\ComponentMapping.cs'. [C:\Users\koosh\Dino\src\Tests\DINOForge.Tests.csproj]
C:\Users\koosh\Dino\src\Runtime\Bridge\ComponentMap.cs(79,17): warning CS0436: The type 'ComponentMapping' in 'C:\Users\koosh\Dino\src\Tests\..\Runtime\Bridge\ComponentMapping.cs' conflicts with the imported type 'ComponentMapping' in 'DINOForge.Runtime, Version=1.0.0.0, Culture=neutral, PublicKeyToken=null'. Using the type defined in 'C:\Users\koosh\Dino\src\Tests\..\Runtime\Bridge\ComponentMapping.cs'. [C:\Users\koosh\Dino\src\Tests\DINOForge.Tests.csproj]
C:\Users\koosh\Dino\src\Runtime\Bridge\ComponentMap.cs(84,17): warning CS0436: The type 'ComponentMapping' in 'C:\Users\koosh\Dino\src\Tests\..\Runtime\Bridge\ComponentMapping.cs' conflicts with the imported type 'ComponentMapping' in 'DINOForge.Runtime, Version=1.0.0.0, Culture=neutral, PublicKeyToken=null'. Using the type defined in 'C:\Users\koosh\Dino\src\Tests\..\Runtime\Bridge\ComponentMapping.cs'. [C:\Users\koosh\Dino\src\Tests\DINOForge.Tests.csproj]
C:\Users\koosh\Dino\src\Runtime\Bridge\ComponentMap.cs(89,17): warning CS0436: The type 'ComponentMapping' in 'C:\Users\koosh\Dino\src\Tests\..\Runtime\Bridge\ComponentMapping.cs' conflicts with the imported type 'ComponentMapping' in 'DINOForge.Runtime, Version=1.0.0.0, Culture=neutral, PublicKeyToken=null'. Using the type defined in 'C:\Users\koosh\Dino\src\Tests\..\Runtime\Bridge\ComponentMapping.cs'. [C:\Users\koosh\Dino\src\Tests\DINOForge.Tests.csproj]
C:\Users\koosh\Dino\src\Runtime\Bridge\ComponentMap.cs(94,17): warning CS0436: The type 'ComponentMapping' in 'C:\Users\koosh\Dino\src\Tests\..\Runtime\Bridge\ComponentMapping.cs' conflicts with the imported type 'ComponentMapping' in 'DINOForge.Runtime, Version=1.0.0.0, Culture=neutral, PublicKeyToken=null'. Using the type defined in 'C:\Users\koosh\Dino\src\Tests\..\Runtime\Bridge\ComponentMapping.cs'. [C:\Users\koosh\Dino\src\Tests\DINOForge.Tests.csproj]
C:\Users\koosh\Dino\src\Runtime\Bridge\ComponentMap.cs(101,17): warning CS0436: The type 'ComponentMapping' in 'C:\Users\koosh\Dino\src\Tests\..\Runtime\Bridge\ComponentMapping.cs' conflicts with the imported type 'ComponentMapping' in 'DINOForge.Runtime, Version=1.0.0.0, Culture=neutral, PublicKeyToken=null'. Using the type defined in 'C:\Users\koosh\Dino\src\Tests\..\Runtime\Bridge\ComponentMapping.cs'. [C:\Users\koosh\Dino\src\Tests\DINOForge.Tests.csproj]
C:\Users\koosh\Dino\src\Runtime\Bridge\ComponentMap.cs(106,17): warning CS0436: The type 'ComponentMapping' in 'C:\Users\koosh\Dino\src\Tests\..\Runtime\Bridge\ComponentMapping.cs' conflicts with the imported type 'ComponentMapping' in 'DINOForge.Runtime, Version=1.0.0.0, Culture=neutral, PublicKeyToken=null'. Using the type defined in 'C:\Users\koosh\Dino\src\Tests\..\Runtime\Bridge\ComponentMapping.cs'. [C:\Users\koosh\Dino\src\Tests\DINOForge.Tests.csproj]
C:\Users\koosh\Dino\src\Runtime\Bridge\ComponentMap.cs(111,17): warning CS0436: The type 'ComponentMapping' in 'C:\Users\koosh\Dino\src\Tests\..\Runtime\Bridge\ComponentMapping.cs' conflicts with the imported type 'ComponentMapping' in 'DINOForge.Runtime, Version=1.0.0.0, Culture=neutral, PublicKeyToken=null'. Using the type defined in 'C:\Users\koosh\Dino\src\Tests\..\Runtime\Bridge\ComponentMapping.cs'. [C:\Users\koosh\Dino\src\Tests\DINOForge.Tests.csproj]
C:\Users\koosh\Dino\src\Runtime\Bridge\ComponentMap.cs(116,17): warning CS0436: The type 'ComponentMapping' in 'C:\Users\koosh\Dino\src\Tests\..\Runtime\Bridge\ComponentMapping.cs' conflicts with the imported type 'ComponentMapping' in 'DINOForge.Runtime, Version=1.0.0.0, Culture=neutral, PublicKeyToken=null'. Using the type defined in 'C:\Users\koosh\Dino\src\Tests\..\Runtime\Bridge\ComponentMapping.cs'. [C:\Users\koosh\Dino\src\Tests\DINOForge.Tests.csproj]
C:\Users\koosh\Dino\src\Runtime\Bridge\ComponentMap.cs(121,17): warning CS0436: The type 'ComponentMapping' in 'C:\Users\koosh\Dino\src\Tests\..\Runtime\Bridge\ComponentMapping.cs' conflicts with the imported type 'ComponentMapping' in 'DINOForge.Runtime, Version=1.0.0.0, Culture=neutral, PublicKeyToken=null'. Using the type defined in 'C:\Users\koosh\Dino\src\Tests\..\Runtime\Bridge\ComponentMapping.cs'. [C:\Users\koosh\Dino\src\Tests\DINOForge.Tests.csproj]
C:\Users\koosh\Dino\src\Runtime\Bridge\ComponentMap.cs(126,17): warning CS0436: The type 'ComponentMapping' in 'C:\Users\koosh\Dino\src\Tests\..\Runtime\Bridge\ComponentMapping.cs' conflicts with the imported type 'ComponentMapping' in 'DINOForge.Runtime, Version=1.0.0.0, Culture=neutral, PublicKeyToken=null'. Using the type defined in 'C:\Users\koosh\Dino\src\Tests\..\Runtime\Bridge\ComponentMapping.cs'. [C:\Users\koosh\Dino\src\Tests\DINOForge.Tests.csproj]
C:\Users\koosh\Dino\src\Runtime\Bridge\ComponentMap.cs(131,17): warning CS0436: The type 'ComponentMapping' in 'C:\Users\koosh\Dino\src\Tests\..\Runtime\Bridge\ComponentMapping.cs' conflicts with the imported type 'ComponentMapping' in 'DINOForge.Runtime, Version=1.0.0.0, Culture=neutral, PublicKeyToken=null'. Using the type defined in 'C:\Users\koosh\Dino\src\Tests\..\Runtime\Bridge\ComponentMapping.cs'. [C:\Users\koosh\Dino\src\Tests\DINOForge.Tests.csproj]
C:\Users\koosh\Dino\src\Runtime\Bridge\ComponentMap.cs(138,17): warning CS0436: The type 'ComponentMapping' in 'C:\Users\koosh\Dino\src\Tests\..\Runtime\Bridge\ComponentMapping.cs' conflicts with the imported type 'ComponentMapping' in 'DINOForge.Runtime, Version=1.0.0.0, Culture=neutral, PublicKeyToken=null'. Using the type defined in 'C:\Users\koosh\Dino\src\Tests\..\Runtime\Bridge\ComponentMapping.cs'. [C:\Users\koosh\Dino\src\Tests\DINOForge.Tests.csproj]
C:\Users\koosh\Dino\src\Runtime\Bridge\ComponentMap.cs(146,17): warning CS0436: The type 'ComponentMapping' in 'C:\Users\koosh\Dino\src\Tests\..\Runtime\Bridge\ComponentMapping.cs' conflicts with the imported type 'ComponentMapping' in 'DINOForge.Runtime, Version=1.0.0.0, Culture=neutral, PublicKeyToken=null'. Using the type defined in 'C:\Users\koosh\Dino\src\Tests\..\Runtime\Bridge\ComponentMapping.cs'. [C:\Users\koosh\Dino\src\Tests\DINOForge.Tests.csproj]
C:\Users\koosh\Dino\src\Runtime\Bridge\ComponentMap.cs(151,17): warning CS0436: The type 'ComponentMapping' in 'C:\Users\koosh\Dino\src\Tests\..\Runtime\Bridge\ComponentMapping.cs' conflicts with the imported type 'ComponentMapping' in 'DINOForge.Runtime, Version=1.0.0.0, Culture=neutral, PublicKeyToken=null'. Using the type defined in 'C:\Users\koosh\Dino\src\Tests\..\Runtime\Bridge\ComponentMapping.cs'. [C:\Users\koosh\Dino\src\Tests\DINOForge.Tests.csproj]
C:\Users\koosh\Dino\src\Runtime\Bridge\ComponentMap.cs(157,17): warning CS0436: The type 'ComponentMapping' in 'C:\Users\koosh\Dino\src\Tests\..\Runtime\Bridge\ComponentMapping.cs' conflicts with the imported type 'ComponentMapping' in 'DINOForge.Runtime, Version=1.0.0.0, Culture=neutral, PublicKeyToken=null'. Using the type defined in 'C:\Users\koosh\Dino\src\Tests\..\Runtime\Bridge\ComponentMapping.cs'. [C:\Users\koosh\Dino\src\Tests\DINOForge.Tests.csproj]
C:\Users\koosh\Dino\src\Runtime\Bridge\ComponentMap.cs(167,17): warning CS0436: The type 'ComponentMapping' in 'C:\Users\koosh\Dino\src\Tests\..\Runtime\Bridge\ComponentMapping.cs' conflicts with the imported type 'ComponentMapping' in 'DINOForge.Runtime, Version=1.0.0.0, Culture=neutral, PublicKeyToken=null'. Using the type defined in 'C:\Users\koosh\Dino\src\Tests\..\Runtime\Bridge\ComponentMapping.cs'. [C:\Users\koosh\Dino\src\Tests\DINOForge.Tests.csproj]
C:\Users\koosh\Dino\src\Runtime\Bridge\ComponentMap.cs(172,17): warning CS0436: The type 'ComponentMapping' in 'C:\Users\koosh\Dino\src\Tests\..\Runtime\Bridge\ComponentMapping.cs' conflicts with the imported type 'ComponentMapping' in 'DINOForge.Runtime, Version=1.0.0.0, Culture=neutral, PublicKeyToken=null'. Using the type defined in 'C:\Users\koosh\Dino\src\Tests\..\Runtime\Bridge\ComponentMapping.cs'. [C:\Users\koosh\Dino\src\Tests\DINOForge.Tests.csproj]
C:\Users\koosh\Dino\src\Runtime\Bridge\ComponentMap.cs(177,17): warning CS0436: The type 'ComponentMapping' in 'C:\Users\koosh\Dino\src\Tests\..\Runtime\Bridge\ComponentMapping.cs' conflicts with the imported type 'ComponentMapping' in 'DINOForge.Runtime, Version=1.0.0.0, Culture=neutral, PublicKeyToken=null'. Using the type defined in 'C:\Users\koosh\Dino\src\Tests\..\Runtime\Bridge\ComponentMapping.cs'. [C:\Users\koosh\Dino\src\Tests\DINOForge.Tests.csproj]
C:\Users\koosh\Dino\src\Runtime\Bridge\ComponentMap.cs(182,17): warning CS0436: The type 'ComponentMapping' in 'C:\Users\koosh\Dino\src\Tests\..\Runtime\Bridge\ComponentMapping.cs' conflicts with the imported type 'ComponentMapping' in 'DINOForge.Runtime, Version=1.0.0.0, Culture=neutral, PublicKeyToken=null'. Using the type defined in 'C:\Users\koosh\Dino\src\Tests\..\Runtime\Bridge\ComponentMapping.cs'. [C:\Users\koosh\Dino\src\Tests\DINOForge.Tests.csproj]
C:\Users\koosh\Dino\src\Runtime\Bridge\ComponentMap.cs(187,17): warning CS0436: The type 'ComponentMapping' in 'C:\Users\koosh\Dino\src\Tests\..\Runtime\Bridge\ComponentMapping.cs' conflicts with the imported type 'ComponentMapping' in 'DINOForge.Runtime, Version=1.0.0.0, Culture=neutral, PublicKeyToken=null'. Using the type defined in 'C:\Users\koosh\Dino\src\Tests\..\Runtime\Bridge\ComponentMapping.cs'. [C:\Users\koosh\Dino\src\Tests\DINOForge.Tests.csproj]
C:\Users\koosh\Dino\src\Runtime\Bridge\ComponentMap.cs(192,17): warning CS0436: The type 'ComponentMapping' in 'C:\Users\koosh\Dino\src\Tests\..\Runtime\Bridge\ComponentMapping.cs' conflicts with the imported type 'ComponentMapping' in 'DINOForge.Runtime, Version=1.0.0.0, Culture=neutral, PublicKeyToken=null'. Using the type defined in 'C:\Users\koosh\Dino\src\Tests\..\Runtime\Bridge\ComponentMapping.cs'. [C:\Users\koosh\Dino\src\Tests\DINOForge.Tests.csproj]
C:\Users\koosh\Dino\src\Runtime\Bridge\ComponentMap.cs(197,17): warning CS0436: The type 'ComponentMapping' in 'C:\Users\koosh\Dino\src\Tests\..\Runtime\Bridge\ComponentMapping.cs' conflicts with the imported type 'ComponentMapping' in 'DINOForge.Runtime, Version=1.0.0.0, Culture=neutral, PublicKeyToken=null'. Using the type defined in 'C:\Users\koosh\Dino\src\Tests\..\Runtime\Bridge\ComponentMapping.cs'. [C:\Users\koosh\Dino\src\Tests\DINOForge.Tests.csproj]
C:\Users\koosh\Dino\src\Runtime\Bridge\ComponentMap.cs(202,17): warning CS0436: The type 'ComponentMapping' in 'C:\Users\koosh\Dino\src\Tests\..\Runtime\Bridge\ComponentMapping.cs' conflicts with the imported type 'ComponentMapping' in 'DINOForge.Runtime, Version=1.0.0.0, Culture=neutral, PublicKeyToken=null'. Using the type defined in 'C:\Users\koosh\Dino\src\Tests\..\Runtime\Bridge\ComponentMapping.cs'. [C:\Users\koosh\Dino\src\Tests\DINOForge.Tests.csproj]
C:\Users\koosh\Dino\src\Runtime\Bridge\ComponentMap.cs(207,17): warning CS0436: The type 'ComponentMapping' in 'C:\Users\koosh\Dino\src\Tests\..\Runtime\Bridge\ComponentMapping.cs' conflicts with the imported type 'ComponentMapping' in 'DINOForge.Runtime, Version=1.0.0.0, Culture=neutral, PublicKeyToken=null'. Using the type defined in 'C:\Users\koosh\Dino\src\Tests\..\Runtime\Bridge\ComponentMapping.cs'. [C:\Users\koosh\Dino\src\Tests\DINOForge.Tests.csproj]
C:\Users\koosh\Dino\src\Runtime\Bridge\ComponentMap.cs(212,17): warning CS0436: The type 'ComponentMapping' in 'C:\Users\koosh\Dino\src\Tests\..\Runtime\Bridge\ComponentMapping.cs' conflicts with the imported type 'ComponentMapping' in 'DINOForge.Runtime, Version=1.0.0.0, Culture=neutral, PublicKeyToken=null'. Using the type defined in 'C:\Users\koosh\Dino\src\Tests\..\Runtime\Bridge\ComponentMapping.cs'. [C:\Users\koosh\Dino\src\Tests\DINOForge.Tests.csproj]
C:\Users\koosh\Dino\src\Runtime\Bridge\ComponentMap.cs(217,17): warning CS0436: The type 'ComponentMapping' in 'C:\Users\koosh\Dino\src\Tests\..\Runtime\Bridge\ComponentMapping.cs' conflicts with the imported type 'ComponentMapping' in 'DINOForge.Runtime, Version=1.0.0.0, Culture=neutral, PublicKeyToken=null'. Using the type defined in 'C:\Users\koosh\Dino\src\Tests\..\Runtime\Bridge\ComponentMapping.cs'. [C:\Users\koosh\Dino\src\Tests\DINOForge.Tests.csproj]
C:\Users\koosh\Dino\src\Runtime\Bridge\ComponentMap.cs(222,17): warning CS0436: The type 'ComponentMapping' in 'C:\Users\koosh\Dino\src\Tests\..\Runtime\Bridge\ComponentMapping.cs' conflicts with the imported type 'ComponentMapping' in 'DINOForge.Runtime, Version=1.0.0.0, Culture=neutral, PublicKeyToken=null'. Using the type defined in 'C:\Users\koosh\Dino\src\Tests\..\Runtime\Bridge\ComponentMapping.cs'. [C:\Users\koosh\Dino\src\Tests\DINOForge.Tests.csproj]
C:\Users\koosh\Dino\src\Runtime\Bridge\ComponentMap.cs(227,17): warning CS0436: The type 'ComponentMapping' in 'C:\Users\koosh\Dino\src\Tests\..\Runtime\Bridge\ComponentMapping.cs' conflicts with the imported type 'ComponentMapping' in 'DINOForge.Runtime, Version=1.0.0.0, Culture=neutral, PublicKeyToken=null'. Using the type defined in 'C:\Users\koosh\Dino\src\Tests\..\Runtime\Bridge\ComponentMapping.cs'. [C:\Users\koosh\Dino\src\Tests\DINOForge.Tests.csproj]
C:\Users\koosh\Dino\src\Runtime\Bridge\ComponentMap.cs(244,17): warning CS0436: The type 'ComponentMapping' in 'C:\Users\koosh\Dino\src\Tests\..\Runtime\Bridge\ComponentMapping.cs' conflicts with the imported type 'ComponentMapping' in 'DINOForge.Runtime, Version=1.0.0.0, Culture=neutral, PublicKeyToken=null'. Using the type defined in 'C:\Users\koosh\Dino\src\Tests\..\Runtime\Bridge\ComponentMapping.cs'. [C:\Users\koosh\Dino\src\Tests\DINOForge.Tests.csproj]
C:\Users\koosh\Dino\src\Runtime\Bridge\ComponentMap.cs(250,17): warning CS0436: The type 'ComponentMapping' in 'C:\Users\koosh\Dino\src\Tests\..\Runtime\Bridge\ComponentMapping.cs' conflicts with the imported type 'ComponentMapping' in 'DINOForge.Runtime, Version=1.0.0.0, Culture=neutral, PublicKeyToken=null'. Using the type defined in 'C:\Users\koosh\Dino\src\Tests\..\Runtime\Bridge\ComponentMapping.cs'. [C:\Users\koosh\Dino\src\Tests\DINOForge.Tests.csproj]
C:\Users\koosh\Dino\src\Runtime\Bridge\ComponentMap.cs(256,17): warning CS0436: The type 'ComponentMapping' in 'C:\Users\koosh\Dino\src\Tests\..\Runtime\Bridge\ComponentMapping.cs' conflicts with the imported type 'ComponentMapping' in 'DINOForge.Runtime, Version=1.0.0.0, Culture=neutral, PublicKeyToken=null'. Using the type defined in 'C:\Users\koosh\Dino\src\Tests\..\Runtime\Bridge\ComponentMapping.cs'. [C:\Users\koosh\Dino\src\Tests\DINOForge.Tests.csproj]
C:\Users\koosh\Dino\src\Runtime\Bridge\ComponentMap.cs(262,17): warning CS0436: The type 'ComponentMapping' in 'C:\Users\koosh\Dino\src\Tests\..\Runtime\Bridge\ComponentMapping.cs' conflicts with the imported type 'ComponentMapping' in 'DINOForge.Runtime, Version=1.0.0.0, Culture=neutral, PublicKeyToken=null'. Using the type defined in 'C:\Users\koosh\Dino\src\Tests\..\Runtime\Bridge\ComponentMapping.cs'. [C:\Users\koosh\Dino\src\Tests\DINOForge.Tests.csproj]
C:\Users\koosh\Dino\src\Runtime\Bridge\ComponentMap.cs(268,17): warning CS0436: The type 'ComponentMapping' in 'C:\Users\koosh\Dino\src\Tests\..\Runtime\Bridge\ComponentMapping.cs' conflicts with the imported type 'ComponentMapping' in 'DINOForge.Runtime, Version=1.0.0.0, Culture=neutral, PublicKeyToken=null'. Using the type defined in 'C:\Users\koosh\Dino\src\Tests\..\Runtime\Bridge\ComponentMapping.cs'. [C:\Users\koosh\Dino\src\Tests\DINOForge.Tests.csproj]
C:\Users\koosh\Dino\src\Runtime\Bridge\ComponentMap.cs(274,17): warning CS0436: The type 'ComponentMapping' in 'C:\Users\koosh\Dino\src\Tests\..\Runtime\Bridge\ComponentMapping.cs' conflicts with the imported type 'ComponentMapping' in 'DINOForge.Runtime, Version=1.0.0.0, Culture=neutral, PublicKeyToken=null'. Using the type defined in 'C:\Users\koosh\Dino\src\Tests\..\Runtime\Bridge\ComponentMapping.cs'. [C:\Users\koosh\Dino\src\Tests\DINOForge.Tests.csproj]
C:\Users\koosh\Dino\src\Runtime\Bridge\ComponentMap.cs(280,17): warning CS0436: The type 'ComponentMapping' in 'C:\Users\koosh\Dino\src\Tests\..\Runtime\Bridge\ComponentMapping.cs' conflicts with the imported type 'ComponentMapping' in 'DINOForge.Runtime, Version=1.0.0.0, Culture=neutral, PublicKeyToken=null'. Using the type defined in 'C:\Users\koosh\Dino\src\Tests\..\Runtime\Bridge\ComponentMapping.cs'. [C:\Users\koosh\Dino\src\Tests\DINOForge.Tests.csproj]
C:\Users\koosh\Dino\src\Runtime\Bridge\ComponentMap.cs(286,17): warning CS0436: The type 'ComponentMapping' in 'C:\Users\koosh\Dino\src\Tests\..\Runtime\Bridge\ComponentMapping.cs' conflicts with the imported type 'ComponentMapping' in 'DINOForge.Runtime, Version=1.0.0.0, Culture=neutral, PublicKeyToken=null'. Using the type defined in 'C:\Users\koosh\Dino\src\Tests\..\Runtime\Bridge\ComponentMapping.cs'. [C:\Users\koosh\Dino\src\Tests\DINOForge.Tests.csproj]
C:\Users\koosh\Dino\src\Runtime\Bridge\ComponentMap.cs(292,17): warning CS0436: The type 'ComponentMapping' in 'C:\Users\koosh\Dino\src\Tests\..\Runtime\Bridge\ComponentMapping.cs' conflicts with the imported type 'ComponentMapping' in 'DINOForge.Runtime, Version=1.0.0.0, Culture=neutral, PublicKeyToken=null'. Using the type defined in 'C:\Users\koosh\Dino\src\Tests\..\Runtime\Bridge\ComponentMapping.cs'. [C:\Users\koosh\Dino\src\Tests\DINOForge.Tests.csproj]
C:\Users\koosh\Dino\src\Runtime\Bridge\ComponentMap.cs(297,17): warning CS0436: The type 'ComponentMapping' in 'C:\Users\koosh\Dino\src\Tests\..\Runtime\Bridge\ComponentMapping.cs' conflicts with the imported type 'ComponentMapping' in 'DINOForge.Runtime, Version=1.0.0.0, Culture=neutral, PublicKeyToken=null'. Using the type defined in 'C:\Users\koosh\Dino\src\Tests\..\Runtime\Bridge\ComponentMapping.cs'. [C:\Users\koosh\Dino\src\Tests\DINOForge.Tests.csproj]
C:\Users\koosh\Dino\src\Runtime\Bridge\ComponentMap.cs(302,17): warning CS0436: The type 'ComponentMapping' in 'C:\Users\koosh\Dino\src\Tests\..\Runtime\Bridge\ComponentMapping.cs' conflicts with the imported type 'ComponentMapping' in 'DINOForge.Runtime, Version=1.0.0.0, Culture=neutral, PublicKeyToken=null'. Using the type defined in 'C:\Users\koosh\Dino\src\Tests\..\Runtime\Bridge\ComponentMapping.cs'. [C:\Users\koosh\Dino\src\Tests\DINOForge.Tests.csproj]
C:\Users\koosh\Dino\src\Runtime\Bridge\ComponentMap.cs(307,17): warning CS0436: The type 'ComponentMapping' in 'C:\Users\koosh\Dino\src\Tests\..\Runtime\Bridge\ComponentMapping.cs' conflicts with the imported type 'ComponentMapping' in 'DINOForge.Runtime, Version=1.0.0.0, Culture=neutral, PublicKeyToken=null'. Using the type defined in 'C:\Users\koosh\Dino\src\Tests\..\Runtime\Bridge\ComponentMapping.cs'. [C:\Users\koosh\Dino\src\Tests\DINOForge.Tests.csproj]
C:\Users\koosh\Dino\src\Runtime\Bridge\ComponentMap.cs(312,17): warning CS0436: The type 'ComponentMapping' in 'C:\Users\koosh\Dino\src\Tests\..\Runtime\Bridge\ComponentMapping.cs' conflicts with the imported type 'ComponentMapping' in 'DINOForge.Runtime, Version=1.0.0.0, Culture=neutral, PublicKeyToken=null'. Using the type defined in 'C:\Users\koosh\Dino\src\Tests\..\Runtime\Bridge\ComponentMapping.cs'. [C:\Users\koosh\Dino\src\Tests\DINOForge.Tests.csproj]
C:\Users\koosh\Dino\src\Runtime\Bridge\ComponentMap.cs(317,17): warning CS0436: The type 'ComponentMapping' in 'C:\Users\koosh\Dino\src\Tests\..\Runtime\Bridge\ComponentMapping.cs' conflicts with the imported type 'ComponentMapping' in 'DINOForge.Runtime, Version=1.0.0.0, Culture=neutral, PublicKeyToken=null'. Using the type defined in 'C:\Users\koosh\Dino\src\Tests\..\Runtime\Bridge\ComponentMapping.cs'. [C:\Users\koosh\Dino\src\Tests\DINOForge.Tests.csproj]
C:\Users\koosh\Dino\src\Runtime\Bridge\ComponentMap.cs(322,17): warning CS0436: The type 'ComponentMapping' in 'C:\Users\koosh\Dino\src\Tests\..\Runtime\Bridge\ComponentMapping.cs' conflicts with the imported type 'ComponentMapping' in 'DINOForge.Runtime, Version=1.0.0.0, Culture=neutral, PublicKeyToken=null'. Using the type defined in 'C:\Users\koosh\Dino\src\Tests\..\Runtime\Bridge\ComponentMapping.cs'. [C:\Users\koosh\Dino\src\Tests\DINOForge.Tests.csproj]
C:\Users\koosh\Dino\src\Runtime\Bridge\ComponentMap.cs(327,17): warning CS0436: The type 'ComponentMapping' in 'C:\Users\koosh\Dino\src\Tests\..\Runtime\Bridge\ComponentMapping.cs' conflicts with the imported type 'ComponentMapping' in 'DINOForge.Runtime, Version=1.0.0.0, Culture=neutral, PublicKeyToken=null'. Using the type defined in 'C:\Users\koosh\Dino\src\Tests\..\Runtime\Bridge\ComponentMapping.cs'. [C:\Users\koosh\Dino\src\Tests\DINOForge.Tests.csproj]
C:\Users\koosh\Dino\src\Runtime\Bridge\ComponentMap.cs(332,17): warning CS0436: The type 'ComponentMapping' in 'C:\Users\koosh\Dino\src\Tests\..\Runtime\Bridge\ComponentMapping.cs' conflicts with the imported type 'ComponentMapping' in 'DINOForge.Runtime, Version=1.0.0.0, Culture=neutral, PublicKeyToken=null'. Using the type defined in 'C:\Users\koosh\Dino\src\Tests\..\Runtime\Bridge\ComponentMapping.cs'. [C:\Users\koosh\Dino\src\Tests\DINOForge.Tests.csproj]
C:\Users\koosh\Dino\src\Runtime\Bridge\ComponentMap.cs(348,43): warning CS0436: The type 'ComponentMapping' in 'C:\Users\koosh\Dino\src\Tests\..\Runtime\Bridge\ComponentMapping.cs' conflicts with the imported type 'ComponentMapping' in 'DINOForge.Runtime, Version=1.0.0.0, Culture=neutral, PublicKeyToken=null'. Using the type defined in 'C:\Users\koosh\Dino\src\Tests\..\Runtime\Bridge\ComponentMapping.cs'. [C:\Users\koosh\Dino\src\Tests\DINOForge.Tests.csproj]
C:\Users\koosh\Dino\src\Runtime\Bridge\ComponentMap.cs(351,48): warning CS0436: The type 'ComponentMap' in 'C:\Users\koosh\Dino\src\Tests\..\Runtime\Bridge\ComponentMap.cs' conflicts with the imported type 'ComponentMap' in 'DINOForge.Runtime, Version=1.0.0.0, Culture=neutral, PublicKeyToken=null'. Using the type defined in 'C:\Users\koosh\Dino\src\Tests\..\Runtime\Bridge\ComponentMap.cs'. [C:\Users\koosh\Dino\src\Tests\DINOForge.Tests.csproj]
C:\Users\koosh\Dino\src\Runtime\Bridge\ComponentMap.cs(354,47): warning CS0436: The type 'ComponentMapping' in 'C:\Users\koosh\Dino\src\Tests\..\Runtime\Bridge\ComponentMapping.cs' conflicts with the imported type 'ComponentMapping' in 'DINOForge.Runtime, Version=1.0.0.0, Culture=neutral, PublicKeyToken=null'. Using the type defined in 'C:\Users\koosh\Dino\src\Tests\..\Runtime\Bridge\ComponentMapping.cs'. [C:\Users\koosh\Dino\src\Tests\DINOForge.Tests.csproj]
C:\Users\koosh\Dino\src\Runtime\Bridge\ComponentMap.cs(356,21): warning CS0436: The type 'ComponentMapping' in 'C:\Users\koosh\Dino\src\Tests\..\Runtime\Bridge\ComponentMapping.cs' conflicts with the imported type 'ComponentMapping' in 'DINOForge.Runtime, Version=1.0.0.0, Culture=neutral, PublicKeyToken=null'. Using the type defined in 'C:\Users\koosh\Dino\src\Tests\..\Runtime\Bridge\ComponentMapping.cs'. [C:\Users\koosh\Dino\src\Tests\DINOForge.Tests.csproj]
C:\Users\koosh\Dino\src\Runtime\Bridge\ComponentMap.cs(356,73): warning CS0436: The type 'ComponentMapping' in 'C:\Users\koosh\Dino\src\Tests\..\Runtime\Bridge\ComponentMapping.cs' conflicts with the imported type 'ComponentMapping' in 'DINOForge.Runtime, Version=1.0.0.0, Culture=neutral, PublicKeyToken=null'. Using the type defined in 'C:\Users\koosh\Dino\src\Tests\..\Runtime\Bridge\ComponentMapping.cs'. [C:\Users\koosh\Dino\src\Tests\DINOForge.Tests.csproj]
C:\Users\koosh\Dino\src\Runtime\Bridge\ComponentMap.cs(372,43): warning CS0436: The type 'ComponentMapping' in 'C:\Users\koosh\Dino\src\Tests\..\Runtime\Bridge\ComponentMapping.cs' conflicts with the imported type 'ComponentMapping' in 'DINOForge.Runtime, Version=1.0.0.0, Culture=neutral, PublicKeyToken=null'. Using the type defined in 'C:\Users\koosh\Dino\src\Tests\..\Runtime\Bridge\ComponentMapping.cs'. [C:\Users\koosh\Dino\src\Tests\DINOForge.Tests.csproj]
C:\Users\koosh\Dino\src\Runtime\Bridge\ComponentMap.cs(383,22): warning CS0436: The type 'ComponentMapping' in 'C:\Users\koosh\Dino\src\Tests\..\Runtime\Bridge\ComponentMapping.cs' conflicts with the imported type 'ComponentMapping' in 'DINOForge.Runtime, Version=1.0.0.0, Culture=neutral, PublicKeyToken=null'. Using the type defined in 'C:\Users\koosh\Dino\src\Tests\..\Runtime\Bridge\ComponentMapping.cs'. [C:\Users\koosh\Dino\src\Tests\DINOForge.Tests.csproj]
C:\Users\koosh\Dino\src\Runtime\RustAssetPipelineInterop.cs(111,66): warning CS0436: The type 'AssetData' in 'C:\Users\koosh\Dino\src\Tests\..\Runtime\RustAssetPipelineInterop.cs' conflicts with the imported type 'AssetData' in 'DINOForge.Runtime, Version=1.0.0.0, Culture=neutral, PublicKeyToken=null'. Using the type defined in 'C:\Users\koosh\Dino\src\Tests\..\Runtime\RustAssetPipelineInterop.cs'. [C:\Users\koosh\Dino\src\Tests\DINOForge.Tests.csproj]
C:\Users\koosh\Dino\src\Runtime\Bridge\ComponentMap.cs(401,22): warning CS0436: The type 'ComponentMapping' in 'C:\Users\koosh\Dino\src\Tests\..\Runtime\Bridge\ComponentMapping.cs' conflicts with the imported type 'ComponentMapping' in 'DINOForge.Runtime, Version=1.0.0.0, Culture=neutral, PublicKeyToken=null'. Using the type defined in 'C:\Users\koosh\Dino\src\Tests\..\Runtime\Bridge\ComponentMapping.cs'. [C:\Users\koosh\Dino\src\Tests\DINOForge.Tests.csproj]
C:\Users\koosh\Dino\src\Runtime\RustAssetPipelineInterop.cs(187,67): warning CS0436: The type 'AssetData' in 'C:\Users\koosh\Dino\src\Tests\..\Runtime\RustAssetPipelineInterop.cs' conflicts with the imported type 'AssetData' in 'DINOForge.Runtime, Version=1.0.0.0, Culture=neutral, PublicKeyToken=null'. Using the type defined in 'C:\Users\koosh\Dino\src\Tests\..\Runtime\RustAssetPipelineInterop.cs'. [C:\Users\koosh\Dino\src\Tests\DINOForge.Tests.csproj]
C:\Users\koosh\Dino\src\Tests\ContentLoaderErrorTests.cs(114,31): warning CS8600: Converting null literal or possible null value to non-nullable type. [C:\Users\koosh\Dino\src\Tests\DINOForge.Tests.csproj]
C:\Users\koosh\Dino\src\Tests\RegistryErrorTests.cs(42,28): warning CS8600: Converting null literal or possible null value to non-nullable type. [C:\Users\koosh\Dino\src\Tests\DINOForge.Tests.csproj]
C:\Users\koosh\Dino\src\Tests\RegistryErrorTests.cs(76,32): warning CS8600: Converting null literal or possible null value to non-nullable type. [C:\Users\koosh\Dino\src\Tests\DINOForge.Tests.csproj]
C:\Users\koosh\Dino\src\Tests\EconomyCoverageGapTests.cs(221,59): warning CS8625: Cannot convert null literal to non-nullable reference type. [C:\Users\koosh\Dino\src\Tests\DINOForge.Tests.csproj]
C:\Users\koosh\Dino\src\Tests\EconomyCoverageGapTests.cs(231,59): warning CS8625: Cannot convert null literal to non-nullable reference type. [C:\Users\koosh\Dino\src\Tests\DINOForge.Tests.csproj]
C:\Users\koosh\Dino\src\Tests\Mocks\MockValidatableTests.cs(67,13): warning CS0219: The variable 'hookFired' is assigned but its value is never used [C:\Users\koosh\Dino\src\Tests\DINOForge.Tests.csproj]
C:\Users\koosh\Dino\src\Tests\RuntimeExtractionTests.cs(24,23): warning CS0436: The type 'PackStatMappings' in 'C:\Users\koosh\Dino\src\Tests\..\Runtime\Bridge\PackStatMappings.cs' conflicts with the imported type 'PackStatMappings' in 'DINOForge.Runtime, Version=1.0.0.0, Culture=neutral, PublicKeyToken=null'. Using the type defined in 'C:\Users\koosh\Dino\src\Tests\..\Runtime\Bridge\PackStatMappings.cs'. [C:\Users\koosh\Dino\src\Tests\DINOForge.Tests.csproj]
C:\Users\koosh\Dino\src\Tests\RuntimeExtractionTests.cs(35,23): warning CS0436: The type 'PackStatMappings' in 'C:\Users\koosh\Dino\src\Tests\..\Runtime\Bridge\PackStatMappings.cs' conflicts with the imported type 'PackStatMappings' in 'DINOForge.Runtime, Version=1.0.0.0, Culture=neutral, PublicKeyToken=null'. Using the type defined in 'C:\Users\koosh\Dino\src\Tests\..\Runtime\Bridge\PackStatMappings.cs'. [C:\Users\koosh\Dino\src\Tests\DINOForge.Tests.csproj]
C:\Users\koosh\Dino\src\Tests\RuntimeExtractionTests.cs(46,23): warning CS0436: The type 'PackStatMappings' in 'C:\Users\koosh\Dino\src\Tests\..\Runtime\Bridge\PackStatMappings.cs' conflicts with the imported type 'PackStatMappings' in 'DINOForge.Runtime, Version=1.0.0.0, Culture=neutral, PublicKeyToken=null'. Using the type defined in 'C:\Users\koosh\Dino\src\Tests\..\Runtime\Bridge\PackStatMappings.cs'. [C:\Users\koosh\Dino\src\Tests\DINOForge.Tests.csproj]
C:\Users\koosh\Dino\src\Tests\RuntimeExtractionTests.cs(61,23): warning CS0436: The type 'PackStatMappings' in 'C:\Users\koosh\Dino\src\Tests\..\Runtime\Bridge\PackStatMappings.cs' conflicts with the imported type 'PackStatMappings' in 'DINOForge.Runtime, Version=1.0.0.0, Culture=neutral, PublicKeyToken=null'. Using the type defined in 'C:\Users\koosh\Dino\src\Tests\..\Runtime\Bridge\PackStatMappings.cs'. [C:\Users\koosh\Dino\src\Tests\DINOForge.Tests.csproj]
C:\Users\koosh\Dino\src\Tests\RuntimeExtractionTests.cs(72,23): warning CS0436: The type 'PackStatMappings' in 'C:\Users\koosh\Dino\src\Tests\..\Runtime\Bridge\PackStatMappings.cs' conflicts with the imported type 'PackStatMappings' in 'DINOForge.Runtime, Version=1.0.0.0, Culture=neutral, PublicKeyToken=null'. Using the type defined in 'C:\Users\koosh\Dino\src\Tests\..\Runtime\Bridge\PackStatMappings.cs'. [C:\Users\koosh\Dino\src\Tests\DINOForge.Tests.csproj]
C:\Users\koosh\Dino\src\Tests\RuntimeExtractionTests.cs(85,28): warning CS0436: The type 'PackStatMappings' in 'C:\Users\koosh\Dino\src\Tests\..\Runtime\Bridge\PackStatMappings.cs' conflicts with the imported type 'PackStatMappings' in 'DINOForge.Runtime, Version=1.0.0.0, Culture=neutral, PublicKeyToken=null'. Using the type defined in 'C:\Users\koosh\Dino\src\Tests\..\Runtime\Bridge\PackStatMappings.cs'. [C:\Users\koosh\Dino\src\Tests\DINOForge.Tests.csproj]
C:\Users\koosh\Dino\src\Tests\RuntimeExtractionTests.cs(98,21): warning CS0436: The type 'PackStatMappings' in 'C:\Users\koosh\Dino\src\Tests\..\Runtime\Bridge\PackStatMappings.cs' conflicts with the imported type 'PackStatMappings' in 'DINOForge.Runtime, Version=1.0.0.0, Culture=neutral, PublicKeyToken=null'. Using the type defined in 'C:\Users\koosh\Dino\src\Tests\..\Runtime\Bridge\PackStatMappings.cs'. [C:\Users\koosh\Dino\src\Tests\DINOForge.Tests.csproj]
C:\Users\koosh\Dino\src\Tests\RuntimeExtractionTests.cs(115,21): warning CS0436: The type 'PackStatMappings' in 'C:\Users\koosh\Dino\src\Tests\..\Runtime\Bridge\PackStatMappings.cs' conflicts with the imported type 'PackStatMappings' in 'DINOForge.Runtime, Version=1.0.0.0, Culture=neutral, PublicKeyToken=null'. Using the type defined in 'C:\Users\koosh\Dino\src\Tests\..\Runtime\Bridge\PackStatMappings.cs'. [C:\Users\koosh\Dino\src\Tests\DINOForge.Tests.csproj]
C:\Users\koosh\Dino\src\Tests\RuntimeExtractionTests.cs(131,21): warning CS0436: The type 'PackStatMappings' in 'C:\Users\koosh\Dino\src\Tests\..\Runtime\Bridge\PackStatMappings.cs' conflicts with the imported type 'PackStatMappings' in 'DINOForge.Runtime, Version=1.0.0.0, Culture=neutral, PublicKeyToken=null'. Using the type defined in 'C:\Users\koosh\Dino\src\Tests\..\Runtime\Bridge\PackStatMappings.cs'. [C:\Users\koosh\Dino\src\Tests\DINOForge.Tests.csproj]
C:\Users\koosh\Dino\src\Tests\RuntimeExtractionTests.cs(150,26): warning CS0436: The type 'VanillaArchetypeMapper' in 'C:\Users\koosh\Dino\src\Tests\..\Runtime\Bridge\VanillaArchetypeMapper.cs' conflicts with the imported type 'VanillaArchetypeMapper' in 'DINOForge.Runtime, Version=1.0.0.0, Culture=neutral, PublicKeyToken=null'. Using the type defined in 'C:\Users\koosh\Dino\src\Tests\..\Runtime\Bridge\VanillaArchetypeMapper.cs'. [C:\Users\koosh\Dino\src\Tests\DINOForge.Tests.csproj]
C:\Users\koosh\Dino\src\Tests\RuntimeExtractionTests.cs(150,77): warning CS8625: Cannot convert null literal to non-nullable reference type. [C:\Users\koosh\Dino\src\Tests\DINOForge.Tests.csproj]
C:\Users\koosh\Dino\src\Tests\RuntimeExtractionTests.cs(160,26): warning CS0436: The type 'VanillaArchetypeMapper' in 'C:\Users\koosh\Dino\src\Tests\..\Runtime\Bridge\VanillaArchetypeMapper.cs' conflicts with the imported type 'VanillaArchetypeMapper' in 'DINOForge.Runtime, Version=1.0.0.0, Culture=neutral, PublicKeyToken=null'. Using the type defined in 'C:\Users\koosh\Dino\src\Tests\..\Runtime\Bridge\VanillaArchetypeMapper.cs'. [C:\Users\koosh\Dino\src\Tests\DINOForge.Tests.csproj]
C:\Users\koosh\Dino\src\Tests\RuntimeExtractionTests.cs(170,26): warning CS0436: The type 'VanillaArchetypeMapper' in 'C:\Users\koosh\Dino\src\Tests\..\Runtime\Bridge\VanillaArchetypeMapper.cs' conflicts with the imported type 'VanillaArchetypeMapper' in 'DINOForge.Runtime, Version=1.0.0.0, Culture=neutral, PublicKeyToken=null'. Using the type defined in 'C:\Users\koosh\Dino\src\Tests\..\Runtime\Bridge\VanillaArchetypeMapper.cs'. [C:\Users\koosh\Dino\src\Tests\DINOForge.Tests.csproj]
C:\Users\koosh\Dino\src\Tests\RuntimeExtractionTests.cs(185,26): warning CS0436: The type 'VanillaArchetypeMapper' in 'C:\Users\koosh\Dino\src\Tests\..\Runtime\Bridge\VanillaArchetypeMapper.cs' conflicts with the imported type 'VanillaArchetypeMapper' in 'DINOForge.Runtime, Version=1.0.0.0, Culture=neutral, PublicKeyToken=null'. Using the type defined in 'C:\Users\koosh\Dino\src\Tests\..\Runtime\Bridge\VanillaArchetypeMapper.cs'. [C:\Users\koosh\Dino\src\Tests\DINOForge.Tests.csproj]
C:\Users\koosh\Dino\src\Tests\RuntimeExtractionTests.cs(195,31): warning CS0436: The type 'VanillaArchetypeMapper' in 'C:\Users\koosh\Dino\src\Tests\..\Runtime\Bridge\VanillaArchetypeMapper.cs' conflicts with the imported type 'VanillaArchetypeMapper' in 'DINOForge.Runtime, Version=1.0.0.0, Culture=neutral, PublicKeyToken=null'. Using the type defined in 'C:\Users\koosh\Dino\src\Tests\..\Runtime\Bridge\VanillaArchetypeMapper.cs'. [C:\Users\koosh\Dino\src\Tests\DINOForge.Tests.csproj]
C:\Users\koosh\Dino\src\Tests\RuntimeExtractionTests.cs(196,31): warning CS0436: The type 'VanillaArchetypeMapper' in 'C:\Users\koosh\Dino\src\Tests\..\Runtime\Bridge\VanillaArchetypeMapper.cs' conflicts with the imported type 'VanillaArchetypeMapper' in 'DINOForge.Runtime, Version=1.0.0.0, Culture=neutral, PublicKeyToken=null'. Using the type defined in 'C:\Users\koosh\Dino\src\Tests\..\Runtime\Bridge\VanillaArchetypeMapper.cs'. [C:\Users\koosh\Dino\src\Tests\DINOForge.Tests.csproj]
C:\Users\koosh\Dino\src\Tests\RuntimeExtractionTests.cs(197,31): warning CS0436: The type 'VanillaArchetypeMapper' in 'C:\Users\koosh\Dino\src\Tests\..\Runtime\Bridge\VanillaArchetypeMapper.cs' conflicts with the imported type 'VanillaArchetypeMapper' in 'DINOForge.Runtime, Version=1.0.0.0, Culture=neutral, PublicKeyToken=null'. Using the type defined in 'C:\Users\koosh\Dino\src\Tests\..\Runtime\Bridge\VanillaArchetypeMapper.cs'. [C:\Users\koosh\Dino\src\Tests\DINOForge.Tests.csproj]
C:\Users\koosh\Dino\src\Tests\RuntimeExtractionTests.cs(212,23): warning CS0436: The type 'VanillaArchetypeMapper' in 'C:\Users\koosh\Dino\src\Tests\..\Runtime\Bridge\VanillaArchetypeMapper.cs' conflicts with the imported type 'VanillaArchetypeMapper' in 'DINOForge.Runtime, Version=1.0.0.0, Culture=neutral, PublicKeyToken=null'. Using the type defined in 'C:\Users\koosh\Dino\src\Tests\..\Runtime\Bridge\VanillaArchetypeMapper.cs'. [C:\Users\koosh\Dino\src\Tests\DINOForge.Tests.csproj]
C:\Users\koosh\Dino\src\Tests\RuntimeExtractionTests.cs(224,23): warning CS0436: The type 'VanillaArchetypeMapper' in 'C:\Users\koosh\Dino\src\Tests\..\Runtime\Bridge\VanillaArchetypeMapper.cs' conflicts with the imported type 'VanillaArchetypeMapper' in 'DINOForge.Runtime, Version=1.0.0.0, Culture=neutral, PublicKeyToken=null'. Using the type defined in 'C:\Users\koosh\Dino\src\Tests\..\Runtime\Bridge\VanillaArchetypeMapper.cs'. [C:\Users\koosh\Dino\src\Tests\DINOForge.Tests.csproj]
C:\Users\koosh\Dino\src\Tests\RuntimeExtractionTests.cs(235,23): warning CS0436: The type 'VanillaArchetypeMapper' in 'C:\Users\koosh\Dino\src\Tests\..\Runtime\Bridge\VanillaArchetypeMapper.cs' conflicts with the imported type 'VanillaArchetypeMapper' in 'DINOForge.Runtime, Version=1.0.0.0, Culture=neutral, PublicKeyToken=null'. Using the type defined in 'C:\Users\koosh\Dino\src\Tests\..\Runtime\Bridge\VanillaArchetypeMapper.cs'. [C:\Users\koosh\Dino\src\Tests\DINOForge.Tests.csproj]
C:\Users\koosh\Dino\src\Tests\RuntimeExtractionTests.cs(235,58): warning CS8625: Cannot convert null literal to non-nullable reference type. [C:\Users\koosh\Dino\src\Tests\DINOForge.Tests.csproj]
C:\Users\koosh\Dino\src\Tests\RuntimeExtractionTests.cs(246,23): warning CS0436: The type 'VanillaArchetypeMapper' in 'C:\Users\koosh\Dino\src\Tests\..\Runtime\Bridge\VanillaArchetypeMapper.cs' conflicts with the imported type 'VanillaArchetypeMapper' in 'DINOForge.Runtime, Version=1.0.0.0, Culture=neutral, PublicKeyToken=null'. Using the type defined in 'C:\Users\koosh\Dino\src\Tests\..\Runtime\Bridge\VanillaArchetypeMapper.cs'. [C:\Users\koosh\Dino\src\Tests\DINOForge.Tests.csproj]
C:\Users\koosh\Dino\src\Tests\RuntimeExtractionTests.cs(257,23): warning CS0436: The type 'VanillaArchetypeMapper' in 'C:\Users\koosh\Dino\src\Tests\..\Runtime\Bridge\VanillaArchetypeMapper.cs' conflicts with the imported type 'VanillaArchetypeMapper' in 'DINOForge.Runtime, Version=1.0.0.0, Culture=neutral, PublicKeyToken=null'. Using the type defined in 'C:\Users\koosh\Dino\src\Tests\..\Runtime\Bridge\VanillaArchetypeMapper.cs'. [C:\Users\koosh\Dino\src\Tests\DINOForge.Tests.csproj]
C:\Users\koosh\Dino\src\Tests\SdkCompatibilityEdgeCaseTests.cs(314,23): warning CS8625: Cannot convert null literal to non-nullable reference type. [C:\Users\koosh\Dino\src\Tests\DINOForge.Tests.csproj]
C:\Users\koosh\Dino\src\Tests\RuntimeExtractionTests.cs(272,27): warning CS0436: The type 'ComponentMapping' in 'C:\Users\koosh\Dino\src\Tests\..\Runtime\Bridge\ComponentMapping.cs' conflicts with the imported type 'ComponentMapping' in 'DINOForge.Runtime, Version=1.0.0.0, Culture=neutral, PublicKeyToken=null'. Using the type defined in 'C:\Users\koosh\Dino\src\Tests\..\Runtime\Bridge\ComponentMapping.cs'. [C:\Users\koosh\Dino\src\Tests\DINOForge.Tests.csproj]
C:\Users\koosh\Dino\src\Tests\RuntimeExtractionTests.cs(284,32): warning CS0436: The type 'ComponentMapping' in 'C:\Users\koosh\Dino\src\Tests\..\Runtime\Bridge\ComponentMapping.cs' conflicts with the imported type 'ComponentMapping' in 'DINOForge.Runtime, Version=1.0.0.0, Culture=neutral, PublicKeyToken=null'. Using the type defined in 'C:\Users\koosh\Dino\src\Tests\..\Runtime\Bridge\ComponentMapping.cs'. [C:\Users\koosh\Dino\src\Tests\DINOForge.Tests.csproj]
C:\Users\koosh\Dino\src\Tests\RuntimeExtractionTests.cs(292,32): warning CS0436: The type 'ComponentMapping' in 'C:\Users\koosh\Dino\src\Tests\..\Runtime\Bridge\ComponentMapping.cs' conflicts with the imported type 'ComponentMapping' in 'DINOForge.Runtime, Version=1.0.0.0, Culture=neutral, PublicKeyToken=null'. Using the type defined in 'C:\Users\koosh\Dino\src\Tests\..\Runtime\Bridge\ComponentMapping.cs'. [C:\Users\koosh\Dino\src\Tests\DINOForge.Tests.csproj]
C:\Users\koosh\Dino\src\Tests\RuntimeExtractionTests.cs(300,27): warning CS0436: The type 'ComponentMapping' in 'C:\Users\koosh\Dino\src\Tests\..\Runtime\Bridge\ComponentMapping.cs' conflicts with the imported type 'ComponentMapping' in 'DINOForge.Runtime, Version=1.0.0.0, Culture=neutral, PublicKeyToken=null'. Using the type defined in 'C:\Users\koosh\Dino\src\Tests\..\Runtime\Bridge\ComponentMapping.cs'. [C:\Users\koosh\Dino\src\Tests\DINOForge.Tests.csproj]
C:\Users\koosh\Dino\src\Tests\RuntimeExtractionTests.cs(315,27): warning CS0436: The type 'ComponentMapping' in 'C:\Users\koosh\Dino\src\Tests\..\Runtime\Bridge\ComponentMapping.cs' conflicts with the imported type 'ComponentMapping' in 'DINOForge.Runtime, Version=1.0.0.0, Culture=neutral, PublicKeyToken=null'. Using the type defined in 'C:\Users\koosh\Dino\src\Tests\..\Runtime\Bridge\ComponentMapping.cs'. [C:\Users\koosh\Dino\src\Tests\DINOForge.Tests.csproj]
C:\Users\koosh\Dino\src\Tests\RuntimeExtractionTests.cs(330,22): warning CS0436: The type 'ComponentMap' in 'C:\Users\koosh\Dino\src\Tests\..\Runtime\Bridge\ComponentMap.cs' conflicts with the imported type 'ComponentMap' in 'DINOForge.Runtime, Version=1.0.0.0, Culture=neutral, PublicKeyToken=null'. Using the type defined in 'C:\Users\koosh\Dino\src\Tests\..\Runtime\Bridge\ComponentMap.cs'. [C:\Users\koosh\Dino\src\Tests\DINOForge.Tests.csproj]
C:\Users\koosh\Dino\src\Tests\GameClientCoverageTests.cs(2262,18): warning CS8602: Dereference of a possibly null reference. [C:\Users\koosh\Dino\src\Tests\DINOForge.Tests.csproj]
C:\Users\koosh\Dino\src\Tests\RuntimeExtractionTests.cs(342,22): warning CS0436: The type 'ComponentMap' in 'C:\Users\koosh\Dino\src\Tests\..\Runtime\Bridge\ComponentMap.cs' conflicts with the imported type 'ComponentMap' in 'DINOForge.Runtime, Version=1.0.0.0, Culture=neutral, PublicKeyToken=null'. Using the type defined in 'C:\Users\koosh\Dino\src\Tests\..\Runtime\Bridge\ComponentMap.cs'. [C:\Users\koosh\Dino\src\Tests\DINOForge.Tests.csproj]
C:\Users\koosh\Dino\src\Tests\RuntimeExtractionTests.cs(352,27): warning CS0436: The type 'ComponentMap' in 'C:\Users\koosh\Dino\src\Tests\..\Runtime\Bridge\ComponentMap.cs' conflicts with the imported type 'ComponentMap' in 'DINOForge.Runtime, Version=1.0.0.0, Culture=neutral, PublicKeyToken=null'. Using the type defined in 'C:\Users\koosh\Dino\src\Tests\..\Runtime\Bridge\ComponentMap.cs'. [C:\Users\koosh\Dino\src\Tests\DINOForge.Tests.csproj]
C:\Users\koosh\Dino\src\Tests\RuntimeExtractionTests.cs(353,27): warning CS0436: The type 'ComponentMap' in 'C:\Users\koosh\Dino\src\Tests\..\Runtime\Bridge\ComponentMap.cs' conflicts with the imported type 'ComponentMap' in 'DINOForge.Runtime, Version=1.0.0.0, Culture=neutral, PublicKeyToken=null'. Using the type defined in 'C:\Users\koosh\Dino\src\Tests\..\Runtime\Bridge\ComponentMap.cs'. [C:\Users\koosh\Dino\src\Tests\DINOForge.Tests.csproj]
C:\Users\koosh\Dino\src\Tests\VanillaCatalogErrorTests.cs(169,29): warning CS8600: Converting null literal or possible null value to non-nullable type. [C:\Users\koosh\Dino\src\Tests\DINOForge.Tests.csproj]
C:\Users\koosh\Dino\src\Tests\RuntimeExtractionTests.cs(365,22): warning CS0436: The type 'ComponentMap' in 'C:\Users\koosh\Dino\src\Tests\..\Runtime\Bridge\ComponentMap.cs' conflicts with the imported type 'ComponentMap' in 'DINOForge.Runtime, Version=1.0.0.0, Culture=neutral, PublicKeyToken=null'. Using the type defined in 'C:\Users\koosh\Dino\src\Tests\..\Runtime\Bridge\ComponentMap.cs'. [C:\Users\koosh\Dino\src\Tests\DINOForge.Tests.csproj]
C:\Users\koosh\Dino\src\Tests\RuntimeExtractionTests.cs(376,22): warning CS0436: The type 'ComponentMap' in 'C:\Users\koosh\Dino\src\Tests\..\Runtime\Bridge\ComponentMap.cs' conflicts with the imported type 'ComponentMap' in 'DINOForge.Runtime, Version=1.0.0.0, Culture=neutral, PublicKeyToken=null'. Using the type defined in 'C:\Users\koosh\Dino\src\Tests\..\Runtime\Bridge\ComponentMap.cs'. [C:\Users\koosh\Dino\src\Tests\DINOForge.Tests.csproj]
C:\Users\koosh\Dino\src\Tests\RuntimeExtractionTests.cs(386,19): warning CS0436: The type 'ComponentMap' in 'C:\Users\koosh\Dino\src\Tests\..\Runtime\Bridge\ComponentMap.cs' conflicts with the imported type 'ComponentMap' in 'DINOForge.Runtime, Version=1.0.0.0, Culture=neutral, PublicKeyToken=null'. Using the type defined in 'C:\Users\koosh\Dino\src\Tests\..\Runtime\Bridge\ComponentMap.cs'. [C:\Users\koosh\Dino\src\Tests\DINOForge.Tests.csproj]
C:\Users\koosh\Dino\src\Tests\RuntimeExtractionTests.cs(398,19): warning CS0436: The type 'ComponentMap' in 'C:\Users\koosh\Dino\src\Tests\..\Runtime\Bridge\ComponentMap.cs' conflicts with the imported type 'ComponentMap' in 'DINOForge.Runtime, Version=1.0.0.0, Culture=neutral, PublicKeyToken=null'. Using the type defined in 'C:\Users\koosh\Dino\src\Tests\..\Runtime\Bridge\ComponentMap.cs'. [C:\Users\koosh\Dino\src\Tests\DINOForge.Tests.csproj]
C:\Users\koosh\Dino\src\Tests\NativeInteropIntegrationTests.cs(28,21): warning CS0649: Field 'NativeInteropIntegrationTests._originalResolverPath' is never assigned to, and will always have its default value null [C:\Users\koosh\Dino\src\Tests\DINOForge.Tests.csproj]
C:\program files\dotnet\sdk\11.0.100-preview.2.26159.112\Microsoft.Common.CurrentVersion.targets(5094,5): warning MSB3026: Could not copy "C:\Users\koosh\Dino\src\Domains\Scenario\bin\Release\netstandard2.0\DINOForge.Domains.Scenario.dll" to "bin\Release\net8.0\DINOForge.Domains.Scenario.dll". Beginning retry 1 in 1000ms. The process cannot access the file 'C:\Users\koosh\Dino\src\Tests\bin\Release\net8.0\DINOForge.Domains.Scenario.dll' because it is being used by another process. The file is locked by: "testhost (45240)" [C:\Users\koosh\Dino\src\Tests\DINOForge.Tests.csproj]
C:\program files\dotnet\sdk\11.0.100-preview.2.26159.112\Microsoft.Common.CurrentVersion.targets(5094,5): warning MSB3026: Could not copy "C:\Users\koosh\Dino\src\Domains\Warfare\bin\Release\netstandard2.0\DINOForge.Domains.Warfare.dll" to "bin\Release\net8.0\DINOForge.Domains.Warfare.dll". Beginning retry 1 in 1000ms. The process cannot access the file 'C:\Users\koosh\Dino\src\Tests\bin\Release\net8.0\DINOForge.Domains.Warfare.dll' because it is being used by another process. The file is locked by: "testhost (45240)" [C:\Users\koosh\Dino\src\Tests\DINOForge.Tests.csproj]
C:\program files\dotnet\sdk\11.0.100-preview.2.26159.112\Microsoft.Common.CurrentVersion.targets(5094,5): warning MSB3026: Could not copy "C:\Users\koosh\Dino\src\Domains\UI\bin\Release\netstandard2.0\DINOForge.Domains.UI.dll" to "bin\Release\net8.0\DINOForge.Domains.UI.dll". Beginning retry 1 in 1000ms. The process cannot access the file 'C:\Users\koosh\Dino\src\Tests\bin\Release\net8.0\DINOForge.Domains.UI.dll' because it is being used by another process. The file is locked by: "testhost (45240)" [C:\Users\koosh\Dino\src\Tests\DINOForge.Tests.csproj]
C:\program files\dotnet\sdk\11.0.100-preview.2.26159.112\Microsoft.Common.CurrentVersion.targets(5094,5): warning MSB3026: Could not copy "C:\Users\koosh\Dino\src\Bridge\Protocol\bin\Release\netstandard2.0\DINOForge.Bridge.Protocol.dll" to "bin\Release\net8.0\DINOForge.Bridge.Protocol.dll". Beginning retry 1 in 1000ms. The process cannot access the file 'C:\Users\koosh\Dino\src\Tests\bin\Release\net8.0\DINOForge.Bridge.Protocol.dll' because it is being used by another process. The file is locked by: "testhost (45240)" [C:\Users\koosh\Dino\src\Tests\DINOForge.Tests.csproj]
C:\program files\dotnet\sdk\11.0.100-preview.2.26159.112\Microsoft.Common.CurrentVersion.targets(5094,5): warning MSB3026: Could not copy "C:\Users\koosh\Dino\src\Bridge\Client\bin\Release\netstandard2.0\DINOForge.Bridge.Client.dll" to "bin\Release\net8.0\DINOForge.Bridge.Client.dll". Beginning retry 1 in 1000ms. The process cannot access the file 'C:\Users\koosh\Dino\src\Tests\bin\Release\net8.0\DINOForge.Bridge.Client.dll' because it is being used by another process. The file is locked by: "testhost (45240)" [C:\Users\koosh\Dino\src\Tests\DINOForge.Tests.csproj]
C:\program files\dotnet\sdk\11.0.100-preview.2.26159.112\Microsoft.Common.CurrentVersion.targets(5094,5): warning MSB3026: Could not copy "C:\Users\koosh\Dino\src\Domains\Economy\bin\Release\netstandard2.0\DINOForge.Domains.Economy.dll" to "bin\Release\net8.0\DINOForge.Domains.Economy.dll". Beginning retry 1 in 1000ms. The process cannot access the file 'C:\Users\koosh\Dino\src\Tests\bin\Release\net8.0\DINOForge.Domains.Economy.dll' because it is being used by another process. The file is locked by: "testhost (45240)" [C:\Users\koosh\Dino\src\Tests\DINOForge.Tests.csproj]
C:\program files\dotnet\sdk\11.0.100-preview.2.26159.112\Microsoft.Common.CurrentVersion.targets(5094,5): warning MSB3026: Could not copy "C:\Users\koosh\Dino\src\SDK\bin\Release\netstandard2.0\DINOForge.SDK.dll" to "bin\Release\net8.0\DINOForge.SDK.dll". Beginning retry 2 in 1000ms. The process cannot access the file 'C:\Users\koosh\Dino\src\Tests\Integration\bin\Release\net8.0\DINOForge.SDK.dll' because it is being used by another process. The file is locked by: "testhost (23308)" [C:\Users\koosh\Dino\src\Tests\Integration\DINOForge.Tests.Integration.csproj]
C:\program files\dotnet\sdk\11.0.100-preview.2.26159.112\Microsoft.Common.CurrentVersion.targets(5094,5): warning MSB3026: Could not copy "C:\Users\koosh\Dino\src\Runtime\bin\Release\netstandard2.0\DINOForge.Runtime.dll" to "bin\Release\net8.0\DINOForge.Runtime.dll". Beginning retry 2 in 1000ms. The process cannot access the file 'C:\Users\koosh\Dino\src\Tests\Integration\bin\Release\net8.0\DINOForge.Runtime.dll' because it is being used by another process. The file is locked by: "testhost (23308)" [C:\Users\koosh\Dino\src\Tests\Integration\DINOForge.Tests.Integration.csproj]
C:\program files\dotnet\sdk\11.0.100-preview.2.26159.112\Microsoft.Common.CurrentVersion.targets(5094,5): warning MSB3026: Could not copy "C:\Users\koosh\Dino\src\Bridge\Protocol\bin\Release\netstandard2.0\DINOForge.Bridge.Protocol.dll" to "bin\Release\net8.0\DINOForge.Bridge.Protocol.dll". Beginning retry 2 in 1000ms. The process cannot access the file 'C:\Users\koosh\Dino\src\Tests\Integration\bin\Release\net8.0\DINOForge.Bridge.Protocol.dll' because it is being used by another process. The file is locked by: "testhost (23308)" [C:\Users\koosh\Dino\src\Tests\Integration\DINOForge.Tests.Integration.csproj]
C:\program files\dotnet\sdk\11.0.100-preview.2.26159.112\Microsoft.Common.CurrentVersion.targets(5094,5): warning MSB3026: Could not copy "C:\Users\koosh\Dino\src\Domains\UI\bin\Release\netstandard2.0\DINOForge.Domains.UI.dll" to "bin\Release\net8.0\DINOForge.Domains.UI.dll". Beginning retry 2 in 1000ms. The process cannot access the file 'C:\Users\koosh\Dino\src\Tests\Integration\bin\Release\net8.0\DINOForge.Domains.UI.dll' because it is being used by another process. The file is locked by: "testhost (23308)" [C:\Users\koosh\Dino\src\Tests\Integration\DINOForge.Tests.Integration.csproj]
C:\program files\dotnet\sdk\11.0.100-preview.2.26159.112\Microsoft.Common.CurrentVersion.targets(5094,5): warning MSB3026: Could not copy "C:\Users\koosh\Dino\src\Bridge\Client\bin\Release\netstandard2.0\DINOForge.Bridge.Client.dll" to "bin\Release\net8.0\DINOForge.Bridge.Client.dll". Beginning retry 2 in 1000ms. The process cannot access the file 'C:\Users\koosh\Dino\src\Tests\Integration\bin\Release\net8.0\DINOForge.Bridge.Client.dll' because it is being used by another process. The file is locked by: "testhost (23308)" [C:\Users\koosh\Dino\src\Tests\Integration\DINOForge.Tests.Integration.csproj]
C:\program files\dotnet\sdk\11.0.100-preview.2.26159.112\Microsoft.Common.CurrentVersion.targets(5094,5): warning MSB3026: Could not copy "C:\Users\koosh\Dino\src\Domains\UI\bin\Release\netstandard2.0\DINOForge.Domains.UI.dll" to "bin\Release\net8.0\DINOForge.Domains.UI.dll". Beginning retry 2 in 1000ms. The process cannot access the file 'C:\Users\koosh\Dino\src\Tests\bin\Release\net8.0\DINOForge.Domains.UI.dll' because it is being used by another process. The file is locked by: "testhost (45240)" [C:\Users\koosh\Dino\src\Tests\DINOForge.Tests.csproj]
C:\program files\dotnet\sdk\11.0.100-preview.2.26159.112\Microsoft.Common.CurrentVersion.targets(5094,5): warning MSB3026: Could not copy "C:\Users\koosh\Dino\src\Bridge\Client\bin\Release\netstandard2.0\DINOForge.Bridge.Client.dll" to "bin\Release\net8.0\DINOForge.Bridge.Client.dll". Beginning retry 2 in 1000ms. The process cannot access the file 'C:\Users\koosh\Dino\src\Tests\bin\Release\net8.0\DINOForge.Bridge.Client.dll' because it is being used by another process. The file is locked by: "testhost (45240)" [C:\Users\koosh\Dino\src\Tests\DINOForge.Tests.csproj]
C:\program files\dotnet\sdk\11.0.100-preview.2.26159.112\Microsoft.Common.CurrentVersion.targets(5094,5): warning MSB3026: Could not copy "C:\Users\koosh\Dino\src\Domains\Warfare\bin\Release\netstandard2.0\DINOForge.Domains.Warfare.dll" to "bin\Release\net8.0\DINOForge.Domains.Warfare.dll". Beginning retry 2 in 1000ms. The process cannot access the file 'C:\Users\koosh\Dino\src\Tests\bin\Release\net8.0\DINOForge.Domains.Warfare.dll' because it is being used by another process. The file is locked by: "testhost (45240)" [C:\Users\koosh\Dino\src\Tests\DINOForge.Tests.csproj]
C:\program files\dotnet\sdk\11.0.100-preview.2.26159.112\Microsoft.Common.CurrentVersion.targets(5094,5): warning MSB3026: Could not copy "C:\Users\koosh\Dino\src\Domains\Scenario\bin\Release\netstandard2.0\DINOForge.Domains.Scenario.dll" to "bin\Release\net8.0\DINOForge.Domains.Scenario.dll". Beginning retry 2 in 1000ms. The process cannot access the file 'C:\Users\koosh\Dino\src\Tests\bin\Release\net8.0\DINOForge.Domains.Scenario.dll' because it is being used by another process. The file is locked by: "testhost (45240)" [C:\Users\koosh\Dino\src\Tests\DINOForge.Tests.csproj]
C:\program files\dotnet\sdk\11.0.100-preview.2.26159.112\Microsoft.Common.CurrentVersion.targets(5094,5): warning MSB3026: Could not copy "C:\Users\koosh\Dino\src\Bridge\Protocol\bin\Release\netstandard2.0\DINOForge.Bridge.Protocol.dll" to "bin\Release\net8.0\DINOForge.Bridge.Protocol.dll". Beginning retry 2 in 1000ms. The process cannot access the file 'C:\Users\koosh\Dino\src\Tests\bin\Release\net8.0\DINOForge.Bridge.Protocol.dll' because it is being used by another process. The file is locked by: "testhost (45240)" [C:\Users\koosh\Dino\src\Tests\DINOForge.Tests.csproj]
C:\program files\dotnet\sdk\11.0.100-preview.2.26159.112\Microsoft.Common.CurrentVersion.targets(5094,5): warning MSB3026: Could not copy "C:\Users\koosh\Dino\src\Domains\Economy\bin\Release\netstandard2.0\DINOForge.Domains.Economy.dll" to "bin\Release\net8.0\DINOForge.Domains.Economy.dll". Beginning retry 2 in 1000ms. The process cannot access the file 'C:\Users\koosh\Dino\src\Tests\bin\Release\net8.0\DINOForge.Domains.Economy.dll' because it is being used by another process. The file is locked by: "testhost (45240)" [C:\Users\koosh\Dino\src\Tests\DINOForge.Tests.csproj]
C:\program files\dotnet\sdk\11.0.100-preview.2.26159.112\Microsoft.Common.CurrentVersion.targets(5094,5): warning MSB3026: Could not copy "C:\Users\koosh\Dino\src\SDK\bin\Release\netstandard2.0\DINOForge.SDK.dll" to "bin\Release\net8.0\DINOForge.SDK.dll". Beginning retry 3 in 1000ms. The process cannot access the file 'C:\Users\koosh\Dino\src\Tests\Integration\bin\Release\net8.0\DINOForge.SDK.dll' because it is being used by another process. The file is locked by: "testhost (23308)" [C:\Users\koosh\Dino\src\Tests\Integration\DINOForge.Tests.Integration.csproj]
C:\program files\dotnet\sdk\11.0.100-preview.2.26159.112\Microsoft.Common.CurrentVersion.targets(5094,5): warning MSB3026: Could not copy "C:\Users\koosh\Dino\src\Runtime\bin\Release\netstandard2.0\DINOForge.Runtime.dll" to "bin\Release\net8.0\DINOForge.Runtime.dll". Beginning retry 3 in 1000ms. The process cannot access the file 'C:\Users\koosh\Dino\src\Tests\Integration\bin\Release\net8.0\DINOForge.Runtime.dll' because it is being used by another process. The file is locked by: "testhost (23308)" [C:\Users\koosh\Dino\src\Tests\Integration\DINOForge.Tests.Integration.csproj]
C:\program files\dotnet\sdk\11.0.100-preview.2.26159.112\Microsoft.Common.CurrentVersion.targets(5094,5): warning MSB3026: Could not copy "C:\Users\koosh\Dino\src\Domains\UI\bin\Release\netstandard2.0\DINOForge.Domains.UI.dll" to "bin\Release\net8.0\DINOForge.Domains.UI.dll". Beginning retry 3 in 1000ms. The process cannot access the file 'C:\Users\koosh\Dino\src\Tests\Integration\bin\Release\net8.0\DINOForge.Domains.UI.dll' because it is being used by another process. The file is locked by: "testhost (23308)" [C:\Users\koosh\Dino\src\Tests\Integration\DINOForge.Tests.Integration.csproj]
C:\program files\dotnet\sdk\11.0.100-preview.2.26159.112\Microsoft.Common.CurrentVersion.targets(5094,5): warning MSB3026: Could not copy "C:\Users\koosh\Dino\src\Bridge\Protocol\bin\Release\netstandard2.0\DINOForge.Bridge.Protocol.dll" to "bin\Release\net8.0\DINOForge.Bridge.Protocol.dll". Beginning retry 3 in 1000ms. The process cannot access the file 'C:\Users\koosh\Dino\src\Tests\Integration\bin\Release\net8.0\DINOForge.Bridge.Protocol.dll' because it is being used by another process. The file is locked by: "testhost (23308)" [C:\Users\koosh\Dino\src\Tests\Integration\DINOForge.Tests.Integration.csproj]
C:\program files\dotnet\sdk\11.0.100-preview.2.26159.112\Microsoft.Common.CurrentVersion.targets(5094,5): warning MSB3026: Could not copy "C:\Users\koosh\Dino\src\Bridge\Client\bin\Release\netstandard2.0\DINOForge.Bridge.Client.dll" to "bin\Release\net8.0\DINOForge.Bridge.Client.dll". Beginning retry 3 in 1000ms. The process cannot access the file 'C:\Users\koosh\Dino\src\Tests\Integration\bin\Release\net8.0\DINOForge.Bridge.Client.dll' because it is being used by another process. The file is locked by: "testhost (23308)" [C:\Users\koosh\Dino\src\Tests\Integration\DINOForge.Tests.Integration.csproj]
C:\program files\dotnet\sdk\11.0.100-preview.2.26159.112\Microsoft.Common.CurrentVersion.targets(5094,5): warning MSB3026: Could not copy "C:\Users\koosh\Dino\src\Bridge\Protocol\bin\Release\netstandard2.0\DINOForge.Bridge.Protocol.dll" to "bin\Release\net8.0\DINOForge.Bridge.Protocol.dll". Beginning retry 3 in 1000ms. The process cannot access the file 'C:\Users\koosh\Dino\src\Tests\bin\Release\net8.0\DINOForge.Bridge.Protocol.dll' because it is being used by another process. The file is locked by: "testhost (45240)" [C:\Users\koosh\Dino\src\Tests\DINOForge.Tests.csproj]
C:\program files\dotnet\sdk\11.0.100-preview.2.26159.112\Microsoft.Common.CurrentVersion.targets(5094,5): warning MSB3026: Could not copy "C:\Users\koosh\Dino\src\Domains\Warfare\bin\Release\netstandard2.0\DINOForge.Domains.Warfare.dll" to "bin\Release\net8.0\DINOForge.Domains.Warfare.dll". Beginning retry 3 in 1000ms. The process cannot access the file 'C:\Users\koosh\Dino\src\Tests\bin\Release\net8.0\DINOForge.Domains.Warfare.dll' because it is being used by another process. The file is locked by: "testhost (45240)" [C:\Users\koosh\Dino\src\Tests\DINOForge.Tests.csproj]
C:\program files\dotnet\sdk\11.0.100-preview.2.26159.112\Microsoft.Common.CurrentVersion.targets(5094,5): warning MSB3026: Could not copy "C:\Users\koosh\Dino\src\Domains\Economy\bin\Release\netstandard2.0\DINOForge.Domains.Economy.dll" to "bin\Release\net8.0\DINOForge.Domains.Economy.dll". Beginning retry 3 in 1000ms. The process cannot access the file 'C:\Users\koosh\Dino\src\Tests\bin\Release\net8.0\DINOForge.Domains.Economy.dll' because it is being used by another process. The file is locked by: "testhost (45240)" [C:\Users\koosh\Dino\src\Tests\DINOForge.Tests.csproj]
C:\program files\dotnet\sdk\11.0.100-preview.2.26159.112\Microsoft.Common.CurrentVersion.targets(5094,5): warning MSB3026: Could not copy "C:\Users\koosh\Dino\src\Domains\UI\bin\Release\netstandard2.0\DINOForge.Domains.UI.dll" to "bin\Release\net8.0\DINOForge.Domains.UI.dll". Beginning retry 3 in 1000ms. The process cannot access the file 'C:\Users\koosh\Dino\src\Tests\bin\Release\net8.0\DINOForge.Domains.UI.dll' because it is being used by another process. The file is locked by: "testhost (45240)" [C:\Users\koosh\Dino\src\Tests\DINOForge.Tests.csproj]
C:\program files\dotnet\sdk\11.0.100-preview.2.26159.112\Microsoft.Common.CurrentVersion.targets(5094,5): warning MSB3026: Could not copy "C:\Users\koosh\Dino\src\Bridge\Client\bin\Release\netstandard2.0\DINOForge.Bridge.Client.dll" to "bin\Release\net8.0\DINOForge.Bridge.Client.dll". Beginning retry 3 in 1000ms. The process cannot access the file 'C:\Users\koosh\Dino\src\Tests\bin\Release\net8.0\DINOForge.Bridge.Client.dll' because it is being used by another process. The file is locked by: "testhost (45240)" [C:\Users\koosh\Dino\src\Tests\DINOForge.Tests.csproj]
C:\program files\dotnet\sdk\11.0.100-preview.2.26159.112\Microsoft.Common.CurrentVersion.targets(5094,5): warning MSB3026: Could not copy "C:\Users\koosh\Dino\src\Domains\Scenario\bin\Release\netstandard2.0\DINOForge.Domains.Scenario.dll" to "bin\Release\net8.0\DINOForge.Domains.Scenario.dll". Beginning retry 3 in 1000ms. The process cannot access the file 'C:\Users\koosh\Dino\src\Tests\bin\Release\net8.0\DINOForge.Domains.Scenario.dll' because it is being used by another process. The file is locked by: "testhost (45240)" [C:\Users\koosh\Dino\src\Tests\DINOForge.Tests.csproj]
C:\program files\dotnet\sdk\11.0.100-preview.2.26159.112\Microsoft.Common.CurrentVersion.targets(5094,5): warning MSB3026: Could not copy "C:\Users\koosh\Dino\src\SDK\bin\Release\netstandard2.0\DINOForge.SDK.dll" to "bin\Release\net8.0\DINOForge.SDK.dll". Beginning retry 4 in 1000ms. The process cannot access the file 'C:\Users\koosh\Dino\src\Tests\Integration\bin\Release\net8.0\DINOForge.SDK.dll' because it is being used by another process. The file is locked by: "testhost (23308)" [C:\Users\koosh\Dino\src\Tests\Integration\DINOForge.Tests.Integration.csproj]
C:\program files\dotnet\sdk\11.0.100-preview.2.26159.112\Microsoft.Common.CurrentVersion.targets(5094,5): warning MSB3026: Could not copy "C:\Users\koosh\Dino\src\Runtime\bin\Release\netstandard2.0\DINOForge.Runtime.dll" to "bin\Release\net8.0\DINOForge.Runtime.dll". Beginning retry 4 in 1000ms. The process cannot access the file 'C:\Users\koosh\Dino\src\Tests\Integration\bin\Release\net8.0\DINOForge.Runtime.dll' because it is being used by another process. The file is locked by: "testhost (23308)" [C:\Users\koosh\Dino\src\Tests\Integration\DINOForge.Tests.Integration.csproj]
C:\program files\dotnet\sdk\11.0.100-preview.2.26159.112\Microsoft.Common.CurrentVersion.targets(5094,5): warning MSB3026: Could not copy "C:\Users\koosh\Dino\src\Domains\UI\bin\Release\netstandard2.0\DINOForge.Domains.UI.dll" to "bin\Release\net8.0\DINOForge.Domains.UI.dll". Beginning retry 4 in 1000ms. The process cannot access the file 'C:\Users\koosh\Dino\src\Tests\Integration\bin\Release\net8.0\DINOForge.Domains.UI.dll' because it is being used by another process. The file is locked by: "testhost (23308)" [C:\Users\koosh\Dino\src\Tests\Integration\DINOForge.Tests.Integration.csproj]
C:\program files\dotnet\sdk\11.0.100-preview.2.26159.112\Microsoft.Common.CurrentVersion.targets(5094,5): warning MSB3026: Could not copy "C:\Users\koosh\Dino\src\Bridge\Client\bin\Release\netstandard2.0\DINOForge.Bridge.Client.dll" to "bin\Release\net8.0\DINOForge.Bridge.Client.dll". Beginning retry 4 in 1000ms. The process cannot access the file 'C:\Users\koosh\Dino\src\Tests\Integration\bin\Release\net8.0\DINOForge.Bridge.Client.dll' because it is being used by another process. The file is locked by: "testhost (23308)" [C:\Users\koosh\Dino\src\Tests\Integration\DINOForge.Tests.Integration.csproj]
C:\program files\dotnet\sdk\11.0.100-preview.2.26159.112\Microsoft.Common.CurrentVersion.targets(5094,5): warning MSB3026: Could not copy "C:\Users\koosh\Dino\src\Bridge\Protocol\bin\Release\netstandard2.0\DINOForge.Bridge.Protocol.dll" to "bin\Release\net8.0\DINOForge.Bridge.Protocol.dll". Beginning retry 4 in 1000ms. The process cannot access the file 'C:\Users\koosh\Dino\src\Tests\Integration\bin\Release\net8.0\DINOForge.Bridge.Protocol.dll' because it is being used by another process. The file is locked by: "testhost (23308)" [C:\Users\koosh\Dino\src\Tests\Integration\DINOForge.Tests.Integration.csproj]
C:\program files\dotnet\sdk\11.0.100-preview.2.26159.112\Microsoft.Common.CurrentVersion.targets(5094,5): warning MSB3026: Could not copy "C:\Users\koosh\Dino\src\Domains\Scenario\bin\Release\netstandard2.0\DINOForge.Domains.Scenario.dll" to "bin\Release\net8.0\DINOForge.Domains.Scenario.dll". Beginning retry 4 in 1000ms. The process cannot access the file 'C:\Users\koosh\Dino\src\Tests\bin\Release\net8.0\DINOForge.Domains.Scenario.dll' because it is being used by another process. The file is locked by: "testhost (45240)" [C:\Users\koosh\Dino\src\Tests\DINOForge.Tests.csproj]
C:\program files\dotnet\sdk\11.0.100-preview.2.26159.112\Microsoft.Common.CurrentVersion.targets(5094,5): warning MSB3026: Could not copy "C:\Users\koosh\Dino\src\Bridge\Client\bin\Release\netstandard2.0\DINOForge.Bridge.Client.dll" to "bin\Release\net8.0\DINOForge.Bridge.Client.dll". Beginning retry 4 in 1000ms. The process cannot access the file 'C:\Users\koosh\Dino\src\Tests\bin\Release\net8.0\DINOForge.Bridge.Client.dll' because it is being used by another process. The file is locked by: "testhost (45240)" [C:\Users\koosh\Dino\src\Tests\DINOForge.Tests.csproj]
C:\program files\dotnet\sdk\11.0.100-preview.2.26159.112\Microsoft.Common.CurrentVersion.targets(5094,5): warning MSB3026: Could not copy "C:\Users\koosh\Dino\src\Domains\Economy\bin\Release\netstandard2.0\DINOForge.Domains.Economy.dll" to "bin\Release\net8.0\DINOForge.Domains.Economy.dll". Beginning retry 4 in 1000ms. The process cannot access the file 'C:\Users\koosh\Dino\src\Tests\bin\Release\net8.0\DINOForge.Domains.Economy.dll' because it is being used by another process. The file is locked by: "testhost (45240)" [C:\Users\koosh\Dino\src\Tests\DINOForge.Tests.csproj]
C:\program files\dotnet\sdk\11.0.100-preview.2.26159.112\Microsoft.Common.CurrentVersion.targets(5094,5): warning MSB3026: Could not copy "C:\Users\koosh\Dino\src\Domains\Warfare\bin\Release\netstandard2.0\DINOForge.Domains.Warfare.dll" to "bin\Release\net8.0\DINOForge.Domains.Warfare.dll". Beginning retry 4 in 1000ms. The process cannot access the file 'C:\Users\koosh\Dino\src\Tests\bin\Release\net8.0\DINOForge.Domains.Warfare.dll' because it is being used by another process. The file is locked by: "testhost (45240)" [C:\Users\koosh\Dino\src\Tests\DINOForge.Tests.csproj]
C:\program files\dotnet\sdk\11.0.100-preview.2.26159.112\Microsoft.Common.CurrentVersion.targets(5094,5): warning MSB3026: Could not copy "C:\Users\koosh\Dino\src\Bridge\Protocol\bin\Release\netstandard2.0\DINOForge.Bridge.Protocol.dll" to "bin\Release\net8.0\DINOForge.Bridge.Protocol.dll". Beginning retry 4 in 1000ms. The process cannot access the file 'C:\Users\koosh\Dino\src\Tests\bin\Release\net8.0\DINOForge.Bridge.Protocol.dll' because it is being used by another process. The file is locked by: "testhost (45240)" [C:\Users\koosh\Dino\src\Tests\DINOForge.Tests.csproj]
C:\program files\dotnet\sdk\11.0.100-preview.2.26159.112\Microsoft.Common.CurrentVersion.targets(5094,5): warning MSB3026: Could not copy "C:\Users\koosh\Dino\src\Domains\UI\bin\Release\netstandard2.0\DINOForge.Domains.UI.dll" to "bin\Release\net8.0\DINOForge.Domains.UI.dll". Beginning retry 4 in 1000ms. The process cannot access the file 'C:\Users\koosh\Dino\src\Tests\bin\Release\net8.0\DINOForge.Domains.UI.dll' because it is being used by another process. The file is locked by: "testhost (45240)" [C:\Users\koosh\Dino\src\Tests\DINOForge.Tests.csproj]
C:\program files\dotnet\sdk\11.0.100-preview.2.26159.112\Microsoft.Common.CurrentVersion.targets(5094,5): warning MSB3026: Could not copy "C:\Users\koosh\Dino\src\SDK\bin\Release\netstandard2.0\DINOForge.SDK.dll" to "bin\Release\net8.0\DINOForge.SDK.dll". Beginning retry 5 in 1000ms. The process cannot access the file 'C:\Users\koosh\Dino\src\Tests\Integration\bin\Release\net8.0\DINOForge.SDK.dll' because it is being used by another process. The file is locked by: "testhost (23308)" [C:\Users\koosh\Dino\src\Tests\Integration\DINOForge.Tests.Integration.csproj]
C:\program files\dotnet\sdk\11.0.100-preview.2.26159.112\Microsoft.Common.CurrentVersion.targets(5094,5): warning MSB3026: Could not copy "C:\Users\koosh\Dino\src\Runtime\bin\Release\netstandard2.0\DINOForge.Runtime.dll" to "bin\Release\net8.0\DINOForge.Runtime.dll". Beginning retry 5 in 1000ms. The process cannot access the file 'C:\Users\koosh\Dino\src\Tests\Integration\bin\Release\net8.0\DINOForge.Runtime.dll' because it is being used by another process. The file is locked by: "testhost (23308)" [C:\Users\koosh\Dino\src\Tests\Integration\DINOForge.Tests.Integration.csproj]
C:\program files\dotnet\sdk\11.0.100-preview.2.26159.112\Microsoft.Common.CurrentVersion.targets(5094,5): warning MSB3026: Could not copy "C:\Users\koosh\Dino\src\Bridge\Client\bin\Release\netstandard2.0\DINOForge.Bridge.Client.dll" to "bin\Release\net8.0\DINOForge.Bridge.Client.dll". Beginning retry 5 in 1000ms. The process cannot access the file 'C:\Users\koosh\Dino\src\Tests\Integration\bin\Release\net8.0\DINOForge.Bridge.Client.dll' because it is being used by another process. The file is locked by: "testhost (23308)" [C:\Users\koosh\Dino\src\Tests\Integration\DINOForge.Tests.Integration.csproj]
C:\program files\dotnet\sdk\11.0.100-preview.2.26159.112\Microsoft.Common.CurrentVersion.targets(5094,5): warning MSB3026: Could not copy "C:\Users\koosh\Dino\src\Domains\UI\bin\Release\netstandard2.0\DINOForge.Domains.UI.dll" to "bin\Release\net8.0\DINOForge.Domains.UI.dll". Beginning retry 5 in 1000ms. The process cannot access the file 'C:\Users\koosh\Dino\src\Tests\Integration\bin\Release\net8.0\DINOForge.Domains.UI.dll' because it is being used by another process. The file is locked by: "testhost (23308)" [C:\Users\koosh\Dino\src\Tests\Integration\DINOForge.Tests.Integration.csproj]
C:\program files\dotnet\sdk\11.0.100-preview.2.26159.112\Microsoft.Common.CurrentVersion.targets(5094,5): warning MSB3026: Could not copy "C:\Users\koosh\Dino\src\Bridge\Protocol\bin\Release\netstandard2.0\DINOForge.Bridge.Protocol.dll" to "bin\Release\net8.0\DINOForge.Bridge.Protocol.dll". Beginning retry 5 in 1000ms. The process cannot access the file 'C:\Users\koosh\Dino\src\Tests\Integration\bin\Release\net8.0\DINOForge.Bridge.Protocol.dll' because it is being used by another process. The file is locked by: "testhost (23308)" [C:\Users\koosh\Dino\src\Tests\Integration\DINOForge.Tests.Integration.csproj]
C:\program files\dotnet\sdk\11.0.100-preview.2.26159.112\Microsoft.Common.CurrentVersion.targets(5094,5): warning MSB3026: Could not copy "C:\Users\koosh\Dino\src\Domains\Scenario\bin\Release\netstandard2.0\DINOForge.Domains.Scenario.dll" to "bin\Release\net8.0\DINOForge.Domains.Scenario.dll". Beginning retry 5 in 1000ms. The process cannot access the file 'C:\Users\koosh\Dino\src\Tests\bin\Release\net8.0\DINOForge.Domains.Scenario.dll' because it is being used by another process. The file is locked by: "testhost (45240)" [C:\Users\koosh\Dino\src\Tests\DINOForge.Tests.csproj]
C:\program files\dotnet\sdk\11.0.100-preview.2.26159.112\Microsoft.Common.CurrentVersion.targets(5094,5): warning MSB3026: Could not copy "C:\Users\koosh\Dino\src\Domains\Economy\bin\Release\netstandard2.0\DINOForge.Domains.Economy.dll" to "bin\Release\net8.0\DINOForge.Domains.Economy.dll". Beginning retry 5 in 1000ms. The process cannot access the file 'C:\Users\koosh\Dino\src\Tests\bin\Release\net8.0\DINOForge.Domains.Economy.dll' because it is being used by another process. The file is locked by: "testhost (45240)" [C:\Users\koosh\Dino\src\Tests\DINOForge.Tests.csproj]
C:\program files\dotnet\sdk\11.0.100-preview.2.26159.112\Microsoft.Common.CurrentVersion.targets(5094,5): warning MSB3026: Could not copy "C:\Users\koosh\Dino\src\Bridge\Client\bin\Release\netstandard2.0\DINOForge.Bridge.Client.dll" to "bin\Release\net8.0\DINOForge.Bridge.Client.dll". Beginning retry 5 in 1000ms. The process cannot access the file 'C:\Users\koosh\Dino\src\Tests\bin\Release\net8.0\DINOForge.Bridge.Client.dll' because it is being used by another process. The file is locked by: "testhost (45240)" [C:\Users\koosh\Dino\src\Tests\DINOForge.Tests.csproj]
C:\program files\dotnet\sdk\11.0.100-preview.2.26159.112\Microsoft.Common.CurrentVersion.targets(5094,5): warning MSB3026: Could not copy "C:\Users\koosh\Dino\src\Domains\UI\bin\Release\netstandard2.0\DINOForge.Domains.UI.dll" to "bin\Release\net8.0\DINOForge.Domains.UI.dll". Beginning retry 5 in 1000ms. The process cannot access the file 'C:\Users\koosh\Dino\src\Tests\bin\Release\net8.0\DINOForge.Domains.UI.dll' because it is being used by another process. The file is locked by: "testhost (45240)" [C:\Users\koosh\Dino\src\Tests\DINOForge.Tests.csproj]
C:\program files\dotnet\sdk\11.0.100-preview.2.26159.112\Microsoft.Common.CurrentVersion.targets(5094,5): warning MSB3026: Could not copy "C:\Users\koosh\Dino\src\Bridge\Protocol\bin\Release\netstandard2.0\DINOForge.Bridge.Protocol.dll" to "bin\Release\net8.0\DINOForge.Bridge.Protocol.dll". Beginning retry 5 in 1000ms. The process cannot access the file 'C:\Users\koosh\Dino\src\Tests\bin\Release\net8.0\DINOForge.Bridge.Protocol.dll' because it is being used by another process. The file is locked by: "testhost (45240)" [C:\Users\koosh\Dino\src\Tests\DINOForge.Tests.csproj]
C:\program files\dotnet\sdk\11.0.100-preview.2.26159.112\Microsoft.Common.CurrentVersion.targets(5094,5): warning MSB3026: Could not copy "C:\Users\koosh\Dino\src\Domains\Warfare\bin\Release\netstandard2.0\DINOForge.Domains.Warfare.dll" to "bin\Release\net8.0\DINOForge.Domains.Warfare.dll". Beginning retry 5 in 1000ms. The process cannot access the file 'C:\Users\koosh\Dino\src\Tests\bin\Release\net8.0\DINOForge.Domains.Warfare.dll' because it is being used by another process. The file is locked by: "testhost (45240)" [C:\Users\koosh\Dino\src\Tests\DINOForge.Tests.csproj]
C:\program files\dotnet\sdk\11.0.100-preview.2.26159.112\Microsoft.Common.CurrentVersion.targets(5094,5): warning MSB3026: Could not copy "C:\Users\koosh\Dino\src\SDK\bin\Release\netstandard2.0\DINOForge.SDK.dll" to "bin\Release\net8.0\DINOForge.SDK.dll". Beginning retry 6 in 1000ms. The process cannot access the file 'C:\Users\koosh\Dino\src\Tests\Integration\bin\Release\net8.0\DINOForge.SDK.dll' because it is being used by another process. The file is locked by: "testhost (23308)" [C:\Users\koosh\Dino\src\Tests\Integration\DINOForge.Tests.Integration.csproj]
C:\program files\dotnet\sdk\11.0.100-preview.2.26159.112\Microsoft.Common.CurrentVersion.targets(5094,5): warning MSB3026: Could not copy "C:\Users\koosh\Dino\src\Runtime\bin\Release\netstandard2.0\DINOForge.Runtime.dll" to "bin\Release\net8.0\DINOForge.Runtime.dll". Beginning retry 6 in 1000ms. The process cannot access the file 'C:\Users\koosh\Dino\src\Tests\Integration\bin\Release\net8.0\DINOForge.Runtime.dll' because it is being used by another process. The file is locked by: "testhost (23308)" [C:\Users\koosh\Dino\src\Tests\Integration\DINOForge.Tests.Integration.csproj]
C:\program files\dotnet\sdk\11.0.100-preview.2.26159.112\Microsoft.Common.CurrentVersion.targets(5094,5): warning MSB3026: Could not copy "C:\Users\koosh\Dino\src\Bridge\Client\bin\Release\netstandard2.0\DINOForge.Bridge.Client.dll" to "bin\Release\net8.0\DINOForge.Bridge.Client.dll". Beginning retry 6 in 1000ms. The process cannot access the file 'C:\Users\koosh\Dino\src\Tests\Integration\bin\Release\net8.0\DINOForge.Bridge.Client.dll' because it is being used by another process. The file is locked by: "testhost (23308)" [C:\Users\koosh\Dino\src\Tests\Integration\DINOForge.Tests.Integration.csproj]
C:\program files\dotnet\sdk\11.0.100-preview.2.26159.112\Microsoft.Common.CurrentVersion.targets(5094,5): warning MSB3026: Could not copy "C:\Users\koosh\Dino\src\Bridge\Protocol\bin\Release\netstandard2.0\DINOForge.Bridge.Protocol.dll" to "bin\Release\net8.0\DINOForge.Bridge.Protocol.dll". Beginning retry 6 in 1000ms. The process cannot access the file 'C:\Users\koosh\Dino\src\Tests\Integration\bin\Release\net8.0\DINOForge.Bridge.Protocol.dll' because it is being used by another process. The file is locked by: "testhost (23308)" [C:\Users\koosh\Dino\src\Tests\Integration\DINOForge.Tests.Integration.csproj]
C:\program files\dotnet\sdk\11.0.100-preview.2.26159.112\Microsoft.Common.CurrentVersion.targets(5094,5): warning MSB3026: Could not copy "C:\Users\koosh\Dino\src\Domains\UI\bin\Release\netstandard2.0\DINOForge.Domains.UI.dll" to "bin\Release\net8.0\DINOForge.Domains.UI.dll". Beginning retry 6 in 1000ms. The process cannot access the file 'C:\Users\koosh\Dino\src\Tests\Integration\bin\Release\net8.0\DINOForge.Domains.UI.dll' because it is being used by another process. The file is locked by: "testhost (23308)" [C:\Users\koosh\Dino\src\Tests\Integration\DINOForge.Tests.Integration.csproj]
C:\program files\dotnet\sdk\11.0.100-preview.2.26159.112\Microsoft.Common.CurrentVersion.targets(5094,5): warning MSB3026: Could not copy "C:\Users\koosh\Dino\src\Domains\Economy\bin\Release\netstandard2.0\DINOForge.Domains.Economy.dll" to "bin\Release\net8.0\DINOForge.Domains.Economy.dll". Beginning retry 6 in 1000ms. The process cannot access the file 'C:\Users\koosh\Dino\src\Tests\bin\Release\net8.0\DINOForge.Domains.Economy.dll' because it is being used by another process. The file is locked by: "testhost (45240)" [C:\Users\koosh\Dino\src\Tests\DINOForge.Tests.csproj]
C:\program files\dotnet\sdk\11.0.100-preview.2.26159.112\Microsoft.Common.CurrentVersion.targets(5094,5): warning MSB3026: Could not copy "C:\Users\koosh\Dino\src\Bridge\Client\bin\Release\netstandard2.0\DINOForge.Bridge.Client.dll" to "bin\Release\net8.0\DINOForge.Bridge.Client.dll". Beginning retry 6 in 1000ms. The process cannot access the file 'C:\Users\koosh\Dino\src\Tests\bin\Release\net8.0\DINOForge.Bridge.Client.dll' because it is being used by another process. The file is locked by: "testhost (45240)" [C:\Users\koosh\Dino\src\Tests\DINOForge.Tests.csproj]
C:\program files\dotnet\sdk\11.0.100-preview.2.26159.112\Microsoft.Common.CurrentVersion.targets(5094,5): warning MSB3026: Could not copy "C:\Users\koosh\Dino\src\Domains\Scenario\bin\Release\netstandard2.0\DINOForge.Domains.Scenario.dll" to "bin\Release\net8.0\DINOForge.Domains.Scenario.dll". Beginning retry 6 in 1000ms. The process cannot access the file 'C:\Users\koosh\Dino\src\Tests\bin\Release\net8.0\DINOForge.Domains.Scenario.dll' because it is being used by another process. The file is locked by: "testhost (45240)" [C:\Users\koosh\Dino\src\Tests\DINOForge.Tests.csproj]
C:\program files\dotnet\sdk\11.0.100-preview.2.26159.112\Microsoft.Common.CurrentVersion.targets(5094,5): warning MSB3026: Could not copy "C:\Users\koosh\Dino\src\Domains\UI\bin\Release\netstandard2.0\DINOForge.Domains.UI.dll" to "bin\Release\net8.0\DINOForge.Domains.UI.dll". Beginning retry 6 in 1000ms. The process cannot access the file 'C:\Users\koosh\Dino\src\Tests\bin\Release\net8.0\DINOForge.Domains.UI.dll' because it is being used by another process. The file is locked by: "testhost (45240)" [C:\Users\koosh\Dino\src\Tests\DINOForge.Tests.csproj]
C:\program files\dotnet\sdk\11.0.100-preview.2.26159.112\Microsoft.Common.CurrentVersion.targets(5094,5): warning MSB3026: Could not copy "C:\Users\koosh\Dino\src\Bridge\Protocol\bin\Release\netstandard2.0\DINOForge.Bridge.Protocol.dll" to "bin\Release\net8.0\DINOForge.Bridge.Protocol.dll". Beginning retry 6 in 1000ms. The process cannot access the file 'C:\Users\koosh\Dino\src\Tests\bin\Release\net8.0\DINOForge.Bridge.Protocol.dll' because it is being used by another process. The file is locked by: "testhost (45240)" [C:\Users\koosh\Dino\src\Tests\DINOForge.Tests.csproj]
C:\program files\dotnet\sdk\11.0.100-preview.2.26159.112\Microsoft.Common.CurrentVersion.targets(5094,5): warning MSB3026: Could not copy "C:\Users\koosh\Dino\src\Domains\Warfare\bin\Release\netstandard2.0\DINOForge.Domains.Warfare.dll" to "bin\Release\net8.0\DINOForge.Domains.Warfare.dll". Beginning retry 6 in 1000ms. The process cannot access the file 'C:\Users\koosh\Dino\src\Tests\bin\Release\net8.0\DINOForge.Domains.Warfare.dll' because it is being used by another process. The file is locked by: "testhost (45240)" [C:\Users\koosh\Dino\src\Tests\DINOForge.Tests.csproj]
C:\program files\dotnet\sdk\11.0.100-preview.2.26159.112\Microsoft.Common.CurrentVersion.targets(5094,5): warning MSB3026: Could not copy "C:\Users\koosh\Dino\src\SDK\bin\Release\netstandard2.0\DINOForge.SDK.dll" to "bin\Release\net8.0\DINOForge.SDK.dll". Beginning retry 7 in 1000ms. The process cannot access the file 'C:\Users\koosh\Dino\src\Tests\Integration\bin\Release\net8.0\DINOForge.SDK.dll' because it is being used by another process. The file is locked by: "testhost (23308)" [C:\Users\koosh\Dino\src\Tests\Integration\DINOForge.Tests.Integration.csproj]
C:\program files\dotnet\sdk\11.0.100-preview.2.26159.112\Microsoft.Common.CurrentVersion.targets(5094,5): warning MSB3026: Could not copy "C:\Users\koosh\Dino\src\Runtime\bin\Release\netstandard2.0\DINOForge.Runtime.dll" to "bin\Release\net8.0\DINOForge.Runtime.dll". Beginning retry 7 in 1000ms. The process cannot access the file 'C:\Users\koosh\Dino\src\Tests\Integration\bin\Release\net8.0\DINOForge.Runtime.dll' because it is being used by another process. The file is locked by: "testhost (23308)" [C:\Users\koosh\Dino\src\Tests\Integration\DINOForge.Tests.Integration.csproj]
C:\program files\dotnet\sdk\11.0.100-preview.2.26159.112\Microsoft.Common.CurrentVersion.targets(5094,5): warning MSB3026: Could not copy "C:\Users\koosh\Dino\src\Bridge\Client\bin\Release\netstandard2.0\DINOForge.Bridge.Client.dll" to "bin\Release\net8.0\DINOForge.Bridge.Client.dll". Beginning retry 7 in 1000ms. The process cannot access the file 'C:\Users\koosh\Dino\src\Tests\Integration\bin\Release\net8.0\DINOForge.Bridge.Client.dll' because it is being used by another process. The file is locked by: "testhost (23308)" [C:\Users\koosh\Dino\src\Tests\Integration\DINOForge.Tests.Integration.csproj]
C:\program files\dotnet\sdk\11.0.100-preview.2.26159.112\Microsoft.Common.CurrentVersion.targets(5094,5): warning MSB3026: Could not copy "C:\Users\koosh\Dino\src\Domains\UI\bin\Release\netstandard2.0\DINOForge.Domains.UI.dll" to "bin\Release\net8.0\DINOForge.Domains.UI.dll". Beginning retry 7 in 1000ms. The process cannot access the file 'C:\Users\koosh\Dino\src\Tests\Integration\bin\Release\net8.0\DINOForge.Domains.UI.dll' because it is being used by another process. The file is locked by: "testhost (23308)" [C:\Users\koosh\Dino\src\Tests\Integration\DINOForge.Tests.Integration.csproj]
C:\program files\dotnet\sdk\11.0.100-preview.2.26159.112\Microsoft.Common.CurrentVersion.targets(5094,5): warning MSB3026: Could not copy "C:\Users\koosh\Dino\src\Bridge\Protocol\bin\Release\netstandard2.0\DINOForge.Bridge.Protocol.dll" to "bin\Release\net8.0\DINOForge.Bridge.Protocol.dll". Beginning retry 7 in 1000ms. The process cannot access the file 'C:\Users\koosh\Dino\src\Tests\Integration\bin\Release\net8.0\DINOForge.Bridge.Protocol.dll' because it is being used by another process. The file is locked by: "testhost (23308)" [C:\Users\koosh\Dino\src\Tests\Integration\DINOForge.Tests.Integration.csproj]
C:\program files\dotnet\sdk\11.0.100-preview.2.26159.112\Microsoft.Common.CurrentVersion.targets(5094,5): warning MSB3026: Could not copy "C:\Users\koosh\Dino\src\Domains\Economy\bin\Release\netstandard2.0\DINOForge.Domains.Economy.dll" to "bin\Release\net8.0\DINOForge.Domains.Economy.dll". Beginning retry 7 in 1000ms. The process cannot access the file 'C:\Users\koosh\Dino\src\Tests\bin\Release\net8.0\DINOForge.Domains.Economy.dll' because it is being used by another process. The file is locked by: "testhost (45240)" [C:\Users\koosh\Dino\src\Tests\DINOForge.Tests.csproj]
C:\program files\dotnet\sdk\11.0.100-preview.2.26159.112\Microsoft.Common.CurrentVersion.targets(5094,5): warning MSB3026: Could not copy "C:\Users\koosh\Dino\src\Domains\Scenario\bin\Release\netstandard2.0\DINOForge.Domains.Scenario.dll" to "bin\Release\net8.0\DINOForge.Domains.Scenario.dll". Beginning retry 7 in 1000ms. The process cannot access the file 'C:\Users\koosh\Dino\src\Tests\bin\Release\net8.0\DINOForge.Domains.Scenario.dll' because it is being used by another process. The file is locked by: "testhost (45240)" [C:\Users\koosh\Dino\src\Tests\DINOForge.Tests.csproj]
C:\program files\dotnet\sdk\11.0.100-preview.2.26159.112\Microsoft.Common.CurrentVersion.targets(5094,5): warning MSB3026: Could not copy "C:\Users\koosh\Dino\src\Bridge\Client\bin\Release\netstandard2.0\DINOForge.Bridge.Client.dll" to "bin\Release\net8.0\DINOForge.Bridge.Client.dll". Beginning retry 7 in 1000ms. The process cannot access the file 'C:\Users\koosh\Dino\src\Tests\bin\Release\net8.0\DINOForge.Bridge.Client.dll' because it is being used by another process. The file is locked by: "testhost (45240)" [C:\Users\koosh\Dino\src\Tests\DINOForge.Tests.csproj]
C:\program files\dotnet\sdk\11.0.100-preview.2.26159.112\Microsoft.Common.CurrentVersion.targets(5094,5): warning MSB3026: Could not copy "C:\Users\koosh\Dino\src\Domains\Warfare\bin\Release\netstandard2.0\DINOForge.Domains.Warfare.dll" to "bin\Release\net8.0\DINOForge.Domains.Warfare.dll". Beginning retry 7 in 1000ms. The process cannot access the file 'C:\Users\koosh\Dino\src\Tests\bin\Release\net8.0\DINOForge.Domains.Warfare.dll' because it is being used by another process. The file is locked by: "testhost (45240)" [C:\Users\koosh\Dino\src\Tests\DINOForge.Tests.csproj]
C:\program files\dotnet\sdk\11.0.100-preview.2.26159.112\Microsoft.Common.CurrentVersion.targets(5094,5): warning MSB3026: Could not copy "C:\Users\koosh\Dino\src\Domains\UI\bin\Release\netstandard2.0\DINOForge.Domains.UI.dll" to "bin\Release\net8.0\DINOForge.Domains.UI.dll". Beginning retry 7 in 1000ms. The process cannot access the file 'C:\Users\koosh\Dino\src\Tests\bin\Release\net8.0\DINOForge.Domains.UI.dll' because it is being used by another process. The file is locked by: "testhost (45240)" [C:\Users\koosh\Dino\src\Tests\DINOForge.Tests.csproj]
C:\program files\dotnet\sdk\11.0.100-preview.2.26159.112\Microsoft.Common.CurrentVersion.targets(5094,5): warning MSB3026: Could not copy "C:\Users\koosh\Dino\src\Bridge\Protocol\bin\Release\netstandard2.0\DINOForge.Bridge.Protocol.dll" to "bin\Release\net8.0\DINOForge.Bridge.Protocol.dll". Beginning retry 7 in 1000ms. The process cannot access the file 'C:\Users\koosh\Dino\src\Tests\bin\Release\net8.0\DINOForge.Bridge.Protocol.dll' because it is being used by another process. The file is locked by: "testhost (45240)" [C:\Users\koosh\Dino\src\Tests\DINOForge.Tests.csproj]
C:\program files\dotnet\sdk\11.0.100-preview.2.26159.112\Microsoft.Common.CurrentVersion.targets(5094,5): warning MSB3026: Could not copy "C:\Users\koosh\Dino\src\SDK\bin\Release\netstandard2.0\DINOForge.SDK.dll" to "bin\Release\net8.0\DINOForge.SDK.dll". Beginning retry 8 in 1000ms. The process cannot access the file 'C:\Users\koosh\Dino\src\Tests\Integration\bin\Release\net8.0\DINOForge.SDK.dll' because it is being used by another process. The file is locked by: "testhost (23308)" [C:\Users\koosh\Dino\src\Tests\Integration\DINOForge.Tests.Integration.csproj]
C:\program files\dotnet\sdk\11.0.100-preview.2.26159.112\Microsoft.Common.CurrentVersion.targets(5094,5): warning MSB3026: Could not copy "C:\Users\koosh\Dino\src\Runtime\bin\Release\netstandard2.0\DINOForge.Runtime.dll" to "bin\Release\net8.0\DINOForge.Runtime.dll". Beginning retry 8 in 1000ms. The process cannot access the file 'C:\Users\koosh\Dino\src\Tests\Integration\bin\Release\net8.0\DINOForge.Runtime.dll' because it is being used by another process. The file is locked by: "testhost (23308)" [C:\Users\koosh\Dino\src\Tests\Integration\DINOForge.Tests.Integration.csproj]
C:\program files\dotnet\sdk\11.0.100-preview.2.26159.112\Microsoft.Common.CurrentVersion.targets(5094,5): warning MSB3026: Could not copy "C:\Users\koosh\Dino\src\Bridge\Client\bin\Release\netstandard2.0\DINOForge.Bridge.Client.dll" to "bin\Release\net8.0\DINOForge.Bridge.Client.dll". Beginning retry 8 in 1000ms. The process cannot access the file 'C:\Users\koosh\Dino\src\Tests\Integration\bin\Release\net8.0\DINOForge.Bridge.Client.dll' because it is being used by another process. The file is locked by: "testhost (23308)" [C:\Users\koosh\Dino\src\Tests\Integration\DINOForge.Tests.Integration.csproj]
C:\program files\dotnet\sdk\11.0.100-preview.2.26159.112\Microsoft.Common.CurrentVersion.targets(5094,5): warning MSB3026: Could not copy "C:\Users\koosh\Dino\src\Domains\UI\bin\Release\netstandard2.0\DINOForge.Domains.UI.dll" to "bin\Release\net8.0\DINOForge.Domains.UI.dll". Beginning retry 8 in 1000ms. The process cannot access the file 'C:\Users\koosh\Dino\src\Tests\Integration\bin\Release\net8.0\DINOForge.Domains.UI.dll' because it is being used by another process. The file is locked by: "testhost (23308)" [C:\Users\koosh\Dino\src\Tests\Integration\DINOForge.Tests.Integration.csproj]
C:\program files\dotnet\sdk\11.0.100-preview.2.26159.112\Microsoft.Common.CurrentVersion.targets(5094,5): warning MSB3026: Could not copy "C:\Users\koosh\Dino\src\Bridge\Protocol\bin\Release\netstandard2.0\DINOForge.Bridge.Protocol.dll" to "bin\Release\net8.0\DINOForge.Bridge.Protocol.dll". Beginning retry 8 in 1000ms. The process cannot access the file 'C:\Users\koosh\Dino\src\Tests\Integration\bin\Release\net8.0\DINOForge.Bridge.Protocol.dll' because it is being used by another process. The file is locked by: "testhost (23308)" [C:\Users\koosh\Dino\src\Tests\Integration\DINOForge.Tests.Integration.csproj]
C:\program files\dotnet\sdk\11.0.100-preview.2.26159.112\Microsoft.Common.CurrentVersion.targets(5094,5): warning MSB3026: Could not copy "C:\Users\koosh\Dino\src\SDK\bin\Release\netstandard2.0\DINOForge.SDK.dll" to "bin\Release\net8.0\DINOForge.SDK.dll". Beginning retry 9 in 1000ms. The process cannot access the file 'C:\Users\koosh\Dino\src\Tests\Integration\bin\Release\net8.0\DINOForge.SDK.dll' because it is being used by another process. The file is locked by: "testhost (23308)" [C:\Users\koosh\Dino\src\Tests\Integration\DINOForge.Tests.Integration.csproj]
C:\program files\dotnet\sdk\11.0.100-preview.2.26159.112\Microsoft.Common.CurrentVersion.targets(5094,5): warning MSB3026: Could not copy "C:\Users\koosh\Dino\src\Bridge\Protocol\bin\Release\netstandard2.0\DINOForge.Bridge.Protocol.dll" to "bin\Release\net8.0\DINOForge.Bridge.Protocol.dll". Beginning retry 8 in 1000ms. The process cannot access the file 'C:\Users\koosh\Dino\src\Tests\bin\Release\net8.0\DINOForge.Bridge.Protocol.dll' because it is being used by another process. The file is locked by: "testhost (45240)" [C:\Users\koosh\Dino\src\Tests\DINOForge.Tests.csproj]
C:\program files\dotnet\sdk\11.0.100-preview.2.26159.112\Microsoft.Common.CurrentVersion.targets(5094,5): warning MSB3026: Could not copy "C:\Users\koosh\Dino\src\Domains\Economy\bin\Release\netstandard2.0\DINOForge.Domains.Economy.dll" to "bin\Release\net8.0\DINOForge.Domains.Economy.dll". Beginning retry 8 in 1000ms. The process cannot access the file 'C:\Users\koosh\Dino\src\Tests\bin\Release\net8.0\DINOForge.Domains.Economy.dll' because it is being used by another process. The file is locked by: "testhost (45240)" [C:\Users\koosh\Dino\src\Tests\DINOForge.Tests.csproj]
C:\program files\dotnet\sdk\11.0.100-preview.2.26159.112\Microsoft.Common.CurrentVersion.targets(5094,5): warning MSB3026: Could not copy "C:\Users\koosh\Dino\src\Domains\UI\bin\Release\netstandard2.0\DINOForge.Domains.UI.dll" to "bin\Release\net8.0\DINOForge.Domains.UI.dll". Beginning retry 8 in 1000ms. The process cannot access the file 'C:\Users\koosh\Dino\src\Tests\bin\Release\net8.0\DINOForge.Domains.UI.dll' because it is being used by another process. The file is locked by: "testhost (45240)" [C:\Users\koosh\Dino\src\Tests\DINOForge.Tests.csproj]
C:\program files\dotnet\sdk\11.0.100-preview.2.26159.112\Microsoft.Common.CurrentVersion.targets(5094,5): warning MSB3026: Could not copy "C:\Users\koosh\Dino\src\Domains\Warfare\bin\Release\netstandard2.0\DINOForge.Domains.Warfare.dll" to "bin\Release\net8.0\DINOForge.Domains.Warfare.dll". Beginning retry 8 in 1000ms. The process cannot access the file 'C:\Users\koosh\Dino\src\Tests\bin\Release\net8.0\DINOForge.Domains.Warfare.dll' because it is being used by another process. The file is locked by: "testhost (45240)" [C:\Users\koosh\Dino\src\Tests\DINOForge.Tests.csproj]
C:\program files\dotnet\sdk\11.0.100-preview.2.26159.112\Microsoft.Common.CurrentVersion.targets(5094,5): warning MSB3026: Could not copy "C:\Users\koosh\Dino\src\Bridge\Client\bin\Release\netstandard2.0\DINOForge.Bridge.Client.dll" to "bin\Release\net8.0\DINOForge.Bridge.Client.dll". Beginning retry 8 in 1000ms. The process cannot access the file 'C:\Users\koosh\Dino\src\Tests\bin\Release\net8.0\DINOForge.Bridge.Client.dll' because it is being used by another process. The file is locked by: "testhost (45240)" [C:\Users\koosh\Dino\src\Tests\DINOForge.Tests.csproj]
C:\program files\dotnet\sdk\11.0.100-preview.2.26159.112\Microsoft.Common.CurrentVersion.targets(5094,5): warning MSB3026: Could not copy "C:\Users\koosh\Dino\src\Domains\Scenario\bin\Release\netstandard2.0\DINOForge.Domains.Scenario.dll" to "bin\Release\net8.0\DINOForge.Domains.Scenario.dll". Beginning retry 8 in 1000ms. The process cannot access the file 'C:\Users\koosh\Dino\src\Tests\bin\Release\net8.0\DINOForge.Domains.Scenario.dll' because it is being used by another process. The file is locked by: "testhost (45240)" [C:\Users\koosh\Dino\src\Tests\DINOForge.Tests.csproj]
C:\program files\dotnet\sdk\11.0.100-preview.2.26159.112\Microsoft.Common.CurrentVersion.targets(5094,5): warning MSB3026: Could not copy "C:\Users\koosh\Dino\src\Runtime\bin\Release\netstandard2.0\DINOForge.Runtime.dll" to "bin\Release\net8.0\DINOForge.Runtime.dll". Beginning retry 9 in 1000ms. The process cannot access the file 'C:\Users\koosh\Dino\src\Tests\Integration\bin\Release\net8.0\DINOForge.Runtime.dll' because it is being used by another process. The file is locked by: "testhost (23308)" [C:\Users\koosh\Dino\src\Tests\Integration\DINOForge.Tests.Integration.csproj]
C:\program files\dotnet\sdk\11.0.100-preview.2.26159.112\Microsoft.Common.CurrentVersion.targets(5094,5): warning MSB3026: Could not copy "C:\Users\koosh\Dino\src\Bridge\Client\bin\Release\netstandard2.0\DINOForge.Bridge.Client.dll" to "bin\Release\net8.0\DINOForge.Bridge.Client.dll". Beginning retry 9 in 1000ms. The process cannot access the file 'C:\Users\koosh\Dino\src\Tests\Integration\bin\Release\net8.0\DINOForge.Bridge.Client.dll' because it is being used by another process. The file is locked by: "testhost (23308)" [C:\Users\koosh\Dino\src\Tests\Integration\DINOForge.Tests.Integration.csproj]
C:\program files\dotnet\sdk\11.0.100-preview.2.26159.112\Microsoft.Common.CurrentVersion.targets(5094,5): warning MSB3026: Could not copy "C:\Users\koosh\Dino\src\Bridge\Protocol\bin\Release\netstandard2.0\DINOForge.Bridge.Protocol.dll" to "bin\Release\net8.0\DINOForge.Bridge.Protocol.dll". Beginning retry 9 in 1000ms. The process cannot access the file 'C:\Users\koosh\Dino\src\Tests\Integration\bin\Release\net8.0\DINOForge.Bridge.Protocol.dll' because it is being used by another process. The file is locked by: "testhost (23308)" [C:\Users\koosh\Dino\src\Tests\Integration\DINOForge.Tests.Integration.csproj]
C:\program files\dotnet\sdk\11.0.100-preview.2.26159.112\Microsoft.Common.CurrentVersion.targets(5094,5): warning MSB3026: Could not copy "C:\Users\koosh\Dino\src\Domains\UI\bin\Release\netstandard2.0\DINOForge.Domains.UI.dll" to "bin\Release\net8.0\DINOForge.Domains.UI.dll". Beginning retry 9 in 1000ms. The process cannot access the file 'C:\Users\koosh\Dino\src\Tests\Integration\bin\Release\net8.0\DINOForge.Domains.UI.dll' because it is being used by another process. The file is locked by: "testhost (23308)" [C:\Users\koosh\Dino\src\Tests\Integration\DINOForge.Tests.Integration.csproj]
C:\program files\dotnet\sdk\11.0.100-preview.2.26159.112\Microsoft.Common.CurrentVersion.targets(5094,5): warning MSB3026: Could not copy "C:\Users\koosh\Dino\src\SDK\bin\Release\netstandard2.0\DINOForge.SDK.dll" to "bin\Release\net8.0\DINOForge.SDK.dll". Beginning retry 10 in 1000ms. The process cannot access the file 'C:\Users\koosh\Dino\src\Tests\Integration\bin\Release\net8.0\DINOForge.SDK.dll' because it is being used by another process. The file is locked by: "testhost (23308)" [C:\Users\koosh\Dino\src\Tests\Integration\DINOForge.Tests.Integration.csproj]
C:\program files\dotnet\sdk\11.0.100-preview.2.26159.112\Microsoft.Common.CurrentVersion.targets(5094,5): warning MSB3026: Could not copy "C:\Users\koosh\Dino\src\Runtime\bin\Release\netstandard2.0\DINOForge.Runtime.dll" to "bin\Release\net8.0\DINOForge.Runtime.dll". Beginning retry 10 in 1000ms. The process cannot access the file 'C:\Users\koosh\Dino\src\Tests\Integration\bin\Release\net8.0\DINOForge.Runtime.dll' because it is being used by another process. The file is locked by: "testhost (23308)" [C:\Users\koosh\Dino\src\Tests\Integration\DINOForge.Tests.Integration.csproj]
C:\program files\dotnet\sdk\11.0.100-preview.2.26159.112\Microsoft.Common.CurrentVersion.targets(5094,5): warning MSB3026: Could not copy "C:\Users\koosh\Dino\src\Domains\Scenario\bin\Release\netstandard2.0\DINOForge.Domains.Scenario.dll" to "bin\Release\net8.0\DINOForge.Domains.Scenario.dll". Beginning retry 9 in 1000ms. The process cannot access the file 'C:\Users\koosh\Dino\src\Tests\bin\Release\net8.0\DINOForge.Domains.Scenario.dll' because it is being used by another process. The file is locked by: "testhost (45240)" [C:\Users\koosh\Dino\src\Tests\DINOForge.Tests.csproj]
C:\program files\dotnet\sdk\11.0.100-preview.2.26159.112\Microsoft.Common.CurrentVersion.targets(5094,5): warning MSB3026: Could not copy "C:\Users\koosh\Dino\src\Domains\Warfare\bin\Release\netstandard2.0\DINOForge.Domains.Warfare.dll" to "bin\Release\net8.0\DINOForge.Domains.Warfare.dll". Beginning retry 9 in 1000ms. The process cannot access the file 'C:\Users\koosh\Dino\src\Tests\bin\Release\net8.0\DINOForge.Domains.Warfare.dll' because it is being used by another process. The file is locked by: "testhost (45240)" [C:\Users\koosh\Dino\src\Tests\DINOForge.Tests.csproj]
C:\program files\dotnet\sdk\11.0.100-preview.2.26159.112\Microsoft.Common.CurrentVersion.targets(5094,5): warning MSB3026: Could not copy "C:\Users\koosh\Dino\src\Bridge\Client\bin\Release\netstandard2.0\DINOForge.Bridge.Client.dll" to "bin\Release\net8.0\DINOForge.Bridge.Client.dll". Beginning retry 9 in 1000ms. The process cannot access the file 'C:\Users\koosh\Dino\src\Tests\bin\Release\net8.0\DINOForge.Bridge.Client.dll' because it is being used by another process. The file is locked by: "testhost (45240)" [C:\Users\koosh\Dino\src\Tests\DINOForge.Tests.csproj]
C:\program files\dotnet\sdk\11.0.100-preview.2.26159.112\Microsoft.Common.CurrentVersion.targets(5094,5): warning MSB3026: Could not copy "C:\Users\koosh\Dino\src\Domains\UI\bin\Release\netstandard2.0\DINOForge.Domains.UI.dll" to "bin\Release\net8.0\DINOForge.Domains.UI.dll". Beginning retry 9 in 1000ms. The process cannot access the file 'C:\Users\koosh\Dino\src\Tests\bin\Release\net8.0\DINOForge.Domains.UI.dll' because it is being used by another process. The file is locked by: "testhost (45240)" [C:\Users\koosh\Dino\src\Tests\DINOForge.Tests.csproj]
C:\program files\dotnet\sdk\11.0.100-preview.2.26159.112\Microsoft.Common.CurrentVersion.targets(5094,5): warning MSB3026: Could not copy "C:\Users\koosh\Dino\src\Bridge\Protocol\bin\Release\netstandard2.0\DINOForge.Bridge.Protocol.dll" to "bin\Release\net8.0\DINOForge.Bridge.Protocol.dll". Beginning retry 9 in 1000ms. The process cannot access the file 'C:\Users\koosh\Dino\src\Tests\bin\Release\net8.0\DINOForge.Bridge.Protocol.dll' because it is being used by another process. The file is locked by: "testhost (45240)" [C:\Users\koosh\Dino\src\Tests\DINOForge.Tests.csproj]
C:\program files\dotnet\sdk\11.0.100-preview.2.26159.112\Microsoft.Common.CurrentVersion.targets(5094,5): warning MSB3026: Could not copy "C:\Users\koosh\Dino\src\Domains\Economy\bin\Release\netstandard2.0\DINOForge.Domains.Economy.dll" to "bin\Release\net8.0\DINOForge.Domains.Economy.dll". Beginning retry 9 in 1000ms. The process cannot access the file 'C:\Users\koosh\Dino\src\Tests\bin\Release\net8.0\DINOForge.Domains.Economy.dll' because it is being used by another process. The file is locked by: "testhost (45240)" [C:\Users\koosh\Dino\src\Tests\DINOForge.Tests.csproj]
C:\program files\dotnet\sdk\11.0.100-preview.2.26159.112\Microsoft.Common.CurrentVersion.targets(5094,5): warning MSB3026: Could not copy "C:\Users\koosh\Dino\src\Bridge\Client\bin\Release\netstandard2.0\DINOForge.Bridge.Client.dll" to "bin\Release\net8.0\DINOForge.Bridge.Client.dll". Beginning retry 10 in 1000ms. The process cannot access the file 'C:\Users\koosh\Dino\src\Tests\Integration\bin\Release\net8.0\DINOForge.Bridge.Client.dll' because it is being used by another process. The file is locked by: "testhost (23308)" [C:\Users\koosh\Dino\src\Tests\Integration\DINOForge.Tests.Integration.csproj]
C:\program files\dotnet\sdk\11.0.100-preview.2.26159.112\Microsoft.Common.CurrentVersion.targets(5094,5): warning MSB3026: Could not copy "C:\Users\koosh\Dino\src\Bridge\Protocol\bin\Release\netstandard2.0\DINOForge.Bridge.Protocol.dll" to "bin\Release\net8.0\DINOForge.Bridge.Protocol.dll". Beginning retry 10 in 1000ms. The process cannot access the file 'C:\Users\koosh\Dino\src\Tests\Integration\bin\Release\net8.0\DINOForge.Bridge.Protocol.dll' because it is being used by another process. The file is locked by: "testhost (23308)" [C:\Users\koosh\Dino\src\Tests\Integration\DINOForge.Tests.Integration.csproj]
C:\program files\dotnet\sdk\11.0.100-preview.2.26159.112\Microsoft.Common.CurrentVersion.targets(5094,5): warning MSB3026: Could not copy "C:\Users\koosh\Dino\src\Domains\UI\bin\Release\netstandard2.0\DINOForge.Domains.UI.dll" to "bin\Release\net8.0\DINOForge.Domains.UI.dll". Beginning retry 10 in 1000ms. The process cannot access the file 'C:\Users\koosh\Dino\src\Tests\Integration\bin\Release\net8.0\DINOForge.Domains.UI.dll' because it is being used by another process. The file is locked by: "testhost (23308)" [C:\Users\koosh\Dino\src\Tests\Integration\DINOForge.Tests.Integration.csproj]
C:\program files\dotnet\sdk\11.0.100-preview.2.26159.112\Microsoft.Common.CurrentVersion.targets(5094,5): warning MSB3026: Could not copy "C:\Users\koosh\Dino\src\Domains\Scenario\bin\Release\netstandard2.0\DINOForge.Domains.Scenario.dll" to "bin\Release\net8.0\DINOForge.Domains.Scenario.dll". Beginning retry 10 in 1000ms. The process cannot access the file 'C:\Users\koosh\Dino\src\Tests\bin\Release\net8.0\DINOForge.Domains.Scenario.dll' because it is being used by another process. The file is locked by: "testhost (45240)" [C:\Users\koosh\Dino\src\Tests\DINOForge.Tests.csproj]
C:\program files\dotnet\sdk\11.0.100-preview.2.26159.112\Microsoft.Common.CurrentVersion.targets(5094,5): warning MSB3026: Could not copy "C:\Users\koosh\Dino\src\Domains\Economy\bin\Release\netstandard2.0\DINOForge.Domains.Economy.dll" to "bin\Release\net8.0\DINOForge.Domains.Economy.dll". Beginning retry 10 in 1000ms. The process cannot access the file 'C:\Users\koosh\Dino\src\Tests\bin\Release\net8.0\DINOForge.Domains.Economy.dll' because it is being used by another process. The file is locked by: "testhost (45240)" [C:\Users\koosh\Dino\src\Tests\DINOForge.Tests.csproj]
C:\program files\dotnet\sdk\11.0.100-preview.2.26159.112\Microsoft.Common.CurrentVersion.targets(5094,5): warning MSB3026: Could not copy "C:\Users\koosh\Dino\src\Bridge\Client\bin\Release\netstandard2.0\DINOForge.Bridge.Client.dll" to "bin\Release\net8.0\DINOForge.Bridge.Client.dll". Beginning retry 10 in 1000ms. The process cannot access the file 'C:\Users\koosh\Dino\src\Tests\bin\Release\net8.0\DINOForge.Bridge.Client.dll' because it is being used by another process. The file is locked by: "testhost (45240)" [C:\Users\koosh\Dino\src\Tests\DINOForge.Tests.csproj]
C:\program files\dotnet\sdk\11.0.100-preview.2.26159.112\Microsoft.Common.CurrentVersion.targets(5094,5): warning MSB3026: Could not copy "C:\Users\koosh\Dino\src\Domains\UI\bin\Release\netstandard2.0\DINOForge.Domains.UI.dll" to "bin\Release\net8.0\DINOForge.Domains.UI.dll". Beginning retry 10 in 1000ms. The process cannot access the file 'C:\Users\koosh\Dino\src\Tests\bin\Release\net8.0\DINOForge.Domains.UI.dll' because it is being used by another process. The file is locked by: "testhost (45240)" [C:\Users\koosh\Dino\src\Tests\DINOForge.Tests.csproj]
C:\program files\dotnet\sdk\11.0.100-preview.2.26159.112\Microsoft.Common.CurrentVersion.targets(5094,5): warning MSB3026: Could not copy "C:\Users\koosh\Dino\src\Bridge\Protocol\bin\Release\netstandard2.0\DINOForge.Bridge.Protocol.dll" to "bin\Release\net8.0\DINOForge.Bridge.Protocol.dll". Beginning retry 10 in 1000ms. The process cannot access the file 'C:\Users\koosh\Dino\src\Tests\bin\Release\net8.0\DINOForge.Bridge.Protocol.dll' because it is being used by another process. The file is locked by: "testhost (45240)" [C:\Users\koosh\Dino\src\Tests\DINOForge.Tests.csproj]
C:\program files\dotnet\sdk\11.0.100-preview.2.26159.112\Microsoft.Common.CurrentVersion.targets(5094,5): warning MSB3026: Could not copy "C:\Users\koosh\Dino\src\Domains\Warfare\bin\Release\netstandard2.0\DINOForge.Domains.Warfare.dll" to "bin\Release\net8.0\DINOForge.Domains.Warfare.dll". Beginning retry 10 in 1000ms. The process cannot access the file 'C:\Users\koosh\Dino\src\Tests\bin\Release\net8.0\DINOForge.Domains.Warfare.dll' because it is being used by another process. The file is locked by: "testhost (45240)" [C:\Users\koosh\Dino\src\Tests\DINOForge.Tests.csproj]
C:\program files\dotnet\sdk\11.0.100-preview.2.26159.112\Microsoft.Common.CurrentVersion.targets(5094,5): warning MSB3026: Could not copy "C:\Users\koosh\Dino\src\Runtime\bin\Release\netstandard2.0\DINOForge.Runtime.dll" to "bin\Release\net8.0\DINOForge.Runtime.dll". Beginning retry 1 in 1000ms. The process cannot access the file 'C:\Users\koosh\Dino\src\Tests\bin\Release\net8.0\DINOForge.Runtime.dll' because it is being used by another process. The file is locked by: "testhost (45240)" [C:\Users\koosh\Dino\src\Tests\DINOForge.Tests.csproj]
C:\program files\dotnet\sdk\11.0.100-preview.2.26159.112\Microsoft.Common.CurrentVersion.targets(5094,5): warning MSB3026: Could not copy "C:\Users\koosh\Dino\src\Tools\Installer\InstallerLib\bin\Release\net6.0\DINOForge.Tools.Installer.dll" to "bin\Release\net8.0\DINOForge.Tools.Installer.dll". Beginning retry 1 in 1000ms. The process cannot access the file 'C:\Users\koosh\Dino\src\Tests\bin\Release\net8.0\DINOForge.Tools.Installer.dll' because it is being used by another process. The file is locked by: "testhost (45240)" [C:\Users\koosh\Dino\src\Tests\DINOForge.Tests.csproj]
C:\program files\dotnet\sdk\11.0.100-preview.2.26159.112\Microsoft.Common.CurrentVersion.targets(5094,5): warning MSB3026: Could not copy "C:\Users\koosh\Dino\src\SDK\bin\Release\netstandard2.0\DINOForge.SDK.dll" to "bin\Release\net8.0\DINOForge.SDK.dll". Beginning retry 1 in 1000ms. The process cannot access the file 'C:\Users\koosh\Dino\src\Tests\bin\Release\net8.0\DINOForge.SDK.dll' because it is being used by another process. The file is locked by: "testhost (45240)" [C:\Users\koosh\Dino\src\Tests\DINOForge.Tests.csproj]
C:\program files\dotnet\sdk\11.0.100-preview.2.26159.112\Microsoft.Common.CurrentVersion.targets(5094,5): warning MSB3026: Could not copy "C:\Users\koosh\Dino\src\Tools\Installer\InstallerLib\bin\Release\net6.0\DINOForge.Tools.Installer.dll" to "bin\Release\net8.0\DINOForge.Tools.Installer.dll". Beginning retry 2 in 1000ms. The process cannot access the file 'C:\Users\koosh\Dino\src\Tests\bin\Release\net8.0\DINOForge.Tools.Installer.dll' because it is being used by another process. The file is locked by: "testhost (45240)" [C:\Users\koosh\Dino\src\Tests\DINOForge.Tests.csproj]
C:\program files\dotnet\sdk\11.0.100-preview.2.26159.112\Microsoft.Common.CurrentVersion.targets(5094,5): warning MSB3026: Could not copy "C:\Users\koosh\Dino\src\Runtime\bin\Release\netstandard2.0\DINOForge.Runtime.dll" to "bin\Release\net8.0\DINOForge.Runtime.dll". Beginning retry 2 in 1000ms. The process cannot access the file 'C:\Users\koosh\Dino\src\Tests\bin\Release\net8.0\DINOForge.Runtime.dll' because it is being used by another process. The file is locked by: "testhost (45240)" [C:\Users\koosh\Dino\src\Tests\DINOForge.Tests.csproj]
C:\program files\dotnet\sdk\11.0.100-preview.2.26159.112\Microsoft.Common.CurrentVersion.targets(5094,5): warning MSB3026: Could not copy "C:\Users\koosh\Dino\src\SDK\bin\Release\netstandard2.0\DINOForge.SDK.dll" to "bin\Release\net8.0\DINOForge.SDK.dll". Beginning retry 2 in 1000ms. The process cannot access the file 'C:\Users\koosh\Dino\src\Tests\bin\Release\net8.0\DINOForge.SDK.dll' because it is being used by another process. The file is locked by: "testhost (45240)" [C:\Users\koosh\Dino\src\Tests\DINOForge.Tests.csproj]
C:\program files\dotnet\sdk\11.0.100-preview.2.26159.112\Microsoft.Common.CurrentVersion.targets(5094,5): warning MSB3026: Could not copy "C:\Users\koosh\Dino\src\Runtime\bin\Release\netstandard2.0\DINOForge.Runtime.dll" to "bin\Release\net8.0\DINOForge.Runtime.dll". Beginning retry 3 in 1000ms. The process cannot access the file 'C:\Users\koosh\Dino\src\Tests\bin\Release\net8.0\DINOForge.Runtime.dll' because it is being used by another process. The file is locked by: "testhost (45240)" [C:\Users\koosh\Dino\src\Tests\DINOForge.Tests.csproj]
C:\program files\dotnet\sdk\11.0.100-preview.2.26159.112\Microsoft.Common.CurrentVersion.targets(5094,5): warning MSB3026: Could not copy "C:\Users\koosh\Dino\src\SDK\bin\Release\netstandard2.0\DINOForge.SDK.dll" to "bin\Release\net8.0\DINOForge.SDK.dll". Beginning retry 3 in 1000ms. The process cannot access the file 'C:\Users\koosh\Dino\src\Tests\bin\Release\net8.0\DINOForge.SDK.dll' because it is being used by another process. The file is locked by: "testhost (45240)" [C:\Users\koosh\Dino\src\Tests\DINOForge.Tests.csproj]
C:\program files\dotnet\sdk\11.0.100-preview.2.26159.112\Microsoft.Common.CurrentVersion.targets(5094,5): warning MSB3026: Could not copy "C:\Users\koosh\Dino\src\Tools\Installer\InstallerLib\bin\Release\net6.0\DINOForge.Tools.Installer.dll" to "bin\Release\net8.0\DINOForge.Tools.Installer.dll". Beginning retry 3 in 1000ms. The process cannot access the file 'C:\Users\koosh\Dino\src\Tests\bin\Release\net8.0\DINOForge.Tools.Installer.dll' because it is being used by another process. The file is locked by: "testhost (45240)" [C:\Users\koosh\Dino\src\Tests\DINOForge.Tests.csproj]
C:\program files\dotnet\sdk\11.0.100-preview.2.26159.112\Microsoft.Common.CurrentVersion.targets(5094,5): warning MSB3026: Could not copy "C:\Users\koosh\Dino\src\Tools\Installer\InstallerLib\bin\Release\net6.0\DINOForge.Tools.Installer.dll" to "bin\Release\net8.0\DINOForge.Tools.Installer.dll". Beginning retry 4 in 1000ms. The process cannot access the file 'C:\Users\koosh\Dino\src\Tests\bin\Release\net8.0\DINOForge.Tools.Installer.dll' because it is being used by another process. The file is locked by: "testhost (45240)" [C:\Users\koosh\Dino\src\Tests\DINOForge.Tests.csproj]
C:\program files\dotnet\sdk\11.0.100-preview.2.26159.112\Microsoft.Common.CurrentVersion.targets(5094,5): warning MSB3026: Could not copy "C:\Users\koosh\Dino\src\Runtime\bin\Release\netstandard2.0\DINOForge.Runtime.dll" to "bin\Release\net8.0\DINOForge.Runtime.dll". Beginning retry 4 in 1000ms. The process cannot access the file 'C:\Users\koosh\Dino\src\Tests\bin\Release\net8.0\DINOForge.Runtime.dll' because it is being used by another process. The file is locked by: "testhost (45240)" [C:\Users\koosh\Dino\src\Tests\DINOForge.Tests.csproj]
C:\program files\dotnet\sdk\11.0.100-preview.2.26159.112\Microsoft.Common.CurrentVersion.targets(5094,5): warning MSB3026: Could not copy "C:\Users\koosh\Dino\src\SDK\bin\Release\netstandard2.0\DINOForge.SDK.dll" to "bin\Release\net8.0\DINOForge.SDK.dll". Beginning retry 4 in 1000ms. The process cannot access the file 'C:\Users\koosh\Dino\src\Tests\bin\Release\net8.0\DINOForge.SDK.dll' because it is being used by another process. The file is locked by: "testhost (45240)" [C:\Users\koosh\Dino\src\Tests\DINOForge.Tests.csproj]
C:\program files\dotnet\sdk\11.0.100-preview.2.26159.112\Microsoft.Common.CurrentVersion.targets(5094,5): warning MSB3026: Could not copy "C:\Users\koosh\Dino\src\Runtime\bin\Release\netstandard2.0\DINOForge.Runtime.dll" to "bin\Release\net8.0\DINOForge.Runtime.dll". Beginning retry 5 in 1000ms. The process cannot access the file 'C:\Users\koosh\Dino\src\Tests\bin\Release\net8.0\DINOForge.Runtime.dll' because it is being used by another process. The file is locked by: "testhost (45240)" [C:\Users\koosh\Dino\src\Tests\DINOForge.Tests.csproj]
C:\program files\dotnet\sdk\11.0.100-preview.2.26159.112\Microsoft.Common.CurrentVersion.targets(5094,5): warning MSB3026: Could not copy "C:\Users\koosh\Dino\src\SDK\bin\Release\netstandard2.0\DINOForge.SDK.dll" to "bin\Release\net8.0\DINOForge.SDK.dll". Beginning retry 5 in 1000ms. The process cannot access the file 'C:\Users\koosh\Dino\src\Tests\bin\Release\net8.0\DINOForge.SDK.dll' because it is being used by another process. The file is locked by: "testhost (45240)" [C:\Users\koosh\Dino\src\Tests\DINOForge.Tests.csproj]
C:\program files\dotnet\sdk\11.0.100-preview.2.26159.112\Microsoft.Common.CurrentVersion.targets(5094,5): warning MSB3026: Could not copy "C:\Users\koosh\Dino\src\Tools\Installer\InstallerLib\bin\Release\net6.0\DINOForge.Tools.Installer.dll" to "bin\Release\net8.0\DINOForge.Tools.Installer.dll". Beginning retry 5 in 1000ms. The process cannot access the file 'C:\Users\koosh\Dino\src\Tests\bin\Release\net8.0\DINOForge.Tools.Installer.dll' because it is being used by another process. The file is locked by: "testhost (45240)" [C:\Users\koosh\Dino\src\Tests\DINOForge.Tests.csproj]
C:\program files\dotnet\sdk\11.0.100-preview.2.26159.112\Microsoft.Common.CurrentVersion.targets(5094,5): warning MSB3026: Could not copy "C:\Users\koosh\Dino\src\SDK\bin\Release\netstandard2.0\DINOForge.SDK.dll" to "bin\Release\net8.0\DINOForge.SDK.dll". Beginning retry 6 in 1000ms. The process cannot access the file 'C:\Users\koosh\Dino\src\Tests\bin\Release\net8.0\DINOForge.SDK.dll' because it is being used by another process. The file is locked by: "testhost (45240)" [C:\Users\koosh\Dino\src\Tests\DINOForge.Tests.csproj]
C:\program files\dotnet\sdk\11.0.100-preview.2.26159.112\Microsoft.Common.CurrentVersion.targets(5094,5): warning MSB3026: Could not copy "C:\Users\koosh\Dino\src\Runtime\bin\Release\netstandard2.0\DINOForge.Runtime.dll" to "bin\Release\net8.0\DINOForge.Runtime.dll". Beginning retry 6 in 1000ms. The process cannot access the file 'C:\Users\koosh\Dino\src\Tests\bin\Release\net8.0\DINOForge.Runtime.dll' because it is being used by another process. The file is locked by: "testhost (45240)" [C:\Users\koosh\Dino\src\Tests\DINOForge.Tests.csproj]
C:\program files\dotnet\sdk\11.0.100-preview.2.26159.112\Microsoft.Common.CurrentVersion.targets(5094,5): warning MSB3026: Could not copy "C:\Users\koosh\Dino\src\Tools\Installer\InstallerLib\bin\Release\net6.0\DINOForge.Tools.Installer.dll" to "bin\Release\net8.0\DINOForge.Tools.Installer.dll". Beginning retry 6 in 1000ms. The process cannot access the file 'C:\Users\koosh\Dino\src\Tests\bin\Release\net8.0\DINOForge.Tools.Installer.dll' because it is being used by another process. The file is locked by: "testhost (45240)" [C:\Users\koosh\Dino\src\Tests\DINOForge.Tests.csproj]
C:\program files\dotnet\sdk\11.0.100-preview.2.26159.112\Microsoft.Common.CurrentVersion.targets(5094,5): warning MSB3026: Could not copy "C:\Users\koosh\Dino\src\Tools\Installer\InstallerLib\bin\Release\net6.0\DINOForge.Tools.Installer.dll" to "bin\Release\net8.0\DINOForge.Tools.Installer.dll". Beginning retry 7 in 1000ms. The process cannot access the file 'C:\Users\koosh\Dino\src\Tests\bin\Release\net8.0\DINOForge.Tools.Installer.dll' because it is being used by another process. The file is locked by: "testhost (45240)" [C:\Users\koosh\Dino\src\Tests\DINOForge.Tests.csproj]
C:\program files\dotnet\sdk\11.0.100-preview.2.26159.112\Microsoft.Common.CurrentVersion.targets(5094,5): warning MSB3026: Could not copy "C:\Users\koosh\Dino\src\Runtime\bin\Release\netstandard2.0\DINOForge.Runtime.dll" to "bin\Release\net8.0\DINOForge.Runtime.dll". Beginning retry 7 in 1000ms. The process cannot access the file 'C:\Users\koosh\Dino\src\Tests\bin\Release\net8.0\DINOForge.Runtime.dll' because it is being used by another process. The file is locked by: "testhost (45240)" [C:\Users\koosh\Dino\src\Tests\DINOForge.Tests.csproj]
C:\program files\dotnet\sdk\11.0.100-preview.2.26159.112\Microsoft.Common.CurrentVersion.targets(5094,5): warning MSB3026: Could not copy "C:\Users\koosh\Dino\src\SDK\bin\Release\netstandard2.0\DINOForge.SDK.dll" to "bin\Release\net8.0\DINOForge.SDK.dll". Beginning retry 7 in 1000ms. The process cannot access the file 'C:\Users\koosh\Dino\src\Tests\bin\Release\net8.0\DINOForge.SDK.dll' because it is being used by another process. The file is locked by: "testhost (45240)" [C:\Users\koosh\Dino\src\Tests\DINOForge.Tests.csproj]
C:\program files\dotnet\sdk\11.0.100-preview.2.26159.112\Microsoft.Common.CurrentVersion.targets(5094,5): warning MSB3026: Could not copy "C:\Users\koosh\Dino\src\Tools\Installer\InstallerLib\bin\Release\net6.0\DINOForge.Tools.Installer.dll" to "bin\Release\net8.0\DINOForge.Tools.Installer.dll". Beginning retry 8 in 1000ms. The process cannot access the file 'C:\Users\koosh\Dino\src\Tests\bin\Release\net8.0\DINOForge.Tools.Installer.dll' because it is being used by another process. The file is locked by: "testhost (45240)" [C:\Users\koosh\Dino\src\Tests\DINOForge.Tests.csproj]
C:\program files\dotnet\sdk\11.0.100-preview.2.26159.112\Microsoft.Common.CurrentVersion.targets(5094,5): warning MSB3026: Could not copy "C:\Users\koosh\Dino\src\SDK\bin\Release\netstandard2.0\DINOForge.SDK.dll" to "bin\Release\net8.0\DINOForge.SDK.dll". Beginning retry 8 in 1000ms. The process cannot access the file 'C:\Users\koosh\Dino\src\Tests\bin\Release\net8.0\DINOForge.SDK.dll' because it is being used by another process. The file is locked by: "testhost (45240)" [C:\Users\koosh\Dino\src\Tests\DINOForge.Tests.csproj]
C:\program files\dotnet\sdk\11.0.100-preview.2.26159.112\Microsoft.Common.CurrentVersion.targets(5094,5): warning MSB3026: Could not copy "C:\Users\koosh\Dino\src\Runtime\bin\Release\netstandard2.0\DINOForge.Runtime.dll" to "bin\Release\net8.0\DINOForge.Runtime.dll". Beginning retry 8 in 1000ms. The process cannot access the file 'C:\Users\koosh\Dino\src\Tests\bin\Release\net8.0\DINOForge.Runtime.dll' because it is being used by another process. The file is locked by: "testhost (45240)" [C:\Users\koosh\Dino\src\Tests\DINOForge.Tests.csproj]
C:\program files\dotnet\sdk\11.0.100-preview.2.26159.112\Microsoft.Common.CurrentVersion.targets(5094,5): warning MSB3026: Could not copy "C:\Users\koosh\Dino\src\SDK\bin\Release\netstandard2.0\DINOForge.SDK.dll" to "bin\Release\net8.0\DINOForge.SDK.dll". Beginning retry 9 in 1000ms. The process cannot access the file 'C:\Users\koosh\Dino\src\Tests\bin\Release\net8.0\DINOForge.SDK.dll' because it is being used by another process. The file is locked by: "testhost (45240)" [C:\Users\koosh\Dino\src\Tests\DINOForge.Tests.csproj]
C:\program files\dotnet\sdk\11.0.100-preview.2.26159.112\Microsoft.Common.CurrentVersion.targets(5094,5): warning MSB3026: Could not copy "C:\Users\koosh\Dino\src\Runtime\bin\Release\netstandard2.0\DINOForge.Runtime.dll" to "bin\Release\net8.0\DINOForge.Runtime.dll". Beginning retry 9 in 1000ms. The process cannot access the file 'C:\Users\koosh\Dino\src\Tests\bin\Release\net8.0\DINOForge.Runtime.dll' because it is being used by another process. The file is locked by: "testhost (45240)" [C:\Users\koosh\Dino\src\Tests\DINOForge.Tests.csproj]
C:\program files\dotnet\sdk\11.0.100-preview.2.26159.112\Microsoft.Common.CurrentVersion.targets(5094,5): warning MSB3026: Could not copy "C:\Users\koosh\Dino\src\Tools\Installer\InstallerLib\bin\Release\net6.0\DINOForge.Tools.Installer.dll" to "bin\Release\net8.0\DINOForge.Tools.Installer.dll". Beginning retry 9 in 1000ms. The process cannot access the file 'C:\Users\koosh\Dino\src\Tests\bin\Release\net8.0\DINOForge.Tools.Installer.dll' because it is being used by another process. The file is locked by: "testhost (45240)" [C:\Users\koosh\Dino\src\Tests\DINOForge.Tests.csproj]
C:\program files\dotnet\sdk\11.0.100-preview.2.26159.112\Microsoft.Common.CurrentVersion.targets(5094,5): warning MSB3026: Could not copy "C:\Users\koosh\Dino\src\Tools\Installer\InstallerLib\bin\Release\net6.0\DINOForge.Tools.Installer.dll" to "bin\Release\net8.0\DINOForge.Tools.Installer.dll". Beginning retry 10 in 1000ms. The process cannot access the file 'C:\Users\koosh\Dino\src\Tests\bin\Release\net8.0\DINOForge.Tools.Installer.dll' because it is being used by another process. The file is locked by: "testhost (45240)" [C:\Users\koosh\Dino\src\Tests\DINOForge.Tests.csproj]
C:\program files\dotnet\sdk\11.0.100-preview.2.26159.112\Microsoft.Common.CurrentVersion.targets(5094,5): warning MSB3026: Could not copy "C:\Users\koosh\Dino\src\Runtime\bin\Release\netstandard2.0\DINOForge.Runtime.dll" to "bin\Release\net8.0\DINOForge.Runtime.dll". Beginning retry 10 in 1000ms. The process cannot access the file 'C:\Users\koosh\Dino\src\Tests\bin\Release\net8.0\DINOForge.Runtime.dll' because it is being used by another process. The file is locked by: "testhost (45240)" [C:\Users\koosh\Dino\src\Tests\DINOForge.Tests.csproj]
C:\program files\dotnet\sdk\11.0.100-preview.2.26159.112\Microsoft.Common.CurrentVersion.targets(5094,5): warning MSB3026: Could not copy "C:\Users\koosh\Dino\src\SDK\bin\Release\netstandard2.0\DINOForge.SDK.dll" to "bin\Release\net8.0\DINOForge.SDK.dll". Beginning retry 10 in 1000ms. The process cannot access the file 'C:\Users\koosh\Dino\src\Tests\bin\Release\net8.0\DINOForge.SDK.dll' because it is being used by another process. The file is locked by: "testhost (45240)" [C:\Users\koosh\Dino\src\Tests\DINOForge.Tests.csproj]
C:\program files\dotnet\sdk\11.0.100-preview.2.26159.112\Microsoft.Common.CurrentVersion.targets(5094,5): error MSB3027: Could not copy "C:\Users\koosh\Dino\src\SDK\bin\Release\netstandard2.0\DINOForge.SDK.dll" to "bin\Release\net8.0\DINOForge.SDK.dll". Exceeded retry count of 10. Failed. The file is locked by: "testhost (23308)" [C:\Users\koosh\Dino\src\Tests\Integration\DINOForge.Tests.Integration.csproj]
C:\program files\dotnet\sdk\11.0.100-preview.2.26159.112\Microsoft.Common.CurrentVersion.targets(5094,5): error MSB3021: Unable to copy file "C:\Users\koosh\Dino\src\SDK\bin\Release\netstandard2.0\DINOForge.SDK.dll" to "bin\Release\net8.0\DINOForge.SDK.dll". The process cannot access the file 'C:\Users\koosh\Dino\src\Tests\Integration\bin\Release\net8.0\DINOForge.SDK.dll' because it is being used by another process. [C:\Users\koosh\Dino\src\Tests\Integration\DINOForge.Tests.Integration.csproj]
C:\program files\dotnet\sdk\11.0.100-preview.2.26159.112\Microsoft.Common.CurrentVersion.targets(5094,5): error MSB3027: Could not copy "C:\Users\koosh\Dino\src\Runtime\bin\Release\netstandard2.0\DINOForge.Runtime.dll" to "bin\Release\net8.0\DINOForge.Runtime.dll". Exceeded retry count of 10. Failed. The file is locked by: "testhost (23308)" [C:\Users\koosh\Dino\src\Tests\Integration\DINOForge.Tests.Integration.csproj]
C:\program files\dotnet\sdk\11.0.100-preview.2.26159.112\Microsoft.Common.CurrentVersion.targets(5094,5): error MSB3021: Unable to copy file "C:\Users\koosh\Dino\src\Runtime\bin\Release\netstandard2.0\DINOForge.Runtime.dll" to "bin\Release\net8.0\DINOForge.Runtime.dll". The process cannot access the file 'C:\Users\koosh\Dino\src\Tests\Integration\bin\Release\net8.0\DINOForge.Runtime.dll' because it is being used by another process. [C:\Users\koosh\Dino\src\Tests\Integration\DINOForge.Tests.Integration.csproj]
C:\program files\dotnet\sdk\11.0.100-preview.2.26159.112\Microsoft.Common.CurrentVersion.targets(5094,5): error MSB3027: Could not copy "C:\Users\koosh\Dino\src\Bridge\Client\bin\Release\netstandard2.0\DINOForge.Bridge.Client.dll" to "bin\Release\net8.0\DINOForge.Bridge.Client.dll". Exceeded retry count of 10. Failed. The file is locked by: "testhost (23308)" [C:\Users\koosh\Dino\src\Tests\Integration\DINOForge.Tests.Integration.csproj]
C:\program files\dotnet\sdk\11.0.100-preview.2.26159.112\Microsoft.Common.CurrentVersion.targets(5094,5): error MSB3021: Unable to copy file "C:\Users\koosh\Dino\src\Bridge\Client\bin\Release\netstandard2.0\DINOForge.Bridge.Client.dll" to "bin\Release\net8.0\DINOForge.Bridge.Client.dll". The process cannot access the file 'C:\Users\koosh\Dino\src\Tests\Integration\bin\Release\net8.0\DINOForge.Bridge.Client.dll' because it is being used by another process. [C:\Users\koosh\Dino\src\Tests\Integration\DINOForge.Tests.Integration.csproj]
C:\program files\dotnet\sdk\11.0.100-preview.2.26159.112\Microsoft.Common.CurrentVersion.targets(5094,5): error MSB3027: Could not copy "C:\Users\koosh\Dino\src\Bridge\Protocol\bin\Release\netstandard2.0\DINOForge.Bridge.Protocol.dll" to "bin\Release\net8.0\DINOForge.Bridge.Protocol.dll". Exceeded retry count of 10. Failed. The file is locked by: "testhost (23308)" [C:\Users\koosh\Dino\src\Tests\Integration\DINOForge.Tests.Integration.csproj]
C:\program files\dotnet\sdk\11.0.100-preview.2.26159.112\Microsoft.Common.CurrentVersion.targets(5094,5): error MSB3021: Unable to copy file "C:\Users\koosh\Dino\src\Bridge\Protocol\bin\Release\netstandard2.0\DINOForge.Bridge.Protocol.dll" to "bin\Release\net8.0\DINOForge.Bridge.Protocol.dll". The process cannot access the file 'C:\Users\koosh\Dino\src\Tests\Integration\bin\Release\net8.0\DINOForge.Bridge.Protocol.dll' because it is being used by another process. [C:\Users\koosh\Dino\src\Tests\Integration\DINOForge.Tests.Integration.csproj]
C:\program files\dotnet\sdk\11.0.100-preview.2.26159.112\Microsoft.Common.CurrentVersion.targets(5094,5): error MSB3027: Could not copy "C:\Users\koosh\Dino\src\Domains\UI\bin\Release\netstandard2.0\DINOForge.Domains.UI.dll" to "bin\Release\net8.0\DINOForge.Domains.UI.dll". Exceeded retry count of 10. Failed. The file is locked by: "testhost (23308)" [C:\Users\koosh\Dino\src\Tests\Integration\DINOForge.Tests.Integration.csproj]
C:\program files\dotnet\sdk\11.0.100-preview.2.26159.112\Microsoft.Common.CurrentVersion.targets(5094,5): error MSB3021: Unable to copy file "C:\Users\koosh\Dino\src\Domains\UI\bin\Release\netstandard2.0\DINOForge.Domains.UI.dll" to "bin\Release\net8.0\DINOForge.Domains.UI.dll". The process cannot access the file 'C:\Users\koosh\Dino\src\Tests\Integration\bin\Release\net8.0\DINOForge.Domains.UI.dll' because it is being used by another process. [C:\Users\koosh\Dino\src\Tests\Integration\DINOForge.Tests.Integration.csproj]
C:\program files\dotnet\sdk\11.0.100-preview.2.26159.112\Microsoft.Common.CurrentVersion.targets(5094,5): error MSB3027: Could not copy "C:\Users\koosh\Dino\src\Domains\Scenario\bin\Release\netstandard2.0\DINOForge.Domains.Scenario.dll" to "bin\Release\net8.0\DINOForge.Domains.Scenario.dll". Exceeded retry count of 10. Failed. The file is locked by: "testhost (45240)" [C:\Users\koosh\Dino\src\Tests\DINOForge.Tests.csproj]
C:\program files\dotnet\sdk\11.0.100-preview.2.26159.112\Microsoft.Common.CurrentVersion.targets(5094,5): error MSB3021: Unable to copy file "C:\Users\koosh\Dino\src\Domains\Scenario\bin\Release\netstandard2.0\DINOForge.Domains.Scenario.dll" to "bin\Release\net8.0\DINOForge.Domains.Scenario.dll". The process cannot access the file 'C:\Users\koosh\Dino\src\Tests\bin\Release\net8.0\DINOForge.Domains.Scenario.dll' because it is being used by another process. [C:\Users\koosh\Dino\src\Tests\DINOForge.Tests.csproj]
C:\program files\dotnet\sdk\11.0.100-preview.2.26159.112\Microsoft.Common.CurrentVersion.targets(5094,5): error MSB3027: Could not copy "C:\Users\koosh\Dino\src\Domains\UI\bin\Release\netstandard2.0\DINOForge.Domains.UI.dll" to "bin\Release\net8.0\DINOForge.Domains.UI.dll". Exceeded retry count of 10. Failed. The file is locked by: "testhost (45240)" [C:\Users\koosh\Dino\src\Tests\DINOForge.Tests.csproj]
C:\program files\dotnet\sdk\11.0.100-preview.2.26159.112\Microsoft.Common.CurrentVersion.targets(5094,5): error MSB3021: Unable to copy file "C:\Users\koosh\Dino\src\Domains\UI\bin\Release\netstandard2.0\DINOForge.Domains.UI.dll" to "bin\Release\net8.0\DINOForge.Domains.UI.dll". The process cannot access the file 'C:\Users\koosh\Dino\src\Tests\bin\Release\net8.0\DINOForge.Domains.UI.dll' because it is being used by another process. [C:\Users\koosh\Dino\src\Tests\DINOForge.Tests.csproj]
C:\program files\dotnet\sdk\11.0.100-preview.2.26159.112\Microsoft.Common.CurrentVersion.targets(5094,5): error MSB3027: Could not copy "C:\Users\koosh\Dino\src\Bridge\Protocol\bin\Release\netstandard2.0\DINOForge.Bridge.Protocol.dll" to "bin\Release\net8.0\DINOForge.Bridge.Protocol.dll". Exceeded retry count of 10. Failed. The file is locked by: "testhost (45240)" [C:\Users\koosh\Dino\src\Tests\DINOForge.Tests.csproj]
C:\program files\dotnet\sdk\11.0.100-preview.2.26159.112\Microsoft.Common.CurrentVersion.targets(5094,5): error MSB3021: Unable to copy file "C:\Users\koosh\Dino\src\Bridge\Protocol\bin\Release\netstandard2.0\DINOForge.Bridge.Protocol.dll" to "bin\Release\net8.0\DINOForge.Bridge.Protocol.dll". The process cannot access the file 'C:\Users\koosh\Dino\src\Tests\bin\Release\net8.0\DINOForge.Bridge.Protocol.dll' because it is being used by another process. [C:\Users\koosh\Dino\src\Tests\DINOForge.Tests.csproj]
C:\program files\dotnet\sdk\11.0.100-preview.2.26159.112\Microsoft.Common.CurrentVersion.targets(5094,5): error MSB3027: Could not copy "C:\Users\koosh\Dino\src\Bridge\Client\bin\Release\netstandard2.0\DINOForge.Bridge.Client.dll" to "bin\Release\net8.0\DINOForge.Bridge.Client.dll". Exceeded retry count of 10. Failed. The file is locked by: "testhost (45240)" [C:\Users\koosh\Dino\src\Tests\DINOForge.Tests.csproj]
C:\program files\dotnet\sdk\11.0.100-preview.2.26159.112\Microsoft.Common.CurrentVersion.targets(5094,5): error MSB3021: Unable to copy file "C:\Users\koosh\Dino\src\Bridge\Client\bin\Release\netstandard2.0\DINOForge.Bridge.Client.dll" to "bin\Release\net8.0\DINOForge.Bridge.Client.dll". The process cannot access the file 'C:\Users\koosh\Dino\src\Tests\bin\Release\net8.0\DINOForge.Bridge.Client.dll' because it is being used by another process. [C:\Users\koosh\Dino\src\Tests\DINOForge.Tests.csproj]
C:\program files\dotnet\sdk\11.0.100-preview.2.26159.112\Microsoft.Common.CurrentVersion.targets(5094,5): error MSB3027: Could not copy "C:\Users\koosh\Dino\src\Domains\Warfare\bin\Release\netstandard2.0\DINOForge.Domains.Warfare.dll" to "bin\Release\net8.0\DINOForge.Domains.Warfare.dll". Exceeded retry count of 10. Failed. The file is locked by: "testhost (45240)" [C:\Users\koosh\Dino\src\Tests\DINOForge.Tests.csproj]
C:\program files\dotnet\sdk\11.0.100-preview.2.26159.112\Microsoft.Common.CurrentVersion.targets(5094,5): error MSB3021: Unable to copy file "C:\Users\koosh\Dino\src\Domains\Warfare\bin\Release\netstandard2.0\DINOForge.Domains.Warfare.dll" to "bin\Release\net8.0\DINOForge.Domains.Warfare.dll". The process cannot access the file 'C:\Users\koosh\Dino\src\Tests\bin\Release\net8.0\DINOForge.Domains.Warfare.dll' because it is being used by another process. [C:\Users\koosh\Dino\src\Tests\DINOForge.Tests.csproj]
C:\program files\dotnet\sdk\11.0.100-preview.2.26159.112\Microsoft.Common.CurrentVersion.targets(5094,5): error MSB3027: Could not copy "C:\Users\koosh\Dino\src\Domains\Economy\bin\Release\netstandard2.0\DINOForge.Domains.Economy.dll" to "bin\Release\net8.0\DINOForge.Domains.Economy.dll". Exceeded retry count of 10. Failed. The file is locked by: "testhost (45240)" [C:\Users\koosh\Dino\src\Tests\DINOForge.Tests.csproj]
C:\program files\dotnet\sdk\11.0.100-preview.2.26159.112\Microsoft.Common.CurrentVersion.targets(5094,5): error MSB3021: Unable to copy file "C:\Users\koosh\Dino\src\Domains\Economy\bin\Release\netstandard2.0\DINOForge.Domains.Economy.dll" to "bin\Release\net8.0\DINOForge.Domains.Economy.dll". The process cannot access the file 'C:\Users\koosh\Dino\src\Tests\bin\Release\net8.0\DINOForge.Domains.Economy.dll' because it is being used by another process. [C:\Users\koosh\Dino\src\Tests\DINOForge.Tests.csproj]
C:\program files\dotnet\sdk\11.0.100-preview.2.26159.112\Microsoft.Common.CurrentVersion.targets(5094,5): error MSB3027: Could not copy "C:\Users\koosh\Dino\src\Tools\Installer\InstallerLib\bin\Release\net6.0\DINOForge.Tools.Installer.dll" to "bin\Release\net8.0\DINOForge.Tools.Installer.dll". Exceeded retry count of 10. Failed. The file is locked by: "testhost (45240)" [C:\Users\koosh\Dino\src\Tests\DINOForge.Tests.csproj]
C:\program files\dotnet\sdk\11.0.100-preview.2.26159.112\Microsoft.Common.CurrentVersion.targets(5094,5): error MSB3021: Unable to copy file "C:\Users\koosh\Dino\src\Tools\Installer\InstallerLib\bin\Release\net6.0\DINOForge.Tools.Installer.dll" to "bin\Release\net8.0\DINOForge.Tools.Installer.dll". The process cannot access the file 'C:\Users\koosh\Dino\src\Tests\bin\Release\net8.0\DINOForge.Tools.Installer.dll' because it is being used by another process. [C:\Users\koosh\Dino\src\Tests\DINOForge.Tests.csproj]
C:\program files\dotnet\sdk\11.0.100-preview.2.26159.112\Microsoft.Common.CurrentVersion.targets(5094,5): error MSB3027: Could not copy "C:\Users\koosh\Dino\src\Runtime\bin\Release\netstandard2.0\DINOForge.Runtime.dll" to "bin\Release\net8.0\DINOForge.Runtime.dll". Exceeded retry count of 10. Failed. The file is locked by: "testhost (45240)" [C:\Users\koosh\Dino\src\Tests\DINOForge.Tests.csproj]
C:\program files\dotnet\sdk\11.0.100-preview.2.26159.112\Microsoft.Common.CurrentVersion.targets(5094,5): error MSB3021: Unable to copy file "C:\Users\koosh\Dino\src\Runtime\bin\Release\netstandard2.0\DINOForge.Runtime.dll" to "bin\Release\net8.0\DINOForge.Runtime.dll". The process cannot access the file 'C:\Users\koosh\Dino\src\Tests\bin\Release\net8.0\DINOForge.Runtime.dll' because it is being used by another process. [C:\Users\koosh\Dino\src\Tests\DINOForge.Tests.csproj]
C:\program files\dotnet\sdk\11.0.100-preview.2.26159.112\Microsoft.Common.CurrentVersion.targets(5094,5): error MSB3027: Could not copy "C:\Users\koosh\Dino\src\SDK\bin\Release\netstandard2.0\DINOForge.SDK.dll" to "bin\Release\net8.0\DINOForge.SDK.dll". Exceeded retry count of 10. Failed. The file is locked by: "testhost (45240)" [C:\Users\koosh\Dino\src\Tests\DINOForge.Tests.csproj]
C:\program files\dotnet\sdk\11.0.100-preview.2.26159.112\Microsoft.Common.CurrentVersion.targets(5094,5): error MSB3021: Unable to copy file "C:\Users\koosh\Dino\src\SDK\bin\Release\netstandard2.0\DINOForge.SDK.dll" to "bin\Release\net8.0\DINOForge.SDK.dll". The process cannot access the file 'C:\Users\koosh\Dino\src\Tests\bin\Release\net8.0\DINOForge.SDK.dll' because it is being used by another process. [C:\Users\koosh\Dino\src\Tests\DINOForge.Tests.csproj]
    345 Warning(s)
    28 Error(s)

Time Elapsed 00:00:29.63
