
Test run for C:\Users\koosh\Dino\src\Tests\bin\Release\net8.0\DINOForge.Tests.dll (.NETCoreApp,Version=v8.0)
Logging Vstest Diagnostics in file: C:\Users\koosh\Dino\test-diag.log
A total of 1 test files matched the specified pattern.
Blame: Attaching crash dump utility to process testhost (54468).
Data collection : Logging DataCollector Diagnostics in file: C:\Users\koosh\Dino\test-diag.datacollector.26-05-18_12-37-18_69808_5.log
Logging TestHost Diagnostics in file: C:\Users\koosh\Dino\test-diag.host.26-05-18_12-37-18_90590_5.log
[xUnit.net 00:00:00.00] xUnit.net VSTest Adapter v2.8.2+699d445a1a (64-bit .NET 8.0.25)
[xUnit.net 00:00:00.08]   Discovering: DINOForge.Tests
[xUnit.net 00:00:00.36]   Discovered:  DINOForge.Tests
[xUnit.net 00:00:00.36]   Starting:    DINOForge.Tests
[12:37:19 INF] Connecting to pipe 'dinoforge-game-bridge' with timeout 1000ms
  Passed DINOForge.Tests.MenuDefinitionUnitTests.Validate_WithBlankId_ReturnsError(id: "   ") [9 ms]
  Passed DINOForge.Tests.PackDependencyResolverUnitTests.CheckFrameworkCompatibility_NonMatchingVersion_ReturnsFalse [9 ms]
  Passed DINOForge.Tests.EconomyCoverageTests.TradeRouteDefinition_ParameterizedConstructor_SetsAllProperties [11 ms]
  Passed DINOForge.Tests.MenuDefinitionUnitTests.Validate_WithBlankId_ReturnsError(id: "") [< 1 ms]
  Passed DINOForge.Tests.MenuDefinitionUnitTests.Validate_WithBlankId_ReturnsError(id: null) [< 1 ms]
  Passed DINOForge.Tests.MenuDefinitionUnitTests.FontSize_CanBeSetToDifferentValues(fontSize: 32) [< 1 ms]
  Passed DINOForge.Tests.MenuDefinitionUnitTests.FontSize_CanBeSetToDifferentValues(fontSize: 14) [< 1 ms]
  Passed DINOForge.Tests.MenuDefinitionUnitTests.FontSize_CanBeSetToDifferentValues(fontSize: 24) [< 1 ms]
  Passed DINOForge.Tests.MenuDefinitionUnitTests.FontSize_CanBeSetToDifferentValues(fontSize: 8) [< 1 ms]
  Passed DINOForge.Tests.SDK.UI.NativeAdapterTests.UiSelector_Instance_IsSingleton [9 ms]
  Passed DINOForge.Tests.MenuDefinitionUnitTests.Items_CanBePopulatedWithMenuItems [< 1 ms]
  Passed DINOForge.Tests.TradeRouteDefinitionUnitTests.Enabled_CanBeSetToFalse [9 ms]
  Passed DINOForge.Tests.PackDependencyResolverUnitTests.CheckFrameworkCompatibility_MatchingVersion_ReturnsTrue [< 1 ms]
  Passed DINOForge.Tests.MenuDefinitionUnitTests.Validate_WithBlankIdAndTitle_ReturnsMultipleErrors [2 ms]
  Passed DINOForge.Tests.SDKCovGapTests+FileDiscoveryServiceTests.GetDirectories_WithNonExistentRoot_ReturnsEmptyList [9 ms]
  Passed DINOForge.Tests.MenuDefinitionUnitTests.ParameterizedConstructor_WithNullParentMenuId_ConvertsToEmptyString [< 1 ms]
  Passed DINOForge.Tests.MenuDefinitionUnitTests.Validate_WithRootMenuEmptyParentId_ReturnsSuccess [< 1 ms]
  Passed DINOForge.Tests.MenuDefinitionUnitTests.ParameterizedConstructor_WithParentMenuId_SetsParentCorrectly [< 1 ms]
  Passed DINOForge.Tests.Mocks.Tests.MockThemeProviderTests.ResolveFontSize_TracksCallCount [9 ms]
  Passed DINOForge.Tests.Bridge.GameClientFramingTests.GameClientOptions_HasDefaultTimeouts [9 ms]
  Passed DINOForge.Tests.SDKCovGapTests+AddressablesCatalogErrorPathTests.ResolveBundlePath_WithEmptyGameDir_HandlesGracefully [11 ms]
  Passed DINOForge.Tests.UniverseBibleTests.NamingGuide_NoMatchingFaction_FallsBackToGlobal [9 ms]
  Passed DINOForge.Tests.AssetServiceUnitTests.ListBundles_WithNonexistentDirectory_ReturnsEmpty [20 ms]
  Passed DINOForge.Tests.Mocks.Tests.MockThemeProviderTests.SetFontSize_OverridesExistingToken [1 ms]
  Passed DINOForge.Tests.Mocks.Tests.MockThemeProviderTests.ResolveColor_WithUnknownToken_ReturnsDefaultGray [1 ms]
  Passed DINOForge.Tests.Mocks.Tests.MockThemeProviderTests.ApplyTheme_MultipleTimes_OverwritesPrevious [< 1 ms]
  Passed DINOForge.Tests.AssetServiceUnitTests.Constructor_WithValidGameDir_InitializesService [1 ms]
  Passed DINOForge.Tests.Mocks.Tests.MockThemeProviderTests.SetColor_OverridesExistingToken [< 1 ms]
  Passed DINOForge.Tests.Mocks.Tests.MockThemeProviderTests.ResolveColor_WithDefaultToken_ReturnsRegisteredColor [< 1 ms]
  Passed DINOForge.Tests.Mocks.Tests.MockThemeProviderTests.ApplyTheme_SetsActiveTheme [< 1 ms]
  Passed DINOForge.Tests.Mocks.Tests.MockThemeProviderTests.ResolveColor_TracksCallCount [< 1 ms]
  Passed DINOForge.Tests.Mocks.Tests.MockThemeProviderTests.ResolveFontSize_WithDefaultToken_ReturnsRegisteredSize [< 1 ms]
  Passed DINOForge.Tests.Mocks.Tests.MockThemeProviderTests.ResolveFontSize_WithUnknownToken_ReturnsDefaultSize [< 1 ms]
  Passed DINOForge.Tests.SDKCovGapTests+FileDiscoveryServiceTests.GetFiles_WithRecursiveSearch_ReturnsNestedFiles [5 ms]
  Passed DINOForge.Tests.SDKCovGapTests+FileDiscoveryServiceTests.FileDiscoveryService_WithNoDefaults_CanBeInstantiated [< 1 ms]
  Passed DINOForge.Tests.SDKCovGapTests+FileDiscoveryServiceTests.GetDirectories_WithDirectoryStructure_ReturnsSubdirectories [2 ms]
  Passed DINOForge.Tests.UniverseBibleTests.MatchesPattern_VariousInputs_CorrectResult(value: "building_barracks", pattern: "building_*", expected: True) [6 ms]
  Passed DINOForge.Tests.UniverseBibleTests.MatchesPattern_VariousInputs_CorrectResult(value: "", pattern: "enemy_*", expected: False) [< 1 ms]
  Passed DINOForge.Tests.UniverseBibleTests.MatchesPattern_VariousInputs_CorrectResult(value: "enemy_heavy_tank", pattern: "enemy_*", expected: True) [< 1 ms]
  Passed DINOForge.Tests.UniverseBibleTests.MatchesPattern_VariousInputs_CorrectResult(value: "enemy_scout", pattern: "enemy_*", expected: True) [< 1 ms]
  Passed DINOForge.Tests.UniverseBibleTests.MatchesPattern_VariousInputs_CorrectResult(value: "unit_archer", pattern: "unit_*", expected: True) [< 1 ms]
  Passed DINOForge.Tests.UniverseBibleTests.MatchesPattern_VariousInputs_CorrectResult(value: "friendly_unit", pattern: "enemy_*", expected: False) [< 1 ms]
  Passed DINOForge.Tests.SDKCovGapTests+FileDiscoveryServiceTests.GetFiles_WithEmptyDirectory_ReturnsEmptyList [1 ms]
  Passed DINOForge.Tests.SDKCovGapTests+FileDiscoveryServiceTests.GetFiles_WithNonExistentRoot_ReturnsEmptyList [< 1 ms]
  Passed DINOForge.Tests.EconomyCoverageTests.EconomyValidator_Validate_WithNullRoutes_ThrowsArgumentNullException [8 ms]
  Passed DINOForge.Tests.EconomyCoverageTests.TradeRouteRegistry_Unregister_NonExistent_ReturnsFalse [< 1 ms]
  Passed DINOForge.Tests.SDK.UI.NativeAdapterTests.ButtonAdapter_SetLabel_ThrowsOnNullButton [13 ms]
  Passed DINOForge.Tests.TradeRouteDefinitionUnitTests.FullConstructor_WithNullDisplayName_ThrowsArgumentNullException [11 ms]
  Passed DINOForge.Tests.EconomyCoverageTests.EconomyProfileRegistry_GetProfile_NonExistent_ThrowsKeyNotFoundException [< 1 ms]
  Passed DINOForge.Tests.MenuDefinitionUnitTests.ParameterizedConstructor_WithNullTitle_ThrowsArgumentNullException [11 ms]
  Passed DINOForge.Tests.MenuDefinitionUnitTests.Description_IsPreserved [< 1 ms]
  Passed DINOForge.Tests.MenuDefinitionUnitTests.Validate_WithValidDefinition_ReturnsSuccess [< 1 ms]
  Passed DINOForge.Tests.TradeRouteDefinitionUnitTests.Validate_WithZeroExchangeRate_ReturnsFailure [< 1 ms]
  Passed DINOForge.Tests.MenuDefinitionUnitTests.Validate_WithBlankTitle_ReturnsError(title: "   ") [< 1 ms]
  Passed DINOForge.Tests.SDKCovGapTests+FileDiscoveryServiceTests.GetFiles_WithTopDirectoryOnly_ReturnsMatchingFiles [2 ms]
  Passed DINOForge.Tests.SDK.UI.NativeAdapterTests.UiSelector_SelectMany_ThrowsOnNullSelector [1 ms]
  Passed DINOForge.Tests.MenuDefinitionUnitTests.Validate_WithBlankTitle_ReturnsError(title: null) [< 1 ms]
  Passed DINOForge.Tests.MenuDefinitionUnitTests.Validate_WithBlankTitle_ReturnsError(title: "") [< 1 ms]
  Passed DINOForge.Tests.TradeRouteDefinitionUnitTests.Validate_WithBlankId_ReturnsFailure [< 1 ms]
  Passed DINOForge.Tests.MenuDefinitionUnitTests.ParameterizedConstructor_WithIdAndTitle_SetsCoreProperties [< 1 ms]
  Passed DINOForge.Tests.MenuDefinitionUnitTests.Validate_WithSubmenuHavingParentId_ReturnsSuccess [< 1 ms]
  Passed DINOForge.Tests.SDK.UI.NativeAdapterTests.UiSelector_SelectOne_ThrowsOnNullSelector [< 1 ms]
  Passed DINOForge.Tests.MenuDefinitionUnitTests.BackgroundColor_CanBeCustomized [< 1 ms]
  Passed DINOForge.Tests.MenuDefinitionUnitTests.ParameterizedConstructor_WithNullId_ThrowsArgumentNullException [< 1 ms]
  Passed DINOForge.Tests.TradeRouteDefinitionUnitTests.FullConstructor_WithNullTargetResource_ThrowsArgumentNullException [< 1 ms]
  Passed DINOForge.Tests.SDK.UI.NativeAdapterTests.ButtonAdapter_Clone_ThrowsOnNullOnClick [< 1 ms]
  Passed DINOForge.Tests.SDKCovGapTests+FileDiscoveryServiceTests.FileDiscoveryService_WithCustomExclusions_CanBeInstantiated [1 ms]
  Passed DINOForge.Tests.UniverseBibleTests.CrosswalkDictionary_ReverseLookup_WildcardPattern [4 ms]
  Passed DINOForge.Tests.TradeRouteDefinitionUnitTests.FullConstructor_WithNullId_ThrowsArgumentNullException [< 1 ms]
  Passed DINOForge.Tests.MenuDefinitionUnitTests.DefaultConstructor_InitializesWithExpectedDefaults [< 1 ms]
  Passed DINOForge.Tests.TradeRouteDefinitionUnitTests.DefaultConstructor_InitializesWithExpectedValues [< 1 ms]
  Passed DINOForge.Tests.EconomyCoverageTests.TradeRouteRegistry_GetRoutesByTarget_ReturnsMatchingRoutes [2 ms]
  Passed DINOForge.Tests.AssetServiceUnitTests.ReplaceAsset_WithNonexistentSourceBundle_ReturnsFalse [9 ms]
  Passed DINOForge.Tests.SDK.ContentLoaderErrorTests.NullManifest_FailsValidation [< 1 ms]
  Passed DINOForge.Tests.TradeRouteDefinitionUnitTests.Validate_WithBlankSourceResource_ReturnsFailure [< 1 ms]
  Passed DINOForge.Tests.TradeRouteDefinitionUnitTests.ExchangeRate_CanBeVerySmall [< 1 ms]
  Passed DINOForge.Tests.TradeRouteDefinitionUnitTests.CooldownTicks_CanBeZero [< 1 ms]
  Passed DINOForge.Tests.TradeRouteDefinitionUnitTests.Validate_WithValidRoute_ReturnsSuccess [< 1 ms]
  Passed DINOForge.Tests.TradeRouteDefinitionUnitTests.ExchangeRate_CanBeVeryLarge [< 1 ms]
  Passed DINOForge.Tests.TradeRouteDefinitionUnitTests.Enabled_DefaultsToTrue [< 1 ms]
  Passed DINOForge.Tests.TradeRouteDefinitionUnitTests.FullConstructor_WithNullSourceResource_ThrowsArgumentNullException [< 1 ms]
  Passed DINOForge.Tests.TradeRouteDefinitionUnitTests.Validate_WithPositiveExchangeRate_Succeeds [< 1 ms]
  Passed DINOForge.Tests.SDKCovGapTests+FileDiscoveryServiceTests.GetFiles_WithNoMatchingPattern_ReturnsEmptyList [2 ms]
  Passed DINOForge.Tests.TradeRouteDefinitionUnitTests.FullConstructor_WithValidArguments_InitializesCorrectly [< 1 ms]
  Passed DINOForge.Tests.AssetServiceUnitTests.ExtractAsset_WithNonexistentBundle_ReturnsNull [2 ms]
  Passed DINOForge.Tests.TradeRouteDefinitionUnitTests.MaxPerTransaction_CanBeZero [< 1 ms]
  Passed DINOForge.Tests.TradeRouteDefinitionUnitTests.Validate_WithBlankTargetResource_ReturnsFailure [< 1 ms]
  Passed DINOForge.Tests.UniverseBibleTests.FactionTaxonomy_CanAddFactionsWithSubFactions [3 ms]
  Passed DINOForge.Tests.SDK.ContentLoaderErrorTests.CircularDependency_A_Depends_B_B_Depends_A_IsDetected [3 ms]
  Passed DINOForge.Tests.UniverseBibleTests.CrosswalkDictionary_ExactLookup_ReturnsEntry [< 1 ms]
  Passed DINOForge.Tests.SDK.ContentLoaderErrorTests.EmptyManifest_FailsValidation [< 1 ms]
  Passed DINOForge.Tests.HudElementDefinitionUnitTests.Validate_WithBoundaryOpacityValues_ReturnsSuccess(opacity: 1) [1 ms]
  Passed DINOForge.Tests.HudElementDefinitionUnitTests.Validate_WithBoundaryOpacityValues_ReturnsSuccess(opacity: 0.5) [< 1 ms]
  Passed DINOForge.Tests.HudElementDefinitionUnitTests.Validate_WithBoundaryOpacityValues_ReturnsSuccess(opacity: 0) [< 1 ms]
  Passed DINOForge.Tests.SDK.ContentLoaderErrorTests.ParseManifest_WithValidYaml_Succeeds [< 1 ms]
  Passed DINOForge.Tests.TradeRouteDefinitionUnitTests.Validate_WithNegativeExchangeRate_ReturnsFailure [1 ms]
  Passed DINOForge.Tests.AssetServiceUnitTests.ReplaceAsset_WithEmptyNewData_ReturnsFalse [1 ms]
  Passed DINOForge.Tests.PackDependencyResolverUnitTests.ResolveDependencies_LinearChain_ResolveInOrder [18 ms]
  Passed DINOForge.Tests.SDK.UI.NativeAdapterTests.CanvasLocator_FindCanvas_ThrowsOnNullHint [5 ms]
  Passed DINOForge.Tests.HudElementDefinitionUnitTests.ParameterizedConstructor_WithNullId_ThrowsArgumentNullException [< 1 ms]
  Passed DINOForge.Tests.SDK.ContentLoaderErrorTests.InvalidPackId_WithSpecialChars_IsRejected [< 1 ms]
  Passed DINOForge.Tests.SDK.ContentLoaderErrorTests.PackDependency_WithInvalidVersion_IsDetected [< 1 ms]
  Passed DINOForge.Tests.HudElementDefinitionUnitTests.ParameterizedConstructor_WithNullPosition_ThrowsArgumentNullException [< 1 ms]
  Passed DINOForge.Tests.SDK.UI.NativeAdapterTests.ButtonAdapter_SetLabel_ThrowsOnNullText [< 1 ms]
  Passed DINOForge.Tests.SDK.ContentLoaderErrorTests.ParseManifest_WithMissingId_FailsValidation [< 1 ms]
  Passed DINOForge.Tests.SDK.UI.NativeAdapterTests.CanvasLocator_Instance_IsSingleton [< 1 ms]
  Passed DINOForge.Tests.HudElementDefinitionUnitTests.Validate_WithValidDefinition_ReturnsSuccess [< 1 ms]
  Passed DINOForge.Tests.HudElementDefinitionUnitTests.Validate_WithNegativeOpacity_ReturnsError [< 1 ms]
  Passed DINOForge.Tests.SDK.UI.NativeAdapterTests.ButtonAdapter_FindButtonByText_ThrowsOnNullCanvas [< 1 ms]
  Passed DINOForge.Tests.SDK.ContentLoaderErrorTests.ConflictingPacks_AreDetected [< 1 ms]
  Passed DINOForge.Tests.HudElementDefinitionUnitTests.ParameterizedConstructor_WithNullType_ThrowsArgumentNullException [< 1 ms]
  Passed DINOForge.Tests.SDK.UI.NativeAdapterTests.ButtonAdapter_Instance_ImplementsINativeButtonAdapter [< 1 ms]
  Passed DINOForge.Tests.SDK.ContentLoaderErrorTests.MissingDependency_IsDetected [< 1 ms]
  Passed DINOForge.Tests.SDK.ContentLoaderErrorTests.PackIdConflict_WithExistingPack_IsDetected [< 1 ms]
  Passed DINOForge.Tests.SDK.ContentLoaderErrorTests.PackVersion_OutOfRange_IsRejected [< 1 ms]
[12:37:20 DBG] Sending request 'dumpState' to pipe 'dinoforge-game-bridge' (attempt 1/4)
  Passed DINOForge.Tests.SDK.ContentLoaderErrorTests.FrameworkVersionMismatch_IsDetected [< 1 ms]
  Passed DINOForge.Tests.HudElementDefinitionUnitTests.Validate_WithMultipleErrors_ReturnsAllErrors [< 1 ms]
  Passed DINOForge.Tests.SDK.ContentLoaderErrorTests.MissingRequiredField_Author_FailsValidation [< 1 ms]
  Passed DINOForge.Tests.SDK.UI.NativeAdapterTests.ButtonAdapter_FindButtonByText_ThrowsOnNullText [< 1 ms]
  Passed DINOForge.Tests.HudElementDefinitionUnitTests.Validate_WithBlankId_ReturnsError(id: "   ") [< 1 ms]
  Passed DINOForge.Tests.HudElementDefinitionUnitTests.Validate_WithBlankId_ReturnsError(id: null) [< 1 ms]
  Passed DINOForge.Tests.HudElementDefinitionUnitTests.Validate_WithBlankId_ReturnsError(id: "") [< 1 ms]
[12:37:20 ERR] Cannot send request - not connected to pipe 'dinoforge-game-bridge'
  Passed DINOForge.Tests.PackDependencyResolverUnitTests.ComputeLoadOrder_WithLoadOrderTiebreaker_SortsByLoadOrder [3 ms]
  Passed DINOForge.Tests.HudElementDefinitionUnitTests.VisibleIn_CanBePopulatedWithMultipleValues [< 1 ms]
  Passed DINOForge.Tests.SDK.UI.NativeAdapterTests.ButtonAdapter_Clone_ThrowsOnNullSource [< 1 ms]
  Passed DINOForge.Tests.SDK.UI.NativeAdapterTests.CanvasLocator_Instance_ImplementsINativeCanvasLocator [< 1 ms]
  Passed DINOForge.Tests.HudElementDefinitionUnitTests.ColorOverrides_WithCaseInsensitiveComparer_AllowsVariantCasing [< 1 ms]
  Passed DINOForge.Tests.SDKCovGapTests+AddressablesCatalogErrorPathTests.Load_WithNullInternalIdEntry_HandlesGracefully [21 ms]
[12:37:20 WRN] Request 'dumpState' failed on attempt 1: Not connected to the game bridge. Call ConnectAsync first.
DINOForge.Bridge.Client.GameClientException: Not connected to the game bridge. Call ConnectAsync first.
   at DINOForge.Bridge.Client.GameClient.SendRequestCoreAsync[T](String method, Object parameters, CancellationToken ct, Nullable`1 sendTimeout, Nullable`1 readTimeout) in C:\Users\koosh\Dino\src\Bridge\Client\GameClient.cs:line 501
   at DINOForge.Bridge.Client.GameClient.SendRequestAsync[T](String method, Object parameters, CancellationToken ct) in C:\Users\koosh\Dino\src\Bridge\Client\GameClient.cs:line 462
[12:37:20 INF] Connecting to pipe 'dinoforge-game-bridge' with timeout 5000ms
[12:37:20 DBG] Sending request 'dumpState' to pipe 'dinoforge-game-bridge' (attempt 1/4)
[12:37:20 ERR] Cannot send request - not connected to pipe 'dinoforge-game-bridge'
[12:37:20 WRN] Request 'dumpState' failed on attempt 1: Not connected to the game bridge. Call ConnectAsync first.
DINOForge.Bridge.Client.GameClientException: Not connected to the game bridge. Call ConnectAsync first.
   at DINOForge.Bridge.Client.GameClient.SendRequestCoreAsync[T](String method, Object parameters, CancellationToken ct, Nullable`1 sendTimeout, Nullable`1 readTimeout) in C:\Users\koosh\Dino\src\Bridge\Client\GameClient.cs:line 501
   at DINOForge.Bridge.Client.GameClient.SendRequestAsync[T](String method, Object parameters, CancellationToken ct) in C:\Users\koosh\Dino\src\Bridge\Client\GameClient.cs:line 462
[12:37:20 INF] Connecting to pipe 'dinoforge-game-bridge' with timeout 5000ms
[12:37:20 DBG] Sending request 'getResources' to pipe 'dinoforge-game-bridge' (attempt 1/4)
  Passed DINOForge.Tests.SDK.ContentLoaderErrorTests.MalformedYaml_FailsParseError [1 ms]
  Passed DINOForge.Tests.SDK.UI.NativeAdapterTests.ButtonAdapter_Clone_ThrowsOnNullLabel [< 1 ms]
  Passed DINOForge.Tests.SDK.UI.NativeAdapterTests.ButtonAdapter_Instance_IsSingleton [< 1 ms]
  Passed DINOForge.Tests.SDK.UI.NativeAdapterTests.UiSelector_Instance_ImplementsINativeUiSelector [< 1 ms]
  Passed DINOForge.Tests.SDK.UI.NativeMenuHostAdapterTests.RegisterScreen_ThrowsOnNullScreen [< 1 ms]
  Passed DINOForge.Tests.SDKCovGapTests+AddressablesCatalogErrorPathTests.ResolveBundlePath_WithNullGameDir_ThrowsArgumentNullException [1 ms]
  Passed DINOForge.Tests.SDK.UI.NativeMenuHostAdapterTests.RegisterScreen_ThrowsOnEmptyMenuId [< 1 ms]
[12:37:20 ERR] Cannot send request - not connected to pipe 'dinoforge-game-bridge'
[12:37:20 WRN] Request 'getResources' failed on attempt 1: Not connected to the game bridge. Call ConnectAsync first.
DINOForge.Bridge.Client.GameClientException: Not connected to the game bridge. Call ConnectAsync first.
   at DINOForge.Bridge.Client.GameClient.SendRequestCoreAsync[T](String method, Object parameters, CancellationToken ct, Nullable`1 sendTimeout, Nullable`1 readTimeout) in C:\Users\koosh\Dino\src\Bridge\Client\GameClient.cs:line 501
   at DINOForge.Bridge.Client.GameClient.SendRequestAsync[T](String method, Object parameters, CancellationToken ct) in C:\Users\koosh\Dino\src\Bridge\Client\GameClient.cs:line 462
[12:37:20 INF] Connecting to pipe 'dinoforge-game-bridge' with timeout 5000ms
[12:37:20 DBG] Sending request 'screenshot' to pipe 'dinoforge-game-bridge' (attempt 1/4)
  Passed DINOForge.Tests.AssetServiceUnitTests.ValidateModBundle_WithNonexistentFile_ReturnsFailure [6 ms]
  Passed DINOForge.Tests.SDK.UI.NativeMenuHostAdapterTests.UnregisterScreen_ThrowsOnNullMenuId [< 1 ms]
  Passed DINOForge.Tests.SDK.UI.NativeMenuHostAdapterTests.RegisterScreen_DuplicateId_LastWriterWins [1 ms]
  Passed DINOForge.Tests.SDK.UI.NativeMenuHostAdapterTests.Instance_IsSingleton [< 1 ms]
  Passed DINOForge.Tests.SDKCovGapTests+AddressablesCatalogErrorPathTests.Load_WithCaseInsensitiveBundleExtension_MatchesBundles [2 ms]
  Passed DINOForge.Tests.SDK.UI.NativeMenuHostAdapterTests.Instance_ImplementsINativeMenuHost [< 1 ms]
  Passed DINOForge.Tests.AssetServiceUnitTests.FindBundlesWithType_WithNonexistentDirectory_ReturnsEmpty [1 ms]
[12:37:20 ERR] Cannot send request - not connected to pipe 'dinoforge-game-bridge'
[12:37:20 WRN] Request 'screenshot' failed on attempt 1: Not connected to the game bridge. Call ConnectAsync first.
DINOForge.Bridge.Client.GameClientException: Not connected to the game bridge. Call ConnectAsync first.
   at DINOForge.Bridge.Client.GameClient.SendRequestCoreAsync[T](String method, Object parameters, CancellationToken ct, Nullable`1 sendTimeout, Nullable`1 readTimeout) in C:\Users\koosh\Dino\src\Bridge\Client\GameClient.cs:line 501
   at DINOForge.Bridge.Client.GameClient.SendRequestAsync[T](String method, Object parameters, CancellationToken ct) in C:\Users\koosh\Dino\src\Bridge\Client\GameClient.cs:line 462
[12:37:20 INF] Connecting to pipe 'dinoforge-game-bridge' with timeout 5000ms
[12:37:20 DBG] Sending request 'waitForWorld' to pipe 'dinoforge-game-bridge' (attempt 1/4)
[12:37:20 ERR] Cannot send request - not connected to pipe 'dinoforge-game-bridge'
[12:37:20 WRN] Request 'waitForWorld' failed on attempt 1: Not connected to the game bridge. Call ConnectAsync first.
DINOForge.Bridge.Client.GameClientException: Not connected to the game bridge. Call ConnectAsync first.
   at DINOForge.Bridge.Client.GameClient.SendRequestCoreAsync[T](String method, Object parameters, CancellationToken ct, Nullable`1 sendTimeout, Nullable`1 readTimeout) in C:\Users\koosh\Dino\src\Bridge\Client\GameClient.cs:line 501
   at DINOForge.Bridge.Client.GameClient.SendRequestAsync[T](String method, Object parameters, CancellationToken ct) in C:\Users\koosh\Dino\src\Bridge\Client\GameClient.cs:line 462
[12:37:20 INF] Connecting to pipe 'dinoforge-game-bridge' with timeout 5000ms
[12:37:20 DBG] Sending request 'ping' to pipe 'dinoforge-game-bridge' (attempt 1/4)
  Passed DINOForge.Tests.SDK.UI.NativeMenuHostAdapterTests.RegisterScreen_ThrowsOnNullMenuId [< 1 ms]
  Passed DINOForge.Tests.SDK.UI.NativeMenuHostAdapterTests.UnregisterScreen_ThrowsOnEmptyMenuId [< 1 ms]
  Passed DINOForge.Tests.SDK.UI.NativeMenuHostAdapterTests.Register_Then_Unregister_TogglesIsActive [< 1 ms]
  Passed DINOForge.Tests.SDK.UI.NativeMenuHostAdapterTests.UnregisterScreen_UnknownId_NoOpDoesNotThrow [< 1 ms]
  Passed DINOForge.Tests.HudElementDefinitionUnitTests.DefaultConstructor_InitializesWithExpectedDefaults [7 ms]
  Passed DINOForge.Tests.HudElementDefinitionUnitTests.ParameterizedConstructor_SetsCoreProperties [< 1 ms]
  Passed DINOForge.Tests.HudElementDefinitionUnitTests.Validate_WithOpcityGreaterThanOne_ReturnsError [< 1 ms]
  Passed DINOForge.Tests.AssetServiceUnitTests.ReadCatalog_WithNonexistentFile_ReturnsEmptyDictionary [3 ms]
[12:37:20 ERR] Cannot send request - not connected to pipe 'dinoforge-game-bridge'
[12:37:20 WRN] Request 'ping' failed on attempt 1: Not connected to the game bridge. Call ConnectAsync first.
DINOForge.Bridge.Client.GameClientException: Not connected to the game bridge. Call ConnectAsync first.
   at DINOForge.Bridge.Client.GameClient.SendRequestCoreAsync[T](String method, Object parameters, CancellationToken ct, Nullable`1 sendTimeout, Nullable`1 readTimeout) in C:\Users\koosh\Dino\src\Bridge\Client\GameClient.cs:line 501
   at DINOForge.Bridge.Client.GameClient.SendRequestAsync[T](String method, Object parameters, CancellationToken ct) in C:\Users\koosh\Dino\src\Bridge\Client\GameClient.cs:line 462
[12:37:20 INF] Connecting to pipe 'dinoforge-game-bridge' with timeout 5000ms
[12:37:20 INF] Disconnecting from pipe 'dinoforge-game-bridge'
[12:37:20 DBG] Disconnection complete
[12:37:20 DBG] Sending request 'waitForWorld' to pipe 'dinoforge-game-bridge' (attempt 1/4)
[12:37:20 ERR] Cannot send request - not connected to pipe 'dinoforge-game-bridge'
  Passed DINOForge.Tests.SDKCovGapTests+AddressablesCatalogErrorPathTests.Load_WithMalformedJson_ThrowsJsonException [4 ms]
  Passed DINOForge.Tests.Bridge.JsonRpcMessageUnitTests.JsonRpcResponse_CtorDefaults_InitializesCorrectly [< 1 ms]
  Passed DINOForge.Tests.AssetServiceUnitTests.ReplaceAsset_WithNullNewData_ReturnsFalse [1 ms]
  Passed DINOForge.Tests.AssetServiceUnitTests.Dispose_CanBeCalledMultipleTimes [1 ms]
  Passed DINOForge.Tests.Bridge.JsonRpcMessageUnitTests.JsonRpcResponse_WithError_SerializesError [3 ms]
  Passed DINOForge.Tests.Bridge.JsonRpcMessageUnitTests.JsonRpcError_CtorDefaults_InitializesCorrectly [< 1 ms]
  Passed DINOForge.Tests.AssetServiceUnitTests.ListAssets_WithNonexistentFile_ThrowsFileNotFoundException [3 ms]
[12:37:20 WRN] Request 'waitForWorld' failed on attempt 1: Not connected to the game bridge. Call ConnectAsync first.
DINOForge.Bridge.Client.GameClientException: Not connected to the game bridge. Call ConnectAsync first.
   at DINOForge.Bridge.Client.GameClient.SendRequestCoreAsync[T](String method, Object parameters, CancellationToken ct, Nullable`1 sendTimeout, Nullable`1 readTimeout) in C:\Users\koosh\Dino\src\Bridge\Client\GameClient.cs:line 501
   at DINOForge.Bridge.Client.GameClient.SendRequestAsync[T](String method, Object parameters, CancellationToken ct) in C:\Users\koosh\Dino\src\Bridge\Client\GameClient.cs:line 462
[12:37:20 INF] Connecting to pipe 'dinoforge-game-bridge' with timeout 5000ms
[12:37:20 DBG] Sending request 'screenshot' to pipe 'dinoforge-game-bridge' (attempt 1/4)
[12:37:20 ERR] Cannot send request - not connected to pipe 'dinoforge-game-bridge'
[12:37:20 WRN] Request 'screenshot' failed on attempt 1: Not connected to the game bridge. Call ConnectAsync first.
DINOForge.Bridge.Client.GameClientException: Not connected to the game bridge. Call ConnectAsync first.
   at DINOForge.Bridge.Client.GameClient.SendRequestCoreAsync[T](String method, Object parameters, CancellationToken ct, Nullable`1 sendTimeout, Nullable`1 readTimeout) in C:\Users\koosh\Dino\src\Bridge\Client\GameClient.cs:line 501
   at DINOForge.Bridge.Client.GameClient.SendRequestAsync[T](String method, Object parameters, CancellationToken ct) in C:\Users\koosh\Dino\src\Bridge\Client\GameClient.cs:line 462
[12:37:20 INF] Connecting to pipe 'dinoforge-game-bridge' with timeout 5000ms
  Passed DINOForge.Tests.Bridge.JsonRpcMessageUnitTests.JsonRpcResponse_WithBridgeReceipt_SerializesSnakeCase [2 ms]
  Passed DINOForge.Tests.PackDependencyResolverUnitTests.DetectConflicts_NoConflicts_ReturnsEmpty [16 ms]
  Passed DINOForge.Tests.AssetServiceUnitTests.Constructor_WithNullGameDir_ThrowsArgumentNullException [1 ms]
  Passed DINOForge.Tests.PackDependencyResolverUnitTests.ResolveDependencies_MissingDependency_ReturnsFailure [< 1 ms]
  Passed DINOForge.Tests.Bridge.JsonRpcMessageUnitTests.BridgeReceipt_AllProperties_SerializeDeserialize [2 ms]
  Passed DINOForge.Tests.NativeInteropIntegrationTests+GoDependencyResolverIntegrationTests.ResolveDependencies_DiamondGraph_SortsCorrectly [28 ms]
  Passed DINOForge.Tests.Bridge.JsonRpcMessageUnitTests.JsonRpcRequest_WithParams_SerializesIncluded [1 ms]
  Passed DINOForge.Tests.Bridge.JsonRpcMessageUnitTests.JsonRpcRequest_RoundTrip_DeserializeEquality [2 ms]
  Passed DINOForge.Tests.Bridge.JsonRpcMessageUnitTests.JsonRpcError_WithCodeAndMessage_SerializesCorrectly [< 1 ms]
  Passed DINOForge.Tests.NativeInteropIntegrationTests+GoDependencyResolverIntegrationTests.ResolveDependencies_EmptyAvailable_SucceedsWithStandalone [4 ms]
  Passed DINOForge.Tests.Bridge.JsonRpcMessageUnitTests.JsonRpcResponse_WithResult_SerializesResult [< 1 ms]
  Passed DINOForge.Tests.AssetServiceUnitTests.ListBundles_WithEmptyDirectory_ReturnsEmpty [7 ms]
  Passed DINOForge.Tests.NativeInteropIntegrationTests+GoDependencyResolverIntegrationTests.ResolveDependencies_CircularDependency_Fails [1 ms]
  Passed DINOForge.Tests.AssetServiceUnitTests.ExpectedUnityVersion_IsCorrect [1 ms]
  Passed DINOForge.Tests.Bridge.JsonRpcMessageUnitTests.JsonRpcResponse_ResultAndErrorMutualExclusivity_ErrorIgnoredIfBothSet [2 ms]
  Passed DINOForge.Tests.Bridge.JsonRpcMessageUnitTests.JsonRpcRequest_CtorDefaults_InitializesCorrectly [< 1 ms]
  Passed DINOForge.Tests.AssetServiceUnitTests.Constructor_WithDifferentGameDirs_CreatesDistinctServices [2 ms]
  Passed DINOForge.Tests.Bridge.JsonRpcMessageUnitTests.JsonRpcResponse_RoundTrip_DeserializeEquality [1 ms]
  Passed DINOForge.Tests.Bridge.JsonRpcMessageUnitTests.JsonRpcRequest_WithNullParams_SerializesCorrectly [< 1 ms]
  Passed DINOForge.Tests.Bridge.JsonRpcMessageUnitTests.JsonRpcRequest_WithId_PreservesValue [< 1 ms]
  Passed DINOForge.Tests.AssetServiceUnitTests.ValidateModBundle_Result_HasExpectedProperties [1 ms]
[xUnit.net 00:00:01.06]     DINOForge.Tests.Bridge.GameClientFramingTests.ConnectAsync_WithoutTimeout_UsesOptionsDefault [SKIP]
[xUnit.net 00:00:01.06]       #397 — closure-gate hang (iter-92/93), skip until testhost stabilizes
  Passed DINOForge.Tests.UIBranchCoverageTests.HUDInjectionSystem_IsInitialized_AfterInit_IsTrue [< 1 ms]
  Passed DINOForge.Tests.Bridge.GameClientFramingTests.GameClient_IsDisposable [52 ms]
  Skipped DINOForge.Tests.Bridge.GameClientFramingTests.ConnectAsync_WithoutTimeout_UsesOptionsDefault [1 ms]
  Passed DINOForge.Tests.UIBranchCoverageTests.MenuRegistry_GetChildMenus_WithChildren_ReturnsAll [< 1 ms]
  Passed DINOForge.Tests.Bridge.GameClientFramingTests.ProtocolException_CanBeCreatedWithMessage [< 1 ms]
  Passed DINOForge.Tests.Bridge.GameClientFramingTests.ProtocolException_IsInvalidOperationException [< 1 ms]
  Passed DINOForge.Tests.Bridge.GameClientFramingTests.ProtocolException_CanBeCreatedWithMessageAndInnerException [< 1 ms]
  Passed DINOForge.Tests.UIBranchCoverageTests.ThemeRegistry_ActiveTheme_NoActive_ReturnsNull [< 1 ms]
  Passed DINOForge.Tests.Bridge.GameClientFramingTests.GameClientOptions_TimeoutValuesAreConfigurable [< 1 ms]
  Passed DINOForge.Tests.UIBranchCoverageTests.MenuRegistry_Register_NullMenu_ThrowsArgumentNullException [< 1 ms]
  Passed DINOForge.Tests.UIBranchCoverageTests.ThemeRegistry_Unregister_Exists_ReturnsTrue [< 1 ms]
  Passed DINOForge.Tests.UIBranchCoverageTests.ThemeRegistry_GetTheme_Exists_ReturnsTheme [< 1 ms]
  Passed DINOForge.Tests.UIBranchCoverageTests.HUDInjectionSystem_GetElements_Empty_ReturnsEmptyList [< 1 ms]
  Passed DINOForge.Tests.PackDependencyResolverUnitTests.ComputeLoadOrder_CircularDependency_ReturnsFailure [17 ms]
  Passed DINOForge.Tests.PackDependencyResolverUnitTests.CheckFrameworkCompatibility_NoVersion_ReturnsTrue [< 1 ms]
  Passed DINOForge.Tests.PackDependencyResolverUnitTests.ResolveDependencies_MultipleMissingDependencies_ReturnsAllErrors [< 1 ms]
  Passed DINOForge.Tests.UIBranchCoverageTests.ThemeRegistry_GetTheme_NotExists_ThrowsKeyNotFoundException [17 ms]
  Passed DINOForge.Tests.PackDependencyResolverUnitTests.DetectConflicts_WithConflicts_ReturnsErrors [< 1 ms]
  Passed DINOForge.Tests.UIBranchCoverageTests.ThemeRegistry_Contains_NotExists_ReturnsFalse [< 1 ms]
  Passed DINOForge.Tests.UIBranchCoverageTests.ThemeRegistry_TryGetTheme_NotExists_ReturnsFalse [< 1 ms]
  Passed DINOForge.Tests.PackDependencyResolverUnitTests.ResolveDependencies_EmptyList_ReturnsSuccess [< 1 ms]
  Passed DINOForge.Tests.UIBranchCoverageTests.ThemeRegistry_All_ReturnsAllThemes [< 1 ms]
  Passed DINOForge.Tests.UIBranchCoverageTests.MenuRegistry_GetRootMenus_NoParent_ReturnsMenu [< 1 ms]
  Passed DINOForge.Tests.PackDependencyResolverUnitTests.ResolveDependencies_TransitiveDependencies_ResolveCorrectly [< 1 ms]
  Passed DINOForge.Tests.UIBranchCoverageTests.MenuRegistry_Contains_NotExists_ReturnsFalse [< 1 ms]
  Passed DINOForge.Tests.Phase5BuildingExpansionTests.Phase5_Configuration_ContainsExpansionSection [< 1 ms]
  Passed DINOForge.Tests.Phase5BuildingExpansionTests.Phase5_ExpansionBuilding_PrefabExists(prefabName: "Blast_Wall_Republic.prefab") [< 1 ms]
  Passed DINOForge.Tests.Phase5BuildingExpansionTests.Phase5_ExpansionBuilding_PrefabExists(prefabName: "Vulture_Nest_CIS.prefab") [< 1 ms]
  Passed DINOForge.Tests.Phase5BuildingExpansionTests.Phase5_ExpansionBuilding_PrefabExists(prefabName: "Research_Lab_Republic.prefab") [< 1 ms]
  Passed DINOForge.Tests.Phase5BuildingExpansionTests.Phase5_ExpansionBuilding_PrefabExists(prefabName: "Processing_Plant_CIS.prefab") [< 1 ms]
  Passed DINOForge.Tests.Phase5BuildingExpansionTests.Phase5_ExpansionBuilding_PrefabExists(prefabName: "Command_Center_Republic.prefab") [< 1 ms]
  Passed DINOForge.Tests.Phase5BuildingExpansionTests.Phase5_ExpansionBuilding_PrefabExists(prefabName: "Tibanna_Refinery_Republic.prefab") [< 1 ms]
  Passed DINOForge.Tests.Phase5BuildingExpansionTests.Phase5_ExpansionBuilding_PrefabExists(prefabName: "Durasteel_Barrier_CIS.prefab") [< 1 ms]
  Passed DINOForge.Tests.Phase5BuildingExpansionTests.Phase5_ExpansionBuilding_PrefabExists(prefabName: "Mining_Facility_CIS.prefab") [< 1 ms]
  Passed DINOForge.Tests.Phase5BuildingExpansionTests.Phase5_ExpansionBuilding_PrefabExists(prefabName: "Tactical_Center_CIS.prefab") [< 1 ms]
  Passed DINOForge.Tests.Phase5BuildingExpansionTests.Phase5_ExpansionBuilding_PrefabExists(prefabName: "Tech_Union_Lab_CIS.prefab") [< 1 ms]
  Passed DINOForge.Tests.Phase5BuildingExpansionTests.Phase5_ExpansionBuilding_PrefabExists(prefabName: "Skyshield_Generator_Republic.prefab") [< 1 ms]
  Passed DINOForge.Tests.Phase5BuildingExpansionTests.Phase5_ExpansionBuilding_PrefabExists(prefabName: "Supply_Station_Republic.prefab") [< 1 ms]
  Passed DINOForge.Tests.UIBranchCoverageTests.HUDInjectionSystem_RegisterElement_NotInitialized_ThrowsException [4 ms]
  Passed DINOForge.Tests.UIBranchCoverageTests.ThemeRegistry_Register_EmptyId_ThrowsArgumentException [< 1 ms]
  Passed DINOForge.Tests.YamlLoaderUnitTests.DeserializeFromFile_ValidFile_ReturnsDeserializedObject [29 ms]
  Passed DINOForge.Tests.YamlLoaderUnitTests.Deserialize_EmptyString_ReturnsNull [< 1 ms]
  Passed DINOForge.Tests.UIBranchCoverageTests.ThemeRegistry_Register_Duplicate_Overwrites [< 1 ms]
  Passed DINOForge.Tests.UIBranchCoverageTests.HUDInjectionSystem_Update_NotInitialized_ReturnsEarly [< 1 ms]
  Passed DINOForge.Tests.UIBranchCoverageTests.ThemeRegistry_SetActiveTheme_NotExists_ReturnsFalse [< 1 ms]
  Passed DINOForge.Tests.UIBranchCoverageTests.ThemeRegistry_Count_ReturnsCorrectCount [< 1 ms]
  Passed DINOForge.Tests.UIBranchCoverageTests.ThemeRegistry_Contains_Exists_ReturnsTrue [< 1 ms]
  Passed DINOForge.Tests.PackCompilerCliTests.Validate_VariousPackTypes_Deserialize(packType: "utility") [64 ms]
  Passed DINOForge.Tests.YamlLoaderUnitTests.Deserialize_ValidSimpleYaml_ReturnsDeserializedObject [< 1 ms]
  Passed DINOForge.Tests.UniverseBibleTests.UniverseLoader_LoadFromYaml_ParsesCorrectly [64 ms]
  Passed DINOForge.Tests.UIBranchCoverageTests.HUDInjectionSystem_UnregisterElement_CaseInsensitive_ReturnsTrue [< 1 ms]
  Passed DINOForge.Tests.UniverseBibleTests.StyleGuide_WithGlobal_RoundtripsThroughModel [< 1 ms]
  Passed DINOForge.Tests.UniverseBibleTests.CrosswalkDictionary_ExactLookup_CaseInsensitive [< 1 ms]
  Passed DINOForge.Tests.UIBranchCoverageTests.MenuRegistry_GetChildMenus_EmptyParent_ReturnsEmpty [< 1 ms]
  Passed DINOForge.Tests.UIBranchCoverageTests.HUDInjectionSystem_Shutdown_ClearsElementsAndState [< 1 ms]
  Passed DINOForge.Tests.YamlLoaderUnitTests.Deserialize_MalformedYaml_ThrowsYamlException [< 1 ms]
  Passed DINOForge.Tests.YamlLoaderUnitTests.DeserializeFromFile_FileDoesNotExist_ReturnsNull [< 1 ms]
  Passed DINOForge.Tests.UIBranchCoverageTests.HUDInjectionSystem_RegisterElement_NullElement_ThrowsArgumentNullException [< 1 ms]
  Passed DINOForge.Tests.UIBranchCoverageTests.ThemeRegistry_Unregister_NotExists_ReturnsFalse [< 1 ms]
  Passed DINOForge.Tests.UIBranchCoverageTests.ThemeRegistry_Constructor_RegistersDefaults [< 1 ms]
  Passed DINOForge.Tests.UIBranchCoverageTests.MenuRegistry_TryGetMenu_Exists_ReturnsTrue [< 1 ms]
  Passed DINOForge.Tests.UIBranchCoverageTests.MenuRegistry_Register_Duplicate_Overwrites [< 1 ms]
  Passed DINOForge.Tests.UIBranchCoverageTests.ThemeRegistry_ActiveThemeId_SetNull_BecomesEmpty [< 1 ms]
  Passed DINOForge.Tests.UIBranchCoverageTests.ThemeRegistry_Unregister_ActiveTheme_ReturnsFalse [< 1 ms]
  Passed DINOForge.Tests.YamlLoaderUnitTests.Deserialize_YamlWithUnderscoresToCamelCase_ConvertsCorrectly [1 ms]
  Passed DINOForge.Tests.UIBranchCoverageTests.MenuRegistry_TryGetMenu_NotExists_ReturnsFalse [< 1 ms]
  Passed DINOForge.Tests.UniverseBibleTests.UniverseLoader_MissingUniverseYaml_Throws [1 ms]
  Passed DINOForge.Tests.YamlLoaderUnitTests.Deserialize_WhitespaceOnlyString_ReturnsNull [< 1 ms]
  Passed DINOForge.Tests.UniverseBibleTests.TaxonomySubFaction_CanSetFields [< 1 ms]
  Passed DINOForge.Tests.UIBranchCoverageTests.MenuRegistry_GetMenu_NotExists_ThrowsKeyNotFoundException [< 1 ms]
  Passed DINOForge.Tests.UniverseBibleTests.CrosswalkDictionary_GetAllEntries_ReturnsAll [< 1 ms]
  Passed DINOForge.Tests.UIBranchCoverageTests.HUDInjectionSystem_UnregisterElement_Exists_ReturnsTrue [< 1 ms]
  Passed DINOForge.Tests.UIBranchCoverageTests.HUDInjectionSystem_IsInitialized_BeforeInit_IsFalse [< 1 ms]
  Passed DINOForge.Tests.UniverseBibleTests.CrosswalkDictionary_WildcardPattern_MatchesAndApplies [< 1 ms]
  Passed DINOForge.Tests.UIBranchCoverageTests.MenuRegistry_All_WithMenus_ReturnsAll [< 1 ms]
  Passed DINOForge.Tests.UIBranchCoverageTests.HUDInjectionSystem_UnregisterElement_NotExists_ReturnsFalse [< 1 ms]
  Passed DINOForge.Tests.UniverseBibleTests.NamingGuide_PatternWithPlaceholder_Works [< 1 ms]
  Passed DINOForge.Tests.UIBranchCoverageTests.HUDInjectionSystem_Update_Initialized_Succeeds [< 1 ms]
  Passed DINOForge.Tests.UIBranchCoverageTests.MenuRegistry_Contains_Exists_ReturnsTrue [< 1 ms]
  Passed DINOForge.Tests.UIBranchCoverageTests.HUDInjectionSystem_Initialize_ClearsExistingElements [< 1 ms]
  Passed DINOForge.Tests.EconomyCoverageTests.EconomyContentLoader_LoadTradeRoutes_WithInvalidYaml_ThrowsInvalidOperationException [72 ms]
  Passed DINOForge.Tests.EconomyCoverageTests.ResourceRegistry_Register_Duplicate_Overwrites [< 1 ms]
  Passed DINOForge.Tests.UIBranchCoverageTests.MenuRegistry_Register_EmptyId_ThrowsArgumentException [< 1 ms]
  Passed DINOForge.Tests.UIBranchCoverageTests.MenuRegistry_ValidateHierarchy_Cycle_ReturnsError [1 ms]
  Passed DINOForge.Tests.UIBranchCoverageTests.MenuRegistry_ValidateHierarchy_Valid_ReturnsEmpty [< 1 ms]
  Passed DINOForge.Tests.UIBranchCoverageTests.MenuRegistry_Unregister_NotExists_ReturnsFalse [< 1 ms]
  Passed DINOForge.Tests.UIBranchCoverageTests.MenuRegistry_ValidateHierarchy_BrokenReference_ReturnsError [< 1 ms]
  Passed DINOForge.Tests.UIBranchCoverageTests.MenuRegistry_GetMenu_Exists_ReturnsMenu [< 1 ms]
  Passed DINOForge.Tests.UIBranchCoverageTests.ThemeRegistry_Register_NullTheme_ThrowsArgumentNullException [< 1 ms]
  Passed DINOForge.Tests.UIBranchCoverageTests.ThemeRegistry_ActiveTheme_Default_IsDarkTheme [< 1 ms]
  Passed DINOForge.Tests.UIBranchCoverageTests.HUDInjectionSystem_RegisterElement_Initialized_Succeeds [< 1 ms]
  Passed DINOForge.Tests.UIBranchCoverageTests.HUDInjectionSystem_RegisterElement_Multiple_AllRegistered [< 1 ms]
  Passed DINOForge.Tests.ScenarioContentLoaderValidationTests.ScenarioContentLoader_RejectsScenarioWithBlankId [109 ms]
  Passed DINOForge.Tests.UIBranchCoverageTests.ThemeRegistry_SetActiveTheme_Exists_ReturnsTrue [< 1 ms]
  Passed DINOForge.Tests.UIBranchCoverageTests.HUDInjectionSystem_GetElements_WithElements_ReturnsAll [< 1 ms]
  Passed DINOForge.Tests.UIBranchCoverageTests.MenuRegistry_All_Empty_ReturnsEmpty [< 1 ms]
  Passed DINOForge.Tests.UIBranchCoverageTests.ThemeRegistry_TryGetTheme_Exists_ReturnsTrue [< 1 ms]
  Passed DINOForge.Tests.UIBranchCoverageTests.MenuRegistry_Unregister_Exists_ReturnsTrue [< 1 ms]
  Passed DINOForge.Tests.UIBranchCoverageTests.MenuRegistry_GetRootMenus_WithParent_NotReturned [< 1 ms]
  Passed DINOForge.Tests.UIPluginUnitTests.ContentTypes_ContainsExpectedTypes [< 1 ms]
  Passed DINOForge.Tests.EconomyCoverageTests.EconomyValidator_Validate_SameSourceAndTargetResource_AddsError [5 ms]
  Passed DINOForge.Tests.EconomyCoverageTests.EconomyProfile_CanSetAllProperties [< 1 ms]
  Passed DINOForge.Tests.EconomyCoverageTests.EconomyProfile_GetConsumptionMultiplier_UnknownResource_ReturnsDefault [< 1 ms]
  Passed DINOForge.Tests.EconomyCoverageTests.TradeRouteRegistry_Register_DuplicateId_Overwrites [< 1 ms]
  Passed DINOForge.Tests.Phase5BuildingExpansionTests.Phase5_Configuration_Has6CISExpansionBuildings [14 ms]
  Passed DINOForge.Tests.EconomyCoverageTests.EconomyProfileRegistry_All_EmptyAtStart [< 1 ms]
  Passed DINOForge.Tests.UIPluginUnitTests.ValidatePack_DetectsThemeWithEmptyName [2 ms]
  Passed DINOForge.Tests.Phase5BuildingExpansionTests.Phase5_RepublicExpansion_HasVisualAsset(buildingId: "rep_skyshield_generator", expectedKey: "sw-skyshield-generator") [< 1 ms]
  Passed DINOForge.Tests.EconomyCoverageTests.TradeRouteRegistry_All_EmptyAtStart [< 1 ms]
  Passed DINOForge.Tests.Phase5BuildingExpansionTests.Phase5_RepublicExpansion_HasVisualAsset(buildingId: "rep_research_lab", expectedKey: "sw-rep-research-lab") [< 1 ms]
  Passed DINOForge.Tests.EconomyCoverageTests.ResourceRegistry_Unregister_Existing_ReturnsTrue [< 1 ms]
  Passed DINOForge.Tests.UIPluginUnitTests.ValidatePack_ThrowsArgumentException_WhenPackIdIsNull [< 1 ms]
  Passed DINOForge.Tests.EconomyCoverageTests.EconomyProfile_GetConsumptionMultiplier_KnownResource_ReturnsStoredValue [< 1 ms]
  Passed DINOForge.Tests.Phase5BuildingExpansionTests.Phase5_RepublicExpansion_HasVisualAsset(buildingId: "rep_blast_wall", expectedKey: "sw-blast-wall") [< 1 ms]
  Passed DINOForge.Tests.PackCompilerCliTests.Validate_VariousPackTypes_Deserialize(packType: "total_conversion") [13 ms]
  Passed DINOForge.Tests.Phase5BuildingExpansionTests.Phase5_RepublicExpansion_HasVisualAsset(buildingId: "rep_tibanna_refinery", expectedKey: "sw-tibanna-refinery") [< 1 ms]
  Passed DINOForge.Tests.Phase5BuildingExpansionTests.Phase5_RepublicExpansion_HasVisualAsset(buildingId: "rep_command_center", expectedKey: "sw-rep-command-center") [< 1 ms]
  Passed DINOForge.Tests.UIPluginUnitTests.ValidatePack_DetectsMenuWithEmptyTitle [< 1 ms]
  Passed DINOForge.Tests.Phase5BuildingExpansionTests.Phase5_RepublicExpansion_HasVisualAsset(buildingId: "rep_supply_station", expectedKey: "sw-rep-supply-depot") [< 1 ms]
  Passed DINOForge.Tests.EconomyCoverageTests.EconomyContentLoader_WithNullTradeRegistry_ThrowsArgumentNullException [< 1 ms]
  Passed DINOForge.Tests.UIPluginUnitTests.MenuManager_IsNotNull_AfterConstruction [< 1 ms]
  Passed DINOForge.Tests.Phase5BuildingExpansionTests.Phase5_CISExpansion_HasVisualAsset(buildingId: "cis_tech_union_lab", expectedKey: "sw-tech-union-lab") [< 1 ms]
  Passed DINOForge.Tests.UIPluginUnitTests.ContentLoader_IsNotNull_AfterConstruction [< 1 ms]
  Passed DINOForge.Tests.ScenarioContentLoaderValidationTests.ScenarioContentLoader_RejectsScenarioWithNonPositiveWaveCount [6 ms]
  Passed DINOForge.Tests.EconomyCoverageTests.EconomyValidator_Validate_EmptyProfileId_AddsError [< 1 ms]
  Passed DINOForge.Tests.Phase5BuildingExpansionTests.Phase5_CISExpansion_HasVisualAsset(buildingId: "cis_durasteel_barrier", expectedKey: "sw-durasteel-barrier") [< 1 ms]
  Passed DINOForge.Tests.UIPluginUnitTests.ValidatePack_DetectsThemeWithEmptySecondaryColor [< 1 ms]
  Passed DINOForge.Tests.Phase5BuildingExpansionTests.Phase5_CISExpansion_HasVisualAsset(buildingId: "cis_vulture_nest", expectedKey: "sw-vulture-nest") [< 1 ms]
  Passed DINOForge.Tests.UIPluginUnitTests.Menus_IsNotNull_AfterConstruction [< 1 ms]
  Passed DINOForge.Tests.Phase5BuildingExpansionTests.Phase5_CISExpansion_HasVisualAsset(buildingId: "cis_processing_plant", expectedKey: "sw-processing-plant") [< 1 ms]
  Passed DINOForge.Tests.EconomyCoverageTests.EconomyProfile_StartingResourcesCanBeModified [< 1 ms]
  Passed DINOForge.Tests.Phase5BuildingExpansionTests.Phase5_CISExpansion_HasVisualAsset(buildingId: "cis_tactical_center", expectedKey: "sw-cis-command-center") [< 1 ms]
  Passed DINOForge.Tests.Phase5BuildingExpansionTests.Phase5_CISExpansion_HasVisualAsset(buildingId: "cis_mining_facility", expectedKey: "sw-mining-facility") [< 1 ms]
  Passed DINOForge.Tests.Phase5BuildingExpansionTests.Phase5_RepublicBuildings_AllHaveVisualAssets [< 1 ms]
  Passed DINOForge.Tests.UIPluginUnitTests.ValidatePack_DetectsHudElementWithInvalidHeight [1 ms]
  Passed DINOForge.Tests.Phase5BuildingExpansionTests.Phase5_CISBuildings_AllHaveVisualAssets [< 1 ms]
  Passed DINOForge.Tests.UIPluginUnitTests.ValidatePack_PassesWithValidContent [< 1 ms]
  Passed DINOForge.Tests.EconomyCoverageTests.EconomyValidator_Validate_NegativeStartingResources_AddsError [1 ms]
  Passed DINOForge.Tests.UIPluginUnitTests.ValidatePack_ThrowsArgumentException_WhenPackIdIsEmpty [< 1 ms]
  Passed DINOForge.Tests.UIPluginUnitTests.ValidatePack_ReturnsEmptyList_WhenNoContentRegistered [< 1 ms]
  Passed DINOForge.Tests.YamlLoaderUnitTests.SerializeToFile_ValidObject_WritesYamlToFile [14 ms]
  Passed DINOForge.Tests.YamlLoaderUnitTests.Serialize_NullObject_ReturnsEmptyString [< 1 ms]
  Passed DINOForge.Tests.UIPluginUnitTests.ValidatePack_DetectsHudElementWithInvalidWidth [< 1 ms]
  Passed DINOForge.Tests.PackCompilerCliTests.Validate_VariousPackTypes_Deserialize(packType: "content") [4 ms]
  Passed DINOForge.Tests.YamlLoaderUnitTests.SerializeToFile_NullObject_DoesNotCreateFile [< 1 ms]
  Passed DINOForge.Tests.UIPluginUnitTests.HudElements_IsNotNull_AfterConstruction [< 1 ms]
  Passed DINOForge.Tests.UIPluginUnitTests.Constructor_ThrowsArgumentNullException_WhenRegistriesIsNull [< 1 ms]
  Passed DINOForge.Tests.YamlLoaderUnitTests.Serialize_ValidObject_ReturnsYamlWithUnderscoredKeys [< 1 ms]
  Passed DINOForge.Tests.UIPluginUnitTests.Themes_IsNotNull_AfterConstruction [< 1 ms]
  Passed DINOForge.Tests.UIPluginUnitTests.ContentTypes_IsReadOnly [< 1 ms]
  Passed DINOForge.Tests.UIPluginUnitTests.Constructor_InitializesAllRegistries [< 1 ms]
  Passed DINOForge.Tests.EconomyCoverageTests.TradeRouteRegistry_GetRoutesBySource_ReturnsMatchingRoutes [3 ms]
  Passed DINOForge.Tests.EconomyCoverageTests.TradeRouteRegistry_Register_EmptyId_ThrowsArgumentException [< 1 ms]
  Passed DINOForge.Tests.SDK.UI.ThemeProviderAdapterTests.ResolveColor_FallsBackOnUnparseableHex [2 ms]
  Passed DINOForge.Tests.EconomyCoverageTests.EconomyValidator_Validate_InvalidSourceResource_AddsError [< 1 ms]
  Passed DINOForge.Tests.SDK.UI.ThemeProviderAdapterTests.Instance_IsSingleton [< 1 ms]
  Passed DINOForge.Tests.EconomyCoverageTests.TradeRoute_DefaultValues [< 1 ms]
  Passed DINOForge.Tests.EconomyCoverageTests.ResourceRegistry_TryGetResource_NonExistent_ReturnsFalse [< 1 ms]
  Passed DINOForge.Tests.EconomyCoverageTests.TradeRouteRegistry_Unregister_Existing_ReturnsTrue [< 1 ms]
  Passed DINOForge.Tests.SDK.UI.ThemeProviderAdapterTests.ResolveColor_ThrowsOnNullOrEmpty [< 1 ms]
  Passed DINOForge.Tests.PackCompilerCliTests.Validate_VariousPackTypes_Deserialize(packType: "ruleset") [4 ms]
  Passed DINOForge.Tests.EconomyCoverageTests.EconomyValidator_Validate_DuplicateTradeRouteId_AddsError [< 1 ms]
  Passed DINOForge.Tests.SDK.UI.ThemeProviderAdapterTests.ResolveFontSize_MapsTokensToEnum(token: "small", expected: Small) [< 1 ms]
  Passed DINOForge.Tests.SDK.UI.ThemeProviderAdapterTests.ResolveFontSize_MapsTokensToEnum(token: "body", expected: Medium) [< 1 ms]
  Passed DINOForge.Tests.SDK.UI.ThemeProviderAdapterTests.ResolveFontSize_MapsTokensToEnum(token: "medium", expected: Medium) [< 1 ms]
  Passed DINOForge.Tests.SDK.UI.ThemeProviderAdapterTests.ResolveFontSize_MapsTokensToEnum(token: "unknown-token", expected: Medium) [< 1 ms]
  Passed DINOForge.Tests.SDK.UI.ThemeProviderAdapterTests.ResolveFontSize_MapsTokensToEnum(token: "large", expected: Large) [< 1 ms]
  Passed DINOForge.Tests.SDK.UI.ThemeProviderAdapterTests.ResolveFontSize_MapsTokensToEnum(token: "heading", expected: Heading) [< 1 ms]
  Passed DINOForge.Tests.SDK.UI.ThemeProviderAdapterTests.ResolveFontSize_MapsTokensToEnum(token: "title", expected: Title) [< 1 ms]
  Passed DINOForge.Tests.SDK.UI.ThemeProviderAdapterTests.GetActiveTheme_ReturnsAppliedTheme [< 1 ms]
  Passed DINOForge.Tests.ScenarioContentLoaderValidationTests.ScenarioContentLoader_RejectsScenarioWithBlankAllowedFaction [8 ms]
  Passed DINOForge.Tests.SDK.UI.ThemeProviderAdapterTests.ApplyTheme_ThrowsOnNull [< 1 ms]
  Passed DINOForge.Tests.SDK.UI.ThemeProviderAdapterTests.ResolveFontSize_ThrowsOnNullOrEmpty [< 1 ms]
  Passed DINOForge.Tests.SDK.UI.ThemeProviderAdapterTests.Instance_ImplementsIThemeProvider [< 1 ms]
  Passed DINOForge.Tests.EndToEndUserJourneysTests.Journey3_TotalConversion_AllComponentsLoad [58 ms]
  Passed DINOForge.Tests.UniverseBibleTests.PackGeneratorResult_IsClean_WhenNoWarnings [22 ms]
  Passed DINOForge.Tests.PackCompilerCliTests.Validate_VariousPackTypes_Deserialize(packType: "balance") [4 ms]
  Passed DINOForge.Tests.UniverseBibleTests.NamingGuide_ApplyOverride_TakesPrecedence [< 1 ms]
  Passed DINOForge.Tests.SDK.UI.ThemeProviderAdapterTests.ResolveColor_FallsBackToDefaults_WhenNoThemeApplied [2 ms]
  Passed DINOForge.Tests.UniverseBibleTests.CrosswalkDictionary_WildcardPattern_NoMatch_ReturnsNull [< 1 ms]
  Passed DINOForge.Tests.Phase5BuildingExpansionTests.Phase5_ExpansionBuildings_UseConsistentScreenSizes [10 ms]
  Passed DINOForge.Tests.UniverseBibleTests.GlobalStyle_DefaultsAreNull [< 1 ms]
  Passed DINOForge.Tests.SDK.UI.ThemeProviderAdapterTests.ResolveColor_PrefersThemeWhenApplied [< 1 ms]
  Passed DINOForge.Tests.NativeInteropTests+RustAssetPipelineTests.LODDefinition_Levels_CanBeCustomized [8 ms]
  Passed Property: Very long version strings handled safely(length: 500) [< 1 ms]
  Passed DINOForge.Tests.UniverseBibleTests.StyleGuide_DefaultsAreEmpty [< 1 ms]
  Passed Property: Very long version strings handled safely(length: 100) [< 1 ms]
  Passed Property: Empty or whitespace version strings are preserved(versionString: " ") [< 1 ms]
  Passed Property: Empty or whitespace version strings are preserved(versionString: "") [< 1 ms]
  Passed Property: Version with special characters preserved(version: "1.0.0-beta.1.2.3") [< 1 ms]
  Passed Property: Version with special characters preserved(version: "1.0.0-alpha+build.123") [< 1 ms]
  Passed DINOForge.Tests.UniverseBibleTests.CrosswalkDictionary_StatModifiers_Preserved [< 1 ms]
  Passed Property: Version with special characters preserved(version: "1.0.0+meta.data") [< 1 ms]
  Passed Property: Valid version strings parse without exception(versionString: "2.0.0-rc.1") [< 1 ms]
  Passed DINOForge.Tests.UniverseBibleTests.CrosswalkDictionary_ReverseLookup_FindsVanillaId [< 1 ms]
  Passed Property: Valid version strings parse without exception(versionString: "1.2.3") [< 1 ms]
  Passed Property: Valid version strings parse without exception(versionString: "1.2.3+build.1") [< 1 ms]
  Passed DINOForge.Tests.Phase5BuildingExpansionTests.Phase5_Configuration_Has6RepublicExpansionBuildings [1 ms]
  Passed Property: Valid version strings parse without exception(versionString: "1.0.0-beta.1") [< 1 ms]
  Passed Property: Valid version strings parse without exception(versionString: "0.1.0") [< 1 ms]
  Passed Property: Valid version strings parse without exception(versionString: "1.0.0-alpha") [< 1 ms]
  Passed Property: Valid version strings parse without exception(versionString: "1.0.0") [< 1 ms]
  Passed Property: Valid version strings parse without exception(versionString: "999.999.999-alpha.999+build.12345") [< 1 ms]
  Passed DINOForge.Tests.UniverseBibleTests.FactionStyle_DefaultColorPaletteExists [< 1 ms]
  Passed Property: Framework version constraints parse without exception(constraint: "*") [< 1 ms]
  Passed DINOForge.Tests.UniverseBibleTests.CrosswalkDictionary_ExactLookup_MissingEntry_ReturnsNull [< 1 ms]
  Passed Property: Framework version constraints parse without exception(constraint: ">0.1.0 <=1.0.0") [< 1 ms]
  Passed Property: Framework version constraints parse without exception(constraint: ">=0.1.0") [< 1 ms]
  Passed Property: Framework version constraints parse without exception(constraint: ">=1.0.0 <2.0.0") [< 1 ms]
  Passed Property: Framework version constraints parse without exception(constraint: "1.0.0") [< 1 ms]
  Passed DINOForge.Tests.PackCompilerCliTests.Validate_NonexistentPath_ThrowsFileNotFound [2 ms]
  Passed Property: Numeric version parts extract correctly(version: "10.20.30", expectedMajor: 10) [< 1 ms]
  Passed Property: Numeric version parts extract correctly(version: "0.0.0", expectedMajor: 0) [< 1 ms]
  Passed DINOForge.Tests.UniverseBibleTests.StyleGuide_CanAddFactionStyles [< 1 ms]
  Passed Property: Numeric version parts extract correctly(version: "1.2.3", expectedMajor: 1) [< 1 ms]
  Passed DINOForge.Tests.EconomyCoverageTests.EconomyContentLoader_LoadProfiles_WithInvalidYaml_ThrowsInvalidOperationException [7 ms]
  Passed Property: PackManifest with all version fields populated [< 1 ms]
  Passed DINOForge.Tests.UniverseBibleTests.ColorPalette_CanSetAllFields [< 1 ms]
  Passed DINOForge.Tests.EconomyCoverageTests.EconomyValidator_Validate_ValidInput_ReturnsNoErrors [< 1 ms]
  Passed DINOForge.Tests.Phase5BuildingExpansionTests.Phase5_Configuration_Has12ExpansionBuildings [1 ms]
  Passed DINOForge.Tests.EconomyCoverageTests.EconomyValidator_Validate_WithNullProfiles_ThrowsArgumentNullException [< 1 ms]
  Passed DINOForge.Tests.ModelSerializationTests.WaveDefinition_RoundTrip [89 ms]
  Passed DINOForge.Tests.EconomyCoverageTests.EconomyValidator_Validate_DuplicateProfileId_AddsError [< 1 ms]
  Passed DINOForge.Tests.EconomyCoverageTests.ResourceRegistry_GetResource_NonExistent_ThrowsKeyNotFoundException [< 1 ms]
  Passed DINOForge.Tests.EconomyCoverageTests.EconomyProfile_GetProductionMultiplier_UnknownResource_ReturnsDefault [< 1 ms]
  Passed DINOForge.Tests.EconomyCoverageTests.EconomyValidator_Validate_NonPositiveExchangeRate_AddsError [< 1 ms]
  Passed DINOForge.Tests.EconomyCoverageTests.EconomyContentLoader_LoadPack_NonExistentDirectory_ThrowsDirectoryNotFoundException [< 1 ms]
  Passed DINOForge.Tests.EconomyCoverageTests.TradeRouteRegistry_GetRoute_NonExistent_ThrowsKeyNotFoundException [< 1 ms]
  Passed DINOForge.Tests.EconomyCoverageTests.EconomyValidator_Validate_WithEmptyPackId_ThrowsArgumentException [< 1 ms]
  Passed DINOForge.Tests.EconomyCoverageTests.TradeRouteDefinition_ParameterizedConstructor_NullId_ThrowsArgumentNullException [< 1 ms]
  Passed DINOForge.Tests.EconomyCoverageTests.TradeRouteRegistry_Register_Null_ThrowsArgumentNullException [< 1 ms]
  Passed DINOForge.Tests.EconomyCoverageTests.TradeRouteRegistry_TryGetRoute_NonExistent_ReturnsFalse [< 1 ms]
  Passed DINOForge.Tests.ModelSerializationTests.SkillDefinition_RoundTrip [9 ms]
  Passed DINOForge.Tests.ModelSerializationTests.BuildingDefinition_RoundTrip [7 ms]
  Passed DINOForge.Tests.ModelSerializationTests.WeaponDefinition_RoundTrip [3 ms]
  Passed DINOForge.Tests.EconomyCoverageTests.EconomyContentLoader_LoadResources_WithInvalidYaml_ThrowsInvalidOperationException [18 ms]
  Passed DINOForge.Tests.ScenarioContentLoaderValidationTests.ScenarioContentLoader_RejectsScenarioWithNegativeMaxDuration [31 ms]
  Passed DINOForge.Tests.UniverseBibleTests.PackGenerator_FiltersByFaction [25 ms]
  Passed DINOForge.Tests.EconomyCoverageTests.ResourceRegistry_All_AfterRegistration_ContainsEntry [1 ms]
  Passed DINOForge.Tests.UniverseBibleTests.AudioTheme_CanSetAllFields [< 1 ms]
  Passed DINOForge.Tests.UniverseBibleTests.ExtractWildcardValue_ExtractsCorrectPart [< 1 ms]
  Passed DINOForge.Tests.PollingHelperTests.RetryUntilAsync_ReturnsNullOnTimeout [137 ms]
  Passed DINOForge.Tests.EconomyCoverageTests.EconomyValidator_Validate_NegativeCooldown_AddsError [< 1 ms]
  Passed DINOForge.Tests.EconomyCoverageTests.EconomyContentLoader_LoadPack_EmptyDirectory_SucceedsWithoutThrowing [2 ms]
  Passed DINOForge.Tests.PackRegistryClientCoverageTests.SearchAsync_AppliesFilters_AndConvenienceWrappersDelegate [157 ms]
  Passed DINOForge.Tests.EconomyCoverageTests.EconomyProfileRegistry_Register_EmptyId_ThrowsArgumentException [< 1 ms]
  Passed DINOForge.Tests.ModelSerializationTests.UnitDefinition_RoundTrip_MinimalFields [8 ms]
  Passed DINOForge.Tests.EconomyCoverageTests.ResourceCost_DefaultValues [< 1 ms]
  Passed DINOForge.Tests.EconomyCoverageTests.EconomyProfile_DefaultValues [< 1 ms]
  Passed DINOForge.Tests.EconomyCoverageTests.EconomyProfileRegistry_Register_Duplicate_Overwrites [< 1 ms]
  Passed DINOForge.Tests.EconomyCoverageTests.EconomyValidator_Validate_DisabledRoute_StillValidatedForFormat [< 1 ms]
  Passed DINOForge.Tests.EconomyCoverageTests.ResourceRegistry_Register_Null_ThrowsArgumentNullException [< 1 ms]
  Passed DINOForge.Tests.ScenarioContentLoaderValidationTests.ScenarioContentLoader_RejectsScenarioWithBlankDisplayName [5 ms]
  Passed DINOForge.Tests.PackRegistryClientCoverageTests.GetAllPacksAsync_DeserializesRegistryAndCachesResults [2 ms]
  Passed DINOForge.Tests.EconomyCoverageTests.EconomyContentLoader_WithNullResourceRegistry_ThrowsArgumentNullException [< 1 ms]
  Passed DINOForge.Tests.SdkAssetEdgeCaseTests.AssetValidationResult_WithEmptyUnityVersion_StoresEmpty [< 1 ms]
  Passed DINOForge.Tests.SdkAssetEdgeCaseTests.AssetValidationResult_ConstructWithMultipleAssets_StoresAll [< 1 ms]
  Passed DINOForge.Tests.EconomyCoverageTests.EconomyContentLoader_WithNullProfileRegistry_ThrowsArgumentNullException [< 1 ms]
  Passed DINOForge.Tests.TradeEngineCoverageTests.CalculateExchangeRate_WithNullProfile_ThrowsArgumentNullException [< 1 ms]
  Passed DINOForge.Tests.SdkAssetEdgeCaseTests.AssetValidationResult_ConstructWithMultipleErrors_StoresAll [< 1 ms]
  Passed DINOForge.Tests.EconomyCoverageTests.ResourceCost_CanSetAllProperties [< 1 ms]
  Passed DINOForge.Tests.SdkAssetEdgeCaseTests.AssetValidationResult_Failure_WithEmptyErrors_CreatesFailedResultWithEmptyList [< 1 ms]
  Passed DINOForge.Tests.SdkAssetEdgeCaseTests.AssetValidationResult_WithLargeErrorList_HandlesCorrectly [< 1 ms]
  Passed DINOForge.Tests.EconomyCoverageTests.EconomyProfileRegistry_Register_Null_ThrowsArgumentNullException [< 1 ms]
  Passed DINOForge.Tests.EconomyCoverageTests.EconomyProfileRegistry_TryGetProfile_NonExistent_ReturnsFalse [< 1 ms]
  Passed DINOForge.Tests.TradeEngineCoverageTests.EvaluateTradeRoute_WithNullRoute_ThrowsArgumentNullException [1 ms]
  Passed DINOForge.Tests.SdkAssetEdgeCaseTests.AssetValidationResult_Failure_WithNullErrors_ThrowsArgumentNullException [< 1 ms]
  Passed DINOForge.Tests.EconomyCoverageTests.EconomyProfileRegistry_Unregister_Existing_ReturnsTrue [< 1 ms]
  Passed DINOForge.Tests.ModelSerializationTests.DoctrineDefinition_RoundTrip [4 ms]
  Passed DINOForge.Tests.EconomyCoverageTests.EconomyProfileRegistry_Unregister_NonExistent_ReturnsFalse [< 1 ms]
  Passed DINOForge.Tests.SdkAssetEdgeCaseTests.AssetValidationResult_IsValidTrue_IndicatesSuccess [< 1 ms]
  Passed DINOForge.Tests.EconomyCoverageTests.EconomyProfile_GetProductionMultiplier_KnownResource_ReturnsStoredValue [< 1 ms]
  Passed DINOForge.Tests.SdkAssetEdgeCaseTests.AssetValidationResult_ConstructWithEmptyErrors_StoresEmptyList [< 1 ms]
  Passed DINOForge.Tests.EconomyCoverageTests.TradeRouteDefinition_DefaultConstructor_HasExpectedDefaults [< 1 ms]
  Passed DINOForge.Tests.EconomyCoverageTests.TradeRoute_CanSetAllProperties [< 1 ms]
  Passed DINOForge.Tests.SdkAssetEdgeCaseTests.AssetValidationResult_ConstructWithNullAssets_ThrowsArgumentNullException [< 1 ms]
  Passed DINOForge.Tests.UniverseBibleTests.PackGenerator_ManifestContainsCorrectId [8 ms]
  Passed DINOForge.Tests.UniverseBibleTests.CrosswalkDictionary_ReverseLookup_CaseInsensitive [< 1 ms]
  Passed DINOForge.Tests.EconomyCoverageTests.EconomyValidator_Validate_WithNullRegistries_ThrowsArgumentNullException [< 1 ms]
  Passed DINOForge.Tests.SdkAssetEdgeCaseTests.AssetValidationResult_ConstructWithNullUnityVersion_ThrowsArgumentNullException [< 1 ms]
  Passed DINOForge.Tests.EconomyCoverageTests.ResourceRegistry_Unregister_NonExistent_ReturnsFalse [< 1 ms]
  Passed DINOForge.Tests.SdkAssetEdgeCaseTests.AssetValidationResult_Failure_CreatesFailedResult [< 1 ms]
  Passed DINOForge.Tests.SdkAssetEdgeCaseTests.AssetValidationResult_ConstructWithValidInputs_StoresProperties [< 1 ms]
  Passed DINOForge.Tests.EconomyCoverageTests.ResourceRegistry_Register_EmptyId_ThrowsArgumentException [< 1 ms]
  Passed DINOForge.Tests.SdkAssetEdgeCaseTests.AssetValidationResult_UnityVersionWithDifferentValues_StoresCorrectly [< 1 ms]
  Passed DINOForge.Tests.SdkAssetEdgeCaseTests.AssetValidationResult_ConstructWithNullErrors_ThrowsArgumentNullException [< 1 ms]
  Passed DINOForge.Tests.SdkAssetEdgeCaseTests.AssetValidationResult_IsValidFalse_IndicatesFailure [< 1 ms]
  Passed DINOForge.Tests.ResourceRegistryUnitTests.TryGetResource_NonExistentId_ReturnsFalseWithNull [< 1 ms]
  Passed DINOForge.Tests.ResourceRegistryUnitTests.Constructor_IncludesGoldResource [< 1 ms]
  Passed DINOForge.Tests.ResourceRegistryUnitTests.GetResource_ExistingId_ReturnsResource [< 1 ms]
  Passed DINOForge.Tests.ResourceRegistryUnitTests.Register_OverrideExisting_ReplacesResource [< 1 ms]
  Passed DINOForge.Tests.ResourceRegistryUnitTests.Register_NewResource_AddsToRegistry [< 1 ms]
  Passed DINOForge.Tests.ResourceRegistryUnitTests.Register_WhitespaceId_ThrowsArgumentException [< 1 ms]
  Passed DINOForge.Tests.ResourceRegistryUnitTests.Unregister_NonExistentId_ReturnsFalse [< 1 ms]
  Passed DINOForge.Tests.ResourceRegistryUnitTests.Constructor_IncludesWoodResource [< 1 ms]
  Passed DINOForge.Tests.ResourceRegistryUnitTests.Register_NullResource_ThrowsArgumentNullException [< 1 ms]
  Passed DINOForge.Tests.ResourceRegistryUnitTests.All_ReturnsReadOnlyList [< 1 ms]
  Passed DINOForge.Tests.ResourceRegistryUnitTests.Register_SamIdMultipleTimes_LastRegistrationWins [< 1 ms]
  Passed DINOForge.Tests.ResourceRegistryUnitTests.Register_EmptyId_ThrowsArgumentException [< 1 ms]
  Passed DINOForge.Tests.ResourceRegistryUnitTests.Constructor_IncludesStoneResource [< 1 ms]
  Passed DINOForge.Tests.ResourceRegistryUnitTests.Count_MatchesAllSize [29 ms]
  Passed DINOForge.Tests.ResourceRegistryUnitTests.Constructor_IncludesIronResource [< 1 ms]
  Passed DINOForge.Tests.ResourceRegistryUnitTests.DefaultResources_HaveDistinctProperties [< 1 ms]
  Passed DINOForge.Tests.ResourceRegistryUnitTests.Constructor_LoadsDefaultResources [< 1 ms]
  Passed DINOForge.Tests.ResourceRegistryUnitTests.Unregister_MultipleResources_CountDecreases [< 1 ms]
  Passed DINOForge.Tests.ResourceRegistryUnitTests.GetResource_NonExistentId_ThrowsKeyNotFoundException [< 1 ms]
  Passed DINOForge.Tests.ResourceRegistryUnitTests.Contains_ExistingId_ReturnsTrue [< 1 ms]
  Passed DINOForge.Tests.TradeEngineCoverageTests.GetOptimalTrades_WithNoDeficits_ReturnsEmpty [39 ms]
  Passed DINOForge.Tests.TradeEngineCoverageTests.CalculateExchangeRate_WithDefaultModifier_ReturnsRouteRate [< 1 ms]
  Passed DINOForge.Tests.ResourceRegistryUnitTests.GetResource_AfterUnregister_ThrowsKeyNotFoundException [< 1 ms]
  Passed DINOForge.Tests.ResourceRegistryUnitTests.Contains_CaseInsensitive_ReturnsTrue [< 1 ms]
  Passed DINOForge.Tests.TradeEngineCoverageTests.EvaluateTradeRoute_WithUnknownResources_HandlesGracefully [< 1 ms]
  Passed DINOForge.Tests.ResourceRegistryUnitTests.TryGetResource_ExistingId_ReturnsTrueWithResource [< 1 ms]
  Passed DINOForge.Tests.ResourceRegistryUnitTests.Unregister_ExistingId_RemovesResourceAndReturnsTrue [< 1 ms]
  Passed DINOForge.Tests.TradeEngineCoverageTests.GetOptimalTrades_WithNullRoutes_ThrowsArgumentNullException [< 1 ms]
  Passed DINOForge.Tests.ResourceRegistryUnitTests.Constructor_IncludesFoodResource [< 1 ms]
  Passed DINOForge.Tests.TradeEngineCoverageTests.EvaluateTradeRoute_WithNoTargetDeficit_ReturnsNotProfitable [< 1 ms]
  Passed DINOForge.Tests.UniverseBibleTests.PackGenerator_GeneratesManifestAndFiles [39 ms]
  Passed DINOForge.Tests.ResourceRegistryUnitTests.GetResource_CaseInsensitive_ReturnsResource [< 1 ms]
  Passed DINOForge.Tests.TradeEngineCoverageTests.EvaluateTradeRoute_WithDisabledRoute_ReturnsNotProfitable [< 1 ms]
  Passed DINOForge.Tests.UniverseBibleTests.GlobalStyle_CanSetAllFields [< 1 ms]
  Passed DINOForge.Tests.ResourceRegistryUnitTests.All_ReturnsAllResources [< 1 ms]
  Passed DINOForge.Tests.UniverseBibleTests.NamingGuide_ApplyPrefix_Works [< 1 ms]
  Passed DINOForge.Tests.ResourceRegistryUnitTests.All_MultipleRegistrations_IncludesAllResources [< 1 ms]
  Passed DINOForge.Tests.ResourceRegistryUnitTests.Contains_NonExistentId_ReturnsFalse [< 1 ms]
  Passed DINOForge.Tests.TradeEngineCoverageTests.CalculateExchangeRate_WithNullRoute_ThrowsArgumentNullException [< 1 ms]
  Passed DINOForge.Tests.ModelSerializationTests.FactionDefinition_RoundTrip_AllFields [43 ms]
  Passed DINOForge.Tests.TradeEngineCoverageTests.GetOptimalTrades_WithDeficitButNoRoute_ReturnsEmpty [3 ms]
  Passed DINOForge.Tests.TradeEngineCoverageTests.EvaluateTradeRoute_WithNullProfile_ThrowsArgumentNullException [< 1 ms]
  Passed DINOForge.Tests.TradeEngineCoverageTests.CalculateExchangeRate_WithModifier_AppliesModifier [< 1 ms]
  Passed DINOForge.Tests.CompatibilityCheckerTests.IsVersionInRange_TripleConstraint_Works [4 ms]
  Passed DINOForge.Tests.ModelSerializationTests.ProjectileDefinition_RoundTrip [2 ms]
  Passed DINOForge.Tests.CompatibilityCheckerTests.IsVersionInRange_Caret_AllowsMajorAndMinorChanges [< 1 ms]
  Passed DINOForge.Tests.CompatibilityCheckerTests.IsVersionInRange_LessThan_ReturnsFalse [< 1 ms]
  Passed DINOForge.Tests.CompatibilityCheckerTests.IsVersionInRange_GreaterThan_ReturnsFalse [< 1 ms]
  Passed DINOForge.Tests.TradeEngineCoverageTests.GetOptimalTrades_WithDeficitAndRoute_ReturnsSuggestion [1 ms]
  Passed DINOForge.Tests.TradeEngineCoverageTests.EvaluateTradeRoute_WithZeroExchangeRate_ReturnsZeroEfficiency [< 1 ms]
  Passed DINOForge.Tests.CompatibilityCheckerTests.CheckPack_IncompatibleFramework_ReturnsError [< 1 ms]
  Passed DINOForge.Tests.TradeEngineCoverageTests.EvaluateTradeRoute_WithProfitableTrade_ReturnsProfitableEvaluation [< 1 ms]
  Passed DINOForge.Tests.CompatibilityCheckerTests.IsVersionInRange_Caret_BlocksMajorChanges [< 1 ms]
  Passed DINOForge.Tests.CompatibilityCheckerTests.IsVersionInRange_MalformedVersion_ReturnsFalse [< 1 ms]
  Passed DINOForge.Tests.TradeEngineCoverageTests.EvaluateTradeRoute_WithNullBalance_ThrowsArgumentNullException [< 1 ms]
  Passed DINOForge.Tests.CompatibilityCheckerTests.CheckPack_IncompatibleBepInEx_ReturnsWarning [< 1 ms]
  Passed DINOForge.Tests.CompatibilityCheckerTests.IsVersionInRange_GreaterThanOrEqual_ReturnsTrue [< 1 ms]
  Passed DINOForge.Tests.TradeEngineCoverageTests.EvaluateTradeRoute_WithMaxPerTransaction_CapsOutput [< 1 ms]
  Passed DINOForge.Tests.CompatibilityCheckerTests.IsVersionInRange_PreReleaseVersion_HandledGracefully [< 1 ms]
  Passed DINOForge.Tests.CompatibilityCheckerTests.IsVersionInRange_GreaterThanOrEqual_ReturnsFalse [< 1 ms]
  Passed DINOForge.Tests.CompatibilityCheckerTests.CheckPack_DefaultWildcards_AcceptsAnyVersion [< 1 ms]
  Passed DINOForge.Tests.CompatibilityCheckerTests.IsVersionInRange_FourPartVersion_ParsedAsIs [< 1 ms]
  Passed DINOForge.Tests.TradeEngineCoverageTests.GetOptimalTrades_WithNullProfile_ThrowsArgumentNullException [< 1 ms]
  Passed DINOForge.Tests.CompatibilityCheckerTests.IsVersionInRange_Wildcard_AlwaysReturnsTrue [< 1 ms]
  Passed DINOForge.Tests.CompatibilityCheckerTests.IsVersionInRange_CompoundRange_Works [< 1 ms]
  Passed DINOForge.Tests.TradeEngineCoverageTests.GetOptimalTrades_WithMultipleRoutes_PicksMostEfficient [< 1 ms]
  Passed DINOForge.Tests.TradeEngineCoverageTests.GetOptimalTrades_WithNullResources_ThrowsArgumentNullException [< 1 ms]
  Passed DINOForge.Tests.CompatibilityCheckerTests.IsVersionInRange_NullVersion_ThrowsNullReferenceException [< 1 ms]
  Passed DINOForge.Tests.CompatibilityCheckerTests.IsVersionInRange_CompoundRange_ReturnsFalse [< 1 ms]
  Passed DINOForge.Tests.CompatibilityCheckerTests.CheckPack_IncompatibleUnity_ReturnsWarning [< 1 ms]
  Passed DINOForge.Tests.TradeEngineCoverageTests.EvaluateTradeRoute_WithNullResources_ThrowsArgumentNullException [< 1 ms]
  Passed DINOForge.Tests.CompatibilityCheckerTests.IsVersionInRange_Tilde_BlocksMinorChanges [< 1 ms]
  Passed DINOForge.Tests.TradeEngineCoverageTests.GetOptimalTrades_WithDisabledRoutes_ReturnsEmpty [< 1 ms]
  Passed DINOForge.Tests.CompatibilityCheckerTests.IsVersionInRange_ExactMismatch_ReturnsFalse [< 1 ms]
  Passed DINOForge.Tests.CompatibilityCheckerTests.IsVersionInRange_Tilde_AllowsPatchChanges [< 1 ms]
  Passed DINOForge.Tests.CompatibilityCheckerTests.IsVersionInRange_LessThanOrEqual_ReturnsFalse [< 1 ms]
  Passed DINOForge.Tests.CompatibilityCheckerTests.IsVersionInRange_LessThan_ReturnsTrue [< 1 ms]
  Passed DINOForge.Tests.TradeEngineCoverageTests.GetOptimalTrades_WithNullBalance_ThrowsArgumentNullException [< 1 ms]
  Passed DINOForge.Tests.CompatibilityCheckerTests.CheckPack_AllVersionsCompatible_ReturnsCompatible [< 1 ms]
  Passed DINOForge.Tests.TradeEngineCoverageTests.EvaluateTradeRoute_WithNegativeBalance_ReturnsNotProfitable [< 1 ms]
  Passed DINOForge.Tests.CompatibilityCheckerTests.IsVersionInRange_EmptyRange_ReturnsTrue [< 1 ms]
  Passed DINOForge.Tests.CompatibilityCheckerTests.IsVersionInRange_GreaterThan_ReturnsTrue [< 1 ms]
  Passed DINOForge.Tests.TradeEngineCoverageTests.EvaluateTradeRoute_WithNoSourceSurplus_ReturnsNotProfitable [< 1 ms]
  Passed DINOForge.Tests.CompatibilityCheckerTests.CheckPack_MultipleIncompatibilities_ReturnsAllWarnings [< 1 ms]
  Passed DINOForge.Tests.TradeEngineCoverageTests.GetOptimalTrades_WithRouteProducingZero_ReturnsEmpty [< 1 ms]
  Passed DINOForge.Tests.CompatibilityCheckerTests.IsVersionInRange_UnityVersion_ParsesCorrectly [< 1 ms]
  Passed DINOForge.Tests.CompatibilityCheckerTests.IsVersionInRange_LessThanOrEqual_ReturnsTrue [< 1 ms]
  Passed DINOForge.Tests.CompatibilityCheckerTests.CheckPack_CompatibleFramework_ReturnsCompatible [< 1 ms]
  Passed DINOForge.Tests.CompatibilityCheckerTests.CheckPack_IncompatibleGameVersion_ReturnsWarning [< 1 ms]
  Passed DINOForge.Tests.FuzzTargets.SemverFuzzTarget.Smoke_DoesNotThrow(input: "999.999.999") [< 1 ms]
  Passed DINOForge.Tests.CompatibilityCheckerTests.CheckPack_FrameworkErrorAndOtherWarnings_ReturnsIncompatible [< 1 ms]
  Passed DINOForge.Tests.CompatibilityCheckerTests.IsVersionInRange_ExactMatch_ReturnsTrue [< 1 ms]
  Passed DINOForge.Tests.FuzzTargets.SemverFuzzTarget.Smoke_DoesNotThrow(input: "1.0.0-alpha") [< 1 ms]
  Passed DINOForge.Tests.FuzzTargets.SemverFuzzTarget.Smoke_DoesNotThrow(input: "0.0.1") [< 1 ms]
  Passed DINOForge.Tests.FuzzTargets.SemverFuzzTarget.Smoke_DoesNotThrow(input: "1.0.0-alpha.1") [< 1 ms]
  Passed DINOForge.Tests.FuzzTargets.SemverFuzzTarget.Smoke_DoesNotThrow(input: "") [< 1 ms]
  Passed DINOForge.Tests.FuzzTargets.SemverFuzzTarget.Smoke_DoesNotThrow(input: "0.0.0") [< 1 ms]
  Passed DINOForge.Tests.FuzzTargets.SemverFuzzTarget.Smoke_DoesNotThrow(input: "not-a-version") [< 1 ms]
  Passed DINOForge.Tests.FuzzTargets.SemverFuzzTarget.Smoke_DoesNotThrow(input: "1.2.3.4.5.6") [< 1 ms]
  Passed DINOForge.Tests.FuzzTargets.SemverFuzzTarget.Smoke_DoesNotThrow(input: "1.0.0+build.1") [< 1 ms]
  Passed DINOForge.Tests.FuzzTargets.SemverFuzzTarget.Smoke_DoesNotThrow(input: "99999999.99999999.99999999") [< 1 ms]
  Passed DINOForge.Tests.ScenarioTests.ScenarioRunner_Defeat_ResourceDepleted [1 ms]
  Passed DINOForge.Tests.ScenarioTests.ScenarioPlugin_Constructor_InitializesSubsystems [< 1 ms]
  Passed DINOForge.Tests.ScenarioTests.ScenarioRunner_ResetEvents_AllowsRefire [1 ms]
  Passed DINOForge.Tests.ScenarioTests.ScenarioRunner_CheckVictory_SurviveWaves_TriggersAtTargetWave [< 1 ms]
  Passed DINOForge.Tests.ScenarioTests.ScenarioRunner_Victory_Custom [< 1 ms]
  Passed DINOForge.Tests.ScenarioTests.ScenarioRunner_CheckVictory_ReachPopulation [< 1 ms]
  Passed DINOForge.Tests.UniverseBibleTests.UniverseLoader_LoadFromDirectory_LoadsSeparateFiles [21 ms]
  Passed DINOForge.Tests.ScenarioTests.ScenarioValidator_MissingId [9 ms]
  Passed DINOForge.Tests.AddressablesCatalogTests.Load_CatalogWithOnlyNonBundleIds_HasEmptyBundlePaths [4 ms]
  Passed DINOForge.Tests.ScenarioTests.DifficultyScaler_ScaleWaveIntensity_RejectsZeroWave [< 1 ms]
  Passed DINOForge.Tests.ScenarioTests.DifficultyScaler_GetMultiplier_ReturnsCorrectValues(difficulty: Easy, expected: 1.5) [< 1 ms]
  Passed DINOForge.Tests.ScenarioTests.DifficultyScaler_GetMultiplier_ReturnsCorrectValues(difficulty: Nightmare, expected: 0.5) [< 1 ms]
  Passed DINOForge.Tests.ScenarioTests.DifficultyScaler_GetMultiplier_ReturnsCorrectValues(difficulty: Hard, expected: 0.699999988) [< 1 ms]
  Passed DINOForge.Tests.ScenarioTests.DifficultyScaler_GetMultiplier_ReturnsCorrectValues(difficulty: Normal, expected: 1) [< 1 ms]
  Passed DINOForge.Tests.AddressablesCatalogTests.Load_NonExistentPath_ThrowsFileNotFoundException [1 ms]
  Passed DINOForge.Tests.ScenarioTests.ScenarioValidator_ZeroWaveCount [< 1 ms]
  Passed DINOForge.Tests.ScenarioTests.ScenarioRunner_CheckDefeat_NoConditions_ReturnsFalse [< 1 ms]
  Passed DINOForge.Tests.ScenarioTests.ScenarioRunner_Event_OnPopulation [< 1 ms]
  Passed DINOForge.Tests.ScenarioTests.ScenarioRunner_CheckVictory_AccumulateResource [< 1 ms]
  Passed DINOForge.Tests.ScenarioTests.DifficultyScaler_ScaleWaveIntensity_IncreasesWithWaveNumber [< 1 ms]
  Passed DINOForge.Tests.ScenarioTests.ScenarioPlugin_ValidatePack_NullScenarios_Throws [1 ms]
  Passed DINOForge.Tests.ScenarioTests.ScenarioValidator_NegativeResources_ReportsErrors [1 ms]
  Passed DINOForge.Tests.AddressablesCatalogTests.Load_ValidCatalogWithBundlePaths_ParsesBundlePaths [4 ms]
  Passed DINOForge.Tests.ScenarioTests.ScenarioValidator_OnBuildingBuilt_NoTarget_ReportsError [< 1 ms]
  Passed DINOForge.Tests.ScenarioTests.DifficultyScaler_ScaleResources_ScalesByDifficulty [< 1 ms]
  Passed DINOForge.Tests.ScenarioTests.ScenarioRunner_Victory_DestroyTarget [< 1 ms]
  Passed DINOForge.Tests.ScenarioTests.ScenarioValidator_OnResource_NoTarget_ReportsError [< 1 ms]
  Passed DINOForge.Tests.AddressablesCatalogTests.ResolveBundlePath_WithPlaceholder_ReplacesWithStreamingAssetsPath [1 ms]
  Passed DINOForge.Tests.ScenarioTests.ScenarioValidator_MissingDisplayName [< 1 ms]
  Passed DINOForge.Tests.ScenarioTests.ScenarioValidator_EnableBuilding_MissingBuildingId_ReportsError [< 1 ms]
  Passed DINOForge.Tests.AddressablesCatalogTests.ResolveBundlePath_WithoutPlaceholder_ReturnsPathUnchanged [1 ms]
  Passed DINOForge.Tests.ScenarioTests.ScenarioRunner_CheckDefeat_PopulationZero [< 1 ms]
  Passed DINOForge.Tests.ScenarioTests.ScenarioValidator_OnTime_NegativeValue_ReportsError [< 1 ms]
  Passed DINOForge.Tests.ScenarioTests.ScenarioRunner_Event_OnResource [< 1 ms]
  Passed DINOForge.Tests.ScenarioTests.ScenarioPlugin_ValidatePack_ReturnsValidForEmptyPack [< 1 ms]
  Passed DINOForge.Tests.ScenarioTests.DifficultyScaler_ScaleWaveIntensity_HarderDifficultyIsMoreIntense [< 1 ms]
  Passed DINOForge.Tests.ModelSerializationTests.SquadDefinition_RoundTrip [31 ms]
  Passed DINOForge.Tests.ScenarioTests.ScenarioRunner_Event_OnTime [< 1 ms]
  Passed DINOForge.Tests.ScenarioTests.ScenarioValidator_ValidScenario [< 1 ms]
  Passed DINOForge.Tests.ScenarioTests.ScenarioRunner_Defeat_Custom [< 1 ms]
  Passed DINOForge.Tests.ScenarioTests.DifficultyScaler_ScaleResources_ClampsToZero [< 1 ms]
  Passed DINOForge.Tests.ScenarioTests.ScenarioRunner_Defeat_TimeExpired [1 ms]
  Passed DINOForge.Tests.ScenarioTests.ScenarioRunner_CheckDefeat_CommandCenterDestroyed [< 1 ms]
[12:37:21 ERR] Failed to connect to pipe 'dinoforge-game-bridge'
System.TimeoutException: Connection timeout after 1s
 ---> System.OperationCanceledException: The operation was canceled.
   at System.Threading.CancellationToken.ThrowOperationCanceledException()
   at System.Threading.CancellationToken.ThrowIfCancellationRequested()
   at System.IO.Pipes.NamedPipeClientStream.ConnectInternal(Int32 timeout, CancellationToken cancellationToken, Int32 startTime)
  Passed DINOForge.Tests.ScenarioTests.ScenarioRunner_Event_OnBuildingBuilt [< 1 ms]
  Passed DINOForge.Tests.AddressablesCatalogTests.Load_CatalogWithEmptyInternalIds_ReturnsEmptyCollections [4 ms]
  Passed DINOForge.Tests.ScenarioTests.ScenarioPlugin_ValidatePack_WarnsAboutMissingConditions [< 1 ms]
  Passed DINOForge.Tests.NativeInteropIntegrationTests+GoDependencyResolverIntegrationTests.ResolveDependencies_ViaMockGoBinary_Success [180 ms]
  Passed DINOForge.Tests.ScenarioTests.ScenarioPlugin_ValidatePack_RejectsEmptyPackId [< 1 ms]
  Passed DINOForge.Tests.ScenarioTests.ScenarioValidator_SpawnUnits_MissingParameters_ReportsErrors [< 1 ms]
  Passed DINOForge.Tests.NativeInteropIntegrationTests+GoDependencyResolverIntegrationTests.ResolveDependencies_MissingDependency_Fails [1 ms]
   at System.Threading.ExecutionContext.RunFromThreadPoolDispatchLoop(Thread threadPoolThread, ExecutionContext executionContext, ContextCallback callback, Object state)
--- End of stack trace from previous location ---
   at System.Threading.ExecutionContext.RunFromThreadPoolDispatchLoop(Thread threadPoolThread, ExecutionContext executionContext, ContextCallback callback, Object state)
   at System.Threading.Tasks.Task.ExecuteWithThreadLocal(Task& currentTaskSlot, Thread threadPoolThread)
--- End of stack trace from previous location ---
   at DINOForge.Bridge.Client.GameClient.ConnectAsync(Nullable`1 connectTimeout, CancellationToken ct) in C:\Users\koosh\Dino\src\Bridge\Client\GameClient.cs:line 172
   --- End of inner exception stack trace ---
   at DINOForge.Bridge.Client.GameClient.ConnectAsync(Nullable`1 connectTimeout, CancellationToken ct) in C:\Users\koosh\Dino\src\Bridge\Client\GameClient.cs:line 176
  Passed DINOForge.Tests.ScenarioTests.ScenarioValidator_DuplicateEventId_ReportsError [< 1 ms]
  Passed DINOForge.Tests.AddressablesCatalogTests.Load_CatalogWithMixedIds_CorrectlySeparatesBundlesFromAssets [3 ms]
  Passed DINOForge.Tests.ScenarioTests.ScenarioPlugin_ValidatePack_MaxDuration_WithNoTimeCondition_AddsWarning [< 1 ms]
  Passed DINOForge.Tests.NativeInteropIntegrationTests+GoDependencyResolverIntegrationTests.ResolveDependencies_UnknownPackInResult_Fails [1 ms]
  Passed DINOForge.Tests.ScenarioTests.ScenarioRunner_CheckVictory_ThrowsIfNotInitialized [< 1 ms]
  Passed DINOForge.Tests.ScenarioTests.ScenarioRunner_GetPendingEvents_FiresOnce [< 1 ms]
  Passed DINOForge.Tests.ScenarioTests.ScenarioRunner_Initialize_SetsCurrentScenario [< 1 ms]
  Passed DINOForge.Tests.ScenarioTests.ScenarioRunner_Victory_TimeSurvival [< 1 ms]
  Passed DINOForge.Tests.LODCalculationTests.CalculateLODTier_ReturnsExpected(distance: 200, screenSize: 100, expected: Culled) [4 ms]
  Passed DINOForge.Tests.ModelSerializationTests.UnitDefinition_RoundTrip_AllFields [10 ms]
  Passed DINOForge.Tests.LODCalculationTests.CalculateLODTier_ReturnsExpected(distance: 0, screenSize: 100, expected: Full) [< 1 ms]
  Passed DINOForge.Tests.LODCalculationTests.CalculateLODTier_ReturnsExpected(distance: 199, screenSize: 100, expected: Medium) [< 1 ms]
  Passed DINOForge.Tests.LODCalculationTests.CalculateLODTier_ReturnsExpected(distance: 300, screenSize: 100, expected: Culled) [< 1 ms]
  Passed DINOForge.Tests.LODCalculationTests.CalculateLODTier_ReturnsExpected(distance: 150, screenSize: 100, expected: Medium) [< 1 ms]
  Passed DINOForge.Tests.LODCalculationTests.CalculateLODTier_ReturnsExpected(distance: 100, screenSize: 100, expected: Medium) [< 1 ms]
  Passed DINOForge.Tests.LODCalculationTests.CalculateLODTier_ReturnsExpected(distance: 99, screenSize: 100, expected: Full) [< 1 ms]
  Passed DINOForge.Tests.LODCalculationTests.CalculateLODTier_ReturnsExpected(distance: 50, screenSize: 100, expected: Full) [< 1 ms]
  Passed DINOForge.Tests.AddressablesCatalogTests.Load_EmptyJson_ThrowsInvalidOperationException [5 ms]
  Passed DINOForge.Tests.LODCalculationTests.CalculateScreenSize_IsPositive(distance: 400) [< 1 ms]
  Passed DINOForge.Tests.LODCalculationTests.CalculateScreenSize_IsPositive(distance: 100) [< 1 ms]
  Passed DINOForge.Tests.LODCalculationTests.CalculateScreenSize_IsPositive(distance: 200) [< 1 ms]
  Passed DINOForge.Tests.VictoryConditionUnitTests.TargetId_CanBeSet [< 1 ms]
[12:37:21 DBG] Sending request 'ping' to pipe 'dinoforge-game-bridge' (attempt 1/1)
[12:37:21 ERR] Server returned error for request 'ping': [-32000] boom
[12:37:21 WRN] Request 'ping' failed on attempt 1: Server error [-32000]: boom
DINOForge.Bridge.Client.GameClientException: Server error [-32000]: boom
   at DINOForge.Bridge.Client.GameClient.SendRequestCoreAsync[T](String method, Object parameters, CancellationToken ct, Nullable`1 sendTimeout, Nullable`1 readTimeout) in C:\Users\koosh\Dino\src\Bridge\Client\GameClient.cs:line 592
  Passed DINOForge.Tests.LODCalculationTests.CalculateDistance_ReturnsExpected(x1: 0, z1: 0, x2: 0, z2: 10, expected: 10) [< 1 ms]
  Passed DINOForge.Tests.VictoryConditionUnitTests.TargetId_CanBeNull [< 1 ms]
  Passed DINOForge.Tests.Phase4BuildingLODTests.Phase4_RepublicBuilding_HasCorrectType(buildingId: "rep_weapons_factory", expectedType: "barracks") [< 1 ms]
  Passed DINOForge.Tests.VictoryConditionUnitTests.TargetValue_CanBeZero [< 1 ms]
  Passed DINOForge.Tests.LODCalculationTests.CalculateDistance_ReturnsExpected(x1: 3, z1: 4, x2: 0, z2: 0, expected: 5) [< 1 ms]
  Passed DINOForge.Tests.LODCalculationTests.CalculateDistance_ReturnsExpected(x1: 0, z1: 0, x2: 10, z2: 0, expected: 10) [< 1 ms]
  Passed DINOForge.Tests.VictoryConditionUnitTests.Description_CanBeSet [< 1 ms]
  Passed DINOForge.Tests.Phase4BuildingLODTests.Phase4_RepublicBuilding_HasCorrectType(buildingId: "rep_clone_facility", expectedType: "barracks") [< 1 ms]
   at DINOForge.Bridge.Client.GameClient.SendRequestAsync[T](String method, Object parameters, CancellationToken ct) in C:\Users\koosh\Dino\src\Bridge\Client\GameClient.cs:line 462
[12:37:21 ERR] Failed to execute 'ping' after 1 attempts
DINOForge.Bridge.Client.GameClientException: Server error [-32000]: boom
   at DINOForge.Bridge.Client.GameClient.SendRequestCoreAsync[T](String method, Object parameters, CancellationToken ct, Nullable`1 sendTimeout, Nullable`1 readTimeout) in C:\Users\koosh\Dino\src\Bridge\Client\GameClient.cs:line 592
   at DINOForge.Bridge.Client.GameClient.SendRequestAsync[T](String method, Object parameters, CancellationToken ct) in C:\Users\koosh\Dino\src\Bridge\Client\GameClient.cs:line 462
[12:37:21 INF] Disconnecting from pipe 'dinoforge-game-bridge'
[12:37:21 DBG] Disconnection complete
[12:37:21 DBG] Sending request 'ping' to pipe 'dinoforge-game-bridge' (attempt 1/1)
  Passed DINOForge.Tests.Phase4BuildingLODTests.Phase4_RepublicBuilding_HasCorrectType(buildingId: "rep_guard_tower", expectedType: "defense") [< 1 ms]
  Passed DINOForge.Tests.SdkEdgeCaseTests.PackManifest_EmptyConflicts_Ok [< 1 ms]
  Passed DINOForge.Tests.ScenarioTests.ScenarioPlugin_ValidatePack_MaxDuration_WithTimeExpiredDefeat_NoWarning [5 ms]
  Passed DINOForge.Tests.SdkEdgeCaseTests.AssetInfo_Constructor_AllFields [< 1 ms]
  Passed DINOForge.Tests.ScenarioTests.ScenarioValidator_OnWave_OutOfRange_ReportsError [< 1 ms]
  Passed DINOForge.Tests.VictoryConditionUnitTests.CanCreateCompleteVictoryCondition [1 ms]
[12:37:21 INF] Request 'ping' completed successfully in 0ms
[12:37:21 DBG] Sending request 'status' to pipe 'dinoforge-game-bridge' (attempt 1/1)
[12:37:21 INF] Request 'status' completed successfully in 0ms
[12:37:21 DBG] Sending request 'waitForWorld' to pipe 'dinoforge-game-bridge' (attempt 1/1)
  Passed DINOForge.Tests.Phase4BuildingLODTests.Phase4_RepublicBuilding_HasCorrectType(buildingId: "rep_vehicle_bay", expectedType: "barracks") [< 1 ms]
  Passed DINOForge.Tests.Phase4BuildingLODTests.Phase4_RepublicBuilding_HasCorrectType(buildingId: "rep_shield_generator", expectedType: "defense") [< 1 ms]
  Passed DINOForge.Tests.ScenarioTests.ScenarioPlugin_ValidatePack_MaxDuration_WithTimeSurvivalVictory_NoWarning [< 1 ms]
  Passed DINOForge.Tests.SdkEdgeCaseTests.CompatibilityChecker_NullManifest_ThrowsNullReferenceException [< 1 ms]
  Passed DINOForge.Tests.VictoryConditionUnitTests.ConditionType_CanBeSetToCustom [< 1 ms]
  Passed DINOForge.Tests.ScenarioTests.ScenarioRunner_Event_OnUnitKilled [< 1 ms]
  Passed DINOForge.Tests.VictoryConditionUnitTests.ConditionType_CanBeSetToTimeSurvival [< 1 ms]
[12:37:21 INF] Request 'waitForWorld' completed successfully in 0ms
[12:37:21 DBG] Sending request 'queryEntities' to pipe 'dinoforge-game-bridge' (attempt 1/1)
[12:37:21 INF] Request 'queryEntities' completed successfully in 0ms
[12:37:21 DBG] Sending request 'getStat' to pipe 'dinoforge-game-bridge' (attempt 1/1)
  Passed DINOForge.Tests.SdkEdgeCaseTests.AssetService_ValidateModBundle_NullPath_ReturnsFailure [1 ms]
  Passed DINOForge.Tests.Phase4BuildingLODTests.Phase4_Building_HasDefinitionUpdate(buildingId: "cis_droid_factory", expectedFile: "cis_buildings.yaml") [1 ms]
  Passed DINOForge.Tests.SdkEdgeCaseTests.BundleInfo_LargeSize_Stored [< 1 ms]
  Passed DINOForge.Tests.VictoryConditionUnitTests.TargetValue_CanBeNegative [1 ms]
  Passed DINOForge.Tests.VictoryConditionUnitTests.TargetValue_CanBePositive [< 1 ms]
  Passed DINOForge.Tests.Phase4BuildingLODTests.Phase4_Building_HasDefinitionUpdate(buildingId: "cis_assembly_line", expectedFile: "cis_buildings.yaml") [1 ms]
[12:37:21 INF] Request 'getStat' completed successfully in 0ms
[12:37:21 DBG] Sending request 'applyOverride' to pipe 'dinoforge-game-bridge' (attempt 1/1)
[12:37:21 INF] Request 'applyOverride' completed successfully in 0ms
[12:37:21 DBG] Sending request 'reloadPacks' to pipe 'dinoforge-game-bridge' (attempt 1/1)
  Passed DINOForge.Tests.VictoryConditionUnitTests.AllConditionTypes_AreAccessible [< 1 ms]
  Passed DINOForge.Tests.VictoryConditionUnitTests.ConditionType_CanBeSetToAccumulateResource [< 1 ms]
  Passed DINOForge.Tests.PackCompilerCliTests.JsonOutput_BuildSuccess_ReturnsOutputAndSize [130 ms]
  Passed DINOForge.Tests.VictoryConditionUnitTests.ConditionType_CanBeSetToDestroyTarget [< 1 ms]
  Passed DINOForge.Tests.Phase4BuildingLODTests.Phase4_Building_HasDefinitionUpdate(buildingId: "cis_sentry_turret", expectedFile: "cis_buildings.yaml") [1 ms]
  Passed DINOForge.Tests.VictoryConditionUnitTests.Constructor_Defaults_InitializesWithExpectedValues [1 ms]
  Passed DINOForge.Tests.VictoryConditionUnitTests.ConditionType_CanBeSetToReachPopulation [< 1 ms]
[12:37:21 INF] Request 'reloadPacks' completed successfully in 0ms
[12:37:21 DBG] Sending request 'getCatalog' to pipe 'dinoforge-game-bridge' (attempt 1/1)
[12:37:21 INF] Request 'getCatalog' completed successfully in 0ms
[12:37:21 DBG] Sending request 'dumpState' to pipe 'dinoforge-game-bridge' (attempt 1/1)
  Passed DINOForge.Tests.VictoryConditionUnitTests.ConditionType_CanBeSetToSurviveWaves [< 1 ms]
  Passed DINOForge.Tests.VictoryConditionUnitTests.Description_DefaultsToEmpty [< 1 ms]
  Passed DINOForge.Tests.Phase4BuildingLODTests.Phase4_Building_HasDefinitionUpdate(buildingId: "cis_heavy_foundry", expectedFile: "cis_buildings.yaml") [1 ms]
  Passed DINOForge.Tests.SdkEdgeCaseTests.AddressablesCatalog_EmptyJson_ThrowsInvalidOperation [4 ms]
  Passed DINOForge.Tests.ECS.MockEntityManagerTests.SetComponentData_UpdatesExistingComponentData [5 ms]
  Passed DINOForge.Tests.SdkEdgeCaseTests.AssetService_ValidDir_Succeeds [< 1 ms]
[12:37:21 INF] Request 'dumpState' completed successfully in 0ms
[12:37:21 DBG] Sending request 'getResources' to pipe 'dinoforge-game-bridge' (attempt 1/1)
[12:37:21 INF] Request 'getResources' completed successfully in 0ms
[12:37:21 DBG] Sending request 'screenshot' to pipe 'dinoforge-game-bridge' (attempt 1/1)
[12:37:21 INF] Request 'screenshot' completed successfully in 0ms
[12:37:21 DBG] Sending request 'loadScene' to pipe 'dinoforge-game-bridge' (attempt 1/1)
  Passed DINOForge.Tests.Phase4BuildingLODTests.Phase4_Building_HasDefinitionUpdate(buildingId: "rep_clone_barracks", expectedFile: "republic_buildings.yaml") [1 ms]
  Passed DINOForge.Tests.SdkEdgeCaseTests.AssetService_ReadCatalog_Nonexistent_Empty [< 1 ms]
  Passed DINOForge.Tests.SdkEdgeCaseTests.AssetValidationResult_WithAssets_Stored [< 1 ms]
  Passed DINOForge.Tests.SdkEdgeCaseTests.CompatibilityChecker_MismatchedGameVersion_Warning [< 1 ms]
  Passed DINOForge.Tests.SdkEdgeCaseTests.CompatibilityChecker_AllWildcards_NoErrors [< 1 ms]
  Passed DINOForge.Tests.Phase4BuildingLODTests.Phase4_Building_HasDefinitionUpdate(buildingId: "rep_guard_tower", expectedFile: "republic_buildings.yaml") [1 ms]
  Passed DINOForge.Tests.SdkEdgeCaseTests.PackDependencyResolver_ResolveDependencies_SinglePackNoDeps_Success [< 1 ms]
  Passed DINOForge.Tests.SdkEdgeCaseTests.CompatibilityChecker_EmptyVersions_Accepted [< 1 ms]
[12:37:21 INF] Request 'loadScene' completed successfully in 0ms
[12:37:21 DBG] Sending request 'startGame' to pipe 'dinoforge-game-bridge' (attempt 1/1)
[12:37:21 INF] Request 'startGame' completed successfully in 0ms
[12:37:21 DBG] Sending request 'listSaves' to pipe 'dinoforge-game-bridge' (attempt 1/1)
  Passed DINOForge.Tests.SdkEdgeCaseTests.AssetValidationResult_Failure_Invalid [< 1 ms]
  Passed Fuzz: YAML with special characters parses or throws descriptively(yaml: "id: test\nname: \"Emoji: 🎮🚀💻\"") [99 ms]
  Passed DINOForge.Tests.Phase4BuildingLODTests.Phase4_Building_HasDefinitionUpdate(buildingId: "rep_weapons_factory", expectedFile: "republic_buildings.yaml") [1 ms]
  Passed Fuzz: YAML with special characters parses or throws descriptively(yaml: "id: test\nname: \"Unicode: 日本語 中文\"") [< 1 ms]
  Passed Fuzz: YAML with special characters parses or throws descriptively(yaml: "id: test\nname: \"@#$%^&*()\"") [< 1 ms]
  Passed DINOForge.Tests.Phase4BuildingLODTests.Phase4_Building_HasDefinitionUpdate(buildingId: "rep_shield_generator", expectedFile: "republic_buildings.yaml") [1 ms]
  Passed DINOForge.Tests.PackCompilerCliTests.ValidateTotalConversion_NonTcType_HasError [7 ms]
[12:37:21 INF] Request 'listSaves' completed successfully in 0ms
[12:37:21 DBG] Sending request 'dismissLoadScreen' to pipe 'dinoforge-game-bridge' (attempt 1/1)
[12:37:21 INF] Request 'dismissLoadScreen' completed successfully in 0ms
[12:37:21 DBG] Sending request 'loadSave' to pipe 'dinoforge-game-bridge' (attempt 1/1)
[12:37:21 INF] Request 'loadSave' completed successfully in 0ms
  Passed DINOForge.Tests.Phase4BuildingLODTests.Phase4_Building_HasDefinitionUpdate(buildingId: "rep_vehicle_bay", expectedFile: "republic_buildings.yaml") [1 ms]
  Passed DINOForge.Tests.ECS.MockEntityManagerTests.CreateEntityQuery_WithoutAll_ExcludesEntities [5 ms]
  Passed DINOForge.Tests.Phase4BuildingLODTests.Phase4_Building_HasDefinitionUpdate(buildingId: "cis_ray_shield", expectedFile: "cis_buildings.yaml") [1 ms]
  Passed DINOForge.Tests.Phase4BuildingLODTests.Phase4_Building_HasAddressableKey(buildingId: "rep_shield_generator", expectedKey: "sw-shield-generator") [1 ms]
  Passed DINOForge.Tests.SdkEdgeCaseTests.AssetService_NullDir_Throws [6 ms]
  Passed DINOForge.Tests.SdkEdgeCaseTests.PackDependencyResolver_DetectConflicts_WithConflicts_NotEmpty [< 1 ms]
[12:37:21 DBG] Sending request 'clickButton' to pipe 'dinoforge-game-bridge' (attempt 1/1)
[12:37:21 INF] Request 'clickButton' completed successfully in 0ms
[12:37:21 DBG] Sending request 'toggleUi' to pipe 'dinoforge-game-bridge' (attempt 1/1)
  Passed DINOForge.Tests.SdkEdgeCaseTests.PackManifest_NullDependsOn_NotNull [< 1 ms]
  Passed DINOForge.Tests.SdkEdgeCaseTests.PackManifest_AllWildcards_Ok [< 1 ms]
  Passed DINOForge.Tests.Phase4BuildingLODTests.Phase4_Building_HasAddressableKey(buildingId: "cis_ray_shield", expectedKey: "sw-ray-shield") [1 ms]
  Passed DINOForge.Tests.ECS.MockEntityManagerTests.EntityQueryBuilder_ChainedCalls_BuildsCorrectQuery [4 ms]
  Passed DINOForge.Tests.Phase4BuildingLODTests.Phase4_Building_HasAddressableKey(buildingId: "rep_clone_barracks", expectedKey: "sw-clone-barracks") [1 ms]
  Passed DINOForge.Tests.ECS.MockEntityManagerTests.EntityQueryBuilder_WithoutAll_ExcludesEntities [1 ms]
  Passed Fuzz: Corpus files from FuzzCorpus/yaml/ load without exception [8 ms]
[12:37:21 INF] Request 'toggleUi' completed successfully in 0ms
[12:37:21 DBG] Sending request 'pressKey' to pipe 'dinoforge-game-bridge' (attempt 1/1)
[12:37:21 INF] Request 'pressKey' completed successfully in 0ms
[12:37:21 DBG] Sending request 'invokeMethod' to pipe 'dinoforge-game-bridge' (attempt 1/1)
  Passed DINOForge.Tests.ECS.MockEntityManagerTests.CreateEntity_ReturnsValidEntity [< 1 ms]
  Passed DINOForge.Tests.Phase4BuildingLODTests.Phase4_Building_HasAddressableKey(buildingId: "cis_droid_factory", expectedKey: "sw-droid-factory") [1 ms]
  Passed DINOForge.Tests.ECS.MockEntityManagerTests.EntityQueryBuilder_WithAll_FiltersCorrectly [< 1 ms]
  Passed Fuzz: Extremely long string values are truncated or rejected gracefully(length: 1000) [1 ms]
  Passed DINOForge.Tests.Phase4BuildingLODTests.Phase4_Building_HasAddressableKey(buildingId: "cis_assembly_line", expectedKey: "sw-assembly-line") [1 ms]
  Passed DINOForge.Tests.VFXSystemTests.VFXPoolManager_Source_PrewarmsExpectedCatalog_AndUsesQueuePools [14 ms]
[12:37:21 INF] Request 'invokeMethod' completed successfully in 0ms
[12:37:21 DBG] Sending request 'verifyMod' to pipe 'dinoforge-game-bridge' (attempt 1/1)
[12:37:21 INF] Request 'verifyMod' completed successfully in 0ms
[12:37:21 DBG] Sending request 'getComponentMap' to pipe 'dinoforge-game-bridge' (attempt 1/1)
[12:37:21 INF] Request 'getComponentMap' completed successfully in 0ms
  Passed DINOForge.Tests.VFXSystemTests.LODManager_Source_DeclaresExpectedEmissionMultipliers_AndLookupHelpers [< 1 ms]
  Passed DINOForge.Tests.ECS.MockEntityManagerTests.RemoveComponent_RemovesComponentFromEntity [1 ms]
  Passed DINOForge.Tests.VFXSystemTests.VFXPoolManager_Source_DeclaresFallbackAndLifecycleOperations [< 1 ms]
  Passed DINOForge.Tests.VFXSystemTests.LODManager_Source_DeclaresExpectedDistanceThresholds_AndTierNames [< 1 ms]
  Passed DINOForge.Tests.Phase4BuildingLODTests.Phase4_Building_HasAddressableKey(buildingId: "cis_heavy_foundry", expectedKey: "sw-heavy-foundry") [1 ms]
  Passed DINOForge.Tests.Phase4BuildingLODTests.Phase4_Building_HasAddressableKey(buildingId: "rep_weapons_factory", expectedKey: "sw-weapons-factory") [1 ms]
  Passed DINOForge.Tests.SdkEdgeCaseTests.AddressablesCatalog_MalformedJson_Throws [7 ms]
[12:37:21 DBG] Sending request 'getUiTree' to pipe 'dinoforge-game-bridge' (attempt 1/1)
  Passed DINOForge.Tests.SdkEdgeCaseTests.PackDependencyResolver_DetectConflicts_NoConflicts_Empty [16 ms]
  Passed DINOForge.Tests.Phase4BuildingLODTests.Phase4_Building_HasAddressableKey(buildingId: "rep_guard_tower", expectedKey: "sw-guard-tower") [16 ms]
  Passed DINOForge.Tests.ECS.MockEntityManagerTests.EmptyQuery_ReturnsNoEntities [19 ms]
  Passed DINOForge.Tests.SdkEdgeCaseTests.AssetValidationResult_LargeAssetCollection_Stored [< 1 ms]
  Passed DINOForge.Tests.ECS.MockEntityManagerTests.CreateEntityQuery_MultipleComponents_RequiresAll [< 1 ms]
  Passed DINOForge.Tests.SdkEdgeCaseTests.AssetValidationResult_WithMultipleErrors_AllStored [< 1 ms]
  Passed DINOForge.Tests.ECS.MockEntityManagerTests.Clear_ResetsAllState [< 1 ms]
[12:37:21 INF] Request 'getUiTree' completed successfully in 4ms
[12:37:21 DBG] Sending request 'queryUi' to pipe 'dinoforge-game-bridge' (attempt 1/1)
[12:37:21 INF] Request 'queryUi' completed successfully in 1ms
[12:37:21 DBG] Sending request 'clickUi' to pipe 'dinoforge-game-bridge' (attempt 1/1)
[12:37:21 INF] Request 'clickUi' completed successfully in 0ms
  Passed DINOForge.Tests.ECS.MockEntityManagerTests.AddComponent_AddsComponentToEntity [< 1 ms]
  Passed DINOForge.Tests.SdkEdgeCaseTests.PackDependencyResolver_ResolveDependencies_NullTarget_ThrowsNullReferenceException [< 1 ms]
  Passed DINOForge.Tests.SdkEdgeCaseTests.PackManifest_NullId_DoesNotThrowOnAssignment [< 1 ms]
  Passed DINOForge.Tests.Phase4BuildingLODTests.Phase4_Building_HasAddressableKey(buildingId: "rep_vehicle_bay", expectedKey: "sw-vehicle-bay") [1 ms]
  Passed DINOForge.Tests.ECS.MockEntityManagerTests.MockComponentType_ReadOnly_DifferentiatesAccessMode [< 1 ms]
  Passed DINOForge.Tests.ECS.MockEntityManagerTests.AddMultipleComponents_AllAddedCorrectly [< 1 ms]
  Passed DINOForge.Tests.ECS.MockEntityManagerTests.Query_NoMatchingEntities_ReturnsEmpty [< 1 ms]
[12:37:21 DBG] Sending request 'waitForUi' to pipe 'dinoforge-game-bridge' (attempt 1/1)
[12:37:21 INF] Request 'waitForUi' completed successfully in 1ms
[12:37:21 DBG] Sending request 'expectUi' to pipe 'dinoforge-game-bridge' (attempt 1/1)
  Passed DINOForge.Tests.SdkEdgeCaseTests.AssetService_ListAssets_NullPath_Throws [< 1 ms]
  Passed DINOForge.Tests.ECS.MockEntityManagerTests.CreateEntity_WithCount_CreatesMultipleEntities [< 1 ms]
  Passed DINOForge.Tests.Phase4BuildingLODTests.Phase4_Building_HasAddressableKey(buildingId: "cis_sentry_turret", expectedKey: "sw-sentry-turret") [1 ms]
  Passed DINOForge.Tests.ECS.MockEntityManagerTests.CreateEntityQuery_SimpleQuery_FiltersCorrectly [< 1 ms]
  Passed DINOForge.Tests.Phase4BuildingLODTests.Phase4_RepublicBuilding_DefinedInYAML(buildingId: "rep_clone_facility") [< 1 ms]
  Passed DINOForge.Tests.ECS.MockEntityManagerTests.GetComponentData_ThrowsOnMissingComponent [< 1 ms]
  Passed DINOForge.Tests.SdkEdgeCaseTests.AddressablesCatalog_NonexistentFile_Throws [1 ms]
[12:37:21 INF] Request 'expectUi' completed successfully in 0ms
  Passed DINOForge.Tests.SdkEdgeCaseTests.AssetInfo_LargePathId_Stored [< 1 ms]
  Passed DINOForge.Tests.Phase4BuildingLODTests.Phase4_RepublicBuilding_DefinedInYAML(buildingId: "rep_shield_generator") [1 ms]
  Passed DINOForge.Tests.ECS.MockEntityManagerTests.MockEntity_Equality_WorksCorrectly [< 1 ms]
  Passed DINOForge.Tests.ECS.MockEntityManagerTests.AddComponent_WithData_StoresComponentData [< 1 ms]
  Passed DINOForge.Tests.Phase4BuildingLODTests.Phase4_RepublicBuilding_DefinedInYAML(buildingId: "rep_vehicle_bay") [< 1 ms]
  Passed DINOForge.Tests.Phase4BuildingLODTests.Phase4_RepublicBuilding_DefinedInYAML(buildingId: "rep_guard_tower") [< 1 ms]
  Passed DINOForge.Tests.ECS.MockEntityManagerTests.EntityQueryBuilder_Count_ReturnsCorrectCount [< 1 ms]
  Passed DINOForge.Tests.Phase4BuildingLODTests.Phase4_RepublicBuilding_DefinedInYAML(buildingId: "rep_weapons_factory") [< 1 ms]
  Passed DINOForge.Tests.ECS.MockEntityManagerTests.CreateEntity_MultipleEntities_HasUniqueIndices [< 1 ms]
  Passed DINOForge.Tests.PackCompilerCliTests.ValidateTotalConversion_AllVanillaFactionsReplaced_IsValid [34 ms]
  Passed DINOForge.Tests.ScriptedEventUnitTests.AllTriggerTypes_AreAccessible [< 1 ms]
  Passed DINOForge.Tests.ScriptedEventUnitTests.CanCreateBuildingTriggeredEvent [< 1 ms]
  Passed DINOForge.Tests.ScriptedEventUnitTests.TriggerValue_CanBeZero [< 1 ms]
  Passed DINOForge.Tests.Phase4BuildingLODTests.Phase4_Building_HasReasonablePolycount(buildingId: "cis_sentry_turret", expectedPolycount: 22000) [1 ms]
  Passed DINOForge.Tests.ScriptedEventUnitTests.ActionsCanBeCleared [< 1 ms]
  Passed DINOForge.Tests.SdkEdgeCaseTests.AddressablesCatalog_ValidJson_Returns [2 ms]
  Passed DINOForge.Tests.ScriptedEventUnitTests.Actions_CanAddMultipleEventActions [< 1 ms]
  Passed DINOForge.Tests.ScriptedEventUnitTests.TriggerType_CanBeSetToOnPopulation [< 1 ms]
  Passed DINOForge.Tests.SdkEdgeCaseTests.PackDependencyResolver_DetectConflicts_NullActive_Throws [< 1 ms]
  Passed DINOForge.Tests.ScriptedEventUnitTests.TriggerValue_CanBePositive [< 1 ms]
  Passed DINOForge.Tests.SdkEdgeCaseTests.AssetInfo_EmptyName_Accepted [< 1 ms]
  Passed DINOForge.Tests.ScriptedEventUnitTests.TriggerType_CanBeSetToOnBuildingBuilt [< 1 ms]
  Passed DINOForge.Tests.SdkEdgeCaseTests.BundleInfo_ZeroAssets_Accepted [< 1 ms]
  Passed DINOForge.Tests.Phase4BuildingLODTests.Phase4_Building_HasReasonablePolycount(buildingId: "rep_shield_generator", expectedPolycount: 35000) [1 ms]
  Passed DINOForge.Tests.ScriptedEventUnitTests.CanCreateResourceTriggeredEvent [< 1 ms]
  Passed DINOForge.Tests.ScriptedEventUnitTests.Actions_IsEmptyByDefault [< 1 ms]
  Passed DINOForge.Tests.ScriptedEventUnitTests.CanCreateTimeTriggeredEvent [< 1 ms]
  Passed DINOForge.Tests.ScriptedEventUnitTests.Actions_CanAddEventAction [< 1 ms]
  Passed DINOForge.Tests.SdkEdgeCaseTests.CompatibilityChecker_FrameworkVersion_NotNull [< 1 ms]
  Passed DINOForge.Tests.ScriptedEventUnitTests.CanCreatePopulationTriggeredEvent [< 1 ms]
  Passed DINOForge.Tests.SdkEdgeCaseTests.PackManifest_DuplicateDeps_AllPreserved [< 1 ms]
  Passed DINOForge.Tests.ScriptedEventUnitTests.CanCreateWaveTriggeredEvent [< 1 ms]
  Passed DINOForge.Tests.ScriptedEventUnitTests.Id_CanBeSet [< 1 ms]
  Passed DINOForge.Tests.ScriptedEventUnitTests.ActionsCanBeRemovedByIndex [< 1 ms]
  Passed DINOForge.Tests.ScriptedEventUnitTests.TriggerValue_CanBeNegative [< 1 ms]
  Passed DINOForge.Tests.Phase4BuildingLODTests.Phase4_Building_HasReasonablePolycount(buildingId: "cis_heavy_foundry", expectedPolycount: 48000) [1 ms]
  Passed DINOForge.Tests.ScriptedEventUnitTests.TriggerType_CanBeSetToOnWave [< 1 ms]
  Passed DINOForge.Tests.SdkEdgeCaseTests.PackDependencyResolver_ResolveDependencies_NullAvailable_Throws [< 1 ms]
  Passed DINOForge.Tests.ScriptedEventUnitTests.TriggerType_CanBeSetToOnResource [< 1 ms]
  Passed DINOForge.Tests.ScriptedEventUnitTests.PropertiesAreIndependent [< 1 ms]
  Passed DINOForge.Tests.SdkEdgeCaseTests.AssetService_ListBundles_Nonexistent_Empty [< 1 ms]
  Passed DINOForge.Tests.ScriptedEventUnitTests.TriggerTarget_CanBeSet [< 1 ms]
  Passed DINOForge.Tests.ScriptedEventUnitTests.TriggerTarget_CanBeNull [< 1 ms]
  Passed DINOForge.Tests.ScriptedEventUnitTests.Constructor_Defaults_InitializesWithExpectedValues [< 1 ms]
  Passed DINOForge.Tests.ScriptedEventUnitTests.CanCreateUnitKilledTriggeredEvent [< 1 ms]
  Passed DINOForge.Tests.ScriptedEventUnitTests.TriggerType_CanBeSetToOnTime [< 1 ms]
  Passed DINOForge.Tests.Phase4BuildingLODTests.Phase4_Building_HasReasonablePolycount(buildingId: "rep_guard_tower", expectedPolycount: 28000) [1 ms]
  Passed DINOForge.Tests.ScriptedEventUnitTests.TriggerType_CanBeSetToOnUnitKilled [< 1 ms]
  Passed DINOForge.Tests.SdkEdgeCaseTests.AssetService_ListAssets_NonexistentFile_Throws [< 1 ms]
  Passed DINOForge.Tests.ScriptedEventUnitTests.Id_DefaultsToEmpty [< 1 ms]
  Passed DINOForge.Tests.SdkEdgeCaseTests.BundleInfo_Constructor_AllProperties [< 1 ms]
  Passed DINOForge.Tests.Bridge.BridgeReceiptUnitTests.StateSha256Hex_CanBeSet [< 1 ms]
  Passed DINOForge.Tests.Bridge.BridgeReceiptUnitTests.SessionId_CanBeSet [< 1 ms]
  Passed DINOForge.Tests.Bridge.BridgeReceiptUnitTests.Serialization_JsonProperty_Timestamp [< 1 ms]
  Passed DINOForge.Tests.Bridge.BridgeReceiptUnitTests.HmacHex_CanBeSet [< 1 ms]
  Passed DINOForge.Tests.SdkEdgeCaseTests.AssetService_ValidateModBundle_NonexistentFile_Invalid [< 1 ms]
  Passed DINOForge.Tests.Bridge.BridgeReceiptUnitTests.Serialization_JsonProperty_SessionId [< 1 ms]
  Passed DINOForge.Tests.SdkEdgeCaseTests.PackManifest_EmptyId_Ok [< 1 ms]
  Passed DINOForge.Tests.Bridge.BridgeReceiptUnitTests.Serialization_JsonProperty_StateSha256 [< 1 ms]
  Passed DINOForge.Tests.Bridge.BridgeReceiptUnitTests.WorldFrame_SupportsZero [< 1 ms]
  Passed DINOForge.Tests.Bridge.BridgeReceiptUnitTests.WorldFrame_CanBeSet [< 1 ms]
  Passed DINOForge.Tests.Phase4BuildingLODTests.Phase4_Building_HasReasonablePolycount(buildingId: "cis_ray_shield", expectedPolycount: 32000) [1 ms]
  Passed DINOForge.Tests.Bridge.BridgeReceiptUnitTests.WorldFrame_SupportsNegativeValues [< 1 ms]
  Passed DINOForge.Tests.Bridge.BridgeReceiptUnitTests.NullFields_Tolerated [< 1 ms]
  Passed DINOForge.Tests.SdkEdgeCaseTests.AddressablesCatalog_NullPath_Throws [< 1 ms]
  Passed DINOForge.Tests.Bridge.BridgeReceiptUnitTests.Construction_InitializesWithDefaults [< 1 ms]
  Passed DINOForge.Tests.Bridge.BridgeReceiptUnitTests.Deserialization_AllFields [< 1 ms]
  Passed DINOForge.Tests.Bridge.BridgeReceiptUnitTests.WorldFrame_SupportsLargeValues [< 1 ms]
  Passed DINOForge.Tests.Bridge.BridgeReceiptUnitTests.Serialization_JsonProperty_WorldFrame [< 1 ms]
  Passed DINOForge.Tests.SdkEdgeCaseTests.PackManifest_LongDescription_Complete [< 1 ms]
  Passed DINOForge.Tests.Bridge.BridgeReceiptUnitTests.Serialization_JsonProperty_Hmac [< 1 ms]
  Passed DINOForge.Tests.Bridge.BridgeReceiptUnitTests.Serialization_OutputUsesSnakeCase [< 1 ms]
  Passed DINOForge.Tests.Phase4BuildingLODTests.Phase4_Building_HasReasonablePolycount(buildingId: "cis_assembly_line", expectedPolycount: 36000) [1 ms]
  Passed DINOForge.Tests.Bridge.BridgeReceiptUnitTests.TimestampUtc_CanBeSet [< 1 ms]
  Passed DINOForge.Tests.Bridge.BridgeReceiptUnitTests.IsSealed [< 1 ms]
  Passed DINOForge.Tests.SdkUniverseEdgeCaseTests.PackGenerator_GenerateWithInvalidVersion_ThrowsOrValidates [< 1 ms]
  Passed DINOForge.Tests.Bridge.BridgeReceiptUnitTests.Serialization_RoundTrip [< 1 ms]
  Passed DINOForge.Tests.SdkUniverseEdgeCaseTests.PackGenerator_GenerateWithMissingId_ThrowsOrValidates [< 1 ms]
  Passed DINOForge.Tests.SdkUniverseEdgeCaseTests.PackGenerator_GenerateWithValidMetadata_CreatesValidPack [< 1 ms]
  Passed DINOForge.Tests.SdkUniverseEdgeCaseTests.CrosswalkDictionary_WithNullValue_ThrowsOrValidates [< 1 ms]
  Passed DINOForge.Tests.Phase4BuildingLODTests.Phase4_Building_HasReasonablePolycount(buildingId: "rep_vehicle_bay", expectedPolycount: 52000) [1 ms]
  Passed DINOForge.Tests.SdkUniverseEdgeCaseTests.PackGenerator_GenerateWithCircularDependencies_DetectsAndRejects [< 1 ms]
  Passed DINOForge.Tests.SdkUniverseEdgeCaseTests.FactionNamingRules_WithVeryLongName_ProcessesCorrectly [< 1 ms]
  Passed DINOForge.Tests.SdkUniverseEdgeCaseTests.PackGenerator_GenerateWithConflictingPacks_DetectsConflicts [< 1 ms]
  Passed DINOForge.Tests.SdkUniverseEdgeCaseTests.PackGenerator_GenerateWithIncompatibleFrameworkVersion_RejectsGeneration [< 1 ms]
  Passed DINOForge.Tests.SdkUniverseEdgeCaseTests.NamingGuide_WithUnicodeRules_HandlesCorrectly [< 1 ms]
  Passed DINOForge.Tests.SdkUniverseEdgeCaseTests.CrosswalkDictionary_WithEmptyMappings_HandlesGracefully [< 1 ms]
  Passed DINOForge.Tests.SdkUniverseEdgeCaseTests.CrosswalkDictionary_WithNullKey_ThrowsOrValidates [< 1 ms]
  Passed DINOForge.Tests.Phase4BuildingLODTests.Phase4_Building_HasReasonablePolycount(buildingId: "rep_weapons_factory", expectedPolycount: 38000) [1 ms]
  Passed DINOForge.Tests.SdkUniverseEdgeCaseTests.FactionNamingRules_WithUnicodeCharacters_ProcessesCorrectly [< 1 ms]
  Passed DINOForge.Tests.SdkUniverseEdgeCaseTests.PackGenerator_GenerateWithEmptyId_HandlesValidation [< 1 ms]
  Passed DINOForge.Tests.SdkUniverseEdgeCaseTests.PackGenerator_GenerateWithEmptyMetadata_HandlesValidation [< 1 ms]
  Passed DINOForge.Tests.SdkUniverseEdgeCaseTests.CrosswalkDictionary_WithCircularMappings_DetectsAndHandles [< 1 ms]
  Passed DINOForge.Tests.SdkUniverseEdgeCaseTests.NamingGuide_WithVeryComplexHierarchy_ProcessesCorrectly [< 1 ms]
  Passed DINOForge.Tests.SdkUniverseEdgeCaseTests.NamingGuide_WithNullContext_ThrowsOrValidates [< 1 ms]
  Passed DINOForge.Tests.SdkUniverseEdgeCaseTests.NamingGuide_WithEmptyUniverse_HandlesProperly [< 1 ms]
  Passed DINOForge.Tests.SdkUniverseEdgeCaseTests.FactionNamingRules_WithNullName_ThrowsOrHandlesGracefully [< 1 ms]
  Passed DINOForge.Tests.SdkUniverseEdgeCaseTests.NamingGuide_WithConflictingRules_ResolvesApropriately [< 1 ms]
  Passed DINOForge.Tests.Phase4BuildingLODTests.Phase4_Building_HasReasonablePolycount(buildingId: "cis_droid_factory", expectedPolycount: 42000) [1 ms]
  Passed DINOForge.Tests.SdkUniverseEdgeCaseTests.FactionNamingRules_WithSpecialCharacters_ProcessesCorrectly [< 1 ms]
  Passed DINOForge.Tests.SdkUniverseEdgeCaseTests.CrosswalkDictionary_WithDuplicateKeys_HandlesDuplicates [< 1 ms]
  Passed DINOForge.Tests.SdkUniverseEdgeCaseTests.FactionNamingRules_WithDuplicateNames_DetectsConflicts [< 1 ms]
  Passed DINOForge.Tests.SdkUniverseEdgeCaseTests.PackGenerator_GenerateWithMissingDependencies_HandlesValidation [< 1 ms]
  Passed DINOForge.Tests.SdkUniverseEdgeCaseTests.PackGenerator_GenerateWithDuplicateContentIds_DetectsAndRejects [< 1 ms]
  Passed DINOForge.Tests.SdkUniverseEdgeCaseTests.FactionNamingRules_WithEmptyFactionName_HandlesGracefully [< 1 ms]
  Passed DINOForge.Tests.SdkUniverseEdgeCaseTests.FactionNamingRules_WithCaseInsensitiveDuplicates_HandlesCorrectly [< 1 ms]
  Passed DINOForge.Tests.Phase4BuildingLODTests.Phase4_Building_HasReasonablePolycount(buildingId: "rep_clone_barracks", expectedPolycount: 45000) [1 ms]
  Passed DINOForge.Tests.Phase4BuildingLODTests.Phase4_CISBuilding_ConfiguredCorrectly(modelId: "cis_ray_shield") [< 1 ms]
  Passed DINOForge.Tests.Phase4BuildingLODTests.Phase4_CISBuilding_ConfiguredCorrectly(modelId: "cis_droid_factory") [< 1 ms]
  Passed DINOForge.Tests.Phase4BuildingLODTests.Phase4_CISBuilding_ConfiguredCorrectly(modelId: "cis_heavy_foundry") [< 1 ms]
  Passed DINOForge.Tests.Phase4BuildingLODTests.Phase4_CISBuilding_ConfiguredCorrectly(modelId: "cis_sentry_turret") [< 1 ms]
  Passed DINOForge.Tests.Phase4BuildingLODTests.Phase4_CISBuilding_ConfiguredCorrectly(modelId: "cis_assembly_line") [< 1 ms]
  Passed DINOForge.Tests.PackCompilerCliTests.Validate_PackWithLoadsButNoContentDirs_StillValid [15 ms]
  Passed DINOForge.Tests.EndToEndUserJourneysTests.Journey2_CreateBalanceMod_HotReload_PicksUpChanges [173 ms]
  Passed DINOForge.Tests.SdkValidationEdgeCaseTests.NJsonSchemaValidator_ValidateWithWhitespaceSchemaName_ThrowsArgumentException [2 ms]
  Passed DINOForge.Tests.Phase4BuildingLODTests.Phase4_Building_HasPrefabOutputPath(buildingId: "rep_weapons_factory") [1 ms]
  Passed DINOForge.Tests.Phase4BuildingLODTests.Phase4_Building_HasPrefabOutputPath(buildingId: "cis_ray_shield") [1 ms]
  Passed DINOForge.Tests.Phase4BuildingLODTests.Phase4_Building_HasPrefabOutputPath(buildingId: "rep_guard_tower") [1 ms]
  Passed DINOForge.Tests.SdkValidationEdgeCaseTests.YamlSchemaConverter_ConvertComplexYaml_ReturnsValidJson [5 ms]
  Passed DINOForge.Tests.Phase4BuildingLODTests.Phase4_Building_HasPrefabOutputPath(buildingId: "cis_sentry_turret") [1 ms]
  Passed DINOForge.Tests.PackCompilerCliTests.Validate_PackWithVeryLongId_Succeeds [5 ms]
  Passed DINOForge.Tests.SdkValidationEdgeCaseTests.NJsonSchemaValidator_WithNullSchemaSources_ThrowsArgumentNullException [< 1 ms]
  Passed DINOForge.Tests.SdkValidationEdgeCaseTests.YamlSchemaConverter_ConvertWithMultilineString_PreservesContent [1 ms]
  Passed DINOForge.Tests.PackCompilerCliTests.Validate_EmptyManifest_Throws [3 ms]
  Passed DINOForge.Tests.Phase4BuildingLODTests.Phase4_Building_HasPrefabOutputPath(buildingId: "cis_assembly_line") [7 ms]
  Passed DINOForge.Tests.PackCompilerCliTests.Validate_PackWithUnicodeCharacters_Succeeds [4 ms]
  Passed DINOForge.Tests.Phase4BuildingLODTests.Phase4_Building_HasPrefabOutputPath(buildingId: "rep_vehicle_bay") [1 ms]
  Passed DINOForge.Tests.Phase4BuildingLODTests.Phase4_Building_HasPrefabOutputPath(buildingId: "cis_droid_factory") [1 ms]
  Passed DINOForge.Tests.Phase4BuildingLODTests.Phase4_Building_HasPrefabOutputPath(buildingId: "rep_shield_generator") [4 ms]
  Passed DINOForge.Tests.Phase4BuildingLODTests.Phase4_Building_HasPrefabOutputPath(buildingId: "rep_clone_barracks") [1 ms]
  Passed DINOForge.Tests.Phase4BuildingLODTests.Phase4_Building_HasPrefabOutputPath(buildingId: "cis_heavy_foundry") [1 ms]
  Passed DINOForge.Tests.PackCompilerCliTests.ValidateTotalConversion_EmptyReplacesVanilla_DeserializesOk [10 ms]
  Passed DINOForge.Tests.Phase4BuildingLODTests.Phase4_Building_HasMetadataNote(buildingId: "cis_sentry_turret") [1 ms]
  Passed Fuzz: Extremely long string values are truncated or rejected gracefully(length: 100000) [67 ms]
  Passed DINOForge.Tests.Phase4BuildingLODTests.Phase4_Building_HasMetadataNote(buildingId: "rep_guard_tower") [1 ms]
  Passed Fuzz: Extremely long string values are truncated or rejected gracefully(length: 10000) [1 ms]
  Passed DINOForge.Tests.Phase4BuildingLODTests.Phase4_Building_HasMetadataNote(buildingId: "cis_assembly_line") [1 ms]
  Passed Fuzz: Invalid YAML syntax is caught, not silently ignored(yaml: "id: test\nname: unclosed \"string") [< 1 ms]
  Passed DINOForge.Tests.PollingHelperTests.RetryUntilAsync_RespectsExponentialBackoff [188 ms]
  Passed DINOForge.Tests.Phase4BuildingLODTests.Phase4_Building_HasMetadataNote(buildingId: "cis_droid_factory") [1 ms]
  Passed Fuzz: Invalid YAML syntax is caught, not silently ignored(yaml: "id: test\n  - invalid: list\nid: duplicate") [1 ms]
  Passed Fuzz: Invalid YAML syntax is caught, not silently ignored(yaml: "id: test\nname: : invalid") [< 1 ms]
  Passed DINOForge.Tests.Phase4BuildingLODTests.Phase4_Building_HasMetadataNote(buildingId: "rep_shield_generator") [1 ms]
  Passed DINOForge.Tests.PackCompilerCliTests.Validate_PackWithDependencies_Deserializes [5 ms]
  Passed Fuzz: Circular reference detection does not cause exception [1 ms]
  Passed DINOForge.Tests.Phase4BuildingLODTests.Phase4_Building_HasMetadataNote(buildingId: "rep_weapons_factory") [1 ms]
  Passed Fuzz: Null or empty string input returns error, not exception(input: null) [< 1 ms]
  Passed Fuzz: Null or empty string input returns error, not exception(input: "") [< 1 ms]
  Passed DINOForge.Tests.EndToEndUserJourneysTests.Journey4_Debug_MissingDependencies_ReportsClearErrors [31 ms]
  Passed DINOForge.Tests.Phase4BuildingLODTests.Phase4_Building_HasMetadataNote(buildingId: "rep_vehicle_bay") [1 ms]
  Passed Fuzz: Null or empty string input returns error, not exception(input: "   ") [< 1 ms]
  Passed DINOForge.Tests.Phase4BuildingLODTests.Phase4_Building_HasMetadataNote(buildingId: "rep_clone_barracks") [1 ms]
  Passed Fuzz: Deeply nested YAML does not cause stack overflow [1 ms]
  Passed DINOForge.Tests.Phase4BuildingLODTests.Phase4_Building_HasMetadataNote(buildingId: "cis_ray_shield") [1 ms]
  Passed DINOForge.Tests.Phase4BuildingLODTests.Phase4_Building_HasMetadataNote(buildingId: "cis_heavy_foundry") [1 ms]
  Passed DINOForge.Tests.Phase4BuildingLODTests.Phase4_CISBuilding_HasCorrectType(buildingId: "cis_sentry_turret", expectedType: "defense") [< 1 ms]
  Passed DINOForge.Tests.AssetReplacementEngineUnitTests.LoadFromManifest_WithMultipleMappings_CountsAllTypes [2 ms]
  Passed DINOForge.Tests.PackCompilerCliTests.Validate_MissingRequiredVersion_DeserializesWithDefault [6 ms]
  Passed DINOForge.Tests.Phase4BuildingLODTests.Phase4_CISBuilding_HasCorrectType(buildingId: "cis_assembly_line", expectedType: "barracks") [< 1 ms]
  Passed DINOForge.Tests.Phase4BuildingLODTests.Phase4_CISBuilding_HasCorrectType(buildingId: "cis_droid_factory", expectedType: "barracks") [< 1 ms]
  Passed DINOForge.Tests.Phase4BuildingLODTests.Phase4_CISBuilding_HasCorrectType(buildingId: "cis_heavy_foundry", expectedType: "barracks") [< 1 ms]
  Passed DINOForge.Tests.Phase4BuildingLODTests.Phase4_CISBuilding_HasCorrectType(buildingId: "cis_ray_shield", expectedType: "defense") [< 1 ms]
  Passed DINOForge.Tests.Phase4BuildingLODTests.Phase4_RepublicBuilding_ConfiguredCorrectly(modelId: "rep_weapons_factory") [< 1 ms]
  Passed DINOForge.Tests.AssetReplacementEngineUnitTests.ResolveTexture_WithNoMapping_ReturnsSameVanillaPath [1 ms]
  Passed DINOForge.Tests.Phase4BuildingLODTests.Phase4_RepublicBuilding_ConfiguredCorrectly(modelId: "rep_shield_generator") [< 1 ms]
  Passed DINOForge.Tests.Phase4BuildingLODTests.Phase4_RepublicBuilding_ConfiguredCorrectly(modelId: "rep_clone_barracks") [< 1 ms]
  Passed DINOForge.Tests.Phase4BuildingLODTests.Phase4_RepublicBuilding_ConfiguredCorrectly(modelId: "rep_guard_tower") [< 1 ms]
  Passed DINOForge.Tests.Phase4BuildingLODTests.Phase4_RepublicBuilding_ConfiguredCorrectly(modelId: "rep_vehicle_bay") [< 1 ms]
  Passed DINOForge.Tests.Phase4BuildingLODTests.Phase4_CISBuildingsDefinition_Exists [< 1 ms]
  Passed DINOForge.Tests.Phase4BuildingLODTests.Phase4_RepublicBuildingsDefinition_Exists [< 1 ms]
  Passed DINOForge.Tests.AssetReplacementEngineUnitTests.ResolveTexture_WithAbsolutePath_UsesPathDirectlyIfExists [2 ms]
  Passed DINOForge.Tests.EndToEndUserJourneysTests.Journey4_Debug_ManifestValidation_SkipsInvalidPack [9 ms]
  Passed DINOForge.Tests.RegistryPropertyTests.GetUnregistered_ReturnsNull [114 ms]
  Passed DINOForge.Tests.ParameterizedTests.FsCheckPrototype.PackManifest_Fields_AreIsolated [45 ms]
  Passed DINOForge.Tests.Phase4BuildingLODTests.Phase4_Configuration_Has5RepublicBuildings [3 ms]
  Passed DINOForge.Tests.StatModifierPropertyTests.PowerRating_AlwaysNonNegative [207 ms]
  Passed DINOForge.Tests.ParameterizedTests.ValidationFsCheckProperties.ValidationResult_Success_IsValid_And_EmptyErrors [188 ms]
  Passed DINOForge.Tests.ParameterizedTests.RuntimeFsCheckProperties.LODManager_GetEmissionMultiplier_IsInValidRange [19 ms]
  Passed DINOForge.Tests.RegistryExtendedPropertyTests.SingleEntryPerKey_NoConflicts [187 ms]
  Passed DINOForge.Tests.AssetReplacementEngineUnitTests.ResolveTexture_WithMappingAndExistingFile_ReturnsModPath [2 ms]
  Passed DINOForge.Tests.RegistryExtendedPropertyTests.All_ReturnsHighestPriorityEntry [< 1 ms]
  Passed DINOForge.Tests.Phase4BuildingLODTests.Phase4_CISBuilding_HasCISMaterial(buildingId: "cis_ray_shield") [1 ms]
  Passed DINOForge.Tests.AssetReplacementEngineUnitTests.ResolveAudio_WithValidMapping_ReturnsModPath [2 ms]
  Passed DINOForge.Tests.ParameterizedTests.RuntimeFsCheckProperties.StatModification_Mode_PreservedAfterConstruction [1 ms]
  Passed DINOForge.Tests.AssetReplacementEngineUnitTests.ResolveUi_WithValidMapping_ReturnsModPath [2 ms]
  Passed DINOForge.Tests.EndToEndUserJourneysTests.Journey1_InstallPlay_PackWithMissingYaml_LoadsAsEmpty [7 ms]
  Passed DINOForge.Tests.Phase4BuildingLODTests.Phase4_CISBuilding_HasCISMaterial(buildingId: "cis_sentry_turret") [6 ms]
  Passed DINOForge.Tests.AssetReplacementEngineUnitTests.ResolveTexture_IsCaseInsensitive [7 ms]
  Passed DINOForge.Tests.StatModifierPropertyTests.AmplifyingModifier_IncreasesPositiveStat [8 ms]
  Passed DINOForge.Tests.RegistryPropertyTests.ContainsUnregistered_ReturnsFalse [12 ms]
  Passed DINOForge.Tests.PackCompilerCliTests.Build_PackWithMultipleContentTypes_PreservesDirStructure [19 ms]
  Passed DINOForge.Tests.Phase4BuildingLODTests.Phase4_CISBuilding_HasCISMaterial(buildingId: "cis_droid_factory") [1 ms]
  Passed DINOForge.Tests.AssetReplacementEngineUnitTests.ResolveTexture_WithAbsolutePath_FallsBackIfNotExists [1 ms]
  Passed DINOForge.Tests.ParameterizedTests.ValidationFsCheckProperties.IValidatable_Validate_NeverThrows [12 ms]
  Passed DINOForge.Tests.Phase4BuildingLODTests.Phase4_CISBuilding_HasCISMaterial(buildingId: "cis_heavy_foundry") [1 ms]
  Passed DINOForge.Tests.ParameterizedTests.FsCheckPrototype.CompatibilityChecker_VersionRange_Inclusive [14 ms]
  Passed DINOForge.Tests.ParameterizedTests.RuntimeFsCheckProperties.ComponentMap_All_IsStableRegistry [3 ms]
  Passed DINOForge.Tests.RegistryExtendedPropertyTests.HigherPrioritySource_WinsConflict [13 ms]
  Passed DINOForge.Tests.AssetReplacementEngineUnitTests.Clear_RemovesAllMappings [1 ms]
  Passed DINOForge.Tests.StatModifierPropertyTests.IdentityModifier_LeavesStatUnchanged [2 ms]
  Passed DINOForge.Tests.RegistryExtendedPropertyTests.EqualPriorityDuplicate_ProducesOneConflict [< 1 ms]
  Passed DINOForge.Tests.Phase4BuildingLODTests.Phase4_CISBuilding_HasCISMaterial(buildingId: "cis_assembly_line") [1 ms]
  Passed DINOForge.Tests.ParameterizedTests.RuntimeFsCheckProperties.OverrideApplicator_ApplyUnitOverrides_AlwaysReturnsZero [1 ms]
  Passed DINOForge.Tests.AssetReplacementEngineUnitTests.ResolveTexture_WithMappingButMissingFile_ReturnsFallbackVanillaPath [1 ms]
  Passed DINOForge.Tests.StatModifierPropertyTests.ReducingModifier_DamageRemainsNonNegative [< 1 ms]
  Passed DINOForge.Tests.Phase4BuildingLODTests.Phase4_RepublicBuilding_HasRepublicMaterial(buildingId: "rep_weapons_factory") [1 ms]
  Passed DINOForge.Tests.AssetReplacementEngineUnitTests.LoadFromManifest_WithEmptyReplacements_TotalMappingsIsZero [1 ms]
  Passed DINOForge.Tests.Phase4BuildingLODTests.Phase4_RepublicBuilding_HasRepublicMaterial(buildingId: "rep_clone_barracks") [1 ms]
  Passed DINOForge.Tests.ParameterizedTests.ValidationFsCheckProperties.CompatibilityChecker_IsVersionInRange_WildcardAlwaysMatches [4 ms]
  Passed DINOForge.Tests.AssetReplacementEngineUnitTests.LoadFromManifest_WithSingleMapping_PopulatesCorrectMap [1 ms]
  Passed DINOForge.Tests.Phase4BuildingLODTests.Phase4_RepublicBuilding_HasRepublicMaterial(buildingId: "rep_vehicle_bay") [1 ms]
  Passed DINOForge.Tests.DependencyResolverExtendedPropertyTests.AddingSatisfiedDep_DoesNotBreakResolution [237 ms]
  Passed DINOForge.Tests.ParameterizedTests.FsCheckPrototype.ResourceCost_Fields_PreservExactly [4 ms]
  Passed DINOForge.Tests.Phase4BuildingLODTests.Phase4_RepublicBuilding_HasRepublicMaterial(buildingId: "rep_shield_generator") [1 ms]
  Passed DINOForge.Tests.NativeInteropTests+RustAssetPipelineTests.ImportAssetAsync_EmptyMeshData_ReturnsValidAsset [248 ms]
  Passed DINOForge.Tests.NativeInteropTests+RustAssetPipelineTests.SkeletonData_CanBeNull [< 1 ms]
  Passed DINOForge.Tests.StatModifierPropertyTests.PositiveModifier_KeepsHpPositive [4 ms]
  Passed DINOForge.Tests.ParameterizedTests.RuntimeFsCheckProperties.LODManager_GetLODTier_IsMonotonic_WithDistance [4 ms]
  Passed DINOForge.Tests.RegistryExtendedPropertyTests.GetNonExistentKey_ReturnsNullNoException [6 ms]
  Passed DINOForge.Tests.Phase4BuildingLODTests.Phase4_RepublicBuilding_HasRepublicMaterial(buildingId: "rep_guard_tower") [1 ms]
  Passed DINOForge.Tests.RegistryPropertyTests.RegisterThenGet_ReturnsItem [10 ms]
  Passed DINOForge.Tests.RegistryPropertyTests.RegisterMultipleUnique_CountIncreases [< 1 ms]
  Passed DINOForge.Tests.PackCompilerCliTests.Validate_WhitespaceOnlyManifest_Throws [11 ms]
  Passed DINOForge.Tests.RegistryPropertyTests.RegisterSameIdTwice_CountUnchanged [< 1 ms]
  Passed DINOForge.Tests.ScenarioDomainCoverageTests.EventAction_DefaultValues [< 1 ms]
  Passed DINOForge.Tests.ParameterizedTests.ValidationFsCheckProperties.JsonGuard_TryValidate_ReturnsFalseWithErrorSummary_OnValidationError [2 ms]
  Passed DINOForge.Tests.ScenarioDomainCoverageTests.ScenarioEventDefinition_WithNullEffect_ThrowsArgumentNullException [1 ms]
  Passed DINOForge.Tests.HotReloadTests.PackFileWatcher_ReloadAll_WithNoPackYaml_ReturnsResult [10 ms]
  Passed DINOForge.Tests.NativeInteropTests+RustAssetPipelineTests.ImportAssetAsync_FileNotFound_ThrowsFileNotFoundException [8 ms]
  Passed DINOForge.Tests.Phase4BuildingLODTests.Phase4_Buildings_UseConsistentScreenSizes [8 ms]
  Passed DINOForge.Tests.NativeInteropTests+RustAssetPipelineTests.MaterialData_CanSetName [< 1 ms]
  Passed DINOForge.Tests.ScenarioDomainCoverageTests.WinConditionDefinition_WithNullDescription_DefaultsToEmpty [< 1 ms]
  Passed DINOForge.Tests.NativeInteropTests+RustAssetPipelineTests.MeshData_TriangleCountCalculation_IsCorrect [< 1 ms]
  Passed DINOForge.Tests.NativeInteropTests+RustAssetPipelineTests.AssetMetadata_PolyCount_IsInteger [< 1 ms]
  Passed DINOForge.Tests.Phase4BuildingLODTests.Phase4_Configuration_ContainsV1_0_0_Buildings [< 1 ms]
  Passed DINOForge.Tests.NativeInteropTests+RustAssetPipelineTests.OptimizedAsset_AllLODs_Present [< 1 ms]
  Passed DINOForge.Tests.ScenarioDomainCoverageTests.ScenarioEventDefinition_DefaultConstructor_HasEmptyTriggers [< 1 ms]
  Passed DINOForge.Tests.ScenarioDomainCoverageTests.DifficultyScaler_Scale_WithMultiplier_ClampsToMax [< 1 ms]
  Passed DINOForge.Tests.ParameterizedTests.FsCheckPrototype.CompatibilityChecker_VersionOutOfRange_Rejected [9 ms]
  Passed DINOForge.Tests.PackCompilerCliTests.Validate_MissingPackYaml_ThrowsFileNotFound [8 ms]
  Passed DINOForge.Tests.ScenarioDomainCoverageTests.WinConditionDefinition_WithNullId_ThrowsArgumentNullException [< 1 ms]
  Passed DINOForge.Tests.ScenarioDomainCoverageTests.DifficultyScaler_GetDifficultyMultiplier_WaveScaling [< 1 ms]
  Passed DINOForge.Tests.ScenarioDomainCoverageTests.DifficultyScaler_GetDifficultyMultiplier_Easy [< 1 ms]
  Passed DINOForge.Tests.Phase4BuildingLODTests.Phase4_Building_HasLODConfiguration(buildingId: "cis_droid_factory") [1 ms]
  Passed DINOForge.Tests.ScenarioDomainCoverageTests.EventAction_WithParameters_StoresCorrectly [< 1 ms]
  Passed DINOForge.Tests.ScenarioDomainCoverageTests.ScenarioEventDefinition_WithNullTriggerParams_DefaultsToEmpty [< 1 ms]
  Passed DINOForge.Tests.ScenarioDomainCoverageTests.DifficultyScaler_GetDifficultyMultiplier_Hard [< 1 ms]
  Passed DINOForge.Tests.EndToEndUserJourneysTests.Journey6_FrameworkVersion_PackLoads_AndFrameworkVersionCanBeRead [26 ms]
  Passed DINOForge.Tests.Phase4BuildingLODTests.Phase4_Building_HasLODConfiguration(buildingId: "cis_assembly_line") [1 ms]
  Passed DINOForge.Tests.HotReloadTests.PackFileWatcher_ReloadAll_WithValidPack_Succeeds [4 ms]
  Passed DINOForge.Tests.RegistryPropertyTests.RegisterThenContains_AlwaysTrue [9 ms]
  Passed DINOForge.Tests.WarfareCoverageGapTests.FactionArchetype_Id_IsPreservedAsProvided [< 1 ms]
  Passed DINOForge.Tests.WarfareCoverageGapTests.FactionArchetype_Constructor_WithEmptyIdWorks [< 1 ms]
  Passed DINOForge.Tests.ParameterizedTests.InstallerFsCheckProperties.UpdateChecker_IsNewer_RespectMonotonicity [11 ms]
  Passed DINOForge.Tests.WarfareCoverageGapTests.FactionArchetype_Constructor_WithNegativeModifier_IsAccepted [< 1 ms]
  Passed DINOForge.Tests.WarfareCoverageGapTests.FactionArchetype_Constructor_WithSpecialCharactersInId_IsAccepted [< 1 ms]
  Passed DINOForge.Tests.ScenarioDomainCoverageTests.StartingConditions_DefaultConstructor_HasEmptyCollections [3 ms]
  Passed DINOForge.Tests.ScenarioDomainCoverageTests.DifficultyScaler_GetDifficultyMultiplier_Nightmare [< 1 ms]
  Passed DINOForge.Tests.ScenarioDomainCoverageTests.StartingConditions_WithParameters_StoresCorrectly [< 1 ms]
  Passed DINOForge.Tests.Phase4BuildingLODTests.Phase4_Building_HasLODConfiguration(buildingId: "cis_ray_shield") [3 ms]
  Passed DINOForge.Tests.WarfareCoverageGapTests.FactionArchetype_AllProperties_AreImmutable [1 ms]
  Passed DINOForge.Tests.ScenarioDomainCoverageTests.WinConditionDefinition_WithAllProperties_StoresCorrectly [< 1 ms]
  Passed DINOForge.Tests.ScenarioDomainCoverageTests.ScenarioValidator_MissingBuildingActionParameters_Fails [< 1 ms]
  Passed DINOForge.Tests.ParameterizedTests.ValidationFsCheckProperties.ValidationResult_Failure_IsInvalid_And_HasErrors [13 ms]
  Passed DINOForge.Tests.ScenarioDomainCoverageTests.ScenarioValidator_WithNullRegistries_ThrowsArgumentNullException [< 1 ms]
  Passed DINOForge.Tests.Phase4BuildingLODTests.Phase4_Building_HasLODConfiguration(buildingId: "cis_heavy_foundry") [1 ms]
  Passed DINOForge.Tests.ScenarioDomainCoverageTests.WinConditionDefinition_DefaultConstructor_HasNoConditions [< 1 ms]
  Passed DINOForge.Tests.ScenarioDomainCoverageTests.ScenarioValidator_MissingWinCondition_Fails [< 1 ms]
  Passed DINOForge.Tests.WarfareCoverageGapTests.FactionArchetype_Constructor_MultipleModifiers_AllPreserved [2 ms]
  Passed DINOForge.Tests.ScenarioDomainCoverageTests.ScenarioValidator_DuplicateEventIds_Fails [< 1 ms]
  Passed DINOForge.Tests.Phase4BuildingLODTests.Phase4_Building_HasLODConfiguration(buildingId: "rep_weapons_factory") [1 ms]
  Passed DINOForge.Tests.ScenarioDomainCoverageTests.ScenarioValidator_NegativeStartingResources_Fails [< 1 ms]
  Passed DINOForge.Tests.WarfareCoverageGapTests.FactionArchetype_Constructor_NullBaseModifiers_ThrowsArgumentNullException [< 1 ms]
  Passed DINOForge.Tests.ScenarioDomainCoverageTests.ScenarioEventDefinition_WithAllProperties_StoresCorrectly [< 1 ms]
  Passed DINOForge.Tests.WarfareCoverageGapTests.FactionArchetype_BaseModifiers_AreAccessible [< 1 ms]
  Passed DINOForge.Tests.WarfareCoverageGapTests.FactionArchetype_BaseModifiers_ReturnsCopyNotReference [< 1 ms]
  Passed DINOForge.Tests.WarfareCoverageGapTests.FactionArchetype_Constructor_WithEmptyDescriptionWorks [< 1 ms]
  Passed DINOForge.Tests.ScenarioDomainCoverageTests.DifficultyScaler_ScaleWaveIntensity_WithInvalidWaveNumber_ThrowsArgumentOutOfRangeException [< 1 ms]
  Passed DINOForge.Tests.WarfareCoverageGapTests.FactionArchetype_BaseModifiers_CaseInsensitiveLookup [< 1 ms]
  Passed DINOForge.Tests.ScenarioDomainCoverageTests.WinConditionDefinition_WithNullParameters_DefaultsToEmpty [< 1 ms]
  Passed DINOForge.Tests.Phase4BuildingLODTests.Phase4_Building_HasLODConfiguration(buildingId: "rep_vehicle_bay") [1 ms]
  Passed DINOForge.Tests.WarfareCoverageGapTests.FactionArchetype_Constructor_WithVeryLargeModifier_IsAccepted [< 1 ms]
  Passed DINOForge.Tests.ScenarioDomainCoverageTests.StartingConditions_WithNullFactions_DefaultsToEmpty [< 1 ms]
  Passed DINOForge.Tests.WarfareCoverageGapTests.FactionArchetype_Constructor_ValidParams_InitializesCorrectly [< 1 ms]
  Passed DINOForge.Tests.ParameterizedTests.ValidationFsCheckProperties.JsonGuard_ValidateOrThrow_ThrowsInvalidDataException_OnValidationError [3 ms]
  Passed DINOForge.Tests.WarfareCoverageGapTests.FactionArchetype_BaseModifiers_CanRetrieveValues [< 1 ms]
  Passed DINOForge.Tests.ScenarioDomainCoverageTests.ScenarioValidator_InvalidVictoryConditionTarget_Fails [< 1 ms]
  Passed DINOForge.Tests.WarfareCoverageGapTests.FactionArchetype_Constructor_EmptyModifiers_IsAccepted [< 1 ms]
  Passed DINOForge.Tests.WarfareCoverageGapTests.FactionArchetype_Constructor_WithEmptyDisplayNameWorks [< 1 ms]
  Passed DINOForge.Tests.WarfareCoverageGapTests.FactionArchetype_Constructor_WithMultipleModifiersWorks [< 1 ms]
  Passed DINOForge.Tests.ScenarioDomainCoverageTests.ScenarioEventDefinition_WithNullId_ThrowsArgumentNullException [< 1 ms]
  Passed DINOForge.Tests.Phase4BuildingLODTests.Phase4_Building_HasLODConfiguration(buildingId: "rep_clone_barracks") [1 ms]
  Passed DINOForge.Tests.ScenarioDomainCoverageTests.StartingConditions_WithNullResources_DefaultsToEmpty [< 1 ms]
  Passed DINOForge.Tests.WarfareCoverageGapTests.FactionArchetype_Constructor_NullDescription_ThrowsArgumentNullException [< 1 ms]
  Passed DINOForge.Tests.ScenarioDomainCoverageTests.ScenarioEventDefinition_WithNullTrigger_ThrowsArgumentNullException [< 1 ms]
  Passed DINOForge.Tests.ScenarioDomainCoverageTests.DifficultyScaler_GetDifficultyMultiplier_Normal [< 1 ms]
  Passed DINOForge.Tests.WarfareCoverageGapTests.FactionArchetype_Constructor_NullDisplayName_ThrowsArgumentNullException [< 1 ms]
  Passed DINOForge.Tests.PackCompilerCliTests.ValidateTotalConversion_FactionMissingId_HasErrors [12 ms]
  Passed DINOForge.Tests.ScenarioDomainCoverageTests.DifficultyScaler_Scale_WithMultiplier_ClampsToMin [< 1 ms]
  Passed DINOForge.Tests.WarfareCoverageGapTests.FactionArchetype_Constructor_WithZeroModifier_IsAccepted [< 1 ms]
  Passed DINOForge.Tests.Phase4BuildingLODTests.Phase4_Building_HasLODConfiguration(buildingId: "cis_sentry_turret") [1 ms]
  Passed DINOForge.Tests.ScenarioDomainCoverageTests.ScenarioValidator_UnknownFaction_Fails [< 1 ms]
  Passed DINOForge.Tests.WarfareCoverageGapTests.FactionArchetype_Constructor_NullId_ThrowsArgumentNullException [< 1 ms]
  Passed DINOForge.Tests.WarfareCoverageGapTests.FactionArchetype_Constructor_WithWhitespaceDescription_IsAccepted [< 1 ms]
  Passed DINOForge.Tests.ScenarioDomainCoverageTests.DefeatCondition_DefaultValues [< 1 ms]
  Passed DINOForge.Tests.ScenarioDomainCoverageTests.DifficultyScaler_HardDifficulty_AggressiveScaling [< 1 ms]
  Passed DINOForge.Tests.Phase4BuildingLODTests.Phase4_Building_HasLODConfiguration(buildingId: "rep_guard_tower") [1 ms]
  Passed DINOForge.Tests.ScenarioDomainCoverageTests.ScenarioValidator_MissingEventActionParameters_Fails [13 ms]
  Passed DINOForge.Tests.ScenarioDomainCoverageTests.DifficultyScaler_ScaleWaveIntensity_ReturnsCorrectValues [< 1 ms]
  Passed DINOForge.Tests.ParameterizedTests.InstallerFsCheckProperties.InstallLifecycle_Manifest_Validate_SucceedsForValidManifest [17 ms]
  Passed DINOForge.Tests.Phase4BuildingLODTests.Phase4_Building_HasLODConfiguration(buildingId: "rep_shield_generator") [13 ms]
  Passed DINOForge.Tests.ParameterizedTests.FsCheckPrototype.ResourceCost_Roundtrip_PreservesAllFields [21 ms]
  Passed DINOForge.Tests.Phase4BuildingLODTests.Phase4_CISBuilding_DefinedInYAML(buildingId: "cis_heavy_foundry") [< 1 ms]
  Passed DINOForge.Tests.ScenarioDomainCoverageTests.ScenarioEventDefinition_WithNullName_ThrowsArgumentNullException [< 1 ms]
  Passed DINOForge.Tests.ScenarioDomainCoverageTests.VictoryCondition_DefaultValues [< 1 ms]
  Passed DINOForge.Tests.Phase4BuildingLODTests.Phase4_CISBuilding_DefinedInYAML(buildingId: "cis_sentry_turret") [< 1 ms]
  Passed DINOForge.Tests.Phase4BuildingLODTests.Phase4_CISBuilding_DefinedInYAML(buildingId: "cis_ray_shield") [< 1 ms]
  Passed DINOForge.Tests.Phase4BuildingLODTests.Phase4_CISBuilding_DefinedInYAML(buildingId: "cis_droid_factory") [< 1 ms]
  Passed DINOForge.Tests.ScenarioDomainCoverageTests.ScenarioValidator_InvalidDefeatConditionTarget_Fails [< 1 ms]
  Passed DINOForge.Tests.Phase4BuildingLODTests.Phase4_CISBuilding_DefinedInYAML(buildingId: "cis_assembly_line") [< 1 ms]
  Passed DINOForge.Tests.ScenarioDomainCoverageTests.ScenarioEventDefinition_WithNullEffectParams_DefaultsToEmpty [< 1 ms]
  Passed DINOForge.Tests.Phase4BuildingLODTests.Phase4_Configuration_Exists [< 1 ms]
  Passed DINOForge.Tests.ScenarioDomainCoverageTests.ScenarioDefinition_DefaultValues [2 ms]
  Passed DINOForge.Tests.ParameterizedTests.InstallerFsCheckProperties.InstallLifecycle_Manifest_Validate_FailsForEmptyFiles [1 ms]
  Passed DINOForge.Tests.ParameterizedTests.ValidationFsCheckProperties.CompatibilityChecker_IsVersionInRange_GreaterThanOrEqual [4 ms]
  Passed DINOForge.Tests.ScenarioDomainCoverageTests.ScenarioValidator_EmptyScenario_Fails [< 1 ms]
  Passed DINOForge.Tests.ScenarioDomainCoverageTests.DifficultyScaler_Scale_WithNullResources_ThrowsArgumentNullException [< 1 ms]
  Passed DINOForge.Tests.ParameterizedTests.RuntimeFsCheckProperties.StatModification_Constructor_ThrowsOnNullSdkPath [42 ms]
  Passed DINOForge.Tests.Phase4BuildingLODTests.Phase4_Configuration_Has10Buildings [3 ms]
  Passed DINOForge.Tests.ScenarioDomainCoverageTests.ScenarioValidator_ValidScenario_Passes [< 1 ms]
  Passed DINOForge.Tests.ScenarioDomainCoverageTests.ScenarioEventDefinition_WithMultipleTriggers_AllStored [< 1 ms]
  Passed DINOForge.Tests.ScenarioDomainCoverageTests.ScriptedEvent_DefaultValues [< 1 ms]
  Passed DINOForge.Tests.ParameterizedTests.RuntimeFsCheckProperties.StatModification_Value_PreservedAfterConstruction [1 ms]
  Passed DINOForge.Tests.ScenarioDomainCoverageTests.ScenarioValidator_NullScenario_ThrowsArgumentNullException [< 1 ms]
  Passed DINOForge.Tests.ScenarioDomainCoverageTests.ScenarioValidator_InvalidEventTriggerValue_Fails [< 1 ms]
  Passed DINOForge.Tests.ScenarioDomainCoverageTests.WinConditionDefinition_WithNullType_ThrowsArgumentNullException [< 1 ms]
  Passed DINOForge.Tests.ParameterizedTests.ValidationFsCheckProperties.ResourceCost_Validate_IsDeterministic [3 ms]
  Passed DINOForge.Tests.Phase4BuildingLODTests.Phase4_Configuration_Has5CISBuildings [3 ms]
  Passed DINOForge.Tests.WinConditionDefinitionUnitTests.DefaultConstructor_ParametersDictUsesOrdinalComparer [< 1 ms]
  Passed DINOForge.Tests.WinConditionDefinitionUnitTests.FullConstructor_WithNullDescription_DefaultsToEmpty [< 1 ms]
  Passed DINOForge.Tests.WinConditionDefinitionUnitTests.CanCreateControlRegionWinCondition [< 1 ms]
  Passed DINOForge.Tests.ThemeDefinitionUnitTests.Validate_With6DigitHexColor_ReturnsSuccess(hexColor: "#000000") [2 ms]
  Passed DINOForge.Tests.ThemeDefinitionUnitTests.Validate_With6DigitHexColor_ReturnsSuccess(hexColor: "#FF6B00") [< 1 ms]
  Passed DINOForge.Tests.ThemeDefinitionUnitTests.Validate_With6DigitHexColor_ReturnsSuccess(hexColor: "#AABBCC") [< 1 ms]
  Passed DINOForge.Tests.ThemeDefinitionUnitTests.Validate_With6DigitHexColor_ReturnsSuccess(hexColor: "#FFFFFF") [< 1 ms]
  Passed DINOForge.Tests.ThemeDefinitionUnitTests.Validate_With6DigitHexColor_ReturnsSuccess(hexColor: "#aabbcc") [< 1 ms]
  Passed DINOForge.Tests.WinConditionDefinitionUnitTests.CanCreateSurviveDurationWinCondition [< 1 ms]
  Passed DINOForge.Tests.WinConditionDefinitionUnitTests.Parameters_CanBeCleared [< 1 ms]
  Passed DINOForge.Tests.WinConditionDefinitionUnitTests.Parameters_CanStoreMultipleEntries [< 1 ms]
  Passed DINOForge.Tests.ThemeDefinitionUnitTests.Validate_WithInvalidPrimaryColor_ReturnsError [< 1 ms]
  Passed DINOForge.Tests.WinConditionDefinitionUnitTests.PropertiesAreIndependent [< 1 ms]
  Passed DINOForge.Tests.WinConditionDefinitionUnitTests.DefaultConstructor_InitializesWithExpectedValues [< 1 ms]
  Passed DINOForge.Tests.ContentLoaderTests.LoadPack_InvalidContent_ReportsErrors [24 ms]
  Passed DINOForge.Tests.WinConditionDefinitionUnitTests.Parameters_CanStoreIntValues [< 1 ms]
  Passed DINOForge.Tests.ThemeDefinitionUnitTests.Validate_WithBlankId_ReturnsError(id: "") [< 1 ms]
  Passed DINOForge.Tests.WinConditionDefinitionUnitTests.FullConstructor_WithNullParameters_DefaultsToEmptyDict [< 1 ms]
  Passed DINOForge.Tests.ThemeDefinitionUnitTests.Validate_WithBlankId_ReturnsError(id: null) [< 1 ms]
  Passed DINOForge.Tests.WinConditionDefinitionUnitTests.Parameters_CanStoreFloatValues [< 1 ms]
  Passed DINOForge.Tests.ThemeDefinitionUnitTests.Validate_WithBlankId_ReturnsError(id: "   ") [< 1 ms]
  Passed DINOForge.Tests.ThemeDefinitionUnitTests.Validate_With8DigitHexColor_ReturnsSuccess(hexColor: "#00000000") [< 1 ms]
  Passed DINOForge.Tests.ThemeDefinitionUnitTests.Validate_With8DigitHexColor_ReturnsSuccess(hexColor: "#FFFFFFFF") [< 1 ms]
  Passed DINOForge.Tests.ThemeDefinitionUnitTests.Validate_With8DigitHexColor_ReturnsSuccess(hexColor: "#aabbccdd") [< 1 ms]
  Passed DINOForge.Tests.ThemeDefinitionUnitTests.Validate_With8DigitHexColor_ReturnsSuccess(hexColor: "#FF6B00FF") [< 1 ms]
  Passed DINOForge.Tests.WinConditionDefinitionUnitTests.FullConstructor_WithNullType_ThrowsArgumentNullException [< 1 ms]
  Passed DINOForge.Tests.ParameterizedTests.FsCheckPrototype.BuildingDefinition_Validate_ErrorCountIsMonotonic [9 ms]
  Passed DINOForge.Tests.WinConditionDefinitionUnitTests.CanCreateElminateFactionWinCondition [< 1 ms]
  Passed DINOForge.Tests.WinConditionDefinitionUnitTests.Parameters_CanStoreStringValues [< 1 ms]
  Passed DINOForge.Tests.ThemeDefinitionUnitTests.ParameterizedConstructor_WithNullId_ThrowsArgumentNullException [< 1 ms]
  Passed DINOForge.Tests.ThemeDefinitionUnitTests.Validate_WithEmptyBackgroundColor_SkipsValidation [< 1 ms]
  Passed DINOForge.Tests.WinConditionDefinitionUnitTests.FullConstructor_WithNullId_ThrowsArgumentNullException [< 1 ms]
  Passed DINOForge.Tests.ThemeDefinitionUnitTests.Validate_WithInvalidHexCharacters_ReturnsError(hexColor: "#GGGGGG") [< 1 ms]
  Passed DINOForge.Tests.ParameterizedTests.ValidationFsCheckProperties.CompatibilityChecker_IsVersionInRange_ExclusiveUpperBound [4 ms]
  Passed DINOForge.Tests.ThemeDefinitionUnitTests.Validate_WithInvalidHexCharacters_ReturnsError(hexColor: "#XYZ000") [< 1 ms]
  Passed DINOForge.Tests.WinConditionDefinitionUnitTests.CanCreateReachPopulationWinCondition [< 1 ms]
  Passed DINOForge.Tests.ThemeDefinitionUnitTests.Validate_WithInvalidHexCharacters_ReturnsError(hexColor: "#12345G") [< 1 ms]
  Passed DINOForge.Tests.WinConditionDefinitionUnitTests.FullConstructor_WithValidArguments_InitializesCorrectly [< 1 ms]
  Passed DINOForge.Tests.ThemeDefinitionUnitTests.Validate_WithBlankName_ReturnsError(name: null) [< 1 ms]
  Passed DINOForge.Tests.ThemeDefinitionUnitTests.Validate_WithBlankName_ReturnsError(name: "") [< 1 ms]
  Passed DINOForge.Tests.UniverseLoaderValidationTests.UniverseLoader_RejectsStyleGuideWithBlankColorPrimary [6 ms]
  Passed DINOForge.Tests.ThemeDefinitionUnitTests.Validate_WithBlankName_ReturnsError(name: "   ") [< 1 ms]
  Passed DINOForge.Tests.ResourceReaderTests.ComponentMap_ResourceMapping_HasCorrectMetadata(sdkPath: "resource.current.stone", expectedEcsType: "Components.RawComponents.CurrentStone", expectedField: "value") [1 ms]
  Passed DINOForge.Tests.ResourceReaderTests.ComponentMap_ResourceMapping_HasCorrectMetadata(sdkPath: "resource.current.food", expectedEcsType: "Components.RawComponents.CurrentFood", expectedField: "value") [< 1 ms]
  Passed DINOForge.Tests.ResourceReaderTests.ComponentMap_ResourceMapping_HasCorrectMetadata(sdkPath: "resource.current.souls", expectedEcsType: "Components.RawComponents.CurrentSouls", expectedField: "value") [< 1 ms]
  Passed DINOForge.Tests.ResourceReaderTests.ComponentMap_ResourceMapping_HasCorrectMetadata(sdkPath: "resource.current.wood", expectedEcsType: "Components.RawComponents.CurrentWood", expectedField: "value") [< 1 ms]
  Passed DINOForge.Tests.ResourceReaderTests.ComponentMap_ResourceMapping_HasCorrectMetadata(sdkPath: "resource.current.iron", expectedEcsType: "Components.RawComponents.CurrentIron", expectedField: "value") [< 1 ms]
  Passed DINOForge.Tests.ResourceReaderTests.ComponentMap_ResourceMapping_HasCorrectMetadata(sdkPath: "resource.current.spirit", expectedEcsType: "Components.RawComponents.CurrentSpirit", expectedField: "valueContainer.value") [< 1 ms]
  Passed DINOForge.Tests.ResourceReaderTests.ComponentMap_ResourceMapping_HasCorrectMetadata(sdkPath: "resource.current.money", expectedEcsType: "Components.RawComponents.CurrentMoney", expectedField: "value") [< 1 ms]
  Passed DINOForge.Tests.ResourceReaderTests.ComponentMap_ResourceMapping_HasCorrectMetadata(sdkPath: "resource.current.bones", expectedEcsType: "Components.RawComponents.CurrentBones", expectedField: "valueContainer.value") [< 1 ms]
  Passed DINOForge.Tests.ThemeDefinitionUnitTests.Validate_WithMultipleInvalidColors_ReturnsAllErrors [< 1 ms]
  Passed DINOForge.Tests.ResourceReaderTests.FallbackChain_FoodAlternatives_CoversExpectedVariants [< 1 ms]
  Passed DINOForge.Tests.ThemeDefinitionUnitTests.Validate_WithHexColorMissingHashPrefix_ReturnsError [< 1 ms]
  Passed DINOForge.Tests.ResourceReaderTests.FieldPath_Flat_Float_ReturnsCoercedValue [< 1 ms]
  Passed DINOForge.Tests.ThemeDefinitionUnitTests.DefaultConstructor_InitializesWithExpectedDefaults [< 1 ms]
  Passed DINOForge.Tests.ParameterizedTests.InstallerFsCheckProperties.InstallLifecycle_PathNormalization_EquivalentWithTrailingSlash [9 ms]
  Passed DINOForge.Tests.ThemeDefinitionUnitTests.ParameterizedConstructor_WithNullName_ThrowsArgumentNullException [< 1 ms]
  Passed DINOForge.Tests.ThemeDefinitionUnitTests.Validate_WithValidDefinition_ReturnsSuccess [< 1 ms]
  Passed DINOForge.Tests.ThemeDefinitionUnitTests.ParameterizedConstructor_WithNullPrimaryColor_ThrowsArgumentNullException [< 1 ms]
  Passed DINOForge.Tests.ThemeDefinitionUnitTests.ParameterizedConstructor_SetsCoreProperties [< 1 ms]
  Passed DINOForge.Tests.ParameterizedTests.FsCheckPrototype.JsonRpcRequest_Id_RoundTrip_PreservesValue [10 ms]
  Passed DINOForge.Tests.UniverseLoaderValidationTests.UniverseLoader_RejectsFactionTaxonomyWithBlankFactionId [10 ms]
  Passed DINOForge.Tests.PackCompilerCliTests.Build_ValidPack_CreatesOutputDirectory [40 ms]
  Passed DINOForge.Tests.PackCompilerCliTests.ValidateTotalConversion_PartialVanillaReplacement_IsValid [4 ms]
  Passed DINOForge.Tests.ResourceReaderTests.ResourceSnapshot_HasAllEightResourceFields [13 ms]
  Passed DINOForge.Tests.ParameterizedTests.FsCheckPrototype.PackManifest_Version_RoundTrip_PreservesValue [5 ms]
  Passed DINOForge.Tests.PackRegistryClientTests.GetAllPacksAsync_CachesResults_UntilCacheIsInvalidated [16 ms]
  Passed DINOForge.Tests.ResourceReaderTests.FallbackChain_BonesAndSpirit_IncludeNestedPath [< 1 ms]
  Passed DINOForge.Tests.ResourceReaderTests.FieldPath_Flat_Int_ReturnsValue [< 1 ms]
  Passed DINOForge.Tests.PackRegistryClientTests.GetByIdAsync_ReturnsNullForUnknownPackId [< 1 ms]
  Passed DINOForge.Tests.ResourceReaderTests.ResourceSnapshot_DefaultValues_AreZero [< 1 ms]
  Passed DINOForge.Tests.ResourceReaderTests.ResourceSnapshot_AllFieldsAssignable [< 1 ms]
  Passed DINOForge.Tests.ResourceReaderTests.FallbackChain_ReturnsFirstNonZeroResult [< 1 ms]
  Passed DINOForge.Tests.ResourceReaderTests.FieldPath_UnknownField_ReturnsNull [< 1 ms]
  Passed DINOForge.Tests.ResourceReaderTests.FieldPath_UnknownNestedField_ReturnsNull [< 1 ms]
  Passed DINOForge.Tests.ResourceReaderTests.ResourceSnapshot_NonNegative_Invariant [< 1 ms]
  Passed DINOForge.Tests.ResourceReaderTests.FieldPath_Nested_ValueContainerDotValue_ReturnsValue [< 1 ms]
  Passed DINOForge.Tests.ResourceReaderTests.HandleGetResources_TimeoutGuard_ReturnsEmptySnapshotOnTimeout [< 1 ms]
  Passed DINOForge.Tests.ResourceReaderTests.BugFix_IncludePrefab_IsDocumentedRequirement [< 1 ms]
  Passed DINOForge.Tests.ResourceReaderTests.FieldPath_ZeroValue_ReturnsZero [< 1 ms]
  Passed DINOForge.Tests.EndToEndUserJourneysTests.Journey1_InstallPlay_PackLoadsSuccessfully [43 ms]
  Passed DINOForge.Tests.UniverseLoaderValidationTests.UniverseLoader_RejectsNamingGuideWithBlankFactionRuleKey [9 ms]
  Passed DINOForge.Tests.ParameterizedTests.DomainFsCheckProperties.EconomyProfile_GetProductionMultiplier_UnmappedResource_ReturnsDefault [9 ms]
  Passed DINOForge.Tests.PollingHelperTests.RetryUntilTrueAsync_SucceedsOnNthProbe [94 ms]
  Passed DINOForge.Tests.EndToEndUserJourneysTests.Journey4_Debug_CircularDependencies_Detected [2 ms]
  Passed DINOForge.Tests.PackRegistryClientTests.SearchAsync_AndConvenienceMethods_FilterCachedRegistryCorrectly [6 ms]
  Passed DINOForge.Tests.NativeInteropTests+RustAssetPipelineTests.OptimizeAssetAsync_FallbackPath_WhenRustUnavailable [61 ms]
  Passed DINOForge.Tests.ParameterizedTests.InstallerFsCheckProperties.InstallLifecycle_Manifest_RoundTrip_PreservesExactly [23 ms]
  Passed DINOForge.Tests.UniverseLoaderValidationTests.UniverseLoader_RejectsCrosswalkDictionaryWithBlankEntryThemedId [7 ms]
  Passed DINOForge.Tests.ParameterizedTests.RealFsCheckPropertyTests.Two_Manifests_Have_Independent_Versions [8 ms]
  Passed DINOForge.Tests.SdkValidationEdgeCaseTests.NJsonSchemaValidator_CachesSchemas_SecondValidationUsesCachedSchema [141 ms]
  Passed DINOForge.Tests.SdkValidationEdgeCaseTests.NJsonSchemaValidator_ValidateWithMissingSchema_ThrowsInvalidOperationException [< 1 ms]
  Passed DINOForge.Tests.SdkValidationEdgeCaseTests.NJsonSchemaValidator_ValidateWithWhitespaceYamlContent_ThrowsArgumentException [< 1 ms]
  Passed DINOForge.Tests.ParameterizedTests.DomainFsCheckProperties.EconomyProfile_GetConsumptionMultiplier_UnmappedResource_ReturnsDefault [16 ms]
  Passed DINOForge.Tests.ParameterizedTests.RealFsCheckPropertyTests.FrameworkVersion_Preserved_As_String [8 ms]
  Passed DINOForge.Tests.UniverseLoaderValidationTests.UniverseLoader_LoadFromDirectory_RejectsUniverseBibleWithBlankName [11 ms]
  Passed DINOForge.Tests.PackCompilerCliTests.Validate_MissingRequiredName_ThrowsInvalidOperation [23 ms]
  Passed DINOForge.Tests.ParameterizedTests.InstallerFsCheckProperties.UpdateChecker_IsNewer_ReturnsFalseForEqualVersions [10 ms]
  Passed DINOForge.Tests.SdkValidationEdgeCaseTests.NJsonSchemaValidator_ValidateWithInvalidType_ReturnFailure [2 ms]
  Passed DINOForge.Tests.SdkValidationEdgeCaseTests.NJsonSchemaValidator_ValidateWithNullYamlContent_ThrowsArgumentException [< 1 ms]
  Passed DINOForge.Tests.HotReloadTests.PackFileWatcher_ConcurrentEnqueue_DoesNotThrow [79 ms]
  Passed DINOForge.Tests.SdkValidationEdgeCaseTests.YamlSchemaConverter_ConvertWithNestedStructures_PreservesHierarchy [< 1 ms]
  Passed DINOForge.Tests.SdkValidationEdgeCaseTests.YamlSchemaConverter_ConvertEmptyYaml_ReturnsEmptyJsonObject [< 1 ms]
  Passed DINOForge.Tests.SdkValidationEdgeCaseTests.NJsonSchemaValidator_ValidateWithNullSchemaName_ThrowsArgumentException [< 1 ms]
  Passed DINOForge.Tests.ParameterizedTests.FsCheckPrototype.UnitDefinition_Validate_IsDeterministic [21 ms]
  Passed DINOForge.Tests.UniverseLoaderValidationTests.UniverseLoader_RejectsUniverseBibleWithBlankId [3 ms]
  Passed DINOForge.Tests.SdkValidationEdgeCaseTests.NJsonSchemaValidator_ValidateWithValidInput_ReturnSuccess [< 1 ms]
  Passed DINOForge.Tests.SdkValidationEdgeCaseTests.YamlSchemaConverter_ConvertWithSpecialCharacters_HandlesCorrectly [< 1 ms]
  Passed DINOForge.Tests.SdkValidationEdgeCaseTests.YamlSchemaConverter_ConvertNullYaml_ThrowsArgumentNullException [< 1 ms]
  Passed DINOForge.Tests.SdkValidationEdgeCaseTests.NJsonSchemaValidator_ValidateWithMalformedYaml_ReturnFailure [< 1 ms]
  Passed DINOForge.Tests.PackCompilerCliTests.Validate_ValidPack_Succeeds [5 ms]
  Passed DINOForge.Tests.BridgeClientTests.WaitResult_PropertiesRoundtrip [1 ms]
  Passed DINOForge.Tests.SdkValidationEdgeCaseTests.NJsonSchemaValidator_ValidateWithEmptyYamlContent_ThrowsArgumentException [< 1 ms]
  Passed DINOForge.Tests.SdkValidationEdgeCaseTests.NJsonSchemaValidator_ValidateWithEmptySchemaName_ThrowsArgumentException [< 1 ms]
  Passed DINOForge.Tests.SchemaValidationTests.InvalidDoctrine_MissingId_Fails [22 ms]
  Passed DINOForge.Tests.ParameterizedTests.DomainFsCheckProperties.TradeRouteDefinition_ExchangeRate_RoundTrip_PreservesValue [6 ms]
  Passed DINOForge.Tests.ContentLoaderTests.LoadPacks_WithLoadOrder_LoadsInCorrectOrder [50 ms]
  Passed DINOForge.Tests.ParameterizedTests.RealFsCheckPropertyTests.VersionString_RoundTrips_Successfully [4 ms]
  Passed DINOForge.Tests.ParameterizedTests.InstallerFsCheckProperties.InstallLifecycle_PathNormalization_IsIdempotent [6 ms]
  Passed DINOForge.Tests.HotReloadTests.PackFileWatcher_Dispose_StopsWatching [8 ms]
  Passed DINOForge.Tests.GameClientOptionsUnitTests.Constructor_ProducedExpectedDefaults [< 1 ms]
  Passed DINOForge.Tests.GameClientOptionsUnitTests.RetryCountAndDelay_CanBeSetAndRetrieved [< 1 ms]
  Passed DINOForge.Tests.GameClientOptionsUnitTests.UseMessageFraming_DefaultTrueAndCanToggle [< 1 ms]
  Passed DINOForge.Tests.GameClientOptionsUnitTests.PerformConnectHandshake_CanBeDisabledForLegacyServers [< 1 ms]
  Passed DINOForge.Tests.GameClientOptionsUnitTests.MaxMessageSize_CanBeSetToCustomValue [< 1 ms]
  Passed DINOForge.Tests.GameClientOptionsUnitTests.ConnectTimeoutMs_CanBeSetAndRetrieved [< 1 ms]
  Passed DINOForge.Tests.GameClientOptionsUnitTests.PerformConnectHandshake_DefaultTruePerPhase4c [< 1 ms]
  Passed DINOForge.Tests.GameClientOptionsUnitTests.PipeName_CanBeSetAndRetrieved [< 1 ms]
  Passed DINOForge.Tests.ModelValidationTests.ResourceCost_AllNonNegative_IsValid [< 1 ms]
  Passed DINOForge.Tests.ModelValidationTests.ResourceCost_NegativeGold_ReturnsValidationError [< 1 ms]
  Passed DINOForge.Tests.HotReloadTests.HotReloadResult_Partial_HasUpdatesAndErrors [1 ms]
  Passed DINOForge.Tests.ModelValidationTests.SquadDefinition_InvertedSize_ReturnsValidationError [< 1 ms]
  Passed DINOForge.Tests.ModelValidationTests.SpawnGroup_NegativeCount_ReturnsValidationError [< 1 ms]
  Passed DINOForge.Tests.SDK.UI.ModSettingsHostAdapterTests.Register_DuplicateId_LastWriterWins_AndDisposesPrevious [1 ms]
  Passed DINOForge.Tests.SDK.UI.ModSettingsHostAdapterTests.Instance_ImplementsIModSettingsHost [< 1 ms]
  Passed DINOForge.Tests.BridgeClientTests.GameStatus_RoundTrip_SerializesCorrectly [8 ms]
  Passed DINOForge.Tests.BridgeClientTests.GameClientOptions_HasCorrectDefaults [< 1 ms]
  Passed DINOForge.Tests.HotReloadTests.PackFileWatcher_Stop_WhenNotStarted_DoesNotThrow [2 ms]
  Passed DINOForge.Tests.SDK.UI.ModSettingsHostAdapterTests.UnregisterSettingsPanel_ThrowsOnNullOrEmptyModId [< 1 ms]
  Passed DINOForge.Tests.SDK.UI.ModSettingsHostAdapterTests.RegisterSettingsPanel_ThrowsOnNullModId [< 1 ms]
  Passed DINOForge.Tests.ModelSnapshotTests.TradeRoute_RoundTrip_Snapshot [5 ms]
  Passed DINOForge.Tests.PackCompilerCliTests.Validate_PackWithMultipleContentTypes_Succeeds [9 ms]
  Passed DINOForge.Tests.SDK.UI.ModSettingsHostAdapterTests.RegisterSettingsPanel_ThrowsOnEmptyModId [< 1 ms]
  Passed DINOForge.Tests.HotReloadTests.PackFileWatcher_Dispose_ThenStart_Throws [1 ms]
  Passed DINOForge.Tests.SDK.UI.ModSettingsHostAdapterTests.RegisterSettingsPanel_ThrowsOnNullPanel [< 1 ms]
  Passed DINOForge.Tests.BridgeClientTests.GameClient_Dispose_TransitionsToDisconnected [2 ms]
  Passed DINOForge.Tests.SDK.UI.ModSettingsHostAdapterTests.Register_ThenSnapshot_ContainsPanel [< 1 ms]
  Passed DINOForge.Tests.SDK.UI.ModSettingsHostAdapterTests.UnregisterSettingsPanel_UnknownId_NoOp [< 1 ms]
  Passed DINOForge.Tests.SDK.UI.ModSettingsHostAdapterTests.Instance_IsSingleton [< 1 ms]
  Passed DINOForge.Tests.Pattern101EnumDiscriminatorTests.SkillEffect_Validate_AcceptsAllKnownModifierTypes [7 ms]
  Passed DINOForge.Tests.ParameterizedTests.FsCheckPrototype.PackManifest_DependencyLists_AreIndependent [22 ms]
  Passed DINOForge.Tests.Pattern101EnumDiscriminatorTests.ResourceRate_Validate_AcceptsAllKnownResourceKinds [1 ms]
  Passed DINOForge.Tests.BridgeClientTests.PingResult_RoundTrip_SerializesCorrectly [9 ms]
  Passed DINOForge.Tests.NativeInteropTests+RustAssetPipelineTests.ImportAssetAsync_FallbackPath_WhenRustUnavailable [27 ms]
  Passed DINOForge.Tests.NativeInteropTests+RustAssetPipelineTests.IsAvailable_DocumentsCurrentState [< 1 ms]
  Passed DINOForge.Tests.SDKCovGapTests+RegistryImportServiceTests.RegistryManager_Units_Property_ReturnsUnitRegistry [< 1 ms]
  Passed DINOForge.Tests.Pattern101EnumDiscriminatorTests.StatOverrideEntry_Validate_AcceptsAllKnownModes [1 ms]
  Passed DINOForge.Tests.SDKCovGapTests+RegistryImportServiceTests.RegistryManager_Factions_Property_ReturnsFactionRegistry [< 1 ms]
  Passed DINOForge.Tests.Pattern101EnumDiscriminatorTests.StatOverrideEntry_Validate_RejectsUnknownMode [< 1 ms]
  Passed DINOForge.Tests.SDKCovGapTests+RegistryImportServiceTests.RegistryManager_Doctrines_Property_ReturnsDoctrineRegistry [< 1 ms]
  Passed DINOForge.Tests.ModelSnapshotTests.EconomyProfile_RoundTrip_Snapshot [13 ms]
  Passed DINOForge.Tests.Pattern101EnumDiscriminatorTests.SkillEffect_Validate_RejectsBlankStat [< 1 ms]
  Passed DINOForge.Tests.SDKCovGapTests+RegistryImportServiceTests.RegistryManager_Buildings_Property_ReturnsBuildingRegistry [< 1 ms]
  Passed DINOForge.Tests.Pattern101EnumDiscriminatorTests.ResourceRate_Validate_RejectsUnknownResourceKind [< 1 ms]
  Passed DINOForge.Tests.ContentLoaderTests.LoadPack_ManifestWithEmptyLoadsSection_LoadsSuccessfully [22 ms]
  Passed DINOForge.Tests.BridgeClientTests.ComponentMapResult_RoundTrip_SerializesCorrectly [3 ms]
  Passed DINOForge.Tests.SDKCovGapTests+RegistryImportServiceTests.RegistryManager_Weapons_Property_ReturnsWeaponRegistry [< 1 ms]
  Passed DINOForge.Tests.Pattern101EnumDiscriminatorTests.SkillEffect_Validate_RejectsUnknownModifierType [< 1 ms]
  Passed DINOForge.Tests.ParameterizedTests.DomainFsCheckProperties.ScenarioDefinition_Difficulty_Enum_RoundTrip_Exact [5 ms]
  Passed DINOForge.Tests.EnvironmentCompatibilityTests.TestRdpCompatibility [3 ms]
  Passed DINOForge.Tests.Pattern101EnumDiscriminatorTests.ResourceRate_DefaultResourceKind_IsFood [< 1 ms]
  Passed DINOForge.Tests.SDKCovGapTests+RegistryImportServiceTests.RegistryManager_Waves_Property_ReturnsWaveRegistry [< 1 ms]
  Passed DINOForge.Tests.SchemaValidationTests.ValidManifest_PassesValidation [24 ms]
  Passed DINOForge.Tests.SDKCovGapTests+RegistryImportServiceTests.RegistryManager_Skills_Property_ReturnsSkillRegistry [1 ms]
  Passed DINOForge.Tests.Bridge.BridgeReceiptVerifierTests.MissingReceipt_Strict_ReturnsInvalid [1 ms]
  Passed DINOForge.Tests.PackCompilerCliTests.JsonOutput_ValidPackValidation_ReturnsValidJson [19 ms]
  Passed DINOForge.Tests.SDKCovGapTests+RegistryImportServiceTests.RegistryManager_Projectiles_Property_ReturnsProjectileRegistry [2 ms]
  Passed DINOForge.Tests.ModelSnapshotTests.WaveDefinition_RoundTrip_Snapshot [6 ms]
  Passed DINOForge.Tests.EndToEndUserJourneysTests.Journey5_PackConflicts_DetectedCorrectly [47 ms]
  Passed DINOForge.Tests.PackCompilerCliTests.JsonOutput_PackValidationError_ReturnsErrorJson [1 ms]
  Passed DINOForge.Tests.BridgeClientTests.StatResult_PropertiesRoundtrip [6 ms]
  Passed DINOForge.Tests.BridgeClientTests.VerifyResult_PropertiesRoundtrip [2 ms]
  Passed DINOForge.Tests.BridgeClientTests.GameClientException_PreservesInnerException [< 1 ms]
  Passed DINOForge.Tests.BridgeClientTests.JsonRpcResponse_WithError_SerializesCorrectly [< 1 ms]
  Passed DINOForge.Tests.BridgeClientTests.ConnectionState_HasExpectedValues [1 ms]
  Passed DINOForge.Tests.ModelSnapshotTests.UniverseBible_RoundTrip_Snapshot [5 ms]
  Passed DINOForge.Tests.Bridge.BridgeClientRobustnessTests.DumpStateAsync_WithoutPath_PassesNullPath [34 ms]
  Passed DINOForge.Tests.Bridge.BridgeReceiptVerifierTests.Frame0_Rejected_OnNonHandshakeMethod [8 ms]
  Passed DINOForge.Tests.PackCompilerCliTests.Validate_MissingRequiredId_ThrowsInvalidOperation [5 ms]
  Passed DINOForge.Tests.Bridge.BridgeClientRobustnessTests.IsConnected_WhenDisconnected_ReturnsFalse [< 1 ms]
  Passed DINOForge.Tests.Bridge.BridgeReceiptVerifierTests.MissingReceipt_WarnOnly_ReturnsValidWithReason [1 ms]
  Passed DINOForge.Tests.SchemaValidationTests.ValidSquad_PassesValidation [10 ms]
  Passed DINOForge.Tests.Bridge.BridgeReceiptVerifierTests.Off_Mode_AlwaysValid_NoVerification [< 1 ms]
  Passed DINOForge.Tests.EnvironmentCompatibilityTests.LogEnvironmentDetails [12 ms]
  Passed DINOForge.Tests.Bridge.BridgeReceiptVerifierTests.TamperedPayload_RejectedInStrict [< 1 ms]
  Passed DINOForge.Tests.EnvironmentCompatibilityTests.TestSandboxEnvironmentHandling [2 ms]
  Passed DINOForge.Tests.PackCompilerCliTests.ValidateTotalConversion_ValidTc_Succeeds [4 ms]
  Passed DINOForge.Tests.ContentLoaderTests.LoadPacks_ResolvesOrder [16 ms]
  Passed DINOForge.Tests.BridgeClientTests.CatalogSnapshot_RoundTrip_SerializesCorrectly [6 ms]
  Passed DINOForge.Tests.EnvironmentCompatibilityTests.TestDesktopLaunchSucceeds [1 ms]
  Passed DINOForge.Tests.EconomyTests.EconomyProfile_GetProductionMultiplier_ReturnsSetValue [< 1 ms]
  Passed DINOForge.Tests.BridgeClientTests.GameClient_WithOptions_DoesNotThrow [< 1 ms]
  Passed DINOForge.Tests.BridgeClientTests.GameClient_DefaultConstructor_DoesNotThrow [< 1 ms]
  Passed DINOForge.Tests.BridgeClientTests.GameClientException_PreservesMessage [< 1 ms]
  Passed DINOForge.Tests.EconomyTests.ProductionCalculator_ResourceBalance_CalculatesNetCorrectly [< 1 ms]
  Passed DINOForge.Tests.EconomyTests.FactionEconomySummary_ConstructorSetsAllProperties [< 1 ms]
  Passed DINOForge.Tests.EconomyTests.ProductionCalculator_BuildingOutput_AppliesProfileMultiplier [< 1 ms]
  Passed DINOForge.Tests.PackCompilerCliTests.ValidateTotalConversion_FactionMissingReplaces_DeserializesOk [3 ms]
  Passed DINOForge.Tests.EconomyTests.EconomyValidator_Validate_ValidPack_PassesValidation [< 1 ms]
  Passed DINOForge.Tests.ParameterizedTests.DomainFsCheckProperties.TradeRouteDefinition_Validate_IsDeterministic [14 ms]
  Passed DINOForge.Tests.Bridge.BridgeClientRobustnessTests.DumpStateAsync_WithPath_PassesPath [10 ms]
  Passed DINOForge.Tests.ModelSnapshotTests.UnitDefinition_RoundTrip_Snapshot [10 ms]
  Passed DINOForge.Tests.SchemaValidationTests.ValidBuilding_PassesValidation [9 ms]
  Passed DINOForge.Tests.Bridge.BridgeClientRobustnessTests.Constructor_WithNullOptions_UsesDefaults [< 1 ms]
  Passed DINOForge.Tests.Bridge.BridgeClientRobustnessTests.Dispose_SetsStateToDisconnected [< 1 ms]
  Passed DINOForge.Tests.Bridge.BridgeClientRobustnessTests.ThrowIfDisposed_WhenNotDisposed_DoesNotThrow [< 1 ms]
  Passed DINOForge.Tests.ContentLoaderTests.LoadPack_MalformedYamlFile_ErrorInResult [6 ms]
  Passed DINOForge.Tests.Bridge.BridgeReceiptVerifierTests.SessionKeyCache_RoundTrip [9 ms]
  Passed DINOForge.Tests.ModelSnapshotTests.PackManifest_RoundTrip_Snapshot [2 ms]
  Passed DINOForge.Tests.PackCompilerCliTests.Validate_InvalidYaml_Throws [4 ms]
  Passed DINOForge.Tests.SchemaSelfValidationTests.FactionSchemaHasRequiredFields [20 ms]
  Passed DINOForge.Tests.BalanceCalculatorTests.CalculateFactionPower_AggregatesAllFactionUnits [1 ms]
  Passed DINOForge.Tests.BalanceCalculatorTests.CompareFactions_BalancedFactions_ReportsBalanced [< 1 ms]
  Passed DINOForge.Tests.BalanceCalculatorTests.CalculatePowerRating_HigherStatsProduceHigherPower [< 1 ms]
  Passed DINOForge.Tests.BalanceCalculatorTests.CalculatePowerRating_ReturnsPositiveValue [7 ms]
  Passed DINOForge.Tests.BalanceCalculatorTests.CompareFactions_ImbalancedFactions_ReportsAdvantage [< 1 ms]
  Passed DINOForge.Tests.SDKCoverageTests.YamlLoader_Deserialize_WithNullString_ReturnsDefault [< 1 ms]
  Passed DINOForge.Tests.EconomyTests.EconomyBalanceCalculator_GenerateReport_ReturnsNonNullReportWithPackId [15 ms]
  Passed DINOForge.Tests.SDKCoverageTests.RegistryConflict_CanCreateWithValues [< 1 ms]
  Passed DINOForge.Tests.Bridge.BridgeReceiptVerifierTests.CanonicalJson_ClientServerByteEquality [13 ms]
  Passed DINOForge.Tests.ContentLoaderTests.LoadPack_NoLoadsSection_ScansConventionalDirs [14 ms]
  Passed DINOForge.Tests.EconomyTests.EconomyPlugin_GenerateBalanceReport_NullProfiles_Throws [1 ms]
  Passed DINOForge.Tests.EconomyTests.ResourceRate_DefaultMultiplier_IsOne [< 1 ms]
  Passed DINOForge.Tests.Bridge.BridgeReceiptVerifierTests.FrameRegression_Rejected [< 1 ms]
  Passed DINOForge.Tests.EconomyTests.TradeEngine_EvaluateTradeRoute_NotProfitableWhenNoSurplus [< 1 ms]
  Passed DINOForge.Tests.EconomyTests.EconomyPlugin_GenerateBalanceReport_EmptyPackId_Throws [< 1 ms]
  Passed DINOForge.Tests.EconomyTests.TradeEngine_CalculateExchangeRate_AppliesProfileModifier [< 1 ms]
  Passed DINOForge.Tests.EconomyTests.EconomyPlugin_Constructor_InitializesAllSubsystems [< 1 ms]
  Passed DINOForge.Tests.Bridge.BridgeClientRobustnessTests.GetResourcesAsync_CreatesTask [16 ms]
  Passed DINOForge.Tests.EconomyTests.EconomyValidator_Validate_EmptyPackId_Throws [< 1 ms]
  Passed DINOForge.Tests.SDKCoverageTests.AddressablesCatalog_Load_InvalidJson_ThrowsInvalidOperationException [3 ms]
  Passed DINOForge.Tests.EndToEndUserJourneysTests.Journey3_TotalConversion_VisualAssets_MappedCorrectly [32 ms]
  Passed DINOForge.Tests.ModelSnapshotTests.ScenarioDefinition_RoundTrip_Snapshot [15 ms]
  Passed DINOForge.Tests.Bridge.BridgeReceiptVerifierTests.Frame0_Accepted_OnHandshake [2 ms]
  Passed DINOForge.Tests.EconomyTests.TradeEngine_GetOptimalTrades_ZeroAvailableResources_ReturnsNoSuggestions [1 ms]
  Passed DINOForge.Tests.EconomyTests.ResourceRate_ValidTypes_ContainsAllFiveResources [< 1 ms]
  Passed DINOForge.Tests.Bridge.BridgeReceiptVerifierTests.SessionKeyCache_RejectsWrongLengthKey [< 1 ms]
  Passed DINOForge.Tests.Bridge.BridgeReceiptVerifierTests.WrongSessionKey_RejectedInStrict [< 1 ms]
  Passed DINOForge.Tests.SDKCoverageTests.PackSubmoduleManager_ReadLockFile_WithNoLockFile_ReturnsEmpty [1 ms]
  Passed DINOForge.Tests.SDKCoverageTests.ContentLoadResult_Success_CreatesCorrectResult [< 1 ms]
  Passed DINOForge.Tests.EconomyTests.TradeEngine_GetOptimalTrades_SuggestsTradeForDeficit [< 1 ms]
  Passed DINOForge.Tests.EconomyTests.EconomyProfile_GetConsumptionMultiplier_DefaultsToOne [< 1 ms]
  Passed DINOForge.Tests.ModelSnapshotTests.DoctrineDefinition_RoundTrip_Snapshot [2 ms]
  Passed DINOForge.Tests.EconomyTests.ResourceRate_EffectiveRate_MultipliesBaseByMultiplier [< 1 ms]
  Passed DINOForge.Tests.EconomyTests.ProductionCalculator_BuildingOutput_AppliesWorkerCount [< 1 ms]
  Passed DINOForge.Tests.Bridge.BridgeReceiptVerifierTests.ValidReceipt_PassesVerification [1 ms]
  Passed DINOForge.Tests.DoctrineTests.ApplyDoctrine_DoesNotMutateInput [< 1 ms]
  Passed DINOForge.Tests.EconomyTests.EconomyPlugin_GenerateBalanceReport_NullTradeRoutes_Throws [< 1 ms]
  Passed DINOForge.Tests.SDKCoverageTests.ContentDiscoveryService_DiscoverYamlFiles_WithNoFiles_ReturnsEmpty [1 ms]
  Passed DINOForge.Tests.DoctrineTests.ApplyAll_AppliesArchetypeThenDoctrine [< 1 ms]
  Passed DINOForge.Tests.DoctrineTests.ApplyAll_WithNullDoctrine_OnlyAppliesArchetype [< 1 ms]
  Passed DINOForge.Tests.EconomyTests.EconomyPlugin_ValidatePack_RejectsEmptyPackId [< 1 ms]
  Passed DINOForge.Tests.PollingHelperTests.RetryUntilAsync_ThrowsOnCancellation [87 ms]
  Passed DINOForge.Tests.EconomyTests.FactionEconomySummary_WithDeficits [< 1 ms]
  Passed DINOForge.Tests.DoctrineTests.ValidateDoctrine_AcceptsValidModifiers [< 1 ms]
  Passed DINOForge.Tests.EconomyTests.TradeEngine_GetOptimalTrades_ReturnsEmptyWhenNoDeficits [< 1 ms]
  Passed DINOForge.Tests.EconomyTests.TradeEngine_GetOptimalTrades_DisabledRoute_IsNotSuggested [< 1 ms]
  Passed DINOForge.Tests.DoctrineTests.ValidateDoctrine_ReportsExtremeValues [< 1 ms]
  Passed DINOForge.Tests.EconomyTests.TradeEngine_EvaluateTradeRoute_DetectsProfitableTradeWhenSurplusAndDeficit [< 1 ms]
  Passed DINOForge.Tests.DoctrineTests.ApplyDoctrine_ModifiesStatsCorrectly [< 1 ms]
  Passed DINOForge.Tests.ParameterizedTests.DomainFsCheckProperties.HudElementDefinition_ColorOverrides_AreIsolated [10 ms]
  Passed DINOForge.Tests.DoctrineTests.ValidateDoctrine_ReportsNegativeModifiers [< 1 ms]
  Passed DINOForge.Tests.SDKCoverageTests.ContentDiscoveryService_DiscoverYamlFiles_WithMissingPath_AddsYamlExtension [2 ms]
  Passed DINOForge.Tests.EconomyTests.ProductionCalculator_CalculateFactionProduction_EmptyBuildings_ReturnsZero [1 ms]
  Passed DINOForge.Tests.SDKCoverageTests.ContentLoader_DefaultConstructor_WithNullRegistryManager_ThrowsArgumentNullException [< 1 ms]
  Passed DINOForge.Tests.SchemaValidationTests.InvalidWave_MissingDisplayName_Fails [24 ms]
  Passed DINOForge.Tests.SchemaSelfValidationTests.DomainSchemasExist [21 ms]
  Passed DINOForge.Tests.SDKCoverageTests.FileDiscoveryService_GetDirectories_WithNonExistentDirectory_ReturnsEmpty [< 1 ms]
  Passed DINOForge.Tests.EconomyTests.ProductionCalculator_CalculateUnitConsumption_CalculatesUpkeepCorrectly [< 1 ms]
  Passed DINOForge.Tests.PollingHelperTests.RetryUntilTrueAsync_ThrowsOnNullProbe [2 ms]
  Passed DINOForge.Tests.EconomyTests.EconomyPlugin_ValidatePack_ReturnsValidForEmptyPack [< 1 ms]
  Passed DINOForge.Tests.EconomyTests.TradeRoute_DefaultValues_AreValid [< 1 ms]
  Passed DINOForge.Tests.Bridge.BridgeClientRobustnessTests.ScreenshotAsync_WithPath_PassesPath [7 ms]
  Passed DINOForge.Tests.EconomyTests.ProductionCalculator_CalculateFactionProduction_AggregatesOutputFromMultipleBuildings [< 1 ms]
  Passed DINOForge.Tests.SDKCoverageTests.FileDiscoveryService_WithNullSearchPatterns_ReturnsEmpty [1 ms]
  Passed DINOForge.Tests.EconomyTests.EconomyProfile_GetProductionMultiplier_DefaultsToOne [< 1 ms]
  Passed DINOForge.Tests.EconomyTests.ProductionCalculator_CalculateUnitConsumption_EmptyUnits_ReturnsEmpty [< 1 ms]
  Passed DINOForge.Tests.EconomyTests.EconomyValidator_Validate_NoProfiles_ReturnsValid [< 1 ms]
  Passed Property: Multiple registrations without conflicts are allowed(count: 1) [1 ms]
  Passed Property: Multiple registrations without conflicts are allowed(count: 5) [< 1 ms]
  Passed Property: Multiple registrations without conflicts are allowed(count: 20) [< 1 ms]
  Passed Property: Contains returns true iff entry was registered(id: "registered", shouldExist: True) [< 1 ms]
  Passed Property: Contains returns true iff entry was registered(id: "not-registered", shouldExist: False) [< 1 ms]
  Passed Property: Register entry can be retrieved(id: "faction-alpha") [< 1 ms]
  Passed Property: Register entry can be retrieved(id: "doctrine-blitz") [< 1 ms]
  Passed Property: Register entry can be retrieved(id: "entry-1") [< 1 ms]
  Passed Property: Override replaces existing entry [< 1 ms]
  Passed Property: Higher load order takes precedence in conflict [< 1 ms]
  Passed Property: Get non-existent ID returns null(id: "nonexistent") [< 1 ms]
  Passed Property: Get non-existent ID returns null(id: "not-registered") [< 1 ms]
  Passed DINOForge.Tests.SchemaValidationTests.InvalidProjectile_MissingDisplayName_Fails [5 ms]
  Passed Property: GetAll (via All property) count matches registrations(count: 5) [< 1 ms]
  Passed Property: GetAll (via All property) count matches registrations(count: 10) [< 1 ms]
  Passed Property: GetAll (via All property) count matches registrations(count: 1) [< 1 ms]
  Passed DINOForge.Tests.SDKCoverageTests.FileDiscoveryService_DiscoverPackDirectories_WithPacks_ReturnsPackDirectories [5 ms]
  Passed Property: DetectConflicts finds entries with duplicate top priority [< 1 ms]
  Passed DINOForge.Tests.ModelSnapshotTests.FactionDefinition_RoundTrip_Snapshot [11 ms]
  Passed DINOForge.Tests.ContentLoaderTests.LoadPack_FactionContent_RegistersByFactionId [16 ms]
  Passed DINOForge.Tests.SDKCoverageTests.YamlLoader_SerializeToFile_WithNullObject_DoesNotThrow [1 ms]
  Passed DINOForge.Tests.SDKCoverageTests.PackRegistryClient_DefaultRegistryUrl_IsCorrect [< 1 ms]
  Passed DINOForge.Tests.BridgeClientTests.GameProcessManager_IsRunning_ReturnsFalseWhenGameNotRunning [36 ms]
  Passed DINOForge.Tests.SchemaSelfValidationTests.AllSchemasHaveMandatoryMetadata [8 ms]
  Passed DINOForge.Tests.Bridge.BridgeClientRobustnessTests.WaitForWorldAsync_WithoutTimeout_CreatesTask [7 ms]
  Passed DINOForge.Tests.Bridge.BridgeClientRobustnessTests.Dispose_CanBeCalledMultipleTimes [< 1 ms]
  Passed DINOForge.Tests.SDKCoverageTests.ContentLoader_LoadPack_WithMissingManifest_ReturnsFailure [2 ms]
  Passed DINOForge.Tests.SDKCoverageTests.PackManifest_WithLoads_HasCorrectStructure [< 1 ms]
  Passed DINOForge.Tests.BridgeClientTests.ScreenshotResult_PropertiesRoundtrip [2 ms]
  Passed DINOForge.Tests.ModelSnapshotTests.BuildingDefinition_RoundTrip_Snapshot [4 ms]
  Passed DINOForge.Tests.BridgeClientTests.JsonRpcRequest_HasCorrectDefaults [< 1 ms]
  Passed DINOForge.Tests.ResourceDefinitionUnitTests.DecayRate_WithNegative_IsAllowed [< 1 ms]
  Passed DINOForge.Tests.BridgeClientTests.ReloadResult_SuccessWithPacksAndErrors_Roundtrips [1 ms]
  Passed DINOForge.Tests.ResourceDefinitionUnitTests.Validate_WithBlankName_ReturnsError(name: "") [< 1 ms]
  Passed DINOForge.Tests.ResourceDefinitionUnitTests.Validate_WithBlankName_ReturnsError(name: null) [< 1 ms]
  Passed DINOForge.Tests.ResourceDefinitionUnitTests.Validate_WithBlankName_ReturnsError(name: "   ") [< 1 ms]
  Passed DINOForge.Tests.ResourceDefinitionUnitTests.IsTradeableDefault_CanBeSetToFalse [< 1 ms]
  Passed DINOForge.Tests.ResourceDefinitionUnitTests.Validate_WithValidDefinition_ReturnsSuccess [< 1 ms]
  Passed DINOForge.Tests.ResourceDefinitionUnitTests.PropertySetters_AllowModificationAfterConstruction [< 1 ms]
  Passed DINOForge.Tests.ResourceDefinitionUnitTests.ParameterizedConstructor_WithNullName_ThrowsArgumentNullException [< 1 ms]
  Passed DINOForge.Tests.ContentLoaderTests.LoadPack_ValidPack_Succeeds [7 ms]
  Passed DINOForge.Tests.SDKCoverageTests.PackSubmoduleManager_ListPacks_WithPacksSubmodule_ReturnsEntries [4 ms]
  Passed DINOForge.Tests.ResourceDefinitionUnitTests.ParameterizedConstructor_WithNullId_ThrowsArgumentNullException [< 1 ms]
  Passed DINOForge.Tests.ResourceDefinitionUnitTests.ParameterizedConstructor_WithNullDescription_ConvertsToEmptyString [< 1 ms]
  Passed DINOForge.Tests.BridgeClientTests.ResourceSnapshot_RoundTrip_SerializesCorrectly [3 ms]
  Passed DINOForge.Tests.ResourceDefinitionUnitTests.Validate_WithBlankId_ReturnsError(id: "") [< 1 ms]
  Passed DINOForge.Tests.SchemaSelfValidationTests.AllSchemaFilesParseAsValidJson [8 ms]
  Passed DINOForge.Tests.Bridge.BridgeClientRobustnessTests.PingAsync_WithValidCancellation_CreatesTask [8 ms]
  Passed DINOForge.Tests.ContentLoaderTests.LoadPack_NullDirectory_ThrowsArgumentNullException [1 ms]
  Passed DINOForge.Tests.ResourceDefinitionUnitTests.Validate_WithBlankId_ReturnsError(id: "   ") [< 1 ms]
  Passed DINOForge.Tests.Bridge.BridgeClientRobustnessTests.ThrowIfDisposed_AfterDispose_ChecksState [6 ms]
  Passed DINOForge.Tests.SDK.IO.SafeFileIOTests.ReadText_ValidUtf8_ReadsContent [16 ms]
  Passed DINOForge.Tests.SchemaValidationTests.InvalidManifest_MissingRequiredFields_FailsValidation [18 ms]
  Passed DINOForge.Tests.SDKCoverageTests.AddressablesCatalog_Load_WithInvalidJson_ThrowsInvalidOperationException [8 ms]
  Passed DINOForge.Tests.ResourceDefinitionUnitTests.Validate_WithBlankId_ReturnsError(id: null) [< 1 ms]
  Passed DINOForge.Tests.Bridge.BridgeClientRobustnessTests.Constructor_WithOptions_AppliesSettings [< 1 ms]
  Passed DINOForge.Tests.SDKCoverageTests.PackRegistryClient_InvalidateCache_ClearsCache [< 1 ms]
  Passed DINOForge.Tests.SDKCoverageTests.RegistryManager_DefaultConstructor_InitializesEmpty [< 1 ms]
  Passed DINOForge.Tests.BridgeClientTests.OverrideResult_PropertiesRoundtrip [8 ms]
  Passed DINOForge.Tests.ResourceDefinitionUnitTests.Validate_WithNegativeProductionRate_ReturnsError [< 1 ms]
  Passed DINOForge.Tests.ResourceDefinitionUnitTests.Validate_WithZeroStorageCapacity_ReturnsSuccess [< 1 ms]
  Passed DINOForge.Tests.SDKCoverageTests.ContentLoader_LoadPacks_WithMissingDirectory_ReturnsFailure [< 1 ms]
  Passed DINOForge.Tests.SDKCoverageTests.PackRegistryClient_WithNullHttpClient_ThrowsArgumentNullException [< 1 ms]
  Passed DINOForge.Tests.ResourceDefinitionUnitTests.DefaultConstructor_InitializesWithExpectedDefaults [< 1 ms]
  Passed DINOForge.Tests.ResourceDefinitionUnitTests.Validate_WithZeroProductionRate_ReturnsSuccess [< 1 ms]
  Passed DINOForge.Tests.ResourceDefinitionUnitTests.FullParameterizedConstructor_SetsCoreProperties [< 1 ms]
  Passed DINOForge.Tests.ContentLoaderTests.LoadPack_MissingManifest_Fails [9 ms]
  Passed DINOForge.Tests.ResourceDefinitionUnitTests.Validate_WithNegativeStorageCapacity_ReturnsError [< 1 ms]
  Passed DINOForge.Tests.SDK.IO.SafeFileIOTests.ReadText_InvalidUtf8_Throws [3 ms]
  Passed DINOForge.Tests.SDKCoverageTests.YamlLoader_DeserializeFromFile_WithValidYaml_ReturnsObject [2 ms]
  Passed DINOForge.Tests.ResourceDefinitionUnitTests.Validate_WithMultipleErrors_ReturnsAllErrors [1 ms]
  Passed DINOForge.Tests.BridgeClientTests.QueryResult_WithEntities_Roundtrips [3 ms]
  Passed DINOForge.Tests.ResourceDefinitionUnitTests.DecayRate_WithZero_IsAllowed [< 1 ms]
  Passed DINOForge.Tests.SDKCoverageTests.ContentLoadResult_Partial_CreatesCorrectResult [< 1 ms]
  Passed DINOForge.Tests.VFXIntegrationTestDocumentation.VFXSystems_ScaleWithGameLoad_AsExpected [< 1 ms]
  Passed DINOForge.Tests.VFXIntegrationTestDocumentation.VFXSystems_RegisterCorrectly_WithModPlatform [< 1 ms]
  Passed DINOForge.Tests.VFXIntegrationTestDocumentation.VFXSystems_HandleMissingPoolManager_Gracefully [< 1 ms]
  Passed DINOForge.Tests.RuntimeExtractionTests.ComponentMap_All_IsNonEmpty [< 1 ms]
  Passed DINOForge.Tests.RuntimeExtractionTests.TryResolveMapping_KnownMappings_ReturnsTrueWithType(mapping: "militia", expectedType: "Components.MeleeUnit") [< 1 ms]
  Passed DINOForge.Tests.RuntimeExtractionTests.TryResolveMapping_KnownMappings_ReturnsTrueWithType(mapping: "siege", expectedType: "Components.SiegeUnit") [< 1 ms]
  Passed DINOForge.Tests.RuntimeExtractionTests.TryResolveMapping_KnownMappings_ReturnsTrueWithType(mapping: "cavalry", expectedType: "Components.CavalryUnit") [< 1 ms]
  Passed DINOForge.Tests.RuntimeExtractionTests.TryResolveMapping_KnownMappings_ReturnsTrueWithType(mapping: "ranged_infantry", expectedType: "Components.RangeUnit") [< 1 ms]
  Passed DINOForge.Tests.RuntimeExtractionTests.TryResolveMapping_WhitespaceInput_ReturnsFalse [< 1 ms]
  Passed DINOForge.Tests.RuntimeExtractionTests.IsSpawnable_InvalidClass_ReturnsFalse(unitClass: "InvalidClass") [< 1 ms]
  Passed DINOForge.Tests.RuntimeExtractionTests.IsSpawnable_InvalidClass_ReturnsFalse(unitClass: "") [< 1 ms]
  Passed DINOForge.Tests.RuntimeExtractionTests.MapUnitClassToComponentType_ValidClasses_ReturnsCorrectType(unitClass: "Skirmisher", expectedType: "Components.RangeUnit") [< 1 ms]
  Passed DINOForge.Tests.RuntimeExtractionTests.MapUnitClassToComponentType_ValidClasses_ReturnsCorrectType(unitClass: "Artillery", expectedType: "Components.SiegeUnit") [< 1 ms]
  Passed DINOForge.Tests.RuntimeExtractionTests.MapUnitClassToComponentType_ValidClasses_ReturnsCorrectType(unitClass: "FastVehicle", expectedType: "Components.CavalryUnit") [< 1 ms]
  Passed DINOForge.Tests.RuntimeExtractionTests.MapUnitClassToComponentType_ValidClasses_ReturnsCorrectType(unitClass: "Archer", expectedType: "Components.Archer") [< 1 ms]
  Passed DINOForge.Tests.RuntimeExtractionTests.MapUnitClassToComponentType_ValidClasses_ReturnsCorrectType(unitClass: "MilitiaLight", expectedType: "Components.MeleeUnit") [< 1 ms]
  Passed DINOForge.Tests.RuntimeExtractionTests.IsSpawnable_NullClass_ReturnsFalse [< 1 ms]
  Passed DINOForge.Tests.RuntimeExtractionTests.MapUnitClassToComponentType_NullInput_ReturnsNull [< 1 ms]
  Passed DINOForge.Tests.SDKCoverageTests.PackLoader_LoadFromFile_WithInvalidYaml_ThrowsException [2 ms]
  Passed DINOForge.Tests.SDKCoverageTests.PackManifest_CanSetAllProperties [< 1 ms]
  Passed DINOForge.Tests.SDKCoverageTests.ContentLoader_LoadPack_WithNullPath_ThrowsArgumentNullException [< 1 ms]
  Passed DINOForge.Tests.UpdateCheckerTests.CheckAsync_LatestGreaterThanCurrent_ReturnsHasUpdateTrue [2 ms]
  Passed DINOForge.Tests.ContentLoaderIntegrationTests.LoadPack_EmptyLoadsSections_Succeeds [5 ms]
  Passed DINOForge.Tests.Bridge.BridgeClientRobustnessTests.Disconnect_WhenAlreadyDisconnected_Succeeds [7 ms]
  Passed DINOForge.Tests.UpdateCheckerTests.CheckAsync_LatestEqualOrLessThanCurrent_ReturnsHasUpdateFalse [< 1 ms]
  Passed DINOForge.Tests.UpdateCheckerTests.CheckAsync_NetworkException_ReturnsHasUpdateFalseGracefully [< 1 ms]
  Passed DINOForge.Tests.SDKCoverageTests.FileDiscoveryService_GetFiles_WithPatternMatchingFiles_ReturnsFiles [7 ms]
  Passed DINOForge.Tests.SDKCoverageTests.AddressablesCatalog_Load_NonExistentFile_ThrowsFileNotFoundException [< 1 ms]
  Passed DINOForge.Tests.SDKCoverageTests.AddressablesCatalog_ResolveBundlePath_WithPlaceholder_ReplacesCorrectly [< 1 ms]
  Passed DINOForge.Tests.SDKCoverageTests.PackSubmoduleManager_ListPacks_WithNoGitmodulesFile_ReturnsEmpty [1 ms]
  Passed DINOForge.Tests.RuntimeExtractionTests.EnumerateStatPaths_AllNonZeroStats_YieldsFivePaths [11 ms]
  Passed DINOForge.Tests.RuntimeExtractionTests.TryResolveMapping_NullInput_ReturnsFalse [< 1 ms]
  Passed DINOForge.Tests.RuntimeExtractionTests.MapUnitClassToComponentType_UnknownClass_ReturnsNull [< 1 ms]
  Passed DINOForge.Tests.RuntimeExtractionTests.ValidateUnitClass_EmptyClass_ReturnsFalseWithError [< 1 ms]
  Passed DINOForge.Tests.RuntimeExtractionTests.TryResolveMapping_AerialFighter_ReturnsTrueWithNullSentinel [< 1 ms]
  Passed DINOForge.Tests.RuntimeExtractionTests.ComponentMapping_NullEcsType_ThrowsArgumentNullException [< 1 ms]
  Passed DINOForge.Tests.RuntimeExtractionTests.ComponentMapping_Constructor_SetsAllProperties [< 1 ms]
  Passed DINOForge.Tests.SdkPolyglotIntegrationTests.ContentLoader_FrameworkVersionCheck_CompatibleVersion [15 ms]
  Passed DINOForge.Tests.SDKCoverageTests.RegistrySource_Enum_HasExpectedValues [2 ms]
  Passed DINOForge.Tests.RuntimeExtractionTests.ComponentMap_Find_UnknownPath_ReturnsNull [< 1 ms]
  Passed DINOForge.Tests.RuntimeExtractionTests.ComponentMap_Find_KnownSdkPath_ReturnsMapping [< 1 ms]
  Passed DINOForge.Tests.RuntimeExtractionTests.EnumerateStatPaths_AllZeroAndFireRateDefault_YieldsFireRateOnly [< 1 ms]
  Passed DINOForge.Tests.RuntimeExtractionTests.EnumerateStatPaths_NullStats_ThrowsArgumentNullException [< 1 ms]
  Passed DINOForge.Tests.RuntimeExtractionTests.ComponentMap_Find_IsCaseInsensitive [< 1 ms]
  Passed DINOForge.Tests.RuntimeExtractionTests.IsSpawnable_ValidClass_ReturnsTrue(unitClass: "FastVehicle") [< 1 ms]
  Passed DINOForge.Tests.RuntimeExtractionTests.IsSpawnable_ValidClass_ReturnsTrue(unitClass: "Skirmisher") [< 1 ms]
  Passed DINOForge.Tests.RuntimeExtractionTests.IsSpawnable_ValidClass_ReturnsTrue(unitClass: "MilitiaLight") [< 1 ms]
  Passed DINOForge.Tests.RuntimeExtractionTests.ComponentMap_FindByEcsType_KnownType_ReturnsFirstMatch [< 1 ms]
  Passed DINOForge.Tests.RuntimeExtractionTests.ValidateUnitClass_UnknownClass_ReturnsFalseWithErrorContainingClassName [< 1 ms]
  Passed DINOForge.Tests.RuntimeExtractionTests.MapUnitClassToComponentType_EmptyInput_ReturnsNull [< 1 ms]
  Passed DINOForge.Tests.RuntimeExtractionTests.ComponentMapping_NullSdkPath_ThrowsArgumentNullException [< 1 ms]
  Passed DINOForge.Tests.Bridge.BridgeClientRobustnessTests.WaitForWorldAsync_WithTimeout_PassesTimeoutToTask [14 ms]
  Passed DINOForge.Tests.RuntimeExtractionTests.TryResolveMapping_UnknownMapping_ReturnsFalse [< 1 ms]
  Passed DINOForge.Tests.RuntimeExtractionTests.MapUnitClassToComponentType_IsCaseInsensitive [< 1 ms]
  Passed DINOForge.Tests.Bridge.BridgeClientRobustnessTests.State_AfterConstruction_IsDisconnected [< 1 ms]
  Passed DINOForge.Tests.SDKCoverageTests.AddressablesCatalog_Load_ValidMinimalCatalog_LoadsWithoutThrowing [3 ms]
  Passed DINOForge.Tests.SDKCoverageTests.PackRegistryClient_Instance_ReturnsSingleton [< 1 ms]
  Passed DINOForge.Tests.RuntimeExtractionTests.EnumerateStatPaths_HpAndFireRateDefault_YieldsTwoPaths [1 ms]
  Passed DINOForge.Tests.ContentLoaderIntegrationTests.LoadPack_ExampleBalancePack_LoadsStatOverrides [17 ms]
  Passed DINOForge.Tests.SDKCoverageTests.AddressablesCatalog_Load_WithEmptyCatalog_ReturnsEmptyCollections [2 ms]
  Passed DINOForge.Tests.SDKCoverageTests.PackOverrides_DefaultValues [< 1 ms]
  Passed DINOForge.Tests.SchemaSelfValidationTests.PackManifestSchemaHasRequiredFields [33 ms]
  Passed DINOForge.Tests.SDKCoverageTests.PackManifest_DefaultValues [< 1 ms]
  Passed DINOForge.Tests.RuntimeExtractionTests.ComponentMap_All_ContainsExpectedPaths [1 ms]
  Passed DINOForge.Tests.SchemaValidationTests.Unit_EmptyStringId_FailsValidation [26 ms]
  Passed DINOForge.Tests.RuntimeExtractionTests.ComponentMapping_ToString_HasArrowFormat [< 1 ms]
  Passed DINOForge.Tests.RuntimeExtractionTests.ComponentMapping_OptionalParams_DefaultToNull [< 1 ms]
  Passed DINOForge.Tests.RuntimeExtractionTests.ComponentMap_FindByEcsType_UnknownType_ReturnsNull [< 1 ms]
  Passed DINOForge.Tests.SDKCoverageTests.UniverseLoader_LoadFromYaml_WithNullContent_ThrowsArgumentNullException [< 1 ms]
  Passed DINOForge.Tests.ContentLoaderIntegrationTests.LoadPack_ExampleBalancePack_PopulatesRegistries [1 ms]
  Passed DINOForge.Tests.ContentLoaderIntegrationTests.LoadPack_ReturnsFailureForMissingDir [1 ms]
  Passed DINOForge.Tests.SDKCoverageTests.AddressablesCatalog_Load_WithMissingInternalIds_ThrowsInvalidOperationException [2 ms]
  Passed DINOForge.Tests.Bridge.BridgeClientRobustnessTests.ScreenshotAsync_WithoutPath_CreatesTask [7 ms]
  Passed DINOForge.Tests.SchemaValidationTests.InvalidWeapon_MissingId_Fails [5 ms]
  Passed DINOForge.Tests.SdkPolyglotIntegrationTests.ContentLoader_IntegrationTest_PolyglotAssetAndDependencyValidation [12 ms]
  Passed DINOForge.Tests.DisabledPacksPersistenceTests.SingleDisabledPack_SerializesAndDeserializesCorrectly [1 ms]
  Passed DINOForge.Tests.DisabledPacksPersistenceTests.DisabledListWithDuplicateIds_PreservesDuplicates [< 1 ms]
  Passed DINOForge.Tests.DisabledPacksPersistenceTests.DisabledPackIds_SerializedAsJsonArray_CanBeDeserialized [< 1 ms]
  Passed DINOForge.Tests.DisabledPacksPersistenceTests.EmptyDisabledList_SerializesToEmptyArray [< 1 ms]
  Passed DINOForge.Tests.SDKCoverageTests.FileDiscoveryService_GetFiles_WithRecursive_SearchesSubdirectories [4 ms]
  Passed DINOForge.Tests.DisabledPacksPersistenceTests.RoundTrip_DisabledPackIds_PreservesAllIds [< 1 ms]
  Passed DINOForge.Tests.DisabledPacksPersistenceTests.NullDisabledArray_DeserializedAsNull_HandledSafely [< 1 ms]
  Passed DINOForge.Tests.SdkPolyglotIntegrationTests.DependencyResolver_ComputesLoadOrder_WithMultiplePackDependencies [2 ms]
  Passed DINOForge.Tests.DisabledPacksPersistenceTests.JsonWithExtraFields_DeserializesGracefully [< 1 ms]
  Passed DINOForge.Tests.DisabledPacksPersistenceTests.RoundTrip_PreservesInsertionOrder [< 1 ms]
  Passed DINOForge.Tests.SkillWaveSquadTests.Squad_SamePriority_CreatesConflict [< 1 ms]
  Passed DINOForge.Tests.SkillWaveSquadTests.RegistryManager_Exposes_SkillWaveSquad_Registries [< 1 ms]
  Passed DINOForge.Tests.SkillWaveSquadTests.Skill_Register_And_Get_ReturnsEntry [< 1 ms]
  Passed DINOForge.Tests.SkillWaveSquadTests.Wave_SamePriority_CreatesConflict [< 1 ms]
  Passed DINOForge.Tests.SkillWaveSquadTests.Squad_Override_HigherPriority_ReplacesExisting [< 1 ms]
  Passed DINOForge.Tests.SkillWaveSquadTests.Wave_Override_HigherPriority_ReplacesExisting [< 1 ms]
  Passed DINOForge.Tests.SkillWaveSquadTests.Skill_SamePriority_CreatesConflict [< 1 ms]
  Passed DINOForge.Tests.SkillWaveSquadTests.Skill_Override_HigherPriority_ReplacesExisting [< 1 ms]
  Passed DINOForge.Tests.SkillWaveSquadTests.Squad_Register_And_Get_ReturnsEntry [< 1 ms]
  Passed DINOForge.Tests.SkillWaveSquadTests.Wave_Register_And_Get_ReturnsEntry [< 1 ms]
  Passed DINOForge.Tests.ContentLoaderIntegrationTests.LoadPack_MixedValidInvalidContent_ReportsErrors [10 ms]
  Passed DINOForge.Tests.EconomyBranchCoverageExpansionTests.GenerateReport_MultipleResourcesWithDeficits_GeneratesMultipleWarnings [< 1 ms]
  Passed DINOForge.Tests.SDKCoverageTests.FileDiscoveryService_ResetToDefaults_RestoresDefaultExclusions [5 ms]
  Passed DINOForge.Tests.EconomyBranchCoverageExpansionTests.Validate_EconomyBuildingWithoutProduction_Warning [< 1 ms]
  Passed DINOForge.Tests.EconomyBranchCoverageExpansionTests.GetResourceBalance_ConsumptionResourceNotInProduction_CreatesNegativeEntry [< 1 ms]
  Passed DINOForge.Tests.EconomyBranchCoverageExpansionTests.GetOptimalTrades_NoProfitableRoutes_ReturnsEmpty [< 1 ms]
  Passed DINOForge.Tests.SchemaValidationTests.ValidSkill_PassesValidation [7 ms]
  Passed DINOForge.Tests.ContentLoaderIntegrationTests.LoadPack_ExampleBalancePack_SucceedsFromDisk [1 ms]
  Passed DINOForge.Tests.EconomyBranchCoverageExpansionTests.GetOptimalTrades_MultipleDeficits_PrioritizesByDeficitSeverity [< 1 ms]
  Passed DINOForge.Tests.EconomyBranchCoverageExpansionTests.EvaluateTradeRoute_RouteDisabled_NotProfitable [< 1 ms]
  Passed DINOForge.Tests.EconomyBranchCoverageExpansionTests.CalculateBuildingOutput_NegativeWorkersClampedToZero_ProducesZero [< 1 ms]
  Passed DINOForge.Tests.EconomyBranchCoverageExpansionTests.CalculateBuildingOutput_ZeroWorkers_ProducesZero [< 1 ms]
  Passed DINOForge.Tests.SchemaSelfValidationTests.AllSchemaReferencesResolve [15 ms]
  Passed DINOForge.Tests.EconomyBranchCoverageExpansionTests.Validate_ExtremelyHighExchangeRate_Warning [10 ms]
  Passed DINOForge.Tests.ContentLoaderIntegrationTests.LoadPacks_NonexistentDirectory_Fails [11 ms]
  Passed DINOForge.Tests.EconomyBranchCoverageExpansionTests.EvaluateTradeRoute_MaxTransactionLimitApplied [< 1 ms]
  Passed DINOForge.Tests.SDKCoverageTests.FileDiscoveryService_ClearExclusions_RemovesAll [14 ms]
  Passed DINOForge.Tests.SdkPolyglotIntegrationTests.ContentLoader_ValidatesManifestAfterAssetProcessing_Success [19 ms]
  Passed DINOForge.Tests.SDKCoverageTests.UniverseLoader_LoadFromYaml_WithInvalidYaml_ThrowsException [1 ms]
  Passed DINOForge.Tests.EconomyBranchCoverageExpansionTests.CalculateFactionProduction_UnknownBuildingIds_SkipsAndContinues [3 ms]
  Passed DINOForge.Tests.SdkPolyglotIntegrationTests.DependencyResolver_CircularDependency_ReturnsError [1 ms]
  Passed DINOForge.Tests.EconomyBranchCoverageExpansionTests.Validate_BuildingProducesNegativeAmount_Warning [< 1 ms]
  Passed DINOForge.Tests.EconomyBranchCoverageExpansionTests.Validate_TradeRouteWithSelfTrade_Error [< 1 ms]
  Passed DINOForge.Tests.SchemaValidationTests.ValidWeapon_PassesValidation [16 ms]
  Passed DINOForge.Tests.EconomyBranchCoverageExpansionTests.Validate_NegativeStartingResources_Error [< 1 ms]
  Passed DINOForge.Tests.EconomyBranchCoverageExpansionTests.Validate_NonPositiveStorageMultiplier_Warning [< 1 ms]
  Passed DINOForge.Tests.EconomyBranchCoverageExpansionTests.Validate_CircularTradeDetected_Error [< 1 ms]
  Passed DINOForge.Tests.EconomyBranchCoverageExpansionTests.EvaluateTradeRoute_TargetNotInDeficit_NotProfitable [< 1 ms]
  Passed DINOForge.Tests.SDKCoverageTests.ContentDiscoveryService_DiscoverYamlFiles_WithDeclaredPaths_FindsFiles [3 ms]
  Passed DINOForge.Tests.EconomyBranchCoverageExpansionTests.Validate_NonPositiveWorkerEfficiency_Warning [< 1 ms]
  Passed DINOForge.Tests.EconomyBranchCoverageExpansionTests.CalculateUnitConsumption_ZeroAmountResources_Skipped [< 1 ms]
  Passed DINOForge.Tests.SDKCoverageTests.UniverseLoader_LoadFromYaml_WithValidYaml_LoadsCorrectly [< 1 ms]
  Passed DINOForge.Tests.SchemaSelfValidationTests.TotalConversionSchemaIsWellFormed [18 ms]
  Passed DINOForge.Tests.SDKCoverageTests.YamlLoader_Serialize_WithNullObject_ReturnsEmpty [< 1 ms]
  Passed DINOForge.Tests.EconomyBranchCoverageExpansionTests.Validate_DisabledRouteNotIncludedInCycleDetection [< 1 ms]
  Passed DINOForge.Tests.EconomyBranchCoverageExpansionTests.EvaluateTradeRoute_ZeroExchangeRate_CalculatesZeroEfficiency [< 1 ms]
  Passed DINOForge.Tests.EconomyBranchCoverageExpansionTests.Validate_NonPositiveTradeRateModifier_Error [< 1 ms]
  Passed DINOForge.Tests.EconomyBranchCoverageExpansionTests.EvaluateTradeRoute_SourceNotInSurplus_NotProfitable [< 1 ms]
  Passed DINOForge.Tests.EconomyBranchCoverageExpansionTests.Validate_DuplicateProfileIds_Error [< 1 ms]
  Passed DINOForge.Tests.EconomyBranchCoverageExpansionTests.CalculateFactionProduction_EmptyBuildingList_ReturnsZeroProduction [< 1 ms]
  Passed DINOForge.Tests.EconomyBranchCoverageExpansionTests.GetResourceBalance_ConsumptionOnlyNoProduction_AllNegativeBalances [< 1 ms]
  Passed DINOForge.Tests.EconomyBranchCoverageExpansionTests.GenerateReport_TradeRoutesEvaluated_TradeEfficiencyCalculated [< 1 ms]
  Passed DINOForge.Tests.EconomyBranchCoverageExpansionTests.Validate_ExtremelyLowExchangeRate_Warning [< 1 ms]
  Passed DINOForge.Tests.SchemaValidationTests.ValidProjectile_PassesValidation [5 ms]
  Passed DINOForge.Tests.EconomyBranchCoverageExpansionTests.GenerateReport_NoProductionAllResources_WarnsAllDeficits [< 1 ms]
  Passed DINOForge.Tests.SdkPolyglotIntegrationTests.ContentLoader_LoadsPackWithRustAssetMetadata_RegistersUnitsWithVisualAssets [7 ms]
  Passed DINOForge.Tests.SDKCoverageTests.FileDiscoveryService_GetFiles_NonRecursive_OnlyTopLevel [4 ms]
  Passed DINOForge.Tests.SDKCoverageTests.UniverseLoader_LoadFromDirectory_WithMissingFile_ThrowsFileNotFoundException [2 ms]
  Passed DINOForge.Tests.SDKCoverageTests.UniverseLoader_LoadFromYaml_WithEmptyContent_ReturnsUniverse [< 1 ms]
  Passed DINOForge.Tests.SchemaSelfValidationTests.UnitSchemaHasRequiredFields [8 ms]
  Passed DINOForge.Tests.SDKCoverageTests.AddressablesCatalog_Load_WithMissingFile_ThrowsFileNotFoundException [< 1 ms]
  Passed DINOForge.Tests.ContentLoaderEdgeCaseTests.LoadPacks_PackWithMissingIdField_ReturnsError [5 ms]
  Passed DINOForge.Tests.PackFileWatcherTests.NullPacksDirectory_ThrowsArgumentNullException [2 ms]
  Passed DINOForge.Tests.ContentLoaderEdgeCaseTests.LoadPacks_NonExistentDirectory_ReturnsFailure [1 ms]
  Passed DINOForge.Tests.SdkPolyglotIntegrationTests.ContentLoader_RustAssetDllMissing_FallsBackToCSharpValidation [7 ms]
  Passed DINOForge.Tests.PackFileWatcherTests.WatcherStarted_ThenStopped_DoesNotThrow [2 ms]
  Passed DINOForge.Tests.ContentLoaderIntegrationTests.LoadPack_AllContentTypes_RegisteredCorrectly [21 ms]
  Passed DINOForge.Tests.SchemaValidationTests.Manifest_EmptyStringId_FailsValidation [10 ms]
  Passed DINOForge.Tests.SdkPolyglotIntegrationTests.DependencyResolver_ComplexDependencyGraph_CorrectLoadOrder [2 ms]
  Passed DINOForge.Tests.PackFileWatcherTests.NullRegistryManager_ThrowsArgumentNullException [1 ms]
  Passed DINOForge.Tests.SdkPolyglotIntegrationTests.DependencyResolver_DetectsConflicts_BetweenActivePacks [1 ms]
  Passed DINOForge.Tests.ContentLoaderEdgeCaseTests.LoadPack_ManifestWithBadYamlSyntax_ReturnsFailure [5 ms]
  Passed DINOForge.Tests.PackFileWatcherTests.WatcherCreated_WithValidDirectory_DoesNotThrow [2 ms]
  Passed DINOForge.Tests.SdkPolyglotIntegrationTests.DependencyResolver_MissingDependency_ReturnsError [1 ms]
  Passed DINOForge.Tests.ContentLoaderEdgeCaseTests.LoadPack_NullDirectory_ThrowsArgumentNullException [1 ms]
  Passed DINOForge.Tests.PackLoaderTests.LoadFromString_MissingName_Throws [1 ms]
  Passed DINOForge.Tests.PackFileWatcherTests.NullContentLoader_ThrowsArgumentNullException [1 ms]
  Passed DINOForge.Tests.PackLoaderTests.LoadFromString_MissingVersion_Throws [1 ms]
  Passed DINOForge.Tests.SchemaValidationTests.Building_ValidMinimal_PassesValidation [6 ms]
  Passed DINOForge.Tests.ContentLoaderEdgeCaseTests.LoadPacks_EmptyDirectory_ReturnsSuccessWithNoLoadedPacks [2 ms]
  Passed DINOForge.Tests.PackFileWatcherTests.Start_AfterDispose_ThrowsObjectDisposedException [1 ms]
  Passed DINOForge.Tests.SDKCoverageTests.PackSubmoduleManager_ListPacks_WithNonPackSubmodule_ReturnsEmpty [12 ms]
  Passed DINOForge.Tests.PackLoaderTests.LoadFromString_OverridesSection_ParsesCorrectly [1 ms]
  Passed DINOForge.Tests.PackLoaderTests.LoadFromString_UnknownFields_IgnoredGracefully [< 1 ms]
  Passed DINOForge.Tests.PackLoaderTests.LoadFromString_ValidManifest_DeserializesCorrectly [1 ms]
  Passed DINOForge.Tests.PackFileWatcherTests.EnqueueChange_YamlFile_FiresOnPackContentChangedEvent [2 ms]
  Passed DINOForge.Tests.PackLoaderTests.LoadFromString_MinimalManifest_UsesDefaults [4 ms]
  Passed DINOForge.Tests.SDKCoverageTests.PackLoader_LoadFromFile_WithValidYaml_ReturnsManifest [6 ms]
  Passed DINOForge.Tests.SDKCoverageTests.RegistryEntry_PropertiesAccessible [< 1 ms]
  Passed DINOForge.Tests.PackFileWatcherTests.Stop_WhenNotStarted_DoesNotThrow [5 ms]
  Passed DINOForge.Tests.PackLoaderTests.LoadFromString_NestedLoads_MultipleContentTypes [1 ms]
  Passed DINOForge.Tests.PackLoaderTests.LoadFromString_MissingId_Throws [1 ms]
  Passed DINOForge.Tests.SDKCoverageTests.ContentLoader_LastLoadErrors_ReportsCorrectCount [1 ms]
  Passed DINOForge.Tests.SchemaValidationTests.InvalidSquad_MissingUnitId_Fails [10 ms]
  Passed DINOForge.Tests.ContentLoaderEdgeCaseTests.LoadPack_ContentFileWithWrongFieldType_ErrorInResult [9 ms]
  Passed DINOForge.Tests.SDKCoverageTests.PackRegistryClient_CacheDuration_CanBeSet [< 1 ms]
  Passed DINOForge.Tests.PackLoaderTests.LoadFromString_TotalConversion_ParsesFullManifest [1 ms]
  Passed DINOForge.Tests.PackLoaderTests.LoadFromString_WhitespaceOnly_Throws [< 1 ms]
  Passed DINOForge.Tests.ContentLoaderIntegrationTests.LoadPacks_ResolveDependencies_LoadsInCorrectOrder [19 ms]
  Passed DINOForge.Tests.PackLoaderTests.LoadFromString_VeryLongFieldValues_ParsesCorrectly [1 ms]
  Passed DINOForge.Tests.PackLoaderTests.LoadFromFile_NonexistentFile_Throws [< 1 ms]
  Passed DINOForge.Tests.SDK.UI.DFCanvasAdapterWireupTests.HudElementRendererAdapter_Implements_IHudElementRenderer [< 1 ms]
  Passed DINOForge.Tests.SDKCoverageTests.PackSubmoduleManager_ReadLockFile_SkipsInvalidLines [3 ms]
  Passed DINOForge.Tests.PackLoaderTests.LoadFromString_UnicodePackName_ParsesCorrectly [< 1 ms]
  Passed DINOForge.Tests.SDK.UI.DFCanvasAdapterWireupTests.ModCanvasAdapter_SetCanvasRoot_RecordsRoot [< 1 ms]
  Passed DINOForge.Tests.DependencyResolverExtendedPropertyTests.NIndependentPacks_AlwaysResolve [287 ms]
  Passed DINOForge.Tests.SDKCoverageTests.PackRegistryFilter_DefaultValues [< 1 ms]
  Passed DINOForge.Tests.SDK.UI.DFCanvasAdapterWireupTests.ModMenuHostAdapter_SetCanvasRoot_RecordsRoot [< 1 ms]
  Passed DINOForge.Tests.PackLoaderTests.LoadFromString_EmptyString_Throws [< 1 ms]
  Passed DINOForge.Tests.DependencyResolverExtendedPropertyTests.LinearChain_LoadOrderIsTopological [1 ms]
  Passed DINOForge.Tests.SDK.UI.DFCanvasAdapterWireupTests.IHudElementRenderer_DriveSetCanvasRoot_ViaInterface [< 1 ms]
  Passed DINOForge.Tests.PackLoaderTests.LoadFromString_VersionFormats_Accepted [< 1 ms]
  Passed DINOForge.Tests.PollingHelperTests.RetryUntilTrueAsync_ReturnsFalseOnTimeout [119 ms]
  Passed DINOForge.Tests.SDK.UI.DFCanvasAdapterWireupTests.HudElementRendererAdapter_SetCanvasRoot_AcceptsNonNull [1 ms]
  Passed DINOForge.Tests.SDK.UI.DFCanvasAdapterWireupTests.ModButtonInjectorAdapter_Implements_IModButtonInjector [< 1 ms]
  Passed DINOForge.Tests.PollingHelperTests.RetryUntilAsync_ThrowsOnNullProbe [1 ms]
  Passed DINOForge.Tests.SDK.UI.DFCanvasAdapterWireupTests.ModSettingsHostAdapter_SetCanvasRoot_RecordsRoot [< 1 ms]
  Passed DINOForge.Tests.SchemaValidationTests.InvalidSkill_MissingSkillClass_Fails [7 ms]
  Passed DINOForge.Tests.NJsonSchemaValidatorUnitTests.Validate_WithInvalidYaml_ReturnsMalformedError [1 ms]
  Passed DINOForge.Tests.SDK.UI.DFCanvasAdapterWireupTests.ModButtonInjectorAdapter_SetCanvasRoot_RecordsRoot [< 1 ms]
  Passed DINOForge.Tests.ParameterizedTests.BridgeFsCheckProperties.SessionKeyCache_RoundTrip_PreservesKey [5 ms]
  Passed DINOForge.Tests.SDK.UI.DFCanvasAdapterWireupTests.IModButtonInjector_DriveSetCanvasRoot_ViaInterface [< 1 ms]
  Passed DINOForge.Tests.SDK.UI.DFCanvasAdapterWireupTests.HudElementRendererAdapter_SetCanvasRoot_AcceptsNull [< 1 ms]
  Passed DINOForge.Tests.NJsonSchemaValidatorUnitTests.Validate_CachesLoadedSchemas [1 ms]
  Passed DINOForge.Tests.PollingHelperTests.RetryUntilAsync_SucceedsOnFirstProbe [1 ms]
  Passed DINOForge.Tests.SDK.UI.DFCanvasAdapterWireupTests.AllFiveExtendedAdapters_ExposeSetCanvasRoot [< 1 ms]
  Passed DINOForge.Tests.NativeInteropIntegrationTests+DependencyResolverEdgeCaseTests.DependencyResult_Failure_EmptyErrors_Allowed [< 1 ms]
  Passed DINOForge.Tests.PollingHelperTests.RetryUntilTrueAsync_SucceedsOnFirstProbe [< 1 ms]
  Passed DINOForge.Tests.SDKCoverageTests.UniverseLoader_LoadFromDirectory_WithInvalidYaml_ThrowsException [4 ms]
  Passed DINOForge.Tests.NativeInteropIntegrationTests+DependencyResolverEdgeCaseTests.DependencyResult_Failure_WithErrors_HasCorrectProperties [< 1 ms]
  Passed DINOForge.Tests.NJsonSchemaValidatorUnitTests.Validate_WithMissingRequiredField_ReturnsError [< 1 ms]
  Passed DINOForge.Tests.SDKCoverageTests.FileDiscoveryService_WithEmptySearchPatterns_ReturnsEmpty [1 ms]
  Passed DINOForge.Tests.NJsonSchemaValidatorUnitTests.Validate_WithWrongTypeField_ReturnsError [1 ms]
  Passed DINOForge.Tests.SDKCoverageTests.PackLoads_DefaultValues [< 1 ms]
  Passed DINOForge.Tests.NativeInteropIntegrationTests+DependencyResolverEdgeCaseTests.DependencyResult_Success_Factory_HasCorrectProperties [1 ms]
  Passed DINOForge.Tests.NJsonSchemaValidatorUnitTests.Constructor_WithNullSchemaSources_ThrowsArgumentNullException [1 ms]
  Passed DINOForge.Tests.ParameterizedTests.DomainFsCheckProperties.ScenarioDefinition_Validate_CatchesNegativeWaveCount [9 ms]
  Passed DINOForge.Tests.PerformanceBenchmarkTests.CompatibilityCheck_ComplexRanges_StillFast [1 ms]
  Passed DINOForge.Tests.NJsonSchemaValidatorUnitTests.Validate_WithSchemaRef_ValidatesNestedTypes [1 ms]
  Passed DINOForge.Tests.PerformanceBenchmarkTests.RegistryLookup_MissesVsHits_Comparable [< 1 ms]
  Passed DINOForge.Tests.NJsonSchemaValidatorUnitTests.Validate_WithSchemaNotFound_ThrowsInvalidOperationException [< 1 ms]
  Passed DINOForge.Tests.PerformanceBenchmarkTests.PackLoading_TypicalPack_UnderThreshold [< 1 ms]
  Passed DINOForge.Tests.NJsonSchemaValidatorUnitTests.Validate_WithEmptySchemaName_ThrowsArgumentException [< 1 ms]
  Passed DINOForge.Tests.SDKCoverageTests.FileDiscoveryService_GetDirectories_WithRecursive_IncludesAllSubdirectories [3 ms]
  Passed DINOForge.Tests.SDKCoverageTests.RegistryPackEntry_DefaultValues [< 1 ms]
  Passed DINOForge.Tests.NJsonSchemaValidatorUnitTests.Validate_WithNullSchemaName_ThrowsArgumentException [< 1 ms]
  Passed DINOForge.Tests.PerformanceBenchmarkTests.PackLoading_MultipleSequential_AllUnderThreshold [< 1 ms]
  Passed DINOForge.Tests.NJsonSchemaValidatorUnitTests.Validate_WithEmptyYamlContent_ThrowsArgumentException [< 1 ms]
  Passed DINOForge.Tests.ContentLoaderEdgeCaseTests.LoadPacks_PackWithCircularDependency_ReturnsError [15 ms]
  Passed DINOForge.Tests.NJsonSchemaValidatorUnitTests.Validate_WithNullYamlContent_ThrowsArgumentException [< 1 ms]
  Passed DINOForge.Tests.ContentLoaderIntegrationTests.LoadPacks_MultiplePacksWithDependencies_LoadsInOrder [14 ms]
  Passed DINOForge.Tests.RegistryTests.Contains_NotRegistered_ReturnsFalse [< 1 ms]
  Passed DINOForge.Tests.RegistryTests.Registry_Register_OverwritesExisting [< 1 ms]
  Passed DINOForge.Tests.NJsonSchemaValidatorUnitTests.Validate_WithValidYaml_ReturnsSuccess [< 1 ms]
  Passed DINOForge.Tests.RegistryTests.Override_SamePriority_CreatesConflict [< 1 ms]
  Passed DINOForge.Tests.RegistryTests.Override_HigherPriority_ReplacesExisting [< 1 ms]
  Passed DINOForge.Tests.RegistryTests.DetectConflicts_NoConflicts_ReturnsEmpty [< 1 ms]
  Passed DINOForge.Tests.RegistryTests.Registry_Empty_All_ReturnsEmpty [< 1 ms]
  Passed DINOForge.Tests.PerformanceBenchmarkTests.RegistryLookup_1000Lookups_AverageUnderThreshold [2 ms]
  Passed DINOForge.Tests.SchemaValidationTests.ValidUnit_PassesValidation [10 ms]
  Passed DINOForge.Tests.RegistryTests.Register_MultipleEntries_AllAccessible [< 1 ms]
  Passed DINOForge.Tests.RegistryTests.Get_NonExistent_ReturnsNull [< 1 ms]
  Passed DINOForge.Tests.SDKCoverageTests.UniverseLoader_LoadFromDirectory_WithValidYaml_LoadsCorrectly [3 ms]
  Passed DINOForge.Tests.RegistryTests.Registry_All_WithMultipleEntries_ReturnsAll [< 1 ms]
  Passed DINOForge.Tests.SDKCoverageTests.YamlLoader_Deserialize_WithEmptyString_ReturnsDefault [< 1 ms]
  Passed DINOForge.Tests.RegistryTests.Registry_Contains_CaseInsensitive [< 1 ms]
  Passed DINOForge.Tests.NJsonSchemaValidatorUnitTests.Validate_WithSchemaRef_RejectsInvalidNestedItems [1 ms]
  Passed DINOForge.Tests.SDKCoverageTests.FileDiscoveryService_DefaultExclusions_AreCorrect [< 1 ms]
  Passed DINOForge.Tests.SDKCoverageTests.RegistryConflict_WithSingleConflict_CreatesCorrectly [< 1 ms]
  Passed DINOForge.Tests.RegistryTests.DetectConflicts_SamePriority_ReturnsConflict [< 1 ms]
  Passed DINOForge.Tests.SDKCoverageTests.ContentLoadResult_PropertiesAccessible [< 1 ms]
  Passed DINOForge.Tests.RegistryTests.Register_And_Get_ReturnsEntry [< 1 ms]
  Passed DINOForge.Tests.SDKCoverageTests.AddressablesCatalog_ResolveBundlePath_WithoutPlaceholder_ReturnsUnchanged [< 1 ms]
  Passed DINOForge.Tests.RegistryTests.Contains_Registered_ReturnsTrue [< 1 ms]
  Passed DINOForge.Tests.RegistryTests.Registry_GetNonExistent_ReturnsNull [< 1 ms]
  Passed DINOForge.Tests.PerformanceBenchmarkTests.SchemaValidation_10Packs_UnderThreshold [1 ms]
  Passed DINOForge.Tests.RegistryTests.All_ReturnsHighestPriorityEntries [< 1 ms]
  Passed DINOForge.Tests.FuzzTargets.JsonFuzzTarget.Smoke_DoesNotThrow(jsonInput: "{\"id\":\"test\",\"version\":\"0.1.0\"}") [< 1 ms]
  Passed DINOForge.Tests.MockValidatableTests.Validate_OnValidatePrecedesThrowCheck [1 ms]
  Passed DINOForge.Tests.MockValidatableTests.Validate_MultipleCallsIncrementCount [< 1 ms]
  Passed DINOForge.Tests.MockValidatableTests.Validate_ThrowOnValidateSet_PropagatesException [< 1 ms]
  Passed DINOForge.Tests.MockValidatableTests.Validate_OnValidateHook_IsFired [< 1 ms]
  Passed DINOForge.Tests.MockValidatableTests.Validate_DefaultBehavior_ReturnsSuccess [< 1 ms]
  Passed DINOForge.Tests.FuzzTargets.JsonFuzzTarget.Smoke_DoesNotThrow(jsonInput: "{not valid json}") [1 ms]
  Passed DINOForge.Tests.FuzzTargets.JsonFuzzTarget.Smoke_DoesNotThrow(jsonInput: "{}") [< 1 ms]
  Passed DINOForge.Tests.FuzzTargets.JsonFuzzTarget.Smoke_DoesNotThrow(jsonInput: "{\"nested\":{\"a\":{\"b\":{\"c\":1}}}}") [< 1 ms]
  Passed DINOForge.Tests.FuzzTargets.JsonFuzzTarget.Smoke_DoesNotThrow(jsonInput: "\"plain string\"") [< 1 ms]
  Passed DINOForge.Tests.FuzzTargets.JsonFuzzTarget.Smoke_DoesNotThrow(jsonInput: "") [< 1 ms]
  Passed DINOForge.Tests.FuzzTargets.JsonFuzzTarget.Smoke_DoesNotThrow(jsonInput: "[]") [< 1 ms]
  Passed DINOForge.Tests.SDKCoverageTests.PackSubmoduleManager_ReadLockFile_WithValidEntries_ReturnsDictionary [3 ms]
  Passed DINOForge.Tests.FuzzTargets.JsonFuzzTarget.Smoke_DoesNotThrow(jsonInput: "null") [< 1 ms]
  Passed DINOForge.Tests.SDKCoverageTests.RegistryPackEntry_CanSetAllProperties [< 1 ms]
  Passed DINOForge.Tests.SDKCoverageTests.YamlLoader_Serializer_And_Deserializer_AreAccessible [< 1 ms]
  Passed DINOForge.Tests.ContentLoaderEdgeCaseTests.LoadPack_MixedValidAndInvalidContent_PartialLoadWithErrors [7 ms]
  Passed DINOForge.Tests.SDKCoverageTests.YamlLoader_Serialize_WithObject_ReturnsYaml [< 1 ms]
  Passed DINOForge.Tests.SDKCoverageTests.RegistryPackEntry_JsonRoundtrip [< 1 ms]
  Passed DINOForge.Tests.PerformanceBenchmarkTests.SchemaValidation_PackManifestStructure_Consistent [5 ms]
  Passed DINOForge.Tests.PackRegistryTests.PackRegistryFilter_Featured_OnlyReturnsFeatured [2 ms]
  Passed DINOForge.Tests.SDKCoverageTests.FileDiscoveryService_GetFiles_WithEmptyDirectory_ReturnsEmpty [1 ms]
  Passed DINOForge.Tests.SDKCoverageTests.ContentLoadResult_Failure_CreatesCorrectResult [< 1 ms]
  Passed DINOForge.Tests.SDKCoverageTests.PackLoader_LoadFromFile_WithMissingFile_ThrowsFileNotFoundException [4 ms]
  Passed DINOForge.Tests.SDKCoverageTests.FileDiscoveryService_GetFiles_NonExistentDirectory_ReturnsEmpty [< 1 ms]
  Passed DINOForge.Tests.PackRegistryTests.RegistryPackEntry_DeserializesWithDefaults_FromPartialJson [5 ms]
  Passed DINOForge.Tests.EndToEndUserJourneysTests.Journey2_CreateBalanceMod_PackValidatesAndLoads [149 ms]
  Passed DINOForge.Tests.PackRegistryTests.PackRegistryFilter_MultipleConstraints_AppliesAll [< 1 ms]
  Passed DINOForge.Tests.HotReloadTests.PackFileWatcher_DebounceWaitsBeforeReload [208 ms]
  Passed DINOForge.Tests.PackRegistryTests.PackRegistryFilter_Verified_False_IncludesUnverified [< 1 ms]
  Passed DINOForge.Tests.PackRegistryTests.PackRegistryFilter_ByType_CaseInsensitive [< 1 ms]
  Passed DINOForge.Tests.PackRegistryTests.PackRegistryFilter_NullFilter_ReturnsAll [< 1 ms]
  Passed DINOForge.Tests.SchemaValidationTests.ValidFaction_PassesValidation [14 ms]
  Passed DINOForge.Tests.SDKCoverageTests.AddressablesCatalog_Load_WithValidCatalog_ParsesCorrectly [2 ms]
  Passed DINOForge.Tests.EndToEndUserJourneysTests.Journey7_Registry_AllowsMultipleRegistrations_AndReturnsHighestPriority [2 ms]
  Passed DINOForge.Tests.PackRegistryTests.PackRegistryFilter_ByType_FiltersCorrectly [1 ms]
  Passed DINOForge.Tests.PackRegistryTests.PackRegistryFilter_ByMultipleTags_RequiresAll [< 1 ms]
  Passed DINOForge.Tests.ParameterizedTests.HotReloadFsCheckProperties.HotReloadResult_HandlesEmptyCollections [3 ms]
  Passed DINOForge.Tests.HotReloadTests.HotReloadResult_Success_HasCorrectProperties [2 ms]
  Passed DINOForge.Tests.PackRegistryTests.PackRegistryFilter_Verified_OnlyReturnsVerified [1 ms]
  Passed DINOForge.Tests.PackRegistryTests.PackRegistryFilter_ByTag_FiltersCorrectly [< 1 ms]
  Passed DINOForge.Tests.PackRegistryTests.PackRegistryClient_InvalidateCache_ResetsCache [< 1 ms]
  Passed DINOForge.Tests.HotReloadTests.PackFileWatcher_Start_NonExistentDir_DoesNotThrow [1 ms]
  Passed DINOForge.Tests.ParameterizedTests.DomainFsCheckProperties.ThemeDefinition_PrimaryColor_RoundTrip_PreservesValue [5 ms]
  Passed DINOForge.Tests.PackRegistryTests.PackRegistryFilter_ByTag_CaseInsensitive [< 1 ms]
  Passed DINOForge.Tests.PackRegistryTests.PackRegistryFilter_Featured_False_IncludesNonFeatured [< 1 ms]
  Passed DINOForge.Tests.FuzzTargets.PackManifestFuzzTarget.Smoke_DoesNotThrow(yamlInput: "") [< 1 ms]
  Passed DINOForge.Tests.PackRegistryTests.RegistryPackEntry_Deserializes_FromJson [< 1 ms]
  Passed DINOForge.Tests.FuzzTargets.PackManifestFuzzTarget.Smoke_DoesNotThrow(yamlInput: "id: \nname: \nversion: ") [< 1 ms]
  Passed DINOForge.Tests.HotReloadTests.HotReloadResult_Failure_HasCorrectProperties [1 ms]
  Passed DINOForge.Tests.FuzzTargets.PackManifestFuzzTarget.Smoke_DoesNotThrow(yamlInput: "id: test\n  name: broken-indent") [< 1 ms]
  Passed DINOForge.Tests.SDKCoverageTests.FileDiscoveryService_AddAndRemoveExclusion_WorksCorrectly [5 ms]
  Passed DINOForge.Tests.PerformanceBenchmarkTests.DependencyResolution_50PacksChain_UnderThreshold [13 ms]
  Passed DINOForge.Tests.DependencyResolverTests.DetectConflicts_NoConflicts_ReturnsEmpty [1 ms]
  Passed DINOForge.Tests.FuzzTargets.PackManifestFuzzTarget.Smoke_DoesNotThrow(yamlInput: "completely invalid yaml {{{{") [1 ms]
  Passed DINOForge.Tests.FuzzTargets.PackManifestFuzzTarget.Smoke_DoesNotThrow(yamlInput: "id: тест-пак\nname: 日本語パック\nversion: 0.1.0") [< 1 ms]
  Passed DINOForge.Tests.SchemaValidationTests.ValidDoctrine_PassesValidation [6 ms]
  Passed DINOForge.Tests.HotReloadTests.PackFileWatcher_DebounceCoalesces_MultipleChanges [1 ms]
  Passed DINOForge.Tests.FuzzTargets.PackManifestFuzzTarget.Smoke_DoesNotThrow(yamlInput: "id: test-pack\nname: Test Pack\nversion: 0.1.0\nfr"···) [< 1 ms]
  Passed DINOForge.Tests.ParameterizedTests.AssetPipelineFsCheckProperties.DefinitionUpdateService_InjectVisualAsset_IsIdempotent [8 ms]
  Passed DINOForge.Tests.FuzzTargets.PackManifestFuzzTarget.Smoke_DoesNotThrow(yamlInput: "id: test-pack\nname: Test Pack\nversion: 0.1.0") [< 1 ms]
  Passed DINOForge.Tests.DependencyResolverTests.ResolveDeps_MissingDependency_Fails [< 1 ms]
  Passed DINOForge.Tests.PerformanceBenchmarkTests.DependencyResolution_DiamondGraph_UnderThreshold [1 ms]
  Passed DINOForge.Tests.ParameterizedTests.BridgeFsCheckProperties.BridgeReceipt_HmacCompute_IsDeterministic [9 ms]
  Passed DINOForge.Tests.SDKCoverageTests.FileDiscoveryService_DiscoverPackDirectories_WithNoPacks_ReturnsEmpty [2 ms]
  Passed DINOForge.Tests.DependencyResolverTests.ComputeLoadOrder_CircularDeps_Fails [< 1 ms]
  Passed DINOForge.Tests.HotReloadTests.PackFileWatcher_Start_SetsIsWatching [1 ms]
  Passed DINOForge.Tests.SDKCoverageTests.PackRegistryClient_WithNullUrl_ThrowsArgumentNullException [< 1 ms]
  Passed DINOForge.Tests.DependencyResolverTests.CheckFrameworkCompatibility_VersionWithPrefix_StripsPrefix [< 1 ms]
  Passed DINOForge.Tests.WeaponDefinitionUnitTests.Validate_NegativeBaseDamage_ReturnsFailure [< 1 ms]
  Passed DINOForge.Tests.WeaponDefinitionUnitTests.Validate_ZeroRateOfFire_ReturnsSuccess [< 1 ms]
  Passed DINOForge.Tests.WeaponDefinitionUnitTests.Validate_MissingId_ReturnsFailure [< 1 ms]
  Passed DINOForge.Tests.WeaponDefinitionUnitTests.Validate_WithExtendedProperties_ReturnsSuccess [< 1 ms]
  Passed DINOForge.Tests.WeaponDefinitionUnitTests.Validate_WithValidData_ReturnsSuccess [< 1 ms]
  Passed DINOForge.Tests.DependencyResolverTests.ResolveDeps_NoDependencies_Succeeds [1 ms]
  Passed DINOForge.Tests.WeaponDefinitionUnitTests.Validate_ZeroBaseDamage_ReturnsSuccess [< 1 ms]
  Passed DINOForge.Tests.SDKCoverageTests.FileDiscoveryService_GetFiles_WithNoMatchingFiles_ReturnsEmpty [1 ms]
  Passed DINOForge.Tests.WeaponDefinitionUnitTests.Validate_MissingDisplayName_ReturnsFailure [< 1 ms]
  Passed DINOForge.Tests.SDKCoverageTests.PackRegistryClient_WithHttpClient_UsesProvidedClient [< 1 ms]
  Passed DINOForge.Tests.SDKCoverageTests.FileDiscoveryService_GetFiles_WithNonExistentDirectory_ReturnsEmpty [< 1 ms]
  Passed DINOForge.Tests.WeaponDefinitionUnitTests.Validate_WhitespaceId_ReturnsFailure [< 1 ms]
  Passed DINOForge.Tests.SDKCoverageTests.RegistryManager_Units_Buildings_Factions_AreAccessible [< 1 ms]
  Passed DINOForge.Tests.SDKCoverageTests.PackRegistryClient_DefaultConstructor_UsesDefaultUrl [< 1 ms]
  Passed DINOForge.Tests.WeaponDefinitionUnitTests.Validate_MultipleErrors_ReturnsAllErrors [< 1 ms]
  Passed DINOForge.Tests.DependencyResolverTests.ComputeLoadOrder_SinglePack_ReturnsSingle [< 1 ms]
  Passed DINOForge.Tests.WeaponDefinitionUnitTests.Validate_WithHighBaseDamage_ReturnsSuccess [< 1 ms]
  Passed DINOForge.Tests.WeaponDefinitionUnitTests.Validate_WithOptionalFields_ReturnsSuccess [< 1 ms]
  Passed DINOForge.Tests.WeaponDefinitionUnitTests.Validate_ZeroRange_ReturnsSuccess [< 1 ms]
  Passed DINOForge.Tests.WeaponDefinitionUnitTests.Constructor_DefaultValues_InitializesCorrectly [< 1 ms]
  Passed DINOForge.Tests.PerformanceBenchmarkTests.FullPipeline_LoadResolveParse_Completes [4 ms]
  Passed DINOForge.Tests.DependencyResolverTests.ResolveDeps_TransitiveDependency_AllIncluded [1 ms]
  Passed DINOForge.Tests.SDKCoverageTests.ContentDiscoveryService_DiscoverYamlFiles_WithSubdirectoriesOnly_ReturnsEmpty [1 ms]
  Passed DINOForge.Tests.DependencyResolverTests.DetectConflicts_BidirectionalConflicts_BothDetected [< 1 ms]
  Passed DINOForge.Tests.SchemaValidationTests.ValidWave_PassesValidation [6 ms]
  Passed DINOForge.Tests.PerformanceBenchmarkTests.CompatibilityCheck_VersionInRange_1000Calls_UnderThreshold [1 ms]
  Passed DINOForge.Tests.DependencyResolverTests.ComputeLoadOrder_WithDeps_RespectsDependencyOrder [< 1 ms]
  Passed DINOForge.Tests.FuzzTargets.AssetCatalogFuzzTarget.Smoke_DoesNotThrow(jsonInput: "") [< 1 ms]
  Passed DINOForge.Tests.FuzzTargets.AssetCatalogFuzzTarget.Smoke_DoesNotThrow(jsonInput: "{not valid json}") [< 1 ms]
  Passed DINOForge.Tests.DependencyResolverTests.ComputeLoadOrder_DiamondDependency_Resolves [1 ms]
  Passed DINOForge.Tests.FuzzTargets.AssetCatalogFuzzTarget.Smoke_DoesNotThrow(jsonInput: "{\"nested\":{\"deep\":{\"catalog\":{\"assets\":[]}"···) [< 1 ms]
  Passed DINOForge.Tests.FuzzTargets.AssetCatalogFuzzTarget.Smoke_DoesNotThrow(jsonInput: "{\"assets\":[]}") [< 1 ms]
  Passed DINOForge.Tests.FuzzTargets.AssetCatalogFuzzTarget.Smoke_DoesNotThrow(jsonInput: "null") [< 1 ms]
  Passed DINOForge.Tests.FuzzTargets.AssetCatalogFuzzTarget.Smoke_DoesNotThrow(jsonInput: "[]") [< 1 ms]
  Passed DINOForge.Tests.FuzzTargets.AssetCatalogFuzzTarget.Smoke_DoesNotThrow(jsonInput: "{\"assets\":[{\"id\":\"asset-1\",\"bundle\":\"b\","···) [< 1 ms]
  Passed DINOForge.Tests.FuzzTargets.AssetCatalogFuzzTarget.Smoke_DoesNotThrow(jsonInput: "{}") [< 1 ms]
  Passed DINOForge.Tests.FuzzTargets.AssetCatalogFuzzTarget.Smoke_DoesNotThrow(jsonInput: "{\"assets\":[{\"id\":\"asset-1\",\"bundle\":\"bund"···) [< 1 ms]
  Passed DINOForge.Tests.FuzzTargets.AssetCatalogFuzzTarget.Smoke_DoesNotThrow(jsonInput: "\"string\"") [< 1 ms]
  Passed DINOForge.Tests.SDKCoverageTests.FileDiscoveryService_GetFiles_ExcludesExcludedDirectories [7 ms]
[12:37:23 INF] Connecting to pipe 'dinoforge-test-pipe-e168f37c500e4a23be6f84fc9a09e16c' with timeout 5000ms
  Passed DINOForge.Tests.UIDomainCoverageGapTests.HUDInjectionSystem_Initialize_SetsInitializedFlag [< 1 ms]
  Passed DINOForge.Tests.SDKCoverageTests.PackManifest_WithOverrides_HasCorrectStructure [< 1 ms]
  Passed DINOForge.Tests.DependencyResolverTests.DetectConflicts_ConflictingPacks_ReturnsConflicts [5 ms]
  Passed DINOForge.Tests.UIDomainCoverageGapTests.HUDElementDefinition_Constructor_ValidParams_InitializesCorrectly [< 1 ms]
  Passed DINOForge.Tests.UIDomainCoverageGapTests.HUDInjectionSystem_UnregisterElement_NotFound_ReturnsFalse [< 1 ms]
  Passed DINOForge.Tests.UIDomainCoverageGapTests.HUDInjectionSystem_RegisterElement_AfterInitialize_IncrementsElementCount [< 1 ms]
  Passed DINOForge.Tests.UIDomainCoverageGapTests.HUDInjectionSystem_UnregisterElement_MixedCase_Removes [< 1 ms]
[12:37:23 INF] Successfully connected to pipe 'dinoforge-test-pipe-e168f37c500e4a23be6f84fc9a09e16c'
  Passed DINOForge.Tests.DependencyResolverTests.ComputeLoadOrder_SelfDependency_FailsOrHandled [< 1 ms]
  Passed DINOForge.Tests.UIDomainCoverageGapTests.HUDInjectionSystem_Shutdown_ClearsElementsAndDisablesSystem [< 1 ms]
  Passed DINOForge.Tests.DependencyResolverTests.ComputeLoadOrder_EmptyList_Succeeds [< 1 ms]
  Passed DINOForge.Tests.DependencyResolverExtendedPropertyTests.SelfDependency_IsAlwaysACycle [23 ms]
  Passed DINOForge.Tests.DependencyResolverTests.CheckFrameworkCompatibility_ExactMatch_ReturnsTrue [< 1 ms]
  Passed DINOForge.Tests.UIDomainCoverageGapTests.HUDInjectionSystem_RegisterElement_BeforeInitialize_ThrowsInvalidOperationException [1 ms]
  Passed DINOForge.Tests.DependencyResolverTests.ComputeLoadOrder_ThreePackCircle_Fails [< 1 ms]
  Passed DINOForge.Tests.UIDomainCoverageGapTests.HUDInjectionSystem_Shutdown_ThenRegisterElement_ThrowsInvalidOperationException [< 1 ms]
  Passed DINOForge.Tests.UIDomainCoverageGapTests.HUDElementDefinition_Constructor_NullName_ThrowsArgumentNullException [< 1 ms]
  Passed DINOForge.Tests.SDKCoverageTests.AddressablesCatalog_ParseEntryData_WithValidEntry_ReturnsEntry [3 ms]
  Passed DINOForge.Tests.UIDomainCoverageGapTests.HUDElementDefinition_Constructor_DefaultZOrder_IsZero [< 1 ms]
  Passed DINOForge.Tests.SDKCoverageTests.RegistryEntry_CanCreateWithData [< 1 ms]
  Passed DINOForge.Tests.DependencyResolverTests.ResolveDeps_SatisfiedDependency_Succeeds [1 ms]
  Passed DINOForge.Tests.UIDomainCoverageGapTests.HUDElementDefinition_Constructor_NullSourcePackId_ThrowsArgumentNullException [< 1 ms]
  Passed DINOForge.Tests.UIDomainCoverageGapTests.HUDInjectionSystem_InitializeMultipleTimes_ClearsExistingElements [< 1 ms]
  Passed DINOForge.Tests.UIDomainCoverageGapTests.HUDInjectionSystem_UnregisterElement_MultipleElements_RemovesCorrectOne [1 ms]
  Passed DINOForge.Tests.UIDomainCoverageGapTests.HUDElementDefinition_Constructor_DefaultAnchor_IsTopLeft [< 1 ms]
  Passed DINOForge.Tests.UIDomainCoverageGapTests.HUDInjectionSystem_Update_BeforeInitialize_DoesNotThrow [< 1 ms]
  Passed DINOForge.Tests.UIDomainCoverageGapTests.HUDInjectionSystem_UnregisterElement_Found_RemovesAndReturnsTrue [< 1 ms]
  Passed DINOForge.Tests.UIDomainCoverageGapTests.HUDElementDefinition_NegativeZOrder_IsAccepted [< 1 ms]
  Passed DINOForge.Tests.SchemaValidationTests.InvalidUnit_MissingId_FailsValidation [15 ms]
  Passed DINOForge.Tests.UIDomainCoverageGapTests.HUDElementDefinition_Constructor_NullId_ThrowsArgumentNullException [< 1 ms]
[12:37:23 DBG] Sending request 'ping' to pipe 'dinoforge-game-bridge' (attempt 1/1)
[12:37:23 ERR] Server returned error for request 'ping': [-32600] Invalid Request
[12:37:23 WRN] Request 'ping' failed on attempt 1: Server error [-32600]: Invalid Request
DINOForge.Bridge.Client.GameClientException: Server error [-32600]: Invalid Request
   at DINOForge.Bridge.Client.GameClient.SendRequestCoreAsync[T](String method, Object parameters, CancellationToken ct, Nullable`1 sendTimeout, Nullable`1 readTimeout) in C:\Users\koosh\Dino\src\Bridge\Client\GameClient.cs:line 592
   at DINOForge.Bridge.Client.GameClient.SendRequestAsync[T](String method, Object parameters, CancellationToken ct) in C:\Users\koosh\Dino\src\Bridge\Client\GameClient.cs:line 462
[12:37:23 ERR] Failed to execute 'ping' after 1 attempts
DINOForge.Bridge.Client.GameClientException: Server error [-32600]: Invalid Request
   at DINOForge.Bridge.Client.GameClient.SendRequestCoreAsync[T](String method, Object parameters, CancellationToken ct, Nullable`1 sendTimeout, Nullable`1 readTimeout) in C:\Users\koosh\Dino\src\Bridge\Client\GameClient.cs:line 592
   at DINOForge.Bridge.Client.GameClient.SendRequestAsync[T](String method, Object parameters, CancellationToken ct) in C:\Users\koosh\Dino\src\Bridge\Client\GameClient.cs:line 462
  Passed DINOForge.Tests.UIDomainCoverageGapTests.HUDInjectionSystem_UnregisterElement_CaseInsensitiveId_Removes [< 1 ms]
  Passed DINOForge.Tests.UIDomainCoverageGapTests.HUDElementDefinition_AnchorVariations_AllValid [< 1 ms]
  Passed DINOForge.Tests.UIDomainCoverageGapTests.HUDInjectionSystem_RegisterElement_NullElement_ThrowsArgumentNullException [< 1 ms]
  Passed DINOForge.Tests.UIDomainCoverageGapTests.HUDInjectionSystem_Update_AfterInitialize_DoesNotThrow [< 1 ms]
  Passed DINOForge.Tests.UIDomainCoverageGapTests.HUDElementDefinition_Constructor_DefaultIsVisible_IsTrue [< 1 ms]
  Passed DINOForge.Tests.ScenarioRegistryTests.ScenarioRegistry_All_ReturnsAllScenarios [1 ms]
  Passed DINOForge.Tests.UIDomainCoverageGapTests.HUDElementDefinition_IsVisible_CanBeToggled [< 1 ms]
  Passed DINOForge.Tests.SDKCoverageTests.ContentLoader_LoadPacks_WithValidPack_ReturnsSuccess [5 ms]
[12:37:23 DBG] Sending request 'ping' to pipe 'dinoforge-game-bridge' (attempt 1/1)
[12:37:23 WRN] Request 'ping' failed on attempt 1: Unexpected character encountered while parsing value: n. Path '', line 0, position 0.
Newtonsoft.Json.JsonReaderException: Unexpected character encountered while parsing value: n. Path '', line 0, position 0.
   at Newtonsoft.Json.JsonTextReader.ParseValue()
   at Newtonsoft.Json.JsonTextReader.Read()
   at Newtonsoft.Json.JsonReader.ReadAndMoveToContent()
   at Newtonsoft.Json.JsonReader.ReadForType(JsonContract contract, Boolean hasConverter)
   at Newtonsoft.Json.Serialization.JsonSerializerInternalReader.Deserialize(JsonReader reader, Type objectType, Boolean checkAdditionalContent)
   at Newtonsoft.Json.JsonSerializer.DeserializeInternal(JsonReader reader, Type objectType)
   at Newtonsoft.Json.JsonSerializer.Deserialize(JsonReader reader, Type objectType)
   at Newtonsoft.Json.JsonConvert.DeserializeObject(String value, Type type, JsonSerializerSettings settings)
   at Newtonsoft.Json.JsonConvert.DeserializeObject[T](String value, JsonSerializerSettings settings)
   at Newtonsoft.Json.JsonConvert.DeserializeObject[T](String value)
   at DINOForge.Bridge.Client.GameClient.SendRequestCoreAsync[T](String method, Object parameters, CancellationToken ct, Nullable`1 sendTimeout, Nullable`1 readTimeout) in C:\Users\koosh\Dino\src\Bridge\Client\GameClient.cs:line 601
   at DINOForge.Bridge.Client.GameClient.SendRequestAsync[T](String method, Object parameters, CancellationToken ct) in C:\Users\koosh\Dino\src\Bridge\Client\GameClient.cs:line 462
[12:37:23 ERR] Failed to execute 'ping' after 1 attempts
  Passed DINOForge.Tests.UIDomainCoverageGapTests.HUDElementDefinition_LargeZOrder_IsAccepted [< 1 ms]
  Passed DINOForge.Tests.SDKCoverageTests.YamlLoader_DeserializeFromFile_WithMissingFile_ReturnsDefault [< 1 ms]
  Passed DINOForge.Tests.UIDomainCoverageGapTests.HUDInjectionSystem_RegisterElement_MultipleElements_AllRegistered [< 1 ms]
  Passed DINOForge.Tests.ScenarioRegistryTests.ScenarioRegistry_Register_NullThrows [< 1 ms]
  Passed DINOForge.Tests.SDKCoverageTests.PackRegistryFilter_CanSetAllProperties [< 1 ms]
  Passed DINOForge.Tests.DependencyResolverTests.ComputeLoadOrder_LongChainDependency_Resolves [6 ms]
Newtonsoft.Json.JsonReaderException: Unexpected character encountered while parsing value: n. Path '', line 0, position 0.
   at Newtonsoft.Json.JsonTextReader.ParseValue()
   at Newtonsoft.Json.JsonTextReader.Read()
   at Newtonsoft.Json.JsonReader.ReadAndMoveToContent()
   at Newtonsoft.Json.JsonReader.ReadForType(JsonContract contract, Boolean hasConverter)
   at Newtonsoft.Json.Serialization.JsonSerializerInternalReader.Deserialize(JsonReader reader, Type objectType, Boolean checkAdditionalContent)
   at Newtonsoft.Json.JsonSerializer.DeserializeInternal(JsonReader reader, Type objectType)
   at Newtonsoft.Json.JsonSerializer.Deserialize(JsonReader reader, Type objectType)
   at Newtonsoft.Json.JsonConvert.DeserializeObject(String value, Type type, JsonSerializerSettings settings)
   at Newtonsoft.Json.JsonConvert.DeserializeObject[T](String value, JsonSerializerSettings settings)
   at Newtonsoft.Json.JsonConvert.DeserializeObject[T](String value)
   at DINOForge.Bridge.Client.GameClient.SendRequestCoreAsync[T](String method, Object parameters, CancellationToken ct, Nullable`1 sendTimeout, Nullable`1 readTimeout) in C:\Users\koosh\Dino\src\Bridge\Client\GameClient.cs:line 601
   at DINOForge.Bridge.Client.GameClient.SendRequestAsync[T](String method, Object parameters, CancellationToken ct) in C:\Users\koosh\Dino\src\Bridge\Client\GameClient.cs:line 462
[12:37:23 DBG] Sending request 'ping' to pipe 'dinoforge-game-bridge' (attempt 1/1)
[12:37:23 ERR] Received invalid JSON-RPC response for request 'ping': 
[12:37:23 WRN] Request 'ping' failed on attempt 1: Received invalid JSON-RPC response.
DINOForge.Bridge.Client.GameClientException: Received invalid JSON-RPC response.
   at DINOForge.Bridge.Client.GameClient.SendRequestCoreAsync[T](String method, Object parameters, CancellationToken ct, Nullable`1 sendTimeout, Nullable`1 readTimeout) in C:\Users\koosh\Dino\src\Bridge\Client\GameClient.cs:line 585
   at DINOForge.Bridge.Client.GameClient.SendRequestAsync[T](String method, Object parameters, CancellationToken ct) in C:\Users\koosh\Dino\src\Bridge\Client\GameClient.cs:line 462
[12:37:23 ERR] Failed to execute 'ping' after 1 attempts
DINOForge.Bridge.Client.GameClientException: Received invalid JSON-RPC response.
   at DINOForge.Bridge.Client.GameClient.SendRequestCoreAsync[T](String method, Object parameters, CancellationToken ct, Nullable`1 sendTimeout, Nullable`1 readTimeout) in C:\Users\koosh\Dino\src\Bridge\Client\GameClient.cs:line 585
   at DINOForge.Bridge.Client.GameClient.SendRequestAsync[T](String method, Object parameters, CancellationToken ct) in C:\Users\koosh\Dino\src\Bridge\Client\GameClient.cs:line 462
[12:37:23 DBG] Sending request 'queryEntities' to pipe 'dinoforge-game-bridge' (attempt 1/1)
  Passed DINOForge.Tests.ScenarioRegistryTests.ScenarioRegistry_Register_OverwritesPreviousScenario [< 1 ms]
  Passed DINOForge.Tests.ScenarioRegistryTests.ScenarioRegistry_Contains_ReturnsTrueForRegistered [< 1 ms]
  Passed DINOForge.Tests.DependencyResolverTests.CheckFrameworkCompatibility_EmptyFrameworkVersion_ReturnsTrue [< 1 ms]
  Passed DINOForge.Tests.ScenarioRegistryTests.ScenarioRegistry_GetByDifficulty_ReturnsEmptyWhenNoneMatch [< 1 ms]
  Passed DINOForge.Tests.DoctrineComprehensiveTests.ApplyAll_ArchetypePlusDoctrine_AllCombinationsProduceValidStats(archetypeId: "order", doctrineIndex: 1) [< 1 ms]
  Passed DINOForge.Tests.DoctrineComprehensiveTests.ApplyAll_ArchetypePlusDoctrine_AllCombinationsProduceValidStats(archetypeId: "industrial_swarm", doctrineIndex: 1) [< 1 ms]
  Passed DINOForge.Tests.DoctrineComprehensiveTests.ApplyAll_ArchetypePlusDoctrine_AllCombinationsProduceValidStats(archetypeId: "asymmetric", doctrineIndex: 0) [< 1 ms]
[12:37:23 INF] Request 'queryEntities' completed successfully in 0ms
[12:37:23 DBG] Sending request 'screenshot' to pipe 'dinoforge-game-bridge' (attempt 1/1)
[12:37:23 INF] Request 'screenshot' completed successfully in 0ms
  Passed DINOForge.Tests.DoctrineComprehensiveTests.ApplyAll_ArchetypePlusDoctrine_AllCombinationsProduceValidStats(archetypeId: "order", doctrineIndex: 2) [< 1 ms]
  Passed DINOForge.Tests.DoctrineComprehensiveTests.ApplyAll_ArchetypePlusDoctrine_AllCombinationsProduceValidStats(archetypeId: "asymmetric", doctrineIndex: 3) [< 1 ms]
  Passed DINOForge.Tests.DoctrineComprehensiveTests.ApplyAll_ArchetypePlusDoctrine_AllCombinationsProduceValidStats(archetypeId: "order", doctrineIndex: 4) [< 1 ms]
  Passed DINOForge.Tests.GameClientUnitTests.HmacVerificationMode_CanSetToStrict [< 1 ms]
  Passed DINOForge.Tests.DoctrineComprehensiveTests.ApplyAll_ArchetypePlusDoctrine_AllCombinationsProduceValidStats(archetypeId: "order", doctrineIndex: 0) [< 1 ms]
  Passed DINOForge.Tests.DoctrineComprehensiveTests.ApplyAll_ArchetypePlusDoctrine_AllCombinationsProduceValidStats(archetypeId: "asymmetric", doctrineIndex: 1) [< 1 ms]
  Passed DINOForge.Tests.DoctrineComprehensiveTests.ApplyAll_ArchetypePlusDoctrine_AllCombinationsProduceValidStats(archetypeId: "industrial_swarm", doctrineIndex: 2) [< 1 ms]
  Passed DINOForge.Tests.DoctrineComprehensiveTests.ApplyAll_ArchetypePlusDoctrine_AllCombinationsProduceValidStats(archetypeId: "asymmetric", doctrineIndex: 4) [< 1 ms]
[12:37:23 DBG] Sending request 'startGame' to pipe 'dinoforge-game-bridge' (attempt 1/1)
[12:37:23 INF] Request 'startGame' completed successfully in 0ms
[12:37:23 DBG] Sending request 'ping' to pipe 'dinoforge-game-bridge' (attempt 1/1)
  Passed DINOForge.Tests.DoctrineComprehensiveTests.ApplyAll_ArchetypePlusDoctrine_AllCombinationsProduceValidStats(archetypeId: "industrial_swarm", doctrineIndex: 4) [< 1 ms]
  Passed DINOForge.Tests.DoctrineComprehensiveTests.ApplyAll_ArchetypePlusDoctrine_AllCombinationsProduceValidStats(archetypeId: "industrial_swarm", doctrineIndex: 0) [< 1 ms]
  Passed DINOForge.Tests.DoctrineComprehensiveTests.ApplyAll_ArchetypePlusDoctrine_AllCombinationsProduceValidStats(archetypeId: "asymmetric", doctrineIndex: 2) [< 1 ms]
  Passed DINOForge.Tests.DoctrineComprehensiveTests.ApplyAll_ArchetypePlusDoctrine_AllCombinationsProduceValidStats(archetypeId: "industrial_swarm", doctrineIndex: 3) [< 1 ms]
  Passed DINOForge.Tests.DoctrineComprehensiveTests.ApplyAll_ArchetypePlusDoctrine_AllCombinationsProduceValidStats(archetypeId: "order", doctrineIndex: 3) [< 1 ms]
  Passed DINOForge.Tests.ScenarioRegistryTests.ScenarioRegistry_GetByObjective_FiltersCorrectly [< 1 ms]
  Passed DINOForge.Tests.GameClientUnitTests.Constructor_WithNullOptions_ThrowsArgumentNullException [< 1 ms]
  Passed DINOForge.Tests.ScenarioRegistryTests.ScenarioRegistry_Count_ReturnsCorrectNumber [< 1 ms]
[12:37:23 INF] Request 'ping' completed successfully in 0ms
[12:37:23 DBG] Already connected to pipe 'dinoforge-game-bridge'
  Passed DINOForge.Tests.DoctrineComprehensiveTests.ApplyDoctrine_AllPredefined_NoNegativeStats(doctrineIndex: 4) [< 1 ms]
  Passed DINOForge.Tests.ScenarioRegistryTests.ScenarioRegistry_Register_StoresScenario [< 1 ms]
  Passed DINOForge.Tests.DoctrineComprehensiveTests.ApplyDoctrine_AllPredefined_NoNegativeStats(doctrineIndex: 3) [< 1 ms]
  Passed DINOForge.Tests.ScenarioRegistryTests.ScenarioRegistry_Lookup_IsCaseInsensitive [< 1 ms]
  Passed DINOForge.Tests.DoctrineComprehensiveTests.ApplyDoctrine_AllPredefined_NoNegativeStats(doctrineIndex: 2) [< 1 ms]
  Passed DINOForge.Tests.DoctrineComprehensiveTests.ApplyDoctrine_AllPredefined_NoNegativeStats(doctrineIndex: 1) [< 1 ms]
  Passed DINOForge.Tests.DoctrineComprehensiveTests.ApplyDoctrine_AllPredefined_NoNegativeStats(doctrineIndex: 0) [< 1 ms]
  Passed DINOForge.Tests.GameClientUnitTests.Constructor_WithValidOptions_SucceedsAndStoresOptions [< 1 ms]
  Passed DINOForge.Tests.ScenarioRegistryTests.ScenarioRegistry_Clear_RemovesAllScenarios [< 1 ms]
  Passed DINOForge.Tests.DoctrineComprehensiveTests.ApplyDoctrine_EmptyModifiers_ReturnsUnchangedStats [< 1 ms]
  Passed DINOForge.Tests.ScenarioRegistryTests.ScenarioRegistry_GetScenario_ReturnsRegisteredScenario [< 1 ms]
  Passed DINOForge.Tests.GameClientUnitTests.Constructor_WithPerformConnectHandshakeTrue_InitializesSuccessfully [< 1 ms]
  Passed DINOForge.Tests.DoctrineComprehensiveTests.ApplyDoctrine_MultiplyByZero_ClampsToMinimum [< 1 ms]
  Passed DINOForge.Tests.GameClientUnitTests.GameClientOptions_CustomValues_AreSettable [< 1 ms]
  Passed DINOForge.Tests.DoctrineComprehensiveTests.ApplyDoctrine_CostModifier_AffectsAllResources [< 1 ms]
  Passed DINOForge.Tests.SDKCoverageTests.ContentLoader_LoadPack_WithInvalidManifest_ReturnsFailure [3 ms]
[12:37:23 INF] Disconnecting from pipe 'dinoforge-game-bridge'
  Passed DINOForge.Tests.ScenarioRegistryTests.ScenarioRegistry_GetByDifficulty_FiltersCorrectly [< 1 ms]
  Passed DINOForge.Tests.GameClientUnitTests.GameClientOptions_DefaultValues_MatchDocumentedContract [< 1 ms]
  Passed DINOForge.Tests.DoctrineComprehensiveTests.ApplyDoctrine_MultiplyByTen_ProducesLargeButValidStats [< 1 ms]
  Passed DINOForge.Tests.ScenarioRegistryTests.ScenarioRegistry_Contains_ReturnsFalseForUnregistered [< 1 ms]
  Passed DINOForge.Tests.DoctrineComprehensiveTests.ApplyDoctrine_UnknownModifierKey_SilentlyIgnored [< 1 ms]
  Passed DINOForge.Tests.ScenarioRegistryTests.ScenarioRegistry_GetScenario_ThrowsForMissingId [< 1 ms]
[12:37:23 DBG] Disconnection complete
[12:37:23 INF] Disconnecting from pipe 'dinoforge-game-bridge'
[12:37:23 DBG] Disconnection complete
[12:37:23 INF] Disconnecting from pipe 'dinoforge-game-bridge'
[12:37:23 DBG] Disconnection complete
  Passed DINOForge.Tests.ScenarioRegistryTests.ScenarioRegistry_TryGetScenario_ReturnsTrueForExisting [< 1 ms]
  Passed DINOForge.Tests.ScenarioRegistryTests.ScenarioRegistry_TryGetScenario_ReturnsFalseForMissing [< 1 ms]
  Passed DINOForge.Tests.GameClientUnitTests.PostDispose_ConnectAsync_ThrowsObjectDisposedException [< 1 ms]
  Passed DINOForge.Tests.ScenarioRegistryTests.ScenarioRegistry_Unregister_RemovesScenario [< 1 ms]
  Passed DINOForge.Tests.ScenarioRegistryTests.ScenarioRegistry_Unregister_ReturnsFalseForMissing [< 1 ms]
  Passed DINOForge.Tests.GameClientUnitTests.HmacVerificationMode_CanSetToOff [< 1 ms]
  Passed DINOForge.Tests.ScenarioRegistryTests.ScenarioRegistry_GetByObjective_ReturnsEmptyWhenNoneMatch [< 1 ms]
  Passed DINOForge.Tests.SDKCoverageTests.ContentLoader_LoadPacks_WithEmptyDirectory_ReturnsSuccess [1 ms]
[12:37:23 INF] Disconnecting from pipe 'dinoforge-game-bridge'
  Passed DINOForge.Tests.GameClientUnitTests.NewClient_HmacVerificationModeDefaultIsStrict [< 1 ms]
  Passed DINOForge.Tests.ScenarioRegistryTests.ScenarioRegistry_Register_EmptyIdThrows [< 1 ms]
  Passed DINOForge.Tests.NativeInteropIntegrationTests+AddressablesCatalogErrorPathTests.Load_FileNotFound_ThrowsFileNotFoundException [1 ms]
  Passed DINOForge.Tests.NativeInteropIntegrationTests+AddressablesCatalogErrorPathTests.Load_EmptyJson_ThrowsInvalidOperationException [2 ms]
  Passed DINOForge.Tests.NativeInteropIntegrationTests+AddressablesCatalogErrorPathTests.Load_NullEntryInInternalIds_HandlesGracefully [2 ms]
  Passed DINOForge.Tests.SDKCoverageTests.UniverseLoader_LoadFromDirectory_WithCrosswalk_LoadsCrosswalk [9 ms]
  Passed DINOForge.Tests.NativeInteropIntegrationTests+AddressablesCatalogErrorPathTests.Load_CaseInsensitiveBundleExtension_MatchesCorrectly [2 ms]
[12:37:23 DBG] Disconnection complete
[12:37:23 DBG] Sending request 'queryUi' to pipe 'dinoforge-game-bridge' (attempt 1/1)
[12:37:23 INF] Request 'queryUi' completed successfully in 0ms
  Passed DINOForge.Tests.GameClientUnitTests.SessionKeys_AreAccessibleInternally [11 ms]
  Passed DINOForge.Tests.GameClientUnitTests.PostDispose_PingAsync_ThrowsObjectDisposedException [< 1 ms]
  Passed DINOForge.Tests.GameClientUnitTests.HmacVerificationMode_CanSetToWarnOnly [< 1 ms]
  Passed DINOForge.Tests.GameClientUnitTests.PostDispose_Disconnect_ThrowsObjectDisposedException [< 1 ms]
  Passed DINOForge.Tests.NativeInteropIntegrationTests+AddressablesCatalogErrorPathTests.Load_MalformedJson_ThrowsJsonException [2 ms]
  Passed DINOForge.Tests.GameClientUnitTests.Constructor_WithPerformConnectHandshakeFalse_InitializesSuccessfully [< 1 ms]
  Passed DINOForge.Tests.GameClientUnitTests.MultipleClients_AreIndependent [< 1 ms]
  Passed DINOForge.Tests.GameClientUnitTests.Constructor_WithDefaultOptions_SucceedsAndInitializes [< 1 ms]
[12:37:23 DBG] Sending request 'ping' to pipe 'dinoforge-game-bridge' (attempt 1/1)
  Passed DINOForge.Tests.SDKCoverageTests.FileDiscoveryService_GetFiles_Recursive_FindsNestedFiles [5 ms]
  Passed DINOForge.Tests.SDKCoverageTests.IRegistry_Interface_HasExpectedMembers [< 1 ms]
  Passed DINOForge.Tests.GameClientUnitTests.Dispose_Once_Succeeds [< 1 ms]
  Passed DINOForge.Tests.SDKCoverageTests.PackRegistryClient_WithCustomUrl_UsesProvidedUrl [< 1 ms]
  Passed DINOForge.Tests.GameClientUnitTests.NewClient_StateIsDisconnected [< 1 ms]
  Passed DINOForge.Tests.EconomyAdvancedCoverageTests.ProductionCalculator_CalculateBuildingOutput_WithStorageFull [< 1 ms]
  Passed DINOForge.Tests.EconomyAdvancedCoverageTests.TradeEngine_EvaluateTradeRoute_CostExceedsAvailableResources [< 1 ms]
  Passed DINOForge.Tests.EconomyAdvancedCoverageTests.EconomyBalanceCalculator_GenerateReport_SingleFactionSustainabilityEdge [< 1 ms]
[12:37:23 ERR] Connection closed by game bridge server for request 'ping'
[12:37:23 WRN] Request 'ping' failed on attempt 1: Connection closed by the game bridge server.
DINOForge.Bridge.Client.GameClientException: Connection closed by the game bridge server.
   at DINOForge.Bridge.Client.GameClient.SendRequestCoreAsync[T](String method, Object parameters, CancellationToken ct, Nullable`1 sendTimeout, Nullable`1 readTimeout) in C:\Users\koosh\Dino\src\Bridge\Client\GameClient.cs:line 578
   at DINOForge.Bridge.Client.GameClient.SendRequestAsync[T](String method, Object parameters, CancellationToken ct) in C:\Users\koosh\Dino\src\Bridge\Client\GameClient.cs:line 462
[12:37:23 INF] Connecting to pipe 'dinoforge-game-bridge' with timeout 5000ms
  Passed DINOForge.Tests.EconomyAdvancedCoverageTests.TradeEngine_CalculateExchangeRate_WithZeroTradeRateModifier [< 1 ms]
  Passed DINOForge.Tests.GameClientUnitTests.Dispose_Multiple_IsIdempotent [< 1 ms]
  Passed DINOForge.Tests.EconomyAdvancedCoverageTests.ProductionCalculator_CalculateBuildingOutput_WithMultipleResources [< 1 ms]
  Passed DINOForge.Tests.EconomyAdvancedCoverageTests.EconomyBalanceCalculator_GenerateReport_AllResourcesAtMaximum [< 1 ms]
  Passed DINOForge.Tests.EconomyAdvancedCoverageTests.ResourceRate_EffectiveRate_WithVerySmallMultiplier [< 1 ms]
  Passed DINOForge.Tests.RustAssetPipelineValidationTests.OptimizedAsset_BlankAssetId_FailsValidation [< 1 ms]
  Passed DINOForge.Tests.EconomyAdvancedCoverageTests.ProductionCalculator_CalculateUnitConsumption_WithVariedUnits [< 1 ms]
  Passed DINOForge.Tests.EconomyAdvancedCoverageTests.TradeEngine_GetOptimalTrades_WithHighExchangeRates [< 1 ms]
  Passed DINOForge.Tests.RustAssetPipelineValidationTests.ImportedAsset_BlankAssetId_FailsValidation [< 1 ms]
  Passed DINOForge.Tests.EconomyAdvancedCoverageTests.TradeEngine_GetOptimalTrades_MultipleDeficits [< 1 ms]
  Passed DINOForge.Tests.EconomyAdvancedCoverageTests.TradeEngine_GetOptimalTrades_SelfTrade [< 1 ms]
  Passed DINOForge.Tests.RustAssetPipelineValidationTests.ImportedAsset_EmptyVertices_FailsValidation [< 1 ms]
  Passed DINOForge.Tests.EconomyAdvancedCoverageTests.ProductionCalculator_GetResourceBalance_RapidProductionConsumptionCycle [< 1 ms]
  Passed DINOForge.Tests.EconomyAdvancedCoverageTests.ProductionCalculator_CalculateFactionProduction_WithExtremeWorkerCounts [< 1 ms]
  Passed DINOForge.Tests.EconomyAdvancedCoverageTests.ProductionCalculator_CalculateBuildingOutput_WithZeroCapacity [< 1 ms]
  Passed DINOForge.Tests.EconomyAdvancedCoverageTests.EconomyBalanceCalculator_GenerateReport_MixedResourceConstraints [1 ms]
  Passed DINOForge.Tests.EconomyAdvancedCoverageTests.ResourceRate_EffectiveRate_WithZeroBaseRate [< 1 ms]
  Passed DINOForge.Tests.EconomyAdvancedCoverageTests.EconomyBalanceCalculator_GenerateReport_NegativeMultiplier [< 1 ms]
  Passed DINOForge.Tests.EconomyAdvancedCoverageTests.EconomyBalanceCalculator_GenerateReport_ZeroProductionMultiplier [< 1 ms]
  Passed DINOForge.Tests.EconomyAdvancedCoverageTests.EconomyBalanceCalculator_GenerateReport_AllResourcesAtMinimum [< 1 ms]
  Passed DINOForge.Tests.EconomyAdvancedCoverageTests.ResourceRate_EffectiveRate_WithVeryLargeMultiplier [< 1 ms]
  Passed DINOForge.Tests.EconomyAdvancedCoverageTests.ProductionCalculator_CalculateFactionProduction_WithMissingBuildings [< 1 ms]
  Passed DINOForge.Tests.EconomyAdvancedCoverageTests.TradeEngine_EvaluateTradeRoute_WithMaxPerTransaction [< 1 ms]
  Passed DINOForge.Tests.EconomyAdvancedCoverageTests.ResourceRate_ValidTypes_CanValidateAllTypes [< 1 ms]
  Passed DINOForge.Tests.EconomyAdvancedCoverageTests.TradeEngine_EvaluateTradeRoute_PartnerUnavailable [< 1 ms]
  Passed DINOForge.Tests.Bridge.CanonicalJsonGoldensTests.Canonicalize_ProducesExpectedOutput(input: "{\"a\":1,\"Z\":2}", expected: "{\"Z\":2,\"a\":1}") [< 1 ms]
  Passed DINOForge.Tests.Bridge.CanonicalJsonGoldensTests.Canonicalize_ProducesExpectedOutput(input: "[]", expected: "[]") [< 1 ms]
  Passed DINOForge.Tests.Bridge.CanonicalJsonGoldensTests.Canonicalize_ProducesExpectedOutput(input: "{}", expected: "{}") [< 1 ms]
  Passed DINOForge.Tests.Bridge.CanonicalJsonGoldensTests.Canonicalize_ProducesExpectedOutput(input: "{\"a\\\"b\":1}", expected: "{\"a\\\"b\":1}") [< 1 ms]
  Passed DINOForge.Tests.Bridge.CanonicalJsonGoldensTests.Canonicalize_ProducesExpectedOutput(input: "{\"x\":3.14}", expected: "{\"x\":3.14}") [< 1 ms]
  Passed DINOForge.Tests.NativeInteropIntegrationTests+AddressablesCatalogErrorPathTests.Load_ValidCatalogWithBundles_ParsesCorrectly [9 ms]
  Passed DINOForge.Tests.Bridge.CanonicalJsonGoldensTests.Canonicalize_ProducesExpectedOutput(input: "{\"x\":[{\"b\":1,\"a\":2}]}", expected: "{\"x\":[{\"a\":2,\"b\":1}]}") [< 1 ms]
  Passed DINOForge.Tests.Bridge.CanonicalJsonGoldensTests.Canonicalize_ProducesExpectedOutput(input: "{\"x\":42.0}", expected: "{\"x\":42}") [< 1 ms]
  Passed DINOForge.Tests.Bridge.CanonicalJsonGoldensTests.Canonicalize_ProducesExpectedOutput(input: "{\"x\":1.0}", expected: "{\"x\":1}") [< 1 ms]
  Passed DINOForge.Tests.Bridge.CanonicalJsonGoldensTests.Canonicalize_ProducesExpectedOutput(input: "{\"x\":null}", expected: "{\"x\":null}") [< 1 ms]
  Passed DINOForge.Tests.Bridge.CanonicalJsonGoldensTests.Canonicalize_ProducesExpectedOutput(input: "{\"x\":false}", expected: "{\"x\":false}") [< 1 ms]
  Passed DINOForge.Tests.Bridge.CanonicalJsonGoldensTests.Canonicalize_ProducesExpectedOutput(input: "{\"x\":true}", expected: "{\"x\":true}") [< 1 ms]
  Passed DINOForge.Tests.Bridge.CanonicalJsonGoldensTests.Canonicalize_ProducesExpectedOutput(input: "{\"b\":1,\"a\":2}", expected: "{\"a\":2,\"b\":1}") [< 1 ms]
  Passed DINOForge.Tests.Bridge.CanonicalJsonGoldensTests.Canonicalize_HandlesLongOverflow [< 1 ms]
  Passed DINOForge.Tests.Bridge.CanonicalJsonGoldensTests.Canonicalize_NullToken_ReturnsLiteralNull [< 1 ms]
  Passed DINOForge.Tests.Bridge.CanonicalJsonGoldensTests.Canonicalize_RejectsPositiveInfinity [< 1 ms]
  Passed DINOForge.Tests.RustAssetPipelineValidationTests.ImportedAsset_JsonGuard_BlankAssetId_ThrowsInvalidDataException [7 ms]
  Passed DINOForge.Tests.Bridge.CanonicalJsonGoldensTests.Canonicalize_RejectsNaN [< 1 ms]
  Passed DINOForge.Tests.NativeInteropIntegrationTests+AddressablesCatalogErrorPathTests.Load_EmptyInternalIds_ReturnsEmptyCollections [2 ms]
  Passed DINOForge.Tests.Bridge.CanonicalJsonGoldensTests.Canonicalize_RejectsNegativeInfinity [< 1 ms]
  Passed DINOForge.Tests.EconomyBranchCoverageTests.EconomyProfile_WorkerEfficiency_NegativeValue [< 1 ms]
  Passed DINOForge.Tests.EconomyBranchCoverageTests.EconomyProfile_GetConsumptionMultiplier_ReturnsSetValue [< 1 ms]
  Passed DINOForge.Tests.EconomyBranchCoverageTests.ResourceRate_NegativeMultiplier_ProducesNegative [< 1 ms]
  Passed DINOForge.Tests.WarfarePluginIntegrationTests.WarfarePlugin_AllSubsystems_Initialized [< 1 ms]
  Passed DINOForge.Tests.RustAssetPipelineValidationTests.OptimizedAsset_JsonGuard_BlankAssetId_ThrowsInvalidDataException [1 ms]
  Passed DINOForge.Tests.EconomyBranchCoverageTests.EconomyProfile_StartingResources_AllNegative [< 1 ms]
  Passed DINOForge.Tests.EconomyBranchCoverageTests.ResourceRate_ZeroBaseRate_EffectiveRateIsZero [< 1 ms]
  Passed DINOForge.Tests.Bridge.BridgeHmacTests.JsonRpcResponse_OmitsBridgeReceiptWhenNull [< 1 ms]
  Passed DINOForge.Tests.EconomyBranchCoverageTests.EconomyProfile_GetConsumptionMultiplier_DefaultsToOne [< 1 ms]
  Passed DINOForge.Tests.EconomyBranchCoverageTests.EconomyProfile_WorkerEfficiency_ZeroValue [< 1 ms]
  Passed DINOForge.Tests.EconomyBranchCoverageTests.TradeRoute_NegativeCooldownTicks [< 1 ms]
  Passed DINOForge.Tests.Bridge.BridgeHmacTests.SessionHmac_DifferentKeysProduceDifferentHmacs [< 1 ms]
  Passed DINOForge.Tests.EconomyBranchCoverageTests.ResourceCost_AllZero [< 1 ms]
  Passed DINOForge.Tests.EconomyBranchCoverageTests.TradeRoute_NegativeExchangeRate [< 1 ms]
  Passed DINOForge.Tests.EconomyBranchCoverageTests.EconomyProfile_GetProductionMultiplier_DefaultsToOne [< 1 ms]
  Passed DINOForge.Tests.Bridge.BridgeHmacTests.BridgeReceipt_RoundTripsThroughJsonSerialization [< 1 ms]
  Passed DINOForge.Tests.EconomyBranchCoverageTests.ResourceRate_NegativeBaseRate_EffectiveRateIsNegative [< 1 ms]
  Passed DINOForge.Tests.EconomyBranchCoverageTests.EconomyProfile_GetProductionMultiplier_ReturnsSetValue [< 1 ms]
  Passed DINOForge.Tests.EconomyBranchCoverageTests.TradeRoute_VeryHighExchangeRate [< 1 ms]
  Passed DINOForge.Tests.EconomyBranchCoverageTests.TradeRoute_ZeroExchangeRate [< 1 ms]
  Passed DINOForge.Tests.Bridge.BridgeHmacTests.SessionHmac_HmacIsDeterministicForSameInputs [< 1 ms]
  Passed DINOForge.Tests.EconomyBranchCoverageTests.ResourceRate_VeryLargeMultiplier_HandlesCorrectly [< 1 ms]
  Passed DINOForge.Tests.EconomyBranchCoverageTests.ResourceRate_ZeroMultiplier_ResultsInZero [< 1 ms]
  Passed DINOForge.Tests.EconomyBranchCoverageTests.ResourceCost_AllNegative_Values [< 1 ms]
  Passed DINOForge.Tests.Bridge.BridgeHmacTests.JsonRpcResponse_BridgeReceiptSerializesUnderSnakeCaseKey [< 1 ms]
  Passed DINOForge.Tests.EconomyBranchCoverageTests.ResourceCost_Mixed_PositiveAndNegative [< 1 ms]
  Passed DINOForge.Tests.EconomyBranchCoverageTests.EconomyProfile_StorageMultiplier_CanBeZero [< 1 ms]
  Passed DINOForge.Tests.EconomyBranchCoverageTests.EconomyProfile_TradeRateModifier_CanBeNegative [< 1 ms]
  Passed DINOForge.Tests.EconomyBranchCoverageTests.TradeRoute_ZeroCooldownTicks [< 1 ms]
  Passed DINOForge.Tests.ScenarioRunnerTests.CheckDefeatConditions_PopulationZero_Met_ReturnsTrue [< 1 ms]
  Passed DINOForge.Tests.Bridge.BridgeHmacTests.BridgeReceiptBuilder_TamperedPayloadIsRejectedByVerifier [< 1 ms]
  Passed DINOForge.Tests.ScenarioRunnerTests.CheckVictoryConditions_SurviveWaves_NotYetMet_ReturnsFalse [< 1 ms]
  Passed DINOForge.Tests.ScenarioRunnerTests.CheckDefeatConditions_NotInitialized_ThrowsInvalidOperationException [< 1 ms]
  Passed DINOForge.Tests.Bridge.BridgeHmacTests.SessionHmac_KeyMaterialB64_RoundTrips [< 1 ms]
  Passed DINOForge.Tests.WarfarePluginIntegrationTests.ValidatePack_WithValidContent_ReturnsValid [3 ms]
  Passed DINOForge.Tests.ScenarioRunnerTests.Initialize_Null_ThrowsArgumentNullException [< 1 ms]
  Passed DINOForge.Tests.ScenarioRunnerTests.CheckDefeatConditions_TimeExpired_Met_ReturnsTrue [< 1 ms]
  Passed DINOForge.Tests.ScenarioRunnerTests.CheckVictoryConditions_ReachPopulation_Met_ReturnsTrue [< 1 ms]
  Passed DINOForge.Tests.WarfarePluginIntegrationTests.ValidatePack_WithInvalidWaveUnit_ReportsError [< 1 ms]
  Passed DINOForge.Tests.ScenarioRunnerTests.CheckVictoryConditions_NotInitialized_ThrowsInvalidOperationException [< 1 ms]
  Passed DINOForge.Tests.ScenarioRunnerTests.CheckVictoryConditions_AccumulateResource_NotMet_ReturnsFalse [< 1 ms]
  Passed DINOForge.Tests.Bridge.BridgeHmacTests.BridgeReceiptBuilder_BuildsReceiptThatRoundTripsThroughVerifier [1 ms]
  Passed DINOForge.Tests.ScenarioRunnerTests.CheckVictoryConditions_AllConditionsMustBeMetForTrue [< 1 ms]
  Passed DINOForge.Tests.ScenarioRunnerTests.CheckVictoryConditions_AccumulateResource_Met_ReturnsTrue [< 1 ms]
  Passed DINOForge.Tests.Bridge.BridgeHmacTests.SessionHmac_HmacChangesWhenInputChanges [< 1 ms]
  Passed DINOForge.Tests.ScenarioRunnerTests.CheckDefeatConditions_CommandCenterDestroyed_Met_ReturnsTrue [< 1 ms]
  Passed DINOForge.Tests.ScenarioRunnerTests.Initialize_ResetsAlreadyFiredEvents [< 1 ms]
  Passed DINOForge.Tests.ScenarioRunnerTests.CheckDefeatConditions_NoConditions_ReturnsFalse [< 1 ms]
  Passed DINOForge.Tests.ScenarioRunnerTests.CheckVictoryConditions_TimeSurvival_Met_ReturnsTrue [< 1 ms]
  Passed DINOForge.Tests.ScenarioRunnerTests.Initialize_SetsIsInitializedAndCurrentScenario [< 1 ms]
  Passed DINOForge.Tests.VFXIntegrationTests.VfxStack_RetainsExpectedLodAndFactionContracts [< 1 ms]
  Passed DINOForge.Tests.ScenarioRunnerTests.GetPendingEvents_OnTime_TriggersAtThreshold [< 1 ms]
  Passed DINOForge.Tests.ScenarioRunnerTests.GetPendingEvents_FiredEventNotReturnedTwice [< 1 ms]
  Passed DINOForge.Tests.VFXIntegrationTests.VfxRuntime_SourceFiles_RemainPresent [< 1 ms]
  Passed DINOForge.Tests.ScenarioRunnerTests.CheckDefeatConditions_OneOfMultiple_Met_ReturnsTrue [< 1 ms]
  Passed DINOForge.Tests.ScenarioRunnerTests.CheckDefeatConditions_CommandCenterAlive_ReturnsFalse [< 1 ms]
  Passed DINOForge.Tests.ScenarioRunnerTests.CheckVictoryConditions_NoConditions_ReturnsFalse [< 1 ms]
  Passed DINOForge.Tests.VFXIntegrationTests.VfxPoolManager_RetainsDescriptorFallback_AndCatalogDependency [< 1 ms]
  Passed DINOForge.Tests.Bridge.BridgeHmacTests.SessionHmac_GeneratesUniqueKeyPerInstance [1 ms]
  Passed DINOForge.Tests.ScenarioRunnerTests.GetPendingEvents_OnWave_TriggersAtCorrectWave [< 1 ms]
  Passed DINOForge.Tests.ScenarioRunnerTests.CheckVictoryConditions_SurviveWaves_Met_ReturnsTrue [< 1 ms]
  Passed DINOForge.Tests.ScenarioRunnerTests.ResetEvents_AllowsFiringAgain [< 1 ms]
  Passed DINOForge.Tests.OverrideApplicatorTests.StatOverrideEntry_AllProperties_AreAccessible [< 1 ms]
  Passed DINOForge.Tests.OverrideApplicatorTests.StatOverrideEntry_NegativeValue_IsValid [< 1 ms]
  Passed DINOForge.Tests.OverrideApplicatorTests.StatOverrideEntry_LargeValue_IsValid [< 1 ms]
  Passed DINOForge.Tests.OverrideApplicatorTests.StatOverrideEntry_MultiplyMode_StoresCorrectly [< 1 ms]
  Passed DINOForge.Tests.RoleValidatorComprehensiveTests.ValidateRoster_OverfilledRoster_AllFilledRolesDetected [< 1 ms]
  Passed DINOForge.Tests.OverrideApplicatorTests.StatOverrideDefinition_EmptyOverridesList_IsAccessible [< 1 ms]
  Passed DINOForge.Tests.RoleValidatorComprehensiveTests.ValidateRoster_RoleToUnitMap_ContainsCorrectMappings [< 1 ms]
  Passed DINOForge.Tests.RoleValidatorComprehensiveTests.ValidateRoster_PartialRoster_CorrectCountsReported [< 1 ms]
  Passed DINOForge.Tests.OverrideApplicatorTests.StatOverrideEntry_AllKnownModes_AreSupported [< 1 ms]
  Passed DINOForge.Tests.OverrideApplicatorTests.StatOverrideEntry_AddMode_StoresCorrectly [< 1 ms]
  Passed DINOForge.Tests.OverrideApplicatorTests.StatOverrideDefinition_NullOverridesList_DefaultsToEmpty [< 1 ms]
  Passed DINOForge.Tests.OverrideApplicatorTests.StatOverrideDefinition_MultipleEntries_AllStored [< 1 ms]
  Passed DINOForge.Tests.OverrideApplicatorTests.StatOverrideEntry_DefaultMode_IsOverride [< 1 ms]
  Passed DINOForge.Tests.OverrideApplicatorTests.StatOverrideEntry_ZeroValue_IsValid [< 1 ms]
  Passed DINOForge.Tests.OverrideApplicatorTests.StatOverrideEntry_WithFilter_StoresCorrectly [< 1 ms]
  Passed DINOForge.Tests.OverrideApplicatorTests.StatOverrideEntry_OverrideMode_DefaultsCorrectly [< 1 ms]
  Passed DINOForge.Tests.Phase7VisualAssetIntegrationTests.Registry_StarWarsPack_LoadsAndUnitsHaveVisualAsset [47 ms]
  Passed DINOForge.Tests.Phase7VisualAssetIntegrationTests.Chain_RepublicUnits_AllVisualAssetsResolveInCatalog [7 ms]
  Passed DINOForge.Tests.Phase7VisualAssetIntegrationTests.Addressables_CatalogHasAtLeast50Entries [< 1 ms]
  Passed DINOForge.Tests.Phase7VisualAssetIntegrationTests.Chain_AllDefinitions_TotalVisualAssetCoverage [15 ms]
  Passed DINOForge.Tests.Phase7VisualAssetIntegrationTests.Units_RepublicUnits_DeserializeVisualAsset [5 ms]
  Passed DINOForge.Tests.Phase7VisualAssetIntegrationTests.Buildings_RepublicBuildings_DeserializeVisualAsset [3 ms]
  Passed DINOForge.Tests.Phase7VisualAssetIntegrationTests.Chain_RepublicBuildings_AllVisualAssetsResolveInCatalog [2 ms]
  Passed DINOForge.Tests.Phase7VisualAssetIntegrationTests.Addressables_CatalogExists [< 1 ms]
  Passed DINOForge.Tests.Phase7VisualAssetIntegrationTests.Registry_StarWarsPack_BuildingsHaveVisualAsset [30 ms]
  Passed DINOForge.Tests.Phase7VisualAssetIntegrationTests.Addressables_CatalogVersionIs11 [< 1 ms]
  Passed DINOForge.Tests.Phase7VisualAssetIntegrationTests.Chain_CisUnits_AllVisualAssetsResolveInCatalog [5 ms]
  Passed DINOForge.Tests.Phase7VisualAssetIntegrationTests.Chain_CisBuildings_AllVisualAssetsResolveInCatalog [3 ms]
  Passed DINOForge.Tests.Phase7VisualAssetIntegrationTests.Buildings_CisBuildings_DeserializeVisualAsset [3 ms]
  Passed DINOForge.Tests.Phase7VisualAssetIntegrationTests.Units_CisUnits_DeserializeVisualAsset [5 ms]
  Passed DINOForge.Tests.SDK.UI.NativeLabelGuardAdapterTests.PinLabel_ThrowsOnNullButton [< 1 ms]
  Passed DINOForge.Tests.SDK.UI.NativeLabelGuardAdapterTests.Instance_ImplementsINativeLabelGuard [< 1 ms]
  Passed DINOForge.Tests.SDK.UI.NativeLabelGuardAdapterTests.UnpinLabel_ThrowsOnNullButton [< 1 ms]
  Passed DINOForge.Tests.SDK.UI.NativeLabelGuardAdapterTests.Instance_IsSingleton [< 1 ms]
  Passed DINOForge.Tests.SDK.UI.NativeLabelGuardAdapterTests.PinLabel_ThrowsOnNullText [< 1 ms]
  Passed DINOForge.Tests.SDK.UI.NativeLabelGuardAdapterTests.PinLabel_NoOpOnValidArgs_DoesNotThrow [< 1 ms]
  Passed DINOForge.Tests.SDK.UI.NativeLabelGuardAdapterTests.UnpinLabel_NoOpOnValidArg_DoesNotThrow [< 1 ms]
  Passed DINOForge.Tests.SDK.UI.NativeLabelGuardAdapterTests.PinLabel_ThrowsOnEmptyText [< 1 ms]
  Passed DINOForge.Tests.PollingHelperTests.RetryUntilAsync_SucceedsOnNthProbe [815 ms]
  Passed DINOForge.Tests.NativeInteropIntegrationTests+RustAssetPipelineIntegrationTests.ImportAssetAsync_EmptyMesh_ReturnsValidAsset [801 ms]
  Passed DINOForge.Tests.EconomyProfileUnitTests.Validate_WithNegativeStorageMultiplier_ReturnsError [1 ms]
  Passed DINOForge.Tests.NativeInteropIntegrationTests+RustAssetPipelineIntegrationTests.AddressablesCatalog_ResolveBundlePath_WithPlaceholder [1 ms]
  Passed DINOForge.Tests.EconomyProfileUnitTests.Validate_WithNegativeProductionMultiplier_ReturnsError [< 1 ms]
  Passed DINOForge.Tests.EconomyProfileUnitTests.GetProductionMultiplier_WithMissingResource_ReturnsDefault [< 1 ms]
  Passed DINOForge.Tests.EconomyProfileUnitTests.Validate_WithNegativeTradeRateModifier_ReturnsError [< 1 ms]
  Passed DINOForge.Tests.EconomyProfileUnitTests.GetConsumptionMultiplier_WithMissingResource_ReturnsDefault [< 1 ms]
  Passed DINOForge.Tests.EconomyProfileUnitTests.ProductionMultipliers_CanHoldMultipleResources [< 1 ms]
  Passed DINOForge.Tests.NativeInteropIntegrationTests+RustAssetPipelineIntegrationTests.AssetService_Constructor_RequiresGameDir [1 ms]
  Passed DINOForge.Tests.EconomyProfileUnitTests.Validate_WithNegativeTradeCooldownModifier_ReturnsError [< 1 ms]
  Passed DINOForge.Tests.EconomyProfileUnitTests.Validate_WithNegativeWorkerEfficiency_ReturnsError [< 1 ms]
  Passed DINOForge.Tests.EconomyProfileUnitTests.Validate_WithBlankId_ReturnsError(id: "") [< 1 ms]
  Passed DINOForge.Tests.EconomyProfileUnitTests.Validate_WithBlankId_ReturnsError(id: "   ") [< 1 ms]
  Passed DINOForge.Tests.EconomyProfileUnitTests.Validate_WithBlankId_ReturnsError(id: null) [< 1 ms]
  Passed DINOForge.Tests.EconomyProfileUnitTests.GetProductionMultiplier_WithExistingResource_ReturnsSetValue [< 1 ms]
  Passed DINOForge.Tests.NativeInteropIntegrationTests+RustAssetPipelineIntegrationTests.ImportAssetAsync_FileNotFound_ThrowsFileNotFoundException [1 ms]
  Passed DINOForge.Tests.EconomyProfileUnitTests.Validate_WithBlankDisplayName_ReturnsError(displayName: "") [< 1 ms]
  Passed DINOForge.Tests.EconomyProfileUnitTests.Validate_WithBlankDisplayName_ReturnsError(displayName: null) [1 ms]
  Passed DINOForge.Tests.EconomyProfileUnitTests.Validate_WithBlankDisplayName_ReturnsError(displayName: "   ") [< 1 ms]
  Passed DINOForge.Tests.EconomyProfileUnitTests.Validate_WithZeroModifier_ReturnsSuccess [< 1 ms]
  Passed DINOForge.Tests.EconomyProfileUnitTests.Validate_WithNegativeConsumptionMultiplier_ReturnsError [< 1 ms]
  Passed DINOForge.Tests.EconomyProfileUnitTests.GetConsumptionMultiplier_WithExistingResource_ReturnsSetValue [< 1 ms]
  Passed DINOForge.Tests.EconomyProfileUnitTests.DefaultConstructor_InitializesWithExpectedDefaults [< 1 ms]
  Passed DINOForge.Tests.EconomyProfileUnitTests.Validate_WithNegativeBuildingCostModifier_ReturnsError [< 1 ms]
  Passed DINOForge.Tests.EconomyProfileUnitTests.Validate_WithMultipleNegativeModifiers_ReturnsAllErrors [< 1 ms]
  Passed DINOForge.Tests.EconomyProfileUnitTests.Validate_WithValidDefinition_ReturnsSuccess [< 1 ms]
  Passed DINOForge.Tests.YamlSchemaConverterUnitTests.ConvertYamlToJson_WithEmptyArray_ProducesEmptyJsonArray [< 1 ms]
  Passed DINOForge.Tests.YamlSchemaConverterUnitTests.ConvertYamlToJson_WithFloatValue_CoercesToDouble [< 1 ms]
  Passed DINOForge.Tests.YamlSchemaConverterUnitTests.ConvertYamlToJson_WithBooleanTrue_CoercesToBoolean [< 1 ms]
  Passed DINOForge.Tests.YamlSchemaConverterUnitTests.ConvertYamlToJson_WithIntegerValue_CoercesToLong [< 1 ms]
  Passed DINOForge.Tests.YamlSchemaConverterUnitTests.ConvertYamlToJson_WithNullValue_CoercesToNull [< 1 ms]
  Passed DINOForge.Tests.YamlSchemaConverterUnitTests.ConvertYamlToJson_WithNestedObject_PreservesHierarchy [< 1 ms]
  Passed DINOForge.Tests.YamlSchemaConverterUnitTests.ConvertYamlToJson_WithSnakeCaseKeys_PreservesKeyNames [< 1 ms]
  Passed DINOForge.Tests.YamlSchemaConverterUnitTests.ConvertYamlToJson_WithBooleanFalse_CoercesToBoolean [< 1 ms]
  Passed DINOForge.Tests.YamlSchemaConverterUnitTests.ConvertYamlToJson_WithTildeNull_CoercesToNull [< 1 ms]
  Passed DINOForge.Tests.YamlSchemaConverterUnitTests.ConvertYamlToJson_WithArray_PreservesItemsAndTypes [< 1 ms]
  Passed DINOForge.Tests.YamlSchemaConverterUnitTests.ConvertYamlToJson_WithSimpleObject_PreservesStructure [< 1 ms]
  Passed DINOForge.Tests.YamlSchemaConverterUnitTests.ConvertYamlToJson_WithComplexMixedTypes_CoercesCorrectly [< 1 ms]
  Passed DINOForge.Tests.ParameterizedTests.RuntimeBridgeFsCheckProperties.FactionSystem_RegisterFaction_ThrowsOnNullDefinition [1 ms]
  Passed DINOForge.Tests.PackIdValidationPropertyTests.ManifestWithNoDeps_NeverCausesResolverError [1 ms]
  Passed DINOForge.Tests.PackIdValidationPropertyTests.EmptyPackId_AlwaysInvalid [< 1 ms]
  Passed DINOForge.Tests.UIContentLoaderValidationTests.UIContentLoader_RejectsMenuWithMissingTitle [6 ms]
  Passed DINOForge.Tests.NativeInteropIntegrationTests+RustAssetPipelineIntegrationTests.OptimizeAssetAsync_ValidImportedAsset_SucceedsViaFallback [19 ms]
  Passed DINOForge.Tests.ParameterizedTests.AssetPipelineFsCheckProperties.AddressablesService_CatalogEntry_RoundTripPreservesFields [11 ms]
  Passed DINOForge.Tests.UIContentLoaderValidationTests.UIContentLoader_RejectsThemeWithInvalidColor [7 ms]
  Passed DINOForge.Tests.Bridge.GameClientFramingTests.ConnectAsync_WithCustomTimeout_UsesProvidedValue [1 s]
  Passed DINOForge.Tests.ParameterizedTests.AddressablesFsCheckProperties.AddressablesCatalog_ResolveBundlePath_WithoutPlaceholder_ReturnsUnchanged [21 ms]
  Passed DINOForge.Tests.UIContentLoaderValidationTests.UIContentLoader_RejectsHudElementWithOutOfRangeOpacity [10 ms]
  Passed DINOForge.Tests.ParameterizedTests.BridgeFsCheckProperties.JsonRpcRequest_Serialize_Then_Deserialize_PreservesAllFields [22 ms]
  Passed DINOForge.Tests.ContentLoaderRoundTripPropertyTests.YamlRoundTrip_PreservesId [27 ms]
  Passed DINOForge.Tests.UIContentLoaderValidationTests.UIContentLoader_RejectsHudElementWithBlankId [5 ms]
  Passed DINOForge.Tests.LoadingServicesTests.ContentDiscoveryService_DeclaredDirectory_ReturnsSortedYamlFiles [4 ms]
  Passed DINOForge.Tests.LoadingServicesTests.SchemaResolverService_MapsKnownContentTypes [1 ms]
  Passed DINOForge.Tests.LoadingServicesTests.ContentDiscoveryService_DiscoversPackDirectories_WithPackManifestOnly [5 ms]
  Passed DINOForge.Tests.PackConflictPropertyTests.NoDeclaredConflicts_ProducesNoConflicts [46 ms]
  Passed DINOForge.Tests.ParameterizedTests.HotReloadFsCheckProperties.HotReloadResult_MultipleInstances_AreStable [48 ms]
  Passed DINOForge.Tests.DependencyResolverExtendedPropertyTests.LoadOrder_IsDeterministic [50 ms]
  Passed DINOForge.Tests.NativeInteropTests+NativeInteropModelSerializationTests.MeshData_SerializesAndDeserializes [13 ms]
  Passed DINOForge.Tests.NativeInteropTests+NativeInteropModelSerializationTests.ImportedAsset_SerializesWithAllFields [2 ms]
  Passed DINOForge.Tests.PollingHelperTests.RetryUntilTrueAsync_ThrowsOnCancellation [72 ms]
  Passed DINOForge.Tests.ParameterizedTests.AssetPipelineFsCheckProperties.AssetctlPipeline_FactionPalette_HasValidColors [1 ms]
  Passed DINOForge.Tests.PackIdValidationPropertyTests.ValidPackId_MatchesPattern [1 ms]
  Passed DINOForge.Tests.NativeInteropIntegrationTests+RustAssetPipelineIntegrationTests.OptimizeAssetAsync_WithImportedAsset_ReturnsOptimizedAsset [47 ms]
  Passed DINOForge.Tests.ParameterizedTests.RuntimeBridgeFsCheckProperties.FactionSystem_IsFactionRegistered_ReturnsfalseForNullOrEmpty [3 ms]
  Passed DINOForge.Tests.NativeInteropTests+NativeInteropModelSerializationTests.LODDefinition_SerializesLevelsArray [6 ms]
  Passed DINOForge.Tests.NativeInteropTests+NativeInteropModelSerializationTests.OptimizedAsset_SerializesWithLODs [< 1 ms]
  Passed DINOForge.Tests.NativeInteropTests+NativeInteropModelSerializationTests.AssetDefinition_SerializesMinimal [1 ms]
  Passed DINOForge.Tests.ParameterizedTests.PackLoaderFsCheckProperties.PackLoader_LoadValidManifest_DoesNotThrow [65 ms]
  Passed DINOForge.Tests.ContentLoaderArrayTests.ContentLoader_LoadsArrayYaml_MultipleFiles_RegistersAll [13 ms]
  Passed DINOForge.Tests.ContentLoaderArrayTests.ContentLoader_LoadsSingleYaml_RegistersUnit [5 ms]
  Passed DINOForge.Tests.GameClientPipelineTests.ServerErrorResponse_ThrowsGameClientException [12 ms]
  Passed DINOForge.Tests.ContentLoaderArrayTests.ContentLoader_LoadsArrayYaml_RegistersAllBuildings [6 ms]
  Passed DINOForge.Tests.GameClientPipelineTests.Disconnect_ClearsConnectedState [6 ms]
  Passed DINOForge.Tests.ContentLoaderArrayTests.ContentLoader_MixedPacks_AllItemsRegistered [17 ms]
  Passed DINOForge.Tests.ContentLoaderArrayTests.ContentLoader_LoadsEmptyArrayYaml_IsHandledGracefully [6 ms]
  Passed DINOForge.Tests.ContentLoaderArrayTests.ContentLoader_LoadsArrayYaml_RegistersAllUnits [11 ms]
  Passed DINOForge.Tests.FileDiscoveryServiceUnitTests.RemoveExclusion_WithNullPattern_DoesNothing [1 ms]
  Passed DINOForge.Tests.FileDiscoveryServiceUnitTests.GetFiles_WithMultiplePatterns_ReturnsCombinedResults [2 ms]
  Passed DINOForge.Tests.FileDiscoveryServiceUnitTests.ClearExclusions_RemovesAllExclusions [3 ms]
  Passed DINOForge.Tests.FileDiscoveryServiceUnitTests.GetDirectories_RecursiveSearch_IncludesNestedDirectories [3 ms]
  Passed DINOForge.Tests.FileDiscoveryServiceUnitTests.RemoveExclusion_RemovesPatternFromExclusions [2 ms]
  Passed DINOForge.Tests.FileDiscoveryServiceUnitTests.DiscoverPackDirectories_WithNoPacks_ReturnsEmptyArray [5 ms]
  Passed DINOForge.Tests.FileDiscoveryServiceUnitTests.ResetToDefaults_RestoresDefaultExclusions [2 ms]
  Passed DINOForge.Tests.FileDiscoveryServiceUnitTests.GetDirectories_WithSubdirectories_ReturnsAllNonExcluded [4 ms]
  Passed DINOForge.Tests.FileDiscoveryServiceUnitTests.DiscoverPackDirectories_WithPackManifests_ReturnsPackDirs [4 ms]
  Passed DINOForge.Tests.FileDiscoveryServiceUnitTests.GetFiles_SortedOutput [3 ms]
  Passed DINOForge.Tests.FileDiscoveryServiceUnitTests.GetFiles_WithEmptyPatternArray_ReturnsEmptyArray [2 ms]
  Passed DINOForge.Tests.FileDiscoveryServiceUnitTests.FileDiscoveryService_WithCustomExclusions_UsesOnlyCustom [2 ms]
  Passed DINOForge.Tests.FileDiscoveryServiceUnitTests.GetFiles_WithNullPattern_ThrowsArgumentNullException [2 ms]
  Passed DINOForge.Tests.FileDiscoveryServiceUnitTests.GetFiles_WithEmptyDirectory_ReturnsEmptyArray [1 ms]
  Passed DINOForge.Tests.FileDiscoveryServiceUnitTests.GetFiles_WithNullDirectory_ReturnsEmptyArray [< 1 ms]
  Passed DINOForge.Tests.FileDiscoveryServiceUnitTests.AddExclusion_AddsPatternToExclusions [3 ms]
  Passed DINOForge.Tests.FileDiscoveryServiceUnitTests.GetFiles_RecursiveSearch_IncludesFilesInSubdirectories [3 ms]
  Passed DINOForge.Tests.FileDiscoveryServiceUnitTests.GetFiles_WithNonExistentDirectory_ReturnsEmptyArray [1 ms]
  Passed DINOForge.Tests.FileDiscoveryServiceUnitTests.GetDirectories_WithEmptyDirectory_ReturnsEmptyArray [1 ms]
  Passed DINOForge.Tests.FileDiscoveryServiceUnitTests.GetFiles_WithExcludedDirectory_SkipsFilesInExcludedDir [3 ms]
  Passed DINOForge.Tests.FileDiscoveryServiceUnitTests.GetFiles_WithMatchingFiles_ReturnsAllMatches [3 ms]
  Passed DINOForge.Tests.FileDiscoveryServiceUnitTests.AddExclusion_WithWhitespaceOnly_IgnoresIt [1 ms]
  Passed DINOForge.Tests.FileDiscoveryServiceUnitTests.GetDirectories_WithNonExistentPath_ReturnsEmptyArray [1 ms]
  Passed DINOForge.Tests.FileDiscoveryServiceUnitTests.DefaultExclusions_Property_ReturnsCopyOfDefaults [< 1 ms]
  Passed DINOForge.Tests.PackManifestUnitTests.ConflictsWith_CanBePopulated_AndMutated [< 1 ms]
  Passed DINOForge.Tests.PackManifestUnitTests.DependsOn_DefaultsToEmptyList [< 1 ms]
  Passed DINOForge.Tests.PackManifestUnitTests.PropertiesCanBeSet_AndRetrieved [< 1 ms]
  Passed DINOForge.Tests.PackManifestUnitTests.DefaultConstructor_SetsExpectedDefaults [< 1 ms]
  Passed DINOForge.Tests.PackManifestUnitTests.Type_EnumMigration_AcceptsStringValues [< 1 ms]
  Passed DINOForge.Tests.PackManifestUnitTests.DependsOn_CanBePopulated_AndMutated [< 1 ms]
  Passed DINOForge.Tests.PackManifestUnitTests.ConflictsWith_DefaultsToEmptyList [< 1 ms]
  Passed DINOForge.Tests.ScenarioPluginUnitTests.ValidatePack_ReturnsValidationResult_WithEmptyScenarios [< 1 ms]
  Passed DINOForge.Tests.ScenarioPluginUnitTests.ValidatePack_ThrowsArgumentException_WhenPackIdIsEmpty [< 1 ms]
  Passed DINOForge.Tests.ScenarioPluginUnitTests.ValidatePack_GeneratesWarning_WhenMaxDurationSetWithoutTimeCondition [< 1 ms]
  Passed DINOForge.Tests.ScenarioPluginUnitTests.DifficultyScaler_IsNotNull_AfterConstruction [< 1 ms]
  Passed DINOForge.Tests.ScenarioPluginUnitTests.ValidatePack_GeneratesWarning_WhenScenarioHasNoDefeatConditions [< 1 ms]
  Passed DINOForge.Tests.ScenarioPluginUnitTests.Constructor_InitializesAllSubsystems [< 1 ms]
  Passed DINOForge.Tests.ScenarioPluginUnitTests.ContentLoader_IsNotNull_AfterConstruction [< 1 ms]
  Passed DINOForge.Tests.ScenarioPluginUnitTests.Validator_IsNotNull_AfterConstruction [< 1 ms]
  Passed DINOForge.Tests.ScenarioPluginUnitTests.ValidatePack_GeneratesWarning_WhenScenarioHasNoVictoryConditions [< 1 ms]
  Passed DINOForge.Tests.ScenarioPluginUnitTests.Scenarios_IsNotNull_AfterConstruction [< 1 ms]
  Passed DINOForge.Tests.ScenarioPluginUnitTests.ValidatePack_CountsScenarios_Correctly [< 1 ms]
  Passed DINOForge.Tests.ScenarioPluginUnitTests.Runner_IsNotNull_AfterConstruction [< 1 ms]
  Passed DINOForge.Tests.ScenarioPluginUnitTests.ValidatePack_IsValid_WhenNoErrors [< 1 ms]
  Passed DINOForge.Tests.ScenarioPluginUnitTests.ValidatePack_ThrowsArgumentNullException_WhenScenariosIsNull [< 1 ms]
  Passed DINOForge.Tests.ScenarioPluginUnitTests.ValidatePack_ThrowsArgumentException_WhenPackIdIsNull [< 1 ms]
  Passed DINOForge.Tests.ScenarioPluginUnitTests.Constructor_ThrowsArgumentNullException_WhenRegistriesIsNull [< 1 ms]
  Passed DINOForge.Tests.ScenarioPluginUnitTests.ValidatePack_NoWarning_WhenMaxDurationAndTimeSurvivalCondition [< 1 ms]
  Passed DINOForge.Tests.Bridge.ComponentMapTests.FindByEcsType_WithValidType_ReturnsMapping [< 1 ms]
  Passed DINOForge.Tests.Bridge.ComponentMapTests.FindByEcsType_WithNullType_ReturnsNull [< 1 ms]
  Passed DINOForge.Tests.Bridge.ComponentMapTests.All_ContainsHealthMapping [< 1 ms]
  Passed DINOForge.Tests.Bridge.ComponentMapTests.UnitHealth_HasValidProperties [< 1 ms]
  Passed DINOForge.Tests.Bridge.ComponentMapTests.All_ContainsAllUnitClassMappings [< 1 ms]
  Passed DINOForge.Tests.Bridge.ComponentMapTests.All_ContainsAttackCooldownMapping [< 1 ms]
  Passed DINOForge.Tests.Bridge.ComponentMapTests.ValidateResolution_ReturnsNonZeroResolvedCount [6 ms]
  Passed DINOForge.Tests.Bridge.ComponentMapTests.Find_WithNullPath_ThrowsArgumentNullException [< 1 ms]
  Passed DINOForge.Tests.Bridge.ComponentMapTests.All_ContainsNoDuplicateSdkPaths [< 1 ms]
  Passed DINOForge.Tests.Bridge.ComponentMapTests.UnitArmor_HasValidProperties [< 1 ms]
  Passed DINOForge.Tests.Bridge.ComponentMapTests.All_ContainsAllBuildingTypeMappings [< 1 ms]
  Passed DINOForge.Tests.Bridge.ComponentMapTests.All_AllMappingsHaveNonEmptySdkPath [< 1 ms]
  Passed DINOForge.Tests.Bridge.ComponentMapTests.Find_WithInvalidPath_ReturnsNull [< 1 ms]
  Passed DINOForge.Tests.Bridge.ComponentMapTests.ValidateResolution_UnresolvedListIsReadableAsEnumerable [< 1 ms]
  Passed DINOForge.Tests.Bridge.ComponentMapTests.All_ContainsAllResourceMappings [< 1 ms]
  Passed DINOForge.Tests.Bridge.ComponentMapTests.FindByEcsType_IsCaseSensitive [< 1 ms]
  Passed DINOForge.Tests.Bridge.ComponentMapTests.BuildingBase_HasValidProperties [< 1 ms]
  Passed DINOForge.Tests.Bridge.ComponentMapTests.Find_WithValidPath_ReturnsMapping [< 1 ms]
  Passed DINOForge.Tests.Bridge.ComponentMapTests.ValidateResolution_ReturnsUnresolvedList [< 1 ms]
  Passed DINOForge.Tests.Bridge.ComponentMapTests.All_ContainsAtLeast30Mappings [< 1 ms]
  Passed DINOForge.Tests.Bridge.ComponentMapTests.All_ContainsProjectileMappings [< 1 ms]
  Passed DINOForge.Tests.Bridge.ComponentMapTests.All_IsNonEmpty [< 1 ms]
  Passed DINOForge.Tests.Bridge.ComponentMapTests.FindByEcsType_WithInvalidType_ReturnsNull [< 1 ms]
  Passed DINOForge.Tests.Bridge.ComponentMapTests.All_AllMappingsHaveNonEmptyEcsType [< 1 ms]
  Passed DINOForge.Tests.Bridge.ComponentMapTests.Find_IsCaseInsensitive [< 1 ms]
  Passed DINOForge.Tests.Bridge.ComponentMapTests.All_ContainsArmorMapping [< 1 ms]
  Passed DINOForge.Tests.MockRegistryTests.Register_IncrementCount [1 ms]
  Passed DINOForge.Tests.MockRegistryTests.DetectConflicts_DetectsTiedPriorities [1 ms]
  Passed DINOForge.Tests.MockRegistryTests.Contains_ReturnsFalseForMissingEntry [< 1 ms]
  Passed DINOForge.Tests.MockRegistryTests.Contains_ReturnsTrueForRegisteredEntry [< 1 ms]
  Passed DINOForge.Tests.MockRegistryTests.Clear_EmptiesRegistry_ViaMultipleRegistrations [< 1 ms]
  Passed DINOForge.Tests.MockRegistryTests.Get_RetrievesRegisteredEntry [< 1 ms]
  Passed DINOForge.Tests.MockRegistryTests.DetectConflicts_ReturnsEmptyWhenNoConflicts [< 1 ms]
  Passed DINOForge.Tests.MockRegistryTests.Override_IncrementsOverrideCount [< 1 ms]
  Passed DINOForge.Tests.InstallerCoverageTests.RemoveManagedFiles_WithValidManifest_DeletesManifestFiles [6 ms]
  Passed DINOForge.Tests.InstallerCoverageTests.WriteManifest_CreatesValidManifestFile [21 ms]
  Passed DINOForge.Tests.InstallerCoverageTests.MigrateLegacyPacks_WithNoLegacyDir_ReturnsFalse [1 ms]
  Passed DINOForge.Tests.InstallerCoverageTests.FindGameInLibrary_WithEmptyAcf_ReturnsNull [3 ms]
  Passed DINOForge.Tests.InstallerCoverageTests.InstallManifest_CanSetProperties [< 1 ms]
  Passed DINOForge.Tests.GameClientPipelineTests.CoreRequestWrappers_WriteExpectedJsonRpcRequests [162 ms]
  Passed DINOForge.Tests.InstallerCoverageTests.SteamLocator_FindDinoInstallPath_ReturnsNull_WhenSteamNotInstalled [11 ms]
  Passed DINOForge.Tests.InstallerCoverageTests.ParseLibraryFoldersVdf_NoPathKeys_ReturnsEmptyList [< 1 ms]
  Passed DINOForge.Tests.InstallerCoverageTests.InstalledFileRecord_CanSetProperties [< 1 ms]
  Passed DINOForge.Tests.InstallerCoverageTests.IsInstalled_WithEmptyPath_ReturnsFalse [< 1 ms]
  Passed DINOForge.Tests.InstallerCoverageTests.IsInstalled_WithRuntimeDll_ReturnsTrue [3 ms]
  Passed DINOForge.Tests.InstallerCoverageTests.DinoAppId_IsCorrect [< 1 ms]
  Passed DINOForge.Tests.InstallerCoverageTests.WriteManifest_WithDirectoryCreation_CreatesParentDirectories [2 ms]
  Passed DINOForge.Tests.InstallerCoverageTests.ParseLibraryFoldersVdf_WithDuplicatePaths_ReturnsDeduplicatedList [< 1 ms]
  Passed DINOForge.Tests.InstallerCoverageTests.CleanupLegacyArtifacts_WithNoArtifacts_ReturnsZero [2 ms]
  Passed DINOForge.Tests.InstallerCoverageTests.Inspect_WithValidPathButNoRuntime_ReportsNoRuntime [4 ms]
  Passed DINOForge.Tests.InstallerCoverageTests.CleanupLegacyArtifacts_WithArtifacts_DeletesFiles [3 ms]
  Passed DINOForge.Tests.InstallerCoverageTests.VersionFileName_IsCorrect [< 1 ms]
  Passed DINOForge.Tests.InstallerCoverageTests.Inspect_WithNonExistentPath_ReturnsHealthyFalse [< 1 ms]
  Passed DINOForge.Tests.InstallerCoverageTests.GetInstalledVersion_WithNoFiles_ReturnsUnknown [1 ms]
  Passed DINOForge.Tests.InstallerCoverageTests.GetPacksDirectory_CombinesPathsCorrectly [< 1 ms]
  Passed DINOForge.Tests.InstallerCoverageTests.SteamLocator_DinoDirectoryName_IsCorrect [< 1 ms]
  Passed DINOForge.Tests.InstallerCoverageTests.IsInstalled_WithMissingRuntimeDll_ReturnsFalse [2 ms]
  Passed DINOForge.Tests.InstallerCoverageTests.Inspect_WithLegacyArtifacts_ReportsIssues [4 ms]
  Passed DINOForge.Tests.InstallerCoverageTests.InstallStatus_PropertiesRoundtrip [< 1 ms]
  Passed DINOForge.Tests.InstallerCoverageTests.InstallManifest_DefaultValues [< 1 ms]
  Passed DINOForge.Tests.InstallerCoverageTests.GetLibraryFolders_WithMissingVdfFile_ReturnsOnlySteamPath [1 ms]
  Passed DINOForge.Tests.InstallerCoverageTests.IsInstalled_WithWhitespacePath_ReturnsFalse [< 1 ms]
  Passed DINOForge.Tests.InstallerCoverageTests.Inspect_WithRuntimeDll_ReportsRuntimeInstalled [5 ms]
  Passed DINOForge.Tests.InstallerCoverageTests.GetInstalledVersion_WithVersionFile_ReturnsVersion [3 ms]
  Passed DINOForge.Tests.InstallerCoverageTests.IsInstalled_WithNonExistentPath_ReturnsFalse [< 1 ms]
  Passed DINOForge.Tests.GameClientPipelineTests.UiRequestWrappers_WriteExpectedJsonRpcRequests [51 ms]
  Passed DINOForge.Tests.FuzzTargets.SchemaValidationFuzzTarget.Smoke_DoesNotThrow(yamlInput: "id: тест\nname: Unicode Test") [< 1 ms]
  Passed DINOForge.Tests.FuzzTargets.SchemaValidationFuzzTarget.Smoke_DoesNotThrow(yamlInput: "arrays:\n  - item1\n  - item2\n  - nested:\n      "···) [< 1 ms]
  Passed DINOForge.Tests.FuzzTargets.SchemaValidationFuzzTarget.Smoke_DoesNotThrow(yamlInput: "id: test\nname: Test Pack") [< 1 ms]
  Passed DINOForge.Tests.FuzzTargets.SchemaValidationFuzzTarget.Smoke_DoesNotThrow(yamlInput: "\"quoted string\"") [< 1 ms]
  Passed DINOForge.Tests.FuzzTargets.SchemaValidationFuzzTarget.Smoke_DoesNotThrow(yamlInput: "[list, of, values]") [< 1 ms]
  Passed DINOForge.Tests.FuzzTargets.SchemaValidationFuzzTarget.Smoke_DoesNotThrow(yamlInput: "id: nested\ndata:\n  level1:\n    level2:\n      v"···) [< 1 ms]
  Passed DINOForge.Tests.FuzzTargets.SchemaValidationFuzzTarget.Smoke_DoesNotThrow(yamlInput: "key: value\ninvalid-yaml: [[[") [< 1 ms]
  Passed DINOForge.Tests.FuzzTargets.SchemaValidationFuzzTarget.Smoke_DoesNotThrow(yamlInput: "123") [< 1 ms]
  Passed DINOForge.Tests.FuzzTargets.SchemaValidationFuzzTarget.Smoke_DoesNotThrow(yamlInput: "null") [< 1 ms]
  Passed DINOForge.Tests.FuzzTargets.SchemaValidationFuzzTarget.Smoke_DoesNotThrow(yamlInput: "id: test\n  bad-indent: true") [< 1 ms]
  Passed DINOForge.Tests.FuzzTargets.SchemaValidationFuzzTarget.Smoke_DoesNotThrow(yamlInput: "") [< 1 ms]
  Passed DINOForge.Tests.FuzzTargets.SchemaValidationFuzzTarget.Smoke_DoesNotThrow(yamlInput: "id: schema-test\nname: Schema Test\nversion: 0.1.0"···) [< 1 ms]
  Passed DINOForge.Tests.FuzzTargets.SchemaValidationFuzzTarget.Smoke_DoesNotThrow(yamlInput: "---") [< 1 ms]
  Passed DINOForge.Tests.EconomyDomainExpandedTests.CalculateExchangeRate_ProfileIncreasesRate [< 1 ms]
  Passed DINOForge.Tests.EconomyDomainExpandedTests.TradeRoute_DefaultExchangeRate_IsOne [< 1 ms]
  Passed DINOForge.Tests.EconomyDomainExpandedTests.CalculateExchangeRate_NoModifier_ReturnsBaseRate [< 1 ms]
  Passed DINOForge.Tests.EconomyDomainExpandedTests.TradeEvaluation_Constructor_SetsAllProperties [< 1 ms]
  Passed DINOForge.Tests.EconomyDomainExpandedTests.GetOptimalTrades_EmptyRoutes_ReturnsEmpty [< 1 ms]
  Passed DINOForge.Tests.EconomyDomainExpandedTests.EconomyProfile_DefaultTradeModifier_IsOne [< 1 ms]
  Passed DINOForge.Tests.EconomyDomainExpandedTests.GetResourceBalance_Production_MinusConsumption [< 1 ms]
  Passed DINOForge.Tests.EconomyDomainExpandedTests.CalculateExchangeRate_ProfileReducesRate [< 1 ms]
  Passed DINOForge.Tests.EconomyDomainExpandedTests.CalculateBuildingOutput_NoRates_ReturnsEmpty [< 1 ms]
  Passed DINOForge.Tests.EconomyDomainExpandedTests.EvaluateTradeRoute_SurplusSource_DeficitTarget_IsProfitable [< 1 ms]
  Passed DINOForge.Tests.EconomyDomainExpandedTests.EconomyProfile_ProductionMultiplierMissing_DefaultsToOne [< 1 ms]
  Passed DINOForge.Tests.EconomyDomainExpandedTests.GetResourceBalance_EmptyDicts_ReturnsEmpty [< 1 ms]
  Passed DINOForge.Tests.EconomyDomainExpandedTests.EvaluateTradeRoute_DeficitSource_IsNotProfitable [< 1 ms]
  Passed DINOForge.Tests.EconomyDomainExpandedTests.EvaluateTradeRoute_MaxTargetPerExecution_RespectedWhenUnlimited [< 1 ms]
  Passed DINOForge.Tests.EconomyDomainExpandedTests.GetOptimalTrades_NeedyResource_SuggestsRelevantRoute [< 1 ms]
  Passed DINOForge.Tests.SdkHotReloadEdgeCaseTests.HotReloadError_WithInvalidPath_IsHandled [< 1 ms]
  Passed DINOForge.Tests.SdkHotReloadEdgeCaseTests.HotReloadModule_CanBeInstantiated [< 1 ms]
  Passed DINOForge.Tests.SdkHotReloadEdgeCaseTests.HotReloadIntegration_WithValidConfiguration_DoesNotThrow [< 1 ms]
  Passed DINOForge.Tests.SdkHotReloadEdgeCaseTests.HotReloadWatch_WithDispose_CleansUpCorrectly [< 1 ms]
  Passed DINOForge.Tests.FuzzTargets.YamlFuzzTarget.Smoke_DoesNotThrow(yamlInput: "id: test-pack\nname: Test Pack\nversion: 0.1.0\nfr"···) [< 1 ms]
  Passed DINOForge.Tests.FuzzTargets.YamlFuzzTarget.Smoke_DoesNotThrow(yamlInput: "id: тест") [< 1 ms]
  Passed DINOForge.Tests.FuzzTargets.YamlFuzzTarget.Smoke_DoesNotThrow(yamlInput: "id: test\n  name: broken-indent") [< 1 ms]
  Passed DINOForge.Tests.FuzzTargets.YamlFuzzTarget.Smoke_DoesNotThrow(yamlInput: "id: test\nname: Test Pack\nversion: 0.1.0") [< 1 ms]
  Passed DINOForge.Tests.FuzzTargets.YamlFuzzTarget.Smoke_DoesNotThrow(yamlInput: "") [< 1 ms]
  Passed DINOForge.Tests.FuzzTargets.YamlFuzzTarget.Smoke_DoesNotThrow(yamlInput: "not yaml at all: [[[") [4 ms]
  Passed DINOForge.Tests.Runtime.VanillaCatalogErrorTests.GetUnit_WithValidId_ReturnsEntity [< 1 ms]
  Passed DINOForge.Tests.Runtime.VanillaCatalogErrorTests.GetUnit_WithInvalidId_ReturnsNull [< 1 ms]
  Passed DINOForge.Tests.Runtime.VanillaCatalogErrorTests.GetBuilding_WithInvalidId_ReturnsNull [< 1 ms]
  Passed DINOForge.Tests.Runtime.VanillaCatalogErrorTests.QueryEntitiesByType_WithValidType_ReturnsMatching [< 1 ms]
  Passed DINOForge.Tests.Runtime.VanillaCatalogErrorTests.CatalogSync_AfterTimeout_Rollsback [< 1 ms]
  Passed DINOForge.Tests.Runtime.VanillaCatalogErrorTests.CatalogSync_WithNetworkError_Retries [< 1 ms]
  Passed DINOForge.Tests.Runtime.VanillaCatalogErrorTests.ApplyComponentMap_WithValidMapping_Succeeds [< 1 ms]
  Passed DINOForge.Tests.Runtime.VanillaCatalogErrorTests.GetComponent_WithValidEntity_ReturnsComponent [< 1 ms]
  Passed DINOForge.Tests.Runtime.VanillaCatalogErrorTests.QueryEntitiesByType_WithInvalidType_ReturnsEmpty [< 1 ms]
  Passed DINOForge.Tests.InstallerCoverageTests.WriteManifest_WithUiAssetsDirectory_IncludesUiAssetsFiles [23 ms]
  Passed DINOForge.Tests.Runtime.VanillaCatalogErrorTests.GetEntityArchetype_WithValidEntity_ReturnsArchetype [5 ms]
  Passed DINOForge.Tests.Runtime.VanillaCatalogErrorTests.GetEntityArchetype_WithInvalidEntity_ReturnsNull [< 1 ms]
  Passed DINOForge.Tests.Runtime.VanillaCatalogErrorTests.GetComponent_WithMissingComponent_ReturnsNull [< 1 ms]
  Passed DINOForge.Tests.Runtime.VanillaCatalogErrorTests.GetBuilding_WithValidId_ReturnsEntity [< 1 ms]
  Passed DINOForge.Tests.Runtime.VanillaCatalogErrorTests.ApplyComponentMap_WithMissingMapping_Skips [< 1 ms]
  Passed DINOForge.Tests.Runtime.VanillaCatalogErrorTests.SwapAsset_WithValidAsset_Succeeds [< 1 ms]
  Passed DINOForge.Tests.Runtime.VanillaCatalogErrorTests.SwapAsset_WithInvalidAsset_Fails [< 1 ms]
  Passed DINOForge.Tests.EconomyUiCoverageTests.TradeRouteRegistry_CoversFilteringAndRegistration [1 ms]
  Passed DINOForge.Tests.InstallerCoverageTests.Inspect_WithManifestAndRuntime_ReportsHealthy [9 ms]
  Passed DINOForge.Tests.EconomyUiCoverageTests.ThemeRegistry_CoversDefaultAndActiveThemeManagement [< 1 ms]
  Passed DINOForge.Tests.EconomyUiCoverageTests.ResourceDefinition_DefaultsAndCtorCoverProperties [< 1 ms]
  Passed DINOForge.Tests.EconomyUiCoverageTests.TradeRouteDefinition_DefaultsAndCtorCoverProperties [< 1 ms]
  Passed DINOForge.Tests.EconomyUiCoverageTests.EconomyProfile_MultiplierFallbacksWork [< 1 ms]
  Passed DINOForge.Tests.InstallerCoverageTests.FindGameInLibrary_WithAcfButInvalidInstallDir_ReturnsNull [4 ms]
  Passed DINOForge.Tests.EconomyUiCoverageTests.ThemeColorPalette_CoversLookupContrastAndColorHelpers [3 ms]
  Passed DINOForge.Tests.EconomyUiCoverageTests.EconomyProfileRegistry_CoversRegistrationAndLookup [< 1 ms]
  Passed DINOForge.Tests.EconomyUiCoverageTests.ResourceRegistry_CoversRegistrationAndLookup [< 1 ms]
  Passed DINOForge.Tests.EconomyUiCoverageTests.MarketDefinition_MethodsAndDefaultsWork [< 1 ms]
  Passed DINOForge.Tests.EconomyUiCoverageTests.HudElementRegistry_CoversTypeAndVisibilityQueries [< 1 ms]
  Passed DINOForge.Tests.InstallerCoverageTests.CleanupLegacyArtifacts_WithReadOnlyFiles_HandlesGracefully [3 ms]
  Passed DINOForge.Tests.EconomyUiCoverageTests.MenuRegistry_CoversHierarchyValidation [1 ms]
  Passed DINOForge.Tests.BddSpecs.Given_PackWithNoVersionReq_When_AnyFrameworkInstalled_Then_AlwaysCompatible [< 1 ms]
  Passed DINOForge.Tests.BddSpecs.Given_PackWithWildcardVersion_When_AnyFrameworkVersion_Then_AlwaysCompatible [< 1 ms]
  Passed DINOForge.Tests.BddSpecs.Given_Registry_When_LowerPriorityRegisteredAfterHigher_Then_HigherStillWins [< 1 ms]
  Passed DINOForge.Tests.InstallerCoverageTests.RemoveManagedFiles_WithNoManifest_DeletesDefaultFiles [4 ms]
  Passed DINOForge.Tests.BddSpecs.Given_ValidPackDirectory_When_LoadingManifest_Then_PackIdRetrieved [4 ms]
  Passed DINOForge.Tests.BddSpecs.Given_PackWithAllZeroStats_When_CountingNonZeroFields_Then_ZeroReturned [< 1 ms]
  Passed DINOForge.Tests.BddSpecs.Given_Registry_When_NonExistentIdQueried_Then_ReturnsNull [< 1 ms]
  Passed DINOForge.Tests.BddSpecs.Given_TotalConversionPack_When_Validated_Then_SingletonEnforced [< 1 ms]
  Passed DINOForge.Tests.BddSpecs.Given_AssetReplacementEngine_When_MultipleAssetTypesLoaded_Then_CountMatches [< 1 ms]
  Passed DINOForge.Tests.BddSpecs.Given_PackRequiresFramework050_When_Framework050Installed_Then_Compatible [< 1 ms]
  Passed DINOForge.Tests.BddSpecs.Given_PackDirectoryWithoutManifest_When_Loaded_Then_ReturnsFailure [1 ms]
  Passed DINOForge.Tests.InstallerCoverageTests.TryReadManifest_WithInvalidJson_ReturnsNull [5 ms]
  Passed DINOForge.Tests.BddSpecs.Given_PackDependsOnMissing_When_Resolved_Then_ReturnsError [< 1 ms]
  Passed DINOForge.Tests.BddSpecs.Given_Registry_When_GetAllCalled_Then_ReturnsAllRegistered [< 1 ms]
  Passed DINOForge.Tests.BddSpecs.Given_PackWithMissingId_When_Validated_Then_ReturnsError [< 1 ms]
  Passed DINOForge.Tests.BddSpecs.Given_ModPathMissing_When_TextureResolved_Then_FallsBackToVanilla [1 ms]
  Passed DINOForge.Tests.InstallerCoverageTests.GetLibraryFolders_WithEmptyVdfContent_ReturnsOnlySteamRoot [2 ms]
  Passed DINOForge.Tests.BddSpecs.Given_Registry_When_MultiplePacksRegisterSameEntry_Then_ConflictDetected [< 1 ms]
  Passed DINOForge.Tests.BddSpecs.Given_EmptyRegistry_When_UnitRegistered_Then_ContainsUnit [< 1 ms]
  Passed DINOForge.Tests.BddSpecs.Given_ThreePacksWithChainedConflicts_When_DetectConflicts_Then_BothPairsReported [< 1 ms]
  Passed DINOForge.Tests.BddSpecs.Given_ModPathExists_When_TextureResolved_Then_ReturnsModPath [2 ms]
  Passed DINOForge.Tests.InstallerCoverageTests.RemoveManagedFiles_WithUiAssetsDirectory_DeletesManifestFiles [6 ms]
  Passed DINOForge.Tests.InstallerCoverageTests.InstallInspection_AllPropertiesAccessible [< 1 ms]
  Passed DINOForge.Tests.InstallerCoverageTests.InstallInspection_IsHealthy_WithRuntimeAndIssues_ReturnsFalse [< 1 ms]
  Passed DINOForge.Tests.InstallerCoverageTests.InstallStatus_IsFullyInstalled_WithAllTrue_ReturnsTrue [< 1 ms]
  Passed DINOForge.Tests.InstallerCoverageTests.GetManifestPath_CombinesPathsCorrectly [< 1 ms]
  Passed DINOForge.Tests.InstallerCoverageTests.GetPluginsDirectory_CombinesPathsCorrectly [< 1 ms]
  Passed DINOForge.Tests.InstallerCoverageTests.InstallInspection_IsHealthy_WithRuntimeAndNoIssues_ReturnsTrue [< 1 ms]
  Passed DINOForge.Tests.BddSpecs.Given_MultipleValidPackDirectories_When_EachLoaded_Then_AllPackIdsPresent [6 ms]
  Passed DINOForge.Tests.BddSpecs.Given_ConflictingPacksInSet_When_Detected_Then_ReturnsConflictError [< 1 ms]
  Passed DINOForge.Tests.BddSpecs.Given_PackWithVersionReq_When_OlderVersionInstalled_Then_Incompatible [< 1 ms]
  Passed DINOForge.Tests.BddSpecs.Given_PackWithGTEPrefixedVersionReq_When_ExactVersionInstalled_Then_Compatible [< 1 ms]
  Passed DINOForge.Tests.BddSpecs.Given_PackWithNoConflicts_When_DetectConflicts_Then_ReturnsEmpty [< 1 ms]
  Passed DINOForge.Tests.BddSpecs.Given_PackWithValidDependencies_When_Resolved_Then_LoadOrderComputed [< 1 ms]
  Passed DINOForge.Tests.InstallerCoverageTests.FindGameInLibrary_WithMissingInstalldir_ReturnsNull [3 ms]
  Passed DINOForge.Tests.InstallerCoverageTests.ManifestFileName_IsCorrect [< 1 ms]
  Passed DINOForge.Tests.BddSpecs.Given_Registry_When_SameUnitRegisteredTwice_Then_HigherPriorityWins [< 1 ms]
  Passed DINOForge.Tests.InstallerCoverageTests.ParseLibraryFoldersVdf_WithValidPaths_ParsesCorrectly [< 1 ms]
  Passed DINOForge.Tests.InstallerCoverageTests.TryReadManifest_WithNoFile_ReturnsNull [< 1 ms]
  Passed DINOForge.Tests.BddSpecs.Given_PackWithInvalidYaml_When_Loaded_Then_ReturnsFailureNotException [3 ms]
  Passed DINOForge.Tests.BddSpecs.Given_PackWithTildePrefixVersion_When_MatchingVersion_Then_Compatible [< 1 ms]
  Passed DINOForge.Tests.BddSpecs.Given_Registry_When_UnregisteredIdQueried_Then_DoesNotThrow [< 1 ms]
  Passed DINOForge.Tests.BddSpecs.Given_EmptyPackList_When_LoadOrderComputed_Then_SucceedsWithEmptyOrder [< 1 ms]
  Passed DINOForge.Tests.InstallerCoverageTests.FindGameInLibrary_WithSteamAppsAsRoot_HandlesCorrectly [2 ms]
  Passed DINOForge.Tests.BddSpecs.Given_ValidPackManifest_When_Loaded_Then_AllRegistriesPopulated [< 1 ms]
  Passed DINOForge.Tests.BddSpecs.Given_PackConflictsWithAbsentPack_When_DetectConflicts_Then_NoFalsePositive [< 1 ms]
  Passed DINOForge.Tests.BddSpecs.Given_PackWithCircularDep_When_Resolved_Then_ThrowsOrReturnsError [< 1 ms]
  Passed DINOForge.Tests.BddSpecs.Given_PackRequiresFramework200_When_Framework050Installed_Then_Incompatible [< 1 ms]
  Passed DINOForge.Tests.BddSpecs.Given_FourPacksWithDiamondDependency_When_LoadOrderComputed_Then_BasePackFirst [< 1 ms]
  Passed DINOForge.Tests.BddSpecs.Given_PackDependsOnItself_When_Resolved_Then_FailsWithCircularError [< 1 ms]
  Passed DINOForge.Tests.InstallerCoverageTests.Inspect_WithUiAssetsDirectory_IncludesInManagedFiles [3 ms]
  Passed DINOForge.Tests.InstallerCoverageTests.FindGameInLibrary_ManifestWithNoInstallDir_ReturnsNull [2 ms]
  Passed DINOForge.Tests.InstallerCoverageTests.ParseLibraryFoldersVdf_MultipleLibraries_ExtractsAllPaths [< 1 ms]
  Passed DINOForge.Tests.InstallerCoverageTests.ParseLibraryFoldersVdf_WithEscapedBackslashes_UnescapesCorrectly [< 1 ms]
  Passed DINOForge.Tests.InstallerCoverageTests.ParseLibraryFoldersVdf_EmptyContent_ReturnsEmptyList [< 1 ms]
  Passed DINOForge.Tests.InstallerCoverageTests.GetLibraryFolders_WithConfigLibraryFolders_ReturnsParsedFolders [3 ms]
  Passed DINOForge.Tests.GameProcessManagerUnitTests.WaitForExitAsync_WithNoGameRunning_ReturnsWithoutThrow [8 ms]
  Passed DINOForge.Tests.InstallerCoverageTests.MigrateLegacyPacks_WithEmptySubdirectories_MigratesStructure [4 ms]
  Passed DINOForge.Tests.InstallerCoverageTests.Inspect_WithEmptyPath_ReturnsHealthyFalse [< 1 ms]
  Passed DINOForge.Tests.GameProcessManagerUnitTests.LaunchAsync_WithValidExePath_CompletesWithinTimeout [8 ms]
  Passed DINOForge.Tests.GameProcessManagerUnitTests.IsRunning_ReturnsFalseWhenGameNotRunning [8 ms]
  Passed DINOForge.Tests.InstallerCoverageTests.WriteManifest_WithEmptyPluginsDirectory_CreatesManifest [15 ms]
  Passed DINOForge.Tests.InstallerCoverageTests.InstallStatus_IsFullyInstalled_WithAnyFalse_ReturnsFalse [< 1 ms]
  Passed DINOForge.Tests.InstallerCoverageTests.TryReadManifest_WithValidManifest_ReturnsParsedManifest [13 ms]
  Passed DINOForge.Tests.InstallerCoverageTests.ParseLibraryFoldersVdf_SingleLibrary_ExtractsPath [< 1 ms]
  Passed DINOForge.Tests.InstallerCoverageTests.GetBepInExDirectory_CombinesPathsCorrectly [< 1 ms]
  Passed DINOForge.Tests.InstallerCoverageTests.FindGameInLibrary_ValidManifestWithCorrectInstallPath_ReturnsPath [4 ms]
  Passed DINOForge.Tests.InstallerCoverageTests.GetLibraryFolders_VdfFileWithGarbage_ParsingFailsGracefully [11 ms]
  Passed DINOForge.Tests.InstallerCoverageTests.FindGameInLibrary_WithManifestHavingWhitespace_ReturnsCleanPath [4 ms]
  Passed DINOForge.Tests.InstallerCoverageTests.MigrateLegacyPacks_WithLegacyDir_MigratesFiles [5 ms]
  Passed DINOForge.Tests.InstallerCoverageTests.GetLibraryFolders_WithBothVdfLocations_UsesSteamAppsFirst [4 ms]
  Passed DINOForge.Tests.InstallerCoverageTests.MigrateLegacyPacks_WithSubdirectories_MigratesAllFiles [8 ms]
  Passed DINOForge.Tests.InstallerCoverageTests.FindGameInLibrary_WithSteamAppsAlreadyAsLibraryPath_ReturnsPath [1 ms]
  Passed DINOForge.Tests.InstallerCoverageTests.GetLibraryFolders_WithConfigLibraryFolders_ReturnsFromConfig [3 ms]
  Passed DINOForge.Tests.InstallerCoverageTests.InstalledFileRecord_DefaultValues [< 1 ms]
  Passed DINOForge.Tests.InstallerCoverageTests.FindGameInLibrary_NonexistentLibrary_ReturnsNull [< 1 ms]
  Passed DINOForge.Tests.InstallerCoverageTests.Inspect_WithManifestContainingMissingFiles_ReportsIssues [5 ms]
  Passed DINOForge.Tests.InstallerCoverageTests.Inspect_WithNullPath_ReturnsHealthyFalse [< 1 ms]
  Passed DINOForge.Tests.InstallerCoverageTests.FindGameInLibrary_SteamAppsExistsButNoManifest_ReturnsNull [3 ms]
  Passed DINOForge.Tests.InstallerCoverageTests.GetLegacyPacksDirectory_CombinesPathsCorrectly [< 1 ms]
  Passed DINOForge.Tests.InstallerCoverageTests.FindGameInLibrary_ManifestExistsButInstallDirNotOnDisk_ReturnsNull [3 ms]
  Passed DINOForge.Tests.InstallerCoverageTests.IsInstalled_WithNullPath_ReturnsFalse [< 1 ms]
  Passed DINOForge.Tests.EconomyContentLoaderValidationTests.EconomyContentLoader_RejectsEconomyProfileWithNegativeMultiplier [5 ms]
  Passed DINOForge.Tests.CompatibilityCheckerUnitTests.IsVersionInRange_LessThan_ReturnsTrue [< 1 ms]
  Passed DINOForge.Tests.CompatibilityCheckerUnitTests.CheckPack_BepInExVersionWarning_ReturnsWarning [< 1 ms]
  Passed DINOForge.Tests.CompatibilityCheckerUnitTests.IsVersionInRange_LessThanOrEqual_ReturnsTrue [< 1 ms]
  Passed DINOForge.Tests.EconomyContentLoaderValidationTests.EconomyContentLoader_RejectsEconomyProfileWithBlankId [6 ms]
  Passed DINOForge.Tests.CompatibilityCheckerUnitTests.IsVersionInRange_ExactMatch_ReturnsTrue [< 1 ms]
  Passed DINOForge.Tests.CompatibilityCheckerUnitTests.CheckPack_FrameworkVersionMismatch_ReturnsError [< 1 ms]
  Passed DINOForge.Tests.PackFileWatcherTests.FileChanged_TriggersCallback_WithDebounce [1 s]
  Passed DINOForge.Tests.CompatibilityCheckerUnitTests.IsVersionInRange_StrictlyGreater_ReturnsTrue [< 1 ms]
  Passed DINOForge.Tests.CompatibilityCheckerUnitTests.IsVersionInRange_ExactMismatch_ReturnsFalse [< 1 ms]
  Passed DINOForge.Tests.CompatibilityCheckerUnitTests.IsVersionInRange_GreaterThanOrEqualBoundary_ReturnsTrue [< 1 ms]
  Passed DINOForge.Tests.CompatibilityCheckerUnitTests.IsVersionInRange_PrereleaseSyntax_StripsSemverTag [< 1 ms]
  Passed DINOForge.Tests.CompatibilityCheckerUnitTests.IsVersionInRange_WithWildcard_ReturnsTrue [< 1 ms]
  Passed DINOForge.Tests.CompatibilityCheckerUnitTests.CheckPack_GameVersionMismatch_ReturnsWarning [< 1 ms]
  Passed DINOForge.Tests.CompatibilityCheckerUnitTests.IsVersionInRange_WildcardVersionMismatch_ReturnsFalse [< 1 ms]
  Passed DINOForge.Tests.CompatibilityCheckerUnitTests.IsVersionInRange_CaseInsensitive_ReturnsTrue [< 1 ms]
  Passed DINOForge.Tests.CompatibilityCheckerUnitTests.IsVersionInRange_GreaterThanOrEqual_ReturnsTrue [< 1 ms]
  Passed DINOForge.Tests.NativeInteropIntegrationTests+RustAssetPipelineIntegrationTests.ImportAssetAsync_ValidGlbFile_SucceedsViaFallback [419 ms]
  Passed DINOForge.Tests.CompatibilityCheckerUnitTests.CheckPack_MultipleVersionMismatches_ReturnsAllWarnings [< 1 ms]
  Passed DINOForge.Tests.CompatibilityCheckerUnitTests.IsVersionInRange_StrictlyGreaterBoundaryFails_ReturnsFalse [< 1 ms]
  Passed DINOForge.Tests.CompatibilityCheckerUnitTests.IsVersionInRange_UnityVersionFormat_HandlesAlphaNumericSuffix [< 1 ms]
  Passed DINOForge.Tests.CompatibilityCheckerUnitTests.IsVersionInRange_LessThanFails_ReturnsFalse [< 1 ms]
  Passed DINOForge.Tests.CompatibilityCheckerUnitTests.CheckPack_AllWildcards_ReturnsCompatible [< 1 ms]
  Passed DINOForge.Tests.CompatibilityCheckerUnitTests.IsVersionInRange_WithEmptyRange_ReturnsTrue [< 1 ms]
  Passed DINOForge.Tests.CompatibilityCheckerUnitTests.IsVersionInRange_MultipleConstraintsFails_ReturnsFalse [< 1 ms]
  Passed DINOForge.Tests.CompatibilityCheckerUnitTests.IsVersionInRange_MultipleConstraints_AllMustPass [< 1 ms]
  Passed DINOForge.Tests.CompatibilityCheckerUnitTests.IsVersionInRange_WildcardVersion_MatchesPrefix [< 1 ms]
  Passed DINOForge.Tests.NativeInteropIntegrationTests+RustAssetPipelineIntegrationTests.AddressablesCatalog_ResolveBundlePath_WithoutPlaceholder_ReturnsUnchanged [1 ms]
  Passed DINOForge.Tests.PackFileWatcherTests.WatcherDisposed_DoesNotThrow [2 ms]
  Passed DINOForge.Tests.ParameterizedTests.AddressablesFsCheckProperties.AssetReplacementEngine_ResolveMissing_ReturnsVanilla [5 ms]
  Passed DINOForge.Tests.NativeInteropIntegrationTests+RustAssetPipelineIntegrationTests.AssetService_ListBundles_WithNonexistentDirectory_ReturnsEmpty [1 ms]
  Passed DINOForge.Tests.PackFileWatcherTests.Start_WithValidDirectory_SetsIsWatching [2 ms]
  Passed DINOForge.Tests.ParameterizedTests.HotReloadFsCheckProperties.HotReloadResult_Timestamps_Are_Monotonic [6 ms]
  Passed DINOForge.Tests.NativeInteropIntegrationTests+RustAssetPipelineIntegrationTests.AddressablesCatalog_ResolveBundlePath_WithNullGameDir_Throws [1 ms]
  Passed DINOForge.Tests.EconomyContentLoaderValidationTests.EconomyContentLoader_RejectsEconomyProfileWithBlankDisplayName [14 ms]
  Passed DINOForge.Tests.ParameterizedTests.BridgeFsCheckProperties.JsonRpcResponse_WithError_Serialize_Roundtrip_Equal [21 ms]
  Passed DINOForge.Tests.ContentLoaderRoundTripPropertyTests.EmptyDependsOn_RoundTrips [24 ms]
  Passed DINOForge.Tests.EconomyContentLoaderValidationTests.EconomyContentLoader_RejectsTradeRouteWithNonPositiveExchangeRate [13 ms]
  Passed DINOForge.Tests.EconomyContentLoaderValidationTests.EconomyContentLoader_RejectsResourceWithNegativeStorageCapacity [4 ms]
  Passed DINOForge.Tests.PackConflictPropertyTests.ExplicitConflict_AlwaysDetected [37 ms]
  Passed DINOForge.Tests.ContentRegistrationServiceTests.StatOverrideDefinition_Validate_RejectsEmptyOverrides [1 ms]
  Passed DINOForge.Tests.EconomyContentLoaderValidationTests.EconomyContentLoader_RejectsTradeRouteWithBlankSourceResource [5 ms]
  Passed DINOForge.Tests.ContentRegistrationServiceTests.FactionDefinition_Validate_RejectsBlankId [1 ms]
  Passed DINOForge.Tests.ContentRegistrationServiceTests.FactionDefinition_Validate_RejectsMalformedHexColor [1 ms]
  Passed DINOForge.Tests.ContentRegistrationServiceTests.FactionPatchDefinition_Validate_AcceptsValidPatch [1 ms]
  Passed DINOForge.Tests.ContentRegistrationServiceTests.WeaponDefinition_Validate_RejectsNegativeDamage [1 ms]
  Passed DINOForge.Tests.EconomyContentLoaderValidationTests.EconomyContentLoader_RejectsResourceWithBlankId [12 ms]
  Passed DINOForge.Tests.ContentRegistrationServiceTests.RegisterFromYaml_SingleItem_RejectsBlankId [7 ms]
  Passed DINOForge.Tests.ContentRegistrationServiceTests.UnitDefinition_Validate_AcceptsValidUnit [1 ms]
  Passed DINOForge.Tests.ContentRegistrationServiceTests.ProjectileDefinition_Validate_RejectsNegativeSpeed [1 ms]
  Passed DINOForge.Tests.ContentRegistrationServiceTests.DoctrineDefinition_Validate_RejectsNegativeModifierValue [1 ms]
  Passed DINOForge.Tests.EconomyContentLoaderValidationTests.EconomyContentLoader_RejectsTradeRouteWithBlankId [5 ms]
  Passed DINOForge.Tests.ArchetypeRegistryUnitTests.Register_OverrideExisting_ReplacesArchetype [< 1 ms]
  Passed DINOForge.Tests.ArchetypeRegistryUnitTests.Register_ModifiersCopied_ArchetypeRetainsModifiers [< 1 ms]
  Passed DINOForge.Tests.ArchetypeRegistryUnitTests.All_MultipleRegistrations_IncludesAllArchetypes [< 1 ms]
  Passed DINOForge.Tests.ContentRegistrationServiceTests.BuildingDefinition_Validate_RejectsNegativeHealth [1 ms]
  Passed DINOForge.Tests.ArchetypeRegistryUnitTests.GetArchetype_NonExistentId_ThrowsKeyNotFoundException [< 1 ms]
  Passed DINOForge.Tests.ArchetypeRegistryUnitTests.All_CountMatchesRegisteredArchetypes [< 1 ms]
  Passed DINOForge.Tests.ArchetypeRegistryUnitTests.TryGetArchetype_NonExistentId_ReturnsFalseWithNull [< 1 ms]
  Passed DINOForge.Tests.ArchetypeRegistryUnitTests.Constructor_IncludesIndustrialSwarmArchetype [< 1 ms]
  Passed DINOForge.Tests.ArchetypeRegistryUnitTests.All_EmptyAfterMultipleOverrides_StaysConsistent [< 1 ms]
  Passed DINOForge.Tests.ArchetypeRegistryUnitTests.Constructor_IncludesOrderArchetype [< 1 ms]
  Passed DINOForge.Tests.ContentRegistrationServiceTests.UnitDefinition_Validate_RejectsAccuracyOutOfRange [1 ms]
  Passed DINOForge.Tests.ContentRegistrationServiceTests.ProjectileDefinition_Validate_RejectsBlankId [1 ms]
  Passed DINOForge.Tests.ContentRegistrationServiceTests.StatOverrideDefinition_Validate_RejectsBlankTargetAndUnknownMode [1 ms]
  Passed DINOForge.Tests.ContentRegistrationServiceTests.RegisterFromYaml_RejectsItemsWithBlankId [7 ms]
  Passed DINOForge.Tests.ContentRegistrationServiceTests.FactionDefinition_Validate_AcceptsValidFaction [1 ms]
  Passed DINOForge.Tests.ContentRegistrationServiceTests.RegisterFromYaml_RejectsBuildingsWithNegativeHealth [8 ms]
  Passed DINOForge.Tests.ContentRegistrationServiceTests.FactionPatchDefinition_Validate_RejectsBlankTargetFaction [1 ms]
  Passed DINOForge.Tests.ContentRegistrationServiceTests.RegisterFromYaml_RejectsItemsWithMissingRequiredField [6 ms]
  Passed DINOForge.Tests.ContentRegistrationServiceTests.DoctrineDefinition_Validate_RejectsBlankId [1 ms]
  Passed DINOForge.Tests.ContentRegistrationServiceTests.UnitDefinition_Validate_RejectsBlankId [1 ms]
  Passed DINOForge.Tests.ContentRegistrationServiceTests.BuildingDefinition_Validate_AcceptsValidBuilding [1 ms]
  Passed DINOForge.Tests.ContentRegistrationServiceTests.StatOverrideDefinition_Validate_AcceptsKnownMode [1 ms]
  Passed DINOForge.Tests.ContentRegistrationServiceTests.FactionPatchDefinition_Validate_RejectsEmptyAdditions [1 ms]
  Passed DINOForge.Tests.ContentRegistrationServiceTests.WeaponDefinition_Validate_RejectsBlankId [1 ms]
  Passed DINOForge.Tests.ContentRegistrationServiceTests.BuildingDefinition_Validate_RejectsBlankId [1 ms]
  Passed DINOForge.Tests.VFXPoolLogicTests.EmissionMultiplier_AtDistance_IsInRange(distance: 50) [< 1 ms]
  Passed DINOForge.Tests.VFXPoolLogicTests.EmissionMultiplier_AtDistance_IsInRange(distance: 300) [< 1 ms]
  Passed DINOForge.Tests.VFXPoolLogicTests.EmissionMultiplier_AtDistance_IsInRange(distance: 0) [< 1 ms]
  Passed DINOForge.Tests.VFXPoolLogicTests.EmissionMultiplier_AtDistance_IsInRange(distance: 100) [< 1 ms]
  Passed DINOForge.Tests.VFXPoolLogicTests.EmissionMultiplier_AtDistance_IsInRange(distance: 200) [< 1 ms]
  Passed DINOForge.Tests.VFXPoolLogicTests.ParticleScale_AtLOD_ReturnsExpected(lod: Full, expected: 1) [< 1 ms]
  Passed DINOForge.Tests.VFXPoolLogicTests.ParticleScale_AtLOD_ReturnsExpected(lod: Low, expected: 0.25) [< 1 ms]
  Passed DINOForge.Tests.VFXPoolLogicTests.ParticleScale_AtLOD_ReturnsExpected(lod: Culled, expected: 0) [< 1 ms]
  Passed DINOForge.Tests.VFXPoolLogicTests.ParticleScale_AtLOD_ReturnsExpected(lod: Medium, expected: 0.5) [< 1 ms]
  Passed DINOForge.Tests.VFXPoolLogicTests.Pool_Initialize_HasCapacity [1 ms]
  Passed DINOForge.Tests.VFXPoolLogicTests.Return_DecreasesActiveCount [< 1 ms]
  Passed DINOForge.Tests.VFXPoolLogicTests.Pool_HasCapacity [< 1 ms]
  Passed DINOForge.Tests.VFXPoolLogicTests.Rent_IncreasesActiveCount [< 1 ms]
  Passed DINOForge.Tests.FactionPatchDefinitionTests.FactionPatchDefinition_DefaultConstruction_InitializesCollections [< 1 ms]
  Passed DINOForge.Tests.FactionPatchDefinitionTests.FactionPatchDefinition_CanPopulateAdditionsAndOverrides [< 1 ms]
  Passed DINOForge.Tests.UIDomainTests.UIPlugin_Construction_InitializesAllRegistries [< 1 ms]
  Passed DINOForge.Tests.UIDomainTests.MenuRegistry_Register_MenuCanBeRetrieved [< 1 ms]
  Passed DINOForge.Tests.UIDomainTests.HudElementRegistry_TryGetElement_ReturnsTrueAndElement [< 1 ms]
  Passed DINOForge.Tests.UIDomainTests.UIPlugin_ValidatePack_ReportsEmptyHudElementId [< 1 ms]
  Passed DINOForge.Tests.UIDomainTests.MenuRegistry_GetChildMenus_EmptyParentId_ReturnsEmpty [< 1 ms]
  Passed DINOForge.Tests.UIDomainTests.ThemeRegistry_SetActiveTheme_ThemeBecomesActive [< 1 ms]
  Passed DINOForge.Tests.UIDomainTests.MenuDefinition_AddItems_ItemsCollectionIsPopulated [< 1 ms]
  Passed DINOForge.Tests.UIDomainTests.UIPlugin_ValidatePack_ReportsMissingMenuParent [< 1 ms]
  Passed DINOForge.Tests.UIDomainTests.HudElementRegistry_GetElementsByType_ReturnsMatchingElements [< 1 ms]
  Passed DINOForge.Tests.UIDomainTests.HudElementDefinition_ConstructorWithParams_InitializesCorrectly [< 1 ms]
  Passed DINOForge.Tests.UIDomainTests.HudElementRegistry_Unregister_ElementNoLongerRetrievable [< 1 ms]
  Passed DINOForge.Tests.UIDomainTests.UIPlugin_ValidatePack_ValidPackReturnsNoErrors [< 1 ms]
  Passed DINOForge.Tests.UIDomainTests.HudElementRegistry_Register_ElementCanBeRetrieved [< 1 ms]
  Passed DINOForge.Tests.UIDomainTests.MenuRegistry_Register_NullMenu_ThrowsArgumentNullException [< 1 ms]
  Passed DINOForge.Tests.UIDomainTests.ThemeRegistry_SetActiveTheme_InvalidThemeReturnsFalse [< 1 ms]
  Passed DINOForge.Tests.UIDomainTests.ThemeRegistry_DefaultConstruction_HasDefaultTheme [< 1 ms]
  Passed DINOForge.Tests.UIDomainTests.ThemeRegistry_Unregister_ActiveTheme_ReturnsFalse [< 1 ms]
  Passed DINOForge.Tests.UIDomainTests.MenuDefinition_DefaultConstructor_HasValidDefaults [< 1 ms]
  Passed DINOForge.Tests.UIDomainTests.HudElementRegistry_GetElementsByType_CaseInsensitive [< 1 ms]
  Passed DINOForge.Tests.UIDomainTests.ThemeRegistry_Register_NullTheme_ThrowsArgumentNullException [< 1 ms]
  Passed DINOForge.Tests.UIDomainTests.ThemeDefinition_DefaultConstructor_HasValidDefaults [< 1 ms]
  Passed DINOForge.Tests.UIDomainTests.HudElementRegistry_GetElementsByVisibility_ReturnsVisibleElements [< 1 ms]
  Passed DINOForge.Tests.UIDomainTests.HudElementDefinition_ConstructorWithNullId_ThrowsArgumentNullException [< 1 ms]
  Passed DINOForge.Tests.UIDomainTests.HudElementRegistry_RegisterMultiple_AllRetrievable [< 1 ms]
  Passed DINOForge.Tests.UIDomainTests.ThemeDefinition_ConstructorWithParams_InitializesCorrectly [< 1 ms]
  Passed DINOForge.Tests.UIDomainTests.UIPlugin_ValidatePack_ReportsInvalidHudElementDimensions [< 1 ms]
  Passed DINOForge.Tests.UIDomainTests.UIPlugin_ValidatePack_ReportsMissingThemeColor [< 1 ms]
  Passed DINOForge.Tests.UIDomainTests.MenuRegistry_ValidateHierarchy_DetectsBrokenReferences [< 1 ms]
  Passed DINOForge.Tests.UIDomainTests.ThemeRegistry_Register_ThemeCanBeRetrieved [< 1 ms]
  Passed DINOForge.Tests.UIDomainTests.MenuDefinition_ConstructorWithParams_InitializesCorrectly [< 1 ms]
  Passed DINOForge.Tests.UIDomainTests.HudElementDefinition_DefaultConstructor_HasValidDefaults [< 1 ms]
  Passed DINOForge.Tests.UIDomainTests.MenuItemDefinition_DefaultConstructor_HasValidDefaults [< 1 ms]
  Passed DINOForge.Tests.UIDomainTests.MenuRegistry_GetRootMenus_ReturnsMenusWithoutParent [< 1 ms]
  Passed DINOForge.Tests.UIDomainTests.HudElementRegistry_TryGetElement_ReturnsFalseWhenNotFound [< 1 ms]
  Passed DINOForge.Tests.UIDomainTests.MenuItemDefinition_ConstructorWithParams_InitializesCorrectly [< 1 ms]
  Passed DINOForge.Tests.UIDomainTests.HudElementRegistry_Register_NullElement_ThrowsArgumentNullException [< 1 ms]
  Passed DINOForge.Tests.UIDomainTests.MenuRegistry_ValidateHierarchy_DetectsCycles [< 1 ms]
  Passed DINOForge.Tests.ArchetypeRegistryUnitTests.DefaultArchetypes_HaveDistinctModifiers [57 ms]
  Passed DINOForge.Tests.UIDomainTests.MenuRegistry_GetChildMenus_ReturnsMenusWithParent [< 1 ms]
  Passed DINOForge.Tests.ArchetypeRegistryUnitTests.Register_NewArchetype_AddsToRegistry [< 1 ms]
  Passed DINOForge.Tests.ArchetypeRegistryUnitTests.Register_NullArchetype_ThrowsArgumentNullException [< 1 ms]
  Passed DINOForge.Tests.ArchetypeRegistryUnitTests.TryGetArchetype_ExistingId_ReturnsTrueWithArchetype [< 1 ms]
  Passed DINOForge.Tests.ArchetypeRegistryUnitTests.All_ReturnsReadOnlyList [< 1 ms]
  Passed DINOForge.Tests.ArchetypeRegistryUnitTests.Constructor_IncludesAsymmetricArchetype [< 1 ms]
  Passed DINOForge.Tests.ArchetypeRegistryUnitTests.TryGetArchetype_CaseInsensitive_FindsArchetype [< 1 ms]
  Passed DINOForge.Tests.ArchetypeRegistryUnitTests.Constructor_LoadsDefaultArchetypes [< 1 ms]
  Passed DINOForge.Tests.AviationStarWarsTests.AerialUnit_CruiseAltitudeInValidRange(unitId: "rep_v19_torrent", faction: "republic", expectedAltitude: 20) [1 ms]
  Passed DINOForge.Tests.ArchetypeRegistryUnitTests.GetArchetype_ExistingId_ReturnsArchetype [< 1 ms]
  Passed DINOForge.Tests.ArchetypeRegistryUnitTests.GetArchetype_CaseInsensitive_ReturnsArchetype [< 1 ms]
  Passed DINOForge.Tests.AviationStarWarsTests.AerialUnit_CruiseAltitudeInValidRange(unitId: "cis_tri_fighter", faction: "cis", expectedAltitude: 18) [< 1 ms]
  Passed DINOForge.Tests.AviationStarWarsTests.AerialUnit_HasAerialBlockWithCruiseAltitude(unitId: "rep_v19_torrent", faction: "republic") [< 1 ms]
  Passed DINOForge.Tests.UiDomainCoverageTests.ThemeColorPalette_LookupColor_CaseInsensitive [< 1 ms]
  Passed DINOForge.Tests.UiDomainCoverageTests.ThemeRegistry_Unregister_ActiveTheme_Fails [< 1 ms]
  Passed DINOForge.Tests.AviationStarWarsTests.AerialUnit_HasAerialBlockWithCruiseAltitude(unitId: "cis_tri_fighter", faction: "cis") [< 1 ms]
  Passed DINOForge.Tests.UiDomainCoverageTests.ThemeColor_Darken_DecreasesBrightness [< 1 ms]
  Passed DINOForge.Tests.UiDomainCoverageTests.ThemeColorPalette_GetContrastRatio_HandlesGrayColors [< 1 ms]
[12:37:24 INF] Connecting to pipe 'dinoforge-test-pipe-c970824e4b1548ab98c4993911c19135' with timeout 5000ms
  Passed DINOForge.Tests.AviationStarWarsTests.AerialUnit_HasAerialBehaviorTag(unitId: "rep_v19_torrent", faction: "republic") [< 1 ms]
  Passed DINOForge.Tests.UiDomainCoverageTests.UIContentLoader_LoadPack_WithMissingDirectory_ThrowsDirectoryNotFoundException [3 ms]
  Passed DINOForge.Tests.AviationStarWarsTests.AerialUnit_HasAerialBehaviorTag(unitId: "cis_tri_fighter", faction: "cis") [3 ms]
  Passed DINOForge.Tests.UiDomainCoverageTests.MenuRegistry_GetChildMenus_WithEmptyParentId_ReturnsEmpty [< 1 ms]
  Passed DINOForge.Tests.UiDomainCoverageTests.HUDElementDefinition_DefaultConstructor_SetsDefaults [< 1 ms]
  Passed DINOForge.Tests.AviationStarWarsTests.AntiAirBuilding_HasAntiAirDefenseTag(buildingId: "rep_skyshield_generator", faction: "republic") [< 1 ms]
  Passed DINOForge.Tests.UiDomainCoverageTests.ThemeColor_FromHex_InvalidLength_ThrowsArgumentException [< 1 ms]
  Passed DINOForge.Tests.AviationStarWarsTests.AntiAirBuilding_HasAntiAirDefenseTag(buildingId: "cis_vulture_nest", faction: "cis") [< 1 ms]
  Passed DINOForge.Tests.UiDomainCoverageTests.ThemeRegistry_SetActiveTheme_WithExistingId_ReturnsTrue [< 1 ms]
  Passed DINOForge.Tests.UiDomainCoverageTests.UIPlugin_ValidatePack_WithInvalidMenus_ReturnsErrors [< 1 ms]
  Passed DINOForge.Tests.UiDomainCoverageTests.HudElementRegistry_GetElement_WithNonExistentId_ThrowsKeyNotFoundException [< 1 ms]
  Passed DINOForge.Tests.AviationStarWarsTests.AssetPipeline_Phase5UnitsSection_AerialUnitsHaveAerialType [1 ms]
  Passed DINOForge.Tests.UiDomainCoverageTests.MenuRegistry_Register_WithNull_ThrowsArgumentNullException [< 1 ms]
  Passed DINOForge.Tests.UiDomainCoverageTests.ThemeColor_FromHex_Valid8Char_ReturnsCorrectColor [< 1 ms]
  Passed DINOForge.Tests.AviationStarWarsTests.AerialUnit_AscendAndDescendSpeedsArePositive(unitId: "cis_tri_fighter", faction: "cis", expectedAscend: 10, expectedDescend: 6) [< 1 ms]
  Passed DINOForge.Tests.UiDomainCoverageTests.ThemeRegistry_Unregister_InactiveTheme_Succeeds [< 1 ms]
  Passed DINOForge.Tests.UiDomainCoverageTests.ThemeRegistry_ActiveTheme_ReturnsCorrectTheme [< 1 ms]
  Passed DINOForge.Tests.UiDomainCoverageTests.ThemeRegistry_SetActiveTheme_WithNonExistentId_ReturnsFalse [< 1 ms]
  Passed DINOForge.Tests.AviationStarWarsTests.AerialUnit_AscendAndDescendSpeedsArePositive(unitId: "rep_v19_torrent", faction: "republic", expectedAscend: 8, expectedDescend: 5) [< 1 ms]
  Passed DINOForge.Tests.UiDomainCoverageTests.HUDElementDefinition_WithNullType_ThrowsArgumentNullException [< 1 ms]
  Passed DINOForge.Tests.AviationStarWarsTests.AerialUnit_ExistsInYaml(unitId: "rep_v19_torrent", faction: "republic") [< 1 ms]
  Passed DINOForge.Tests.AviationStarWarsTests.AerialUnit_ExistsInYaml(unitId: "cis_tri_fighter", faction: "cis") [< 1 ms]
  Passed DINOForge.Tests.AviationStarWarsTests.AssetPipeline_Phase5UnitsSection_HasAtLeast8Models [1 ms]
  Passed DINOForge.Tests.AviationStarWarsTests.AntiAirBuilding_ExistsInYaml(buildingId: "cis_vulture_nest", faction: "cis") [< 1 ms]
  Passed DINOForge.Tests.AviationStarWarsTests.AntiAirBuilding_ExistsInYaml(buildingId: "rep_skyshield_generator", faction: "republic") [< 1 ms]
  Passed DINOForge.Tests.AviationStarWarsTests.AntiAirBuilding_RangeAndDamageBonusInValidRanges(buildingId: "cis_vulture_nest", faction: "cis", expectedRange: 38, expectedDamageBonus: 1.5) [< 1 ms]
  Passed DINOForge.Tests.AviationStarWarsTests.AntiAirBuilding_RangeAndDamageBonusInValidRanges(buildingId: "rep_skyshield_generator", faction: "republic", expectedRange: 40, expectedDamageBonus: 1.3999999999999999) [< 1 ms]
  Passed DINOForge.Tests.AviationStarWarsTests.Republic_HasAtLeastOneAerialUnit [< 1 ms]
  Passed DINOForge.Tests.UiDomainCoverageTests.UIContentLoader_LoadPack_WithValidMenus_RegistersMenus [4 ms]
  Passed DINOForge.Tests.UiDomainCoverageTests.MenuRegistry_ValidateHierarchy_WithCycle_ReturnsError [< 1 ms]
  Passed DINOForge.Tests.AviationStarWarsTests.AssetPipeline_Phase5UnitsSection_IncludesAerialUnits [1 ms]
  Passed DINOForge.Tests.AviationStarWarsTests.AntiAirBuilding_HasAntiAirBlockWithRange(buildingId: "rep_skyshield_generator", faction: "republic") [< 1 ms]
  Passed DINOForge.Tests.AviationStarWarsTests.AntiAirBuilding_HasAntiAirBlockWithRange(buildingId: "cis_vulture_nest", faction: "cis") [< 1 ms]
  Passed DINOForge.Tests.AviationStarWarsTests.AssetPipeline_ContainsPhase5UnitsSection [< 1 ms]
  Passed DINOForge.Tests.AviationStarWarsTests.CIS_HasAtLeastOneAerialUnit [< 1 ms]
  Passed DINOForge.Tests.SdkCompatibilityEdgeCaseTests.PackManifest_WithNullVersion_StoresNull [< 1 ms]
  Passed DINOForge.Tests.SdkCompatibilityEdgeCaseTests.CompatibilityChecker_IsVersionInRange_WithWildcard_AlwaysTrue [< 1 ms]
  Passed DINOForge.Tests.SdkCompatibilityEdgeCaseTests.CompatibilityChecker_IsVersionInRange_WithExactVersion_MatchesCorrectly [< 1 ms]
  Passed DINOForge.Tests.SdkCompatibilityEdgeCaseTests.PackManifest_WithComplexVersionConstraints_StoresCorrectly [< 1 ms]
  Passed DINOForge.Tests.SdkCompatibilityEdgeCaseTests.CompatibilityChecker_IsVersionInRange_WithLessThanOrEqual_WorksCorrectly [< 1 ms]
  Passed DINOForge.Tests.SdkCompatibilityEdgeCaseTests.PackManifest_WithSpecialCharactersInId_StoresAsIs [< 1 ms]
  Passed DINOForge.Tests.SdkCompatibilityEdgeCaseTests.CompatibilityChecker_IsVersionInRange_WithWhitespaceRange_AlwaysTrue [< 1 ms]
  Passed DINOForge.Tests.SdkCompatibilityEdgeCaseTests.CompatibilityChecker_IsVersionInRange_WithGreaterThanOrEqual_WorksCorrectly [< 1 ms]
  Passed DINOForge.Tests.SdkCompatibilityEdgeCaseTests.CompatibilityChecker_IsVersionInRange_WithMultipleConstraints_SatisfiesAll [< 1 ms]
  Passed DINOForge.Tests.SdkCompatibilityEdgeCaseTests.CompatibilityChecker_CheckPackWithMismatchedGameVersion_HasWarningNotError [< 1 ms]
  Passed DINOForge.Tests.SdkCompatibilityEdgeCaseTests.CompatibilityChecker_IsVersionInRange_WithLessThan_WorksCorrectly [< 1 ms]
  Passed DINOForge.Tests.UiDomainCoverageTests.UIContentLoader_LoadPack_WithValidThemes_RegistersThemes [4 ms]
  Passed DINOForge.Tests.SdkCompatibilityEdgeCaseTests.CompatibilityResult_CanAddErrors [< 1 ms]
  Passed DINOForge.Tests.SdkCompatibilityEdgeCaseTests.PackManifest_WithEmptyId_StoresEmpty [< 1 ms]
  Passed DINOForge.Tests.SdkCompatibilityEdgeCaseTests.CompatibilityChecker_FrameworkVersion_ReturnsValidVersion [< 1 ms]
  Passed DINOForge.Tests.UiDomainCoverageTests.HudElementRegistry_GetElementsByVisibility_ReturnsMatching [< 1 ms]
  Passed DINOForge.Tests.SdkCompatibilityEdgeCaseTests.CompatibilityChecker_CheckPackWithMatchingFrameworkVersion_IsCompatible [< 1 ms]
  Passed DINOForge.Tests.UiDomainCoverageTests.HudElementRegistry_GetElementsByType_ReturnsMatching [< 1 ms]
  Passed DINOForge.Tests.SdkCompatibilityEdgeCaseTests.CompatibilityResult_CanAddWarnings [< 1 ms]
  Passed DINOForge.Tests.SdkCompatibilityEdgeCaseTests.PackManifest_WithMinimalFields_CreatesValidManifest [< 1 ms]
  Passed DINOForge.Tests.SdkCompatibilityEdgeCaseTests.CompatibilityChecker_IsVersionInRange_WithExactVersionMismatch_ReturnsFalse [< 1 ms]
  Passed DINOForge.Tests.SdkCompatibilityEdgeCaseTests.CompatibilityChecker_CheckPackWithMismatchedFrameworkVersion_IsIncompatible [< 1 ms]
  Passed DINOForge.Tests.SdkCompatibilityEdgeCaseTests.CompatibilityChecker_IsVersionInRange_WithGreaterThan_WorksCorrectly [< 1 ms]
  Passed DINOForge.Tests.UiDomainCoverageTests.HUDElementDefinition_WithNullPosition_ThrowsArgumentNullException [< 1 ms]
  Passed DINOForge.Tests.SdkCompatibilityEdgeCaseTests.CompatibilityChecker_CheckPackWithAllWildcards_IsAlwaysCompatible [< 1 ms]
  Passed DINOForge.Tests.SdkCompatibilityEdgeCaseTests.CompatibilityResult_NewInstance_InitializesCollections [< 1 ms]
  Passed DINOForge.Tests.SdkCompatibilityEdgeCaseTests.CompatibilityResult_CanSetCompatibilityStatus [< 1 ms]
  Passed DINOForge.Tests.SdkCompatibilityEdgeCaseTests.CompatibilityChecker_IsVersionInRange_WithEmptyRange_AlwaysTrue [< 1 ms]
  Passed DINOForge.Tests.SdkCompatibilityEdgeCaseTests.CompatibilityResult_CanStoreBothErrorsAndWarnings [< 1 ms]
  Passed DINOForge.Tests.UiDomainCoverageTests.ThemeColor_Brighten_IncreasesBrightness [< 1 ms]
  Passed DINOForge.Tests.UiDomainCoverageTests.UIPlugin_ValidatePack_WithValidContent_ReturnsEmpty [< 1 ms]
  Passed DINOForge.Tests.UiDomainCoverageTests.MenuRegistry_GetChildMenus_ReturnsCorrectMenus [< 1 ms]
  Passed DINOForge.Tests.UiDomainCoverageTests.ThemeColor_ToHex_ReturnsCorrectFormat [< 1 ms]
  Passed DINOForge.Tests.WarfarePluginUnitTests.ValidatePack_ThrowsArgumentException_WhenPackIdIsNull [< 1 ms]
  Passed DINOForge.Tests.UiDomainCoverageTests.HudElementRegistry_TryGetElement_ReturnsCorrectValue [< 1 ms]
  Passed DINOForge.Tests.UiDomainCoverageTests.ThemeColor_FromHex_EmptyString_ThrowsArgumentException [< 1 ms]
  Passed DINOForge.Tests.WarfarePluginUnitTests.ValidatePack_ThrowsArgumentException_WhenPackIdIsEmpty [< 1 ms]
  Passed DINOForge.Tests.WarfarePluginUnitTests.Archetypes_IsNotNull_AfterConstruction [< 1 ms]
  Passed DINOForge.Tests.WarfarePluginUnitTests.DoctrineEngine_IsNotNull [< 1 ms]
  Passed DINOForge.Tests.UiDomainCoverageTests.UIContentLoader_WithNullHudRegistry_ThrowsArgumentNullException [< 1 ms]
  Passed DINOForge.Tests.WarfarePluginUnitTests.ValidatePack_ReturnsRosterResults [< 1 ms]
  Passed DINOForge.Tests.UiDomainCoverageTests.ThemeColor_FromHex_Valid6Char_ReturnsCorrectColor [< 1 ms]
  Passed DINOForge.Tests.WarfarePluginUnitTests.WaveComposer_IsNotNull [< 1 ms]
  Passed DINOForge.Tests.UiDomainCoverageTests.UIPlugin_ContentTypes_ContainsExpectedTypes [< 1 ms]
  Passed DINOForge.Tests.WarfarePluginUnitTests.ArchetypesRegistry_ContainsDefaultArchetypes [< 1 ms]
  Passed DINOForge.Tests.WarfarePluginUnitTests.ValidatePack_IncludesRosterResults [< 1 ms]
  Passed DINOForge.Tests.WarfarePluginUnitTests.Balance_IsNotNull_AfterConstruction [< 1 ms]
  Passed DINOForge.Tests.WarfarePluginUnitTests.Constructor_InitializesAllSubsystems [< 1 ms]
  Passed DINOForge.Tests.UiDomainCoverageTests.ThemeColorPalette_LookupColor_UnknownType_ThrowsArgumentException [< 1 ms]
  Passed DINOForge.Tests.WarfarePluginUnitTests.Constructor_ThrowsArgumentNullException_WhenRegistriesIsNull [< 1 ms]
  Passed DINOForge.Tests.WarfarePluginUnitTests.ValidatePack_ReturnsValidationResult [< 1 ms]
  Passed DINOForge.Tests.UiDomainCoverageTests.UIPlugin_ValidatePack_WithWhitespacePackId_ThrowsArgumentException [< 1 ms]
  Passed DINOForge.Tests.WarfarePluginUnitTests.Doctrines_IsNotNull_AfterConstruction [< 1 ms]
  Passed DINOForge.Tests.UiDomainCoverageTests.HudElementRegistry_Unregister_ReturnsFalseForNonExistent [< 1 ms]
  Passed DINOForge.Tests.WarfarePluginUnitTests.RoleValidator_IsNotNull_AfterConstruction [< 1 ms]
  Passed DINOForge.Tests.WarfarePluginUnitTests.ArchetypesRegistry_IsNotNull [< 1 ms]
  Passed DINOForge.Tests.UiDomainCoverageTests.ThemeRegistry_GetTheme_WithNonExistentId_ThrowsKeyNotFoundException [< 1 ms]
  Passed DINOForge.Tests.UiDomainCoverageTests.ThemeColorPalette_GetContrastRatio_HandlesBlackOnWhite [< 1 ms]
  Passed DINOForge.Tests.WarfarePluginUnitTests.ValidatePack_ThrowsArgumentNullException_WhenRegistriesIsNull [< 1 ms]
  Passed DINOForge.Tests.WarfarePluginUnitTests.ValidatePack_IsValid_WithEmptyContent [< 1 ms]
  Passed DINOForge.Tests.WarfarePluginUnitTests.BalanceCalculator_IsNotNull [< 1 ms]
  Passed DINOForge.Tests.UiDomainCoverageTests.ThemeColorPalette_ValidateContrast_WithInvalidColors_ReturnsErrors [< 1 ms]
  Passed DINOForge.Tests.WarfarePluginUnitTests.WaveComposer_IsNotNull_AfterConstruction [< 1 ms]
  Passed DINOForge.Tests.UiDomainCoverageTests.ThemeColorPalette_LookupColor_Primary_ReturnsCorrectly [< 1 ms]
  Passed DINOForge.Tests.UiDomainCoverageTests.ThemeRegistry_Register_WithEmptyId_ThrowsArgumentException [< 1 ms]
  Passed Property: Register entry can be retrieved(id: "entry-1") [< 1 ms]
  Passed Property: Register entry can be retrieved(id: "faction-alpha") [< 1 ms]
  Passed Property: Register entry can be retrieved(id: "doctrine-blitz") [< 1 ms]
  Passed DINOForge.Tests.UiDomainCoverageTests.HudElementRegistry_Register_WithNull_ThrowsArgumentNullException [< 1 ms]
  Passed DINOForge.Tests.UiDomainCoverageTests.UIPlugin_ValidatePack_WithEmptyPackId_ThrowsArgumentException [< 1 ms]
  Passed Property: Multiple registrations without conflicts are allowed(count: 5) [< 1 ms]
  Passed DINOForge.Tests.UiDomainCoverageTests.ThemeColorPalette_ValidateContrast_WithValidColors_ReturnsEmpty [< 1 ms]
  Passed Property: Multiple registrations without conflicts are allowed(count: 1) [< 1 ms]
  Passed Property: Multiple registrations without conflicts are allowed(count: 20) [< 1 ms]
  Passed DINOForge.Tests.UiDomainCoverageTests.ThemeColor_FromHex_NoHash_ThrowsArgumentException [< 1 ms]
  Passed Property: Get non-existent ID returns null(id: "nonexistent") [< 1 ms]
  Passed DINOForge.Tests.UiDomainCoverageTests.HudElementRegistry_Unregister_ReturnsTrueForExisting [< 1 ms]
  Passed Property: Get non-existent ID returns null(id: "not-registered") [< 1 ms]
  Passed Property: Contains returns true iff entry was registered(id: "registered", shouldExist: True) [< 1 ms]
  Passed Property: Contains returns true iff entry was registered(id: "not-registered", shouldExist: False) [< 1 ms]
  Passed DINOForge.Tests.UiDomainCoverageTests.UIPlugin_ValidatePack_WithInvalidHudElements_ReturnsErrors [< 1 ms]
  Passed DINOForge.Tests.UiDomainCoverageTests.MenuRegistry_GetRootMenus_ReturnsCorrectMenus [< 1 ms]
  Passed Property: GetAll (via All property) count matches registrations(count: 10) [< 1 ms]
  Passed DINOForge.Tests.UiDomainCoverageTests.ThemeColorPalette_GetContrastRatio_HandlesSameColor [< 1 ms]
  Passed Property: GetAll (via All property) count matches registrations(count: 5) [< 1 ms]
  Passed Property: GetAll (via All property) count matches registrations(count: 1) [< 1 ms]
  Passed DINOForge.Tests.UiDomainCoverageTests.UIContentLoader_WithNullThemeRegistry_ThrowsArgumentNullException [< 1 ms]
  Passed Property: DetectConflicts finds entries with duplicate top priority [< 1 ms]
  Passed DINOForge.Tests.UiDomainCoverageTests.ThemeRegistry_HasDefaultThemes [< 1 ms]
  Passed DINOForge.Tests.UiDomainCoverageTests.ThemeColor_Brighten_ClampsTo255 [< 1 ms]
  Passed Property: Higher load order takes precedence in conflict [< 1 ms]
  Passed Property: Override replaces existing entry [< 1 ms]
  Passed DINOForge.Tests.ScenarioDefinitionUnitTests.Validate_WithMultipleFactionErrors_ReturnsAllErrors [< 1 ms]
  Passed DINOForge.Tests.ScenarioDefinitionUnitTests.Validate_WithAllObjectiveTypes_Succeeds [< 1 ms]
  Passed DINOForge.Tests.ScenarioDefinitionUnitTests.Validate_WithValidScenario_ReturnsSuccess [< 1 ms]
  Passed DINOForge.Tests.ScenarioDefinitionUnitTests.Validate_WithBlankDisplayName_ReturnsFailure [< 1 ms]
  Passed DINOForge.Tests.ScenarioDefinitionUnitTests.Validate_WithZeroMaxDuration_Succeeds [< 1 ms]
  Passed DINOForge.Tests.ScenarioDefinitionUnitTests.Validate_WithBlankId_ReturnsFailure [< 1 ms]
  Passed DINOForge.Tests.ScenarioDefinitionUnitTests.Validate_WithNegativeMaxDuration_ReturnsFailure [< 1 ms]
  Passed DINOForge.Tests.ScenarioDefinitionUnitTests.Constructor_Defaults_InitializesWithExpectedValues [< 1 ms]
  Passed DINOForge.Tests.ScenarioDefinitionUnitTests.Validate_WithAllDifficulties_Succeeds [< 1 ms]
  Passed DINOForge.Tests.ScenarioDefinitionUnitTests.Validate_WithNegativeWaveCount_ReturnsFailure [< 1 ms]
  Passed DINOForge.Tests.ScenarioDefinitionUnitTests.Validate_WithBlankFactionInList_ReturnsFailure [< 1 ms]
  Passed DINOForge.Tests.UiDomainCoverageTests.UIContentLoader_LoadPack_WithSingleElement_RegistersCorrectly [5 ms]
  Passed DINOForge.Tests.ScenarioDefinitionUnitTests.Validate_WithZeroWaveCount_ReturnsFailure [< 1 ms]
  Passed DINOForge.Tests.UiDomainCoverageTests.UIContentLoader_WithNullMenuRegistry_ThrowsArgumentNullException [< 1 ms]
  Passed DINOForge.Tests.UiDomainCoverageTests.ThemeRegistry_Register_WithNull_ThrowsArgumentNullException [< 1 ms]
  Passed DINOForge.Tests.WaveComposerComprehensiveTests.ScaleWave_PreservesMetadata [< 1 ms]
  Passed DINOForge.Tests.UiDomainCoverageTests.UIPlugin_ValidatePack_WithInvalidThemes_ReturnsErrors [< 1 ms]
  Passed DINOForge.Tests.UiDomainCoverageTests.HudElementRegistry_GetElementsByType_WithEmptyType_ReturnsEmpty [< 1 ms]
  Passed DINOForge.Tests.UiDomainCoverageTests.ThemeColorPalette_GetContrastRatio_HandlesWhiteOnBlack [< 1 ms]
  Passed DINOForge.Tests.UiDomainCoverageTests.ThemeRegistry_ActiveTheme_WhenNoActive_ReturnsNull [< 1 ms]
  Passed DINOForge.Tests.UiDomainCoverageTests.MenuRegistry_GetMenu_WithNonExistentId_ThrowsKeyNotFoundException [< 1 ms]
  Passed DINOForge.Tests.UiDomainCoverageTests.HUDElementDefinition_WithColorOverrides_StoresCorrectly [< 1 ms]
  Passed DINOForge.Tests.UiDomainCoverageTests.HudElementRegistry_Register_WithEmptyId_ThrowsArgumentException [< 1 ms]
  Passed DINOForge.Tests.WaveComposerComprehensiveTests.ComposeWaves_50Waves_MonotonicDifficultyIncrease [3 ms]
  Passed DINOForge.Tests.WaveComposerComprehensiveTests.ScaleWave_ZeroMultiplier_MinCountIsOne [< 1 ms]
  Passed DINOForge.Tests.WaveComposerComprehensiveTests.ComposeWaves_NoFactionUnits_ReturnsEmptyWaves [< 1 ms]
  Passed DINOForge.Tests.WaveComposerComprehensiveTests.ComposeWaves_HighDifficulty_MoreUnitsThanNormal [< 1 ms]
  Passed DINOForge.Tests.WaveComposerComprehensiveTests.ComposeWaves_SingleUnit_AllWavesUseIt [< 1 ms]
  Passed DINOForge.Tests.RegistryStressTests.OverrideChain_Framework_BeatsBaseGame [< 1 ms]
  Passed DINOForge.Tests.RegistryStressTests.Registry_CaseInsensitiveLookup [< 1 ms]
  Passed DINOForge.Tests.RegistryStressTests.OverrideChain_DomainPlugin_BeatsFramework [< 1 ms]
  Passed DINOForge.Tests.UiDomainCoverageTests.UIContentLoader_LoadPack_WithValidHudElements_RegistersElements [4 ms]
  Passed DINOForge.Tests.UiDomainCoverageTests.UIPlugin_WithNullRegistries_ThrowsArgumentNullException [< 1 ms]
  Passed DINOForge.Tests.RegistryStressTests.Register_1000Entries_AllRetrievable [3 ms]
  Passed DINOForge.Tests.RegistryStressTests.SequentialAccess_SameKeys_ReturnsConsistentResults [< 1 ms]
  Passed DINOForge.Tests.RegistryStressTests.MultiplePacks_OverridingSameEntry_HigherLoadOrderWins [< 1 ms]
  Passed DINOForge.Tests.UiDomainCoverageTests.UIContentLoader_LoadPack_WithInvalidYaml_ThrowsInvalidOperationException [4 ms]
  Passed DINOForge.Tests.RegistryStressTests.MultiplePacks_SameLoadOrder_CreatesConflicts [< 1 ms]
  Passed DINOForge.Tests.RegistryStressTests.OverrideChain_BaseGame_Framework_DomainPlugin_Pack_PriorityCascade [< 1 ms]
  Passed DINOForge.Tests.UiDomainCoverageTests.HUDElementDefinition_WithNullId_ThrowsArgumentNullException [< 1 ms]
  Passed DINOForge.Tests.UiDomainCoverageTests.HUDElementDefinition_WithAllProperties_StoresCorrectly [< 1 ms]
  Passed DINOForge.Tests.RegistryStressTests.RegistryManager_AllContentTypes_Populated [< 1 ms]
  Passed DINOForge.Tests.UiDomainCoverageTests.MenuRegistry_ValidateHierarchy_WithBrokenReference_ReturnsError [< 1 ms]
  Passed DINOForge.Tests.BuildingDefinitionUnitTests.Validate_WithDefenseTags_ReturnsSuccess [< 1 ms]
  Passed DINOForge.Tests.RegistryStressTests.Register_ManyKeys_NoConflicts [< 1 ms]
  Passed DINOForge.Tests.BuildingDefinitionUnitTests.Validate_MissingId_ReturnsFailure [< 1 ms]
  Passed DINOForge.Tests.BuildingDefinitionUnitTests.Validate_MultipleErrors_ReturnsAllErrors [< 1 ms]
  Passed DINOForge.Tests.JsonGuardUnitTests.TryValidate_WithNullItem_ReturnsTrueAndNullError [< 1 ms]
  Passed DINOForge.Tests.BuildingDefinitionUnitTests.Validate_ZeroHealth_ReturnsSuccess [< 1 ms]
  Passed DINOForge.Tests.JsonGuardUnitTests.TryValidate_WithInvalidItem_ReturnsFalseAndErrorMessage [< 1 ms]
  Passed DINOForge.Tests.BuildingDefinitionUnitTests.Validate_WhitespaceDisplayName_ReturnsFailure [< 1 ms]
  Passed DINOForge.Tests.BuildingDefinitionUnitTests.Validate_NegativeHealth_ReturnsFailure [< 1 ms]
  Passed DINOForge.Tests.JsonGuardUnitTests.ValidateOrThrow_ErrorMessageContainsFieldPath [< 1 ms]
  Passed DINOForge.Tests.JsonGuardUnitTests.ValidateOrThrow_WithNonValidatableType_DoesNotThrow [< 1 ms]
  Passed DINOForge.Tests.JsonGuardUnitTests.TryValidate_ValidBuildingWithAllOptionalFields_ReturnsTrue [< 1 ms]
  Passed DINOForge.Tests.JsonGuardUnitTests.ValidateOrThrow_WithNullItem_DoesNotThrow [< 1 ms]
  Passed DINOForge.Tests.JsonGuardUnitTests.TryValidate_WithValidItem_ReturnsTrueAndNullError [< 1 ms]
  Passed DINOForge.Tests.JsonGuardUnitTests.ValidateOrThrow_WithValidItem_DoesNotThrow [< 1 ms]
  Passed DINOForge.Tests.JsonGuardUnitTests.TryValidate_WithInvalidItem_ErrorSummaryFormatSeparatedBySemicolon [< 1 ms]
  Passed DINOForge.Tests.JsonGuardUnitTests.TryValidate_WithMultipleErrors_CombinesAllErrorsInMessage [< 1 ms]
  Passed DINOForge.Tests.JsonGuardUnitTests.ValidateOrThrow_WithSource_IncludesSourceInMessage [< 1 ms]
  Passed DINOForge.Tests.JsonGuardUnitTests.TryValidate_WithNonValidatableType_ReturnsTrueAndNullError [< 1 ms]
  Passed DINOForge.Tests.BuildingDefinitionUnitTests.Constructor_DefaultValues_InitializesCorrectly [2 ms]
  Passed DINOForge.Tests.BuildingDefinitionUnitTests.Validate_WithProductionDictionary_ReturnsSuccess [< 1 ms]
  Passed DINOForge.Tests.BuildingDefinitionUnitTests.Validate_WithOptionalFields_ReturnsSuccess [< 1 ms]
  Passed DINOForge.Tests.JsonGuardUnitTests.ValidateOrThrow_WithInvalidItem_ThrowsInvalidDataException [< 1 ms]
  Passed DINOForge.Tests.BuildingDefinitionUnitTests.Validate_MissingDisplayName_ReturnsFailure [< 1 ms]
  Passed DINOForge.Tests.BuildingDefinitionUnitTests.Validate_LargeHealth_ReturnsSuccess [< 1 ms]
  Passed DINOForge.Tests.BuildingDefinitionUnitTests.Validate_WithValidData_ReturnsSuccess [< 1 ms]
  Passed DINOForge.Tests.BuildingDefinitionUnitTests.Validate_WithAntiAirProperties_ReturnsSuccess [< 1 ms]
  Passed DINOForge.Tests.JsonGuardUnitTests.ValidateOrThrow_WithMultipleErrors_IncludesAllInMessage [< 1 ms]
  Passed DINOForge.Tests.ContentLoadResultUnitTests.Success_WithEmptyPackList_ReturnsSuccessfulResultWithNoPacks [< 1 ms]
  Passed DINOForge.Tests.ContentLoadResultUnitTests.MultipleResults_AreIndependent [< 1 ms]
  Passed DINOForge.Tests.ContentLoadResultUnitTests.Success_WithLoadedPacks_ReturnsSuccessfulResult [< 1 ms]
  Passed DINOForge.Tests.ContentLoadResultUnitTests.IsSuccess_WithErrors_IsFalse [< 1 ms]
  Passed DINOForge.Tests.ContentLoadResultUnitTests.Partial_WithNoErrorsButFailureConstructed_IsSuccessMatchesErrors [< 1 ms]
  Passed DINOForge.Tests.ContentLoadResultUnitTests.Partial_WithErrorsByPackMapping_PopulatesPerPackErrors [< 1 ms]
  Passed DINOForge.Tests.ContentLoadResultUnitTests.IsSuccess_WithoutErrors_IsTrue [< 1 ms]
  Passed DINOForge.Tests.ContentLoadResultUnitTests.Partial_WithoutErrorsByPackMapping_DefaultsToEmptyDictionary [< 1 ms]
  Passed DINOForge.Tests.ContentLoadResultUnitTests.Errors_IsIReadOnlyList [< 1 ms]
  Passed DINOForge.Tests.ContentLoadResultUnitTests.LoadedPacks_IsIReadOnlyList [< 1 ms]
  Passed DINOForge.Tests.ContentLoadResultUnitTests.ErrorsByPack_IsIReadOnlyDictionary [< 1 ms]
  Passed DINOForge.Tests.ContentLoadResultUnitTests.Partial_WithOnlyWarningsNoErrors_CouldBeSuccessIfNoErrorsProvided [< 1 ms]
  Passed DINOForge.Tests.ContentLoadResultUnitTests.Partial_WithPacksAndErrors_ReturnsFalseIsSuccess [< 1 ms]
  Passed DINOForge.Tests.ContentLoadResultUnitTests.Failure_LoadedPacksAreEmpty [< 1 ms]
  Passed DINOForge.Tests.ContentLoadResultUnitTests.Failure_WithErrors_ReturnsFailedResult [< 1 ms]
  Passed DINOForge.Tests.DependencyResolverPropertyTests.ComputeLoadOrder_EmptyList_AlwaysSucceeds [< 1 ms]
  Passed DINOForge.Tests.DependencyResolverPropertyTests.CircularDependenciesDetected_TwoPackCircle [1 ms]
  Passed DINOForge.Tests.DependencyResolverPropertyTests.LoadOrder_IsDeterministic [1 ms]
  Passed DINOForge.Tests.DependencyResolverPropertyTests.CircularDependenciesDetected_ThreePackCircle [< 1 ms]
  Passed DINOForge.Tests.DumpToolsTests.ShowComponents_WithMissingEcsTypes_ReturnsErrorCode [2 s]
  Passed DINOForge.Tests.ParameterizedTests.RuntimeBridgeFsCheckProperties.EntityQueries_ToEntityArray_ReturnsNonNullWithNonNegativeLength [< 1 ms]
  Passed DINOForge.Tests.ParameterizedTests.AssetPipelineFsCheckProperties.AssetOptimization_LODVariantCount_MatchesInputLevels [2 ms]
  Passed DINOForge.Tests.AssetSwapLatencyTests.AssetSwapRegistry_DictionaryLookup_Under1Ms [2 ms]
  Passed DINOForge.Tests.AssetSwapLatencyTests.AssetSwapRegistry_BulkRegister_Under10Ms [< 1 ms]
  Passed DINOForge.Tests.RoleValidatorTests.ValidateRoster_EmptyRoster_AllMissing [< 1 ms]
  Passed DINOForge.Tests.RoleValidatorTests.ValidateRoster_MissingRoles_Detected [< 1 ms]
  Passed DINOForge.Tests.RoleValidatorTests.ValidateRoster_UnitNotInRegistry_TreatedAsMissing [< 1 ms]
  Passed DINOForge.Tests.RoleValidatorTests.ValidateRoster_CompleteRoster_Passes [< 1 ms]
  Passed DINOForge.Tests.RoleValidatorTests.RequiredRoles_HasCorrectCount [< 1 ms]
  Passed DINOForge.Tests.ParameterizedTests.AddressablesFsCheckProperties.AssetReplacementEngine_TypeMapsSeparate_TextureDoesNotAffectAudio [4 ms]
  Passed DINOForge.Tests.PackIdValidationPropertyTests.PackIdWithSpaces_AlwaysInvalid [7 ms]
  Passed DINOForge.Tests.ParameterizedTests.McpServerFsCheckProperties.JsonRpcError_CodeSign_PreservedAcrossRoundtrip [10 ms]
  Passed DINOForge.Tests.PackSubmoduleTests.PackSubmoduleManager_ListPacks_WithSubmodules_ReturnsEntries [12 ms]
  Passed DINOForge.Tests.PackSubmoduleTests.PackSubmoduleManager_ListPacks_NoGitmodules_ReturnsEmpty [1 ms]
  Passed DINOForge.Tests.PackSubmoduleTests.PacksLock_Format_IsReadable [< 1 ms]
  Passed DINOForge.Tests.PackSubmoduleTests.PackSubmoduleManager_ReadLockFile_NoLockFile_ReturnsEmpty [1 ms]
[12:37:24 INF] Successfully connected to pipe 'dinoforge-test-pipe-c970824e4b1548ab98c4993911c19135'
[12:37:24 DBG] Sending request 'connect' to pipe 'dinoforge-test-pipe-c970824e4b1548ab98c4993911c19135' (attempt 1/4)
  Passed DINOForge.Tests.PackSubmoduleTests.LockFile_WithMultiplePacks_ParsesAllEntries [< 1 ms]
  Passed DINOForge.Tests.PackSubmoduleTests.SubmoduleUrl_ExtractsCorrectly_FromGitmodules [< 1 ms]
  Passed DINOForge.Tests.PackSubmoduleTests.PackSubmoduleManager_ReadLockFile_WithEntries_ReturnsEntries [2 ms]
  Passed DINOForge.Tests.PackSubmoduleTests.SubmodulePath_DefaultsTo_PacksSlashName [< 1 ms]
  Passed DINOForge.Tests.PackSubmoduleTests.PackRepoName_ExtractedFromUrl_Correctly [< 1 ms]
  Passed DINOForge.Tests.PackSubmoduleTests.PackSubmoduleManager_ReadLockFile_SkipsCommentsAndEmptyLines [2 ms]
  Passed DINOForge.Tests.PackSubmoduleTests.GitmodulesContent_ParsedCorrectly [< 1 ms]
  Passed DINOForge.Tests.WaveComposerTests.ComposeWaves_DifficultyMultiplierAffectsSpawnCounts [< 1 ms]
  Passed DINOForge.Tests.WaveComposerTests.ComposeWaves_FinalWaveMarkedCorrectly [< 1 ms]
[12:37:24 INF] Request 'connect' completed successfully in 3ms
[12:37:24 INF] Captured session_id f731285da60f45a5a763902c0715c06e from connect handshake
[12:37:24 DBG] Sending request 'ping' to pipe 'dinoforge-test-pipe-c970824e4b1548ab98c4993911c19135' (attempt 1/4)
[12:37:24 INF] Request 'ping' completed successfully in 2ms
[12:37:24 DBG] Sending request 'ping' to pipe 'dinoforge-test-pipe-c970824e4b1548ab98c4993911c19135' (attempt 1/4)
[12:37:24 INF] Request 'ping' completed successfully in 0ms
[12:37:24 DBG] Sending request 'ping' to pipe 'dinoforge-test-pipe-c970824e4b1548ab98c4993911c19135' (attempt 1/4)
[12:37:24 INF] Request 'ping' completed successfully in 0ms
  Passed DINOForge.Tests.WaveComposerTests.ComposeWaves_WaveNumbersAreSequential [< 1 ms]
  Passed DINOForge.Tests.WaveComposerTests.ComposeWaves_GeneratesCorrectCount [< 1 ms]
  Passed DINOForge.Tests.WaveComposerTests.ScaleWave_MinimumCountIsOne [< 1 ms]
  Passed DINOForge.Tests.WaveComposerTests.ScaleWave_AppliesMultiplier [< 1 ms]
  Passed DINOForge.Tests.Support.FluentAssertionsExtensionsTests.HaveExactCount_WithTooFewItems_Throws [6 ms]
  Passed DINOForge.Tests.Support.FluentAssertionsExtensionsTests.HaveExactCount_WithEmptyCollection_IncludesCount [< 1 ms]
  Passed DINOForge.Tests.Support.FluentAssertionsExtensionsTests.HaveExactCount_WithTooManyItems_ShowsSample [< 1 ms]
  Passed DINOForge.Tests.Support.FluentAssertionsExtensionsTests.HaveExactCount_WithExactMatch_Passes [< 1 ms]
  Passed DINOForge.Tests.RegistryEdgeCaseTests.Register_SameIdDifferentPriority_HigherPriorityWins [< 1 ms]
  Passed DINOForge.Tests.RegistryEdgeCaseTests.All_MultiplePrioritiesForSameId_CountsAsOneEntry [< 1 ms]
  Passed DINOForge.Tests.RegistryEdgeCaseTests.Get_EmptyRegistry_ReturnsNull [< 1 ms]
  Passed DINOForge.Tests.RegistryEdgeCaseTests.DetectConflicts_EntriesDifferentPriority_NoConflict [< 1 ms]
  Passed DINOForge.Tests.RegistryEdgeCaseTests.GetAll_EmptyRegistry_ReturnsEmpty [< 1 ms]
  Passed DINOForge.Tests.RegistryEdgeCaseTests.DetectConflicts_TwoEntriesSamePriority_ReturnsConflict [< 1 ms]
  Passed DINOForge.Tests.RegistryEdgeCaseTests.TryGet_NotRegistered_ReturnsFalseAndNull [< 1 ms]
  Passed DINOForge.Tests.RegistryEdgeCaseTests.Register_MultipleDistinctIds_AllReturnedViaAll [< 1 ms]
  Passed DINOForge.Tests.RegistryEdgeCaseTests.TryGet_AfterRegister_ReturnsTrueAndValue [< 1 ms]
  Passed DINOForge.Tests.RegistryEdgeCaseTests.Override_HigherPriority_ReplacesGetResult [< 1 ms]
  Passed DINOForge.Tests.RegistryEdgeCaseTests.Contains_EmptyRegistry_ReturnsFalse [< 1 ms]
  Passed DINOForge.Tests.RegistryEdgeCaseTests.Get_CaseInsensitive_FindsRegisteredId [< 1 ms]
  Passed DINOForge.Tests.RegistryEdgeCaseTests.Register_SameIdLowerPriority_OriginalEntryWins [< 1 ms]
  Passed DINOForge.Tests.ProtocolSerializationTests.PingResult_Populated_RoundTrip [< 1 ms]
  Passed DINOForge.Tests.ProtocolSerializationTests.ScreenshotResult_RoundTrip [< 1 ms]
  Passed DINOForge.Tests.ProtocolSerializationTests.QueryResult_WithEntities_RoundTrip [< 1 ms]
  Passed DINOForge.Tests.ProtocolSerializationTests.StatResult_Populated_RoundTrip [< 1 ms]
  Passed DINOForge.Tests.ProtocolSerializationTests.QueryResult_Defaults_RoundTrip [< 1 ms]
  Passed DINOForge.Tests.ProtocolSerializationTests.UiTreeResult_WithHierarchy_RoundTrip [< 1 ms]
  Passed DINOForge.Tests.ProtocolSerializationTests.WaitResult_RoundTrip [< 1 ms]
  Passed DINOForge.Tests.ProtocolSerializationTests.UiActionResult_NoMatch_RoundTrip [< 1 ms]
  Passed DINOForge.Tests.ProtocolSerializationTests.StartGameResult_RoundTrip [< 1 ms]
  Passed DINOForge.Tests.ProtocolSerializationTests.OverrideResult_Success_RoundTrip [< 1 ms]
  Passed DINOForge.Tests.ProtocolSerializationTests.UiWaitResult_TimedOut_RoundTrip [< 1 ms]
  Passed DINOForge.Tests.ProtocolSerializationTests.UiExpectationResult_RoundTrip [< 1 ms]
  Passed DINOForge.Tests.ProtocolSerializationTests.ComponentMapResult_RoundTrip [< 1 ms]
  Passed DINOForge.Tests.ProtocolSerializationTests.LoadSceneResult_RoundTrip [< 1 ms]
  Passed DINOForge.Tests.ProtocolSerializationTests.ReloadResult_Success_RoundTrip [< 1 ms]
  Passed DINOForge.Tests.ProtocolSerializationTests.ResourceSnapshot_Defaults_RoundTrip [< 1 ms]
  Passed DINOForge.Tests.ProtocolSerializationTests.ResourceSnapshot_Populated_RoundTrip [< 1 ms]
  Passed DINOForge.Tests.ProtocolSerializationTests.GameStatus_Populated_RoundTrip [< 1 ms]
  Passed DINOForge.Tests.ProtocolSerializationTests.CatalogSnapshot_Populated_RoundTrip [< 1 ms]
  Passed DINOForge.Tests.ProtocolSerializationTests.PingResult_Defaults_RoundTrip [< 1 ms]
  Passed DINOForge.Tests.ProtocolSerializationTests.UiNode_DefaultsAreNonNull [< 1 ms]
  Passed DINOForge.Tests.ProtocolSerializationTests.ReloadResult_WithErrors_RoundTrip [< 1 ms]
  Passed DINOForge.Tests.ProtocolSerializationTests.UiActionResult_WithNode_RoundTrip [< 1 ms]
  Passed DINOForge.Tests.ProtocolSerializationTests.VerifyResult_RoundTrip [< 1 ms]
  Passed DINOForge.Tests.ProtocolSerializationTests.GameStatus_Defaults_RoundTrip [< 1 ms]
  Passed DINOForge.Tests.SchemaVersionCompatibilityPropertyTests.BoundedRange_Rejects_VersionAtOrAboveUpperBound(version: "2.1.0") [< 1 ms]
  Passed DINOForge.Tests.SchemaVersionCompatibilityPropertyTests.BoundedRange_Rejects_VersionAtOrAboveUpperBound(version: "2.0.0") [< 1 ms]
  Passed DINOForge.Tests.SchemaVersionCompatibilityPropertyTests.BoundedRange_Rejects_VersionAtOrAboveUpperBound(version: "3.0.0") [< 1 ms]
  Passed DINOForge.Tests.SchemaVersionCompatibilityPropertyTests.BoundedRange_Rejects_VersionAtOrAboveUpperBound(version: "10.0.0") [< 1 ms]
  Passed DINOForge.Tests.ParameterizedTests.PackLoaderFsCheckProperties.PackLoader_DiscoverInEmptyDirectory_ReturnsEmptyList [108 ms]
  Passed DINOForge.Tests.ParameterizedTests.PackLoaderFsCheckProperties.ContentLoadResult_IsSuccess_OnlyTrueWhenErrorsEmpty [1 ms]
  Passed DINOForge.Tests.ParameterizedTests.RuntimeBridgeFsCheckProperties.VanillaCatalog_IsBuilt_IsConsistent [2 ms]
  Passed DINOForge.Tests.PackIdValidationPropertyTests.ValidSemver_ParsesCorrectly [3 ms]
  Passed DINOForge.Tests.BalanceCalculatorPropertyTests.HpRemainsPotitive_AfterModifiers [8 ms]
  Passed DINOForge.Tests.SchemaVersionCompatibilityPropertyTests.GeConstraint_AcceptsMatchingAndHigherVersions [7 ms]
  Passed DINOForge.Tests.SchemaVersionCompatibilityPropertyTests.HigherFrameworkRequirement_RejectsLowerFramework [< 1 ms]
  Passed DINOForge.Tests.ParameterizedTests.AssetPipelineFsCheckProperties.PrefabGeneration_GenerateName_IsDeterministic [9 ms]
  Passed DINOForge.Tests.GameProcessManagerUnitTests.LaunchAsync_WithNullPath_ReturnsFailureOnMissingExe [2 s]
  Passed DINOForge.Tests.Support.TestWaitTests.UntilAsync_AsyncPredicate_Works [2 s]
  Passed DINOForge.Tests.ParameterizedTests.RuntimeBridgeFsCheckProperties.FactionSystem_RegisterFaction_ThrowsOnEmptyFactionId [3 ms]
  Passed DINOForge.Tests.Support.TestWaitTests.UntilAsync_PredicateTrueImmediately_ReturnsTrue [1 ms]
  Passed DINOForge.Tests.BalanceCalculatorPropertyTests.DamageRemainNonNegative [4 ms]
  Passed DINOForge.Tests.ParameterizedTests.BridgeFsCheckProperties.JsonRpcResponse_WithResult_Serialize_Roundtrip_Equal [14 ms]
  Passed DINOForge.Tests.ContentLoaderRoundTripPropertyTests.YamlRoundTrip_PreservesVersion [18 ms]
  Passed DINOForge.Tests.MockGameBridgeServerTests.MockGameBridgeServer_ConnectWithoutHandshake_LeavesSessionIdNull [982 ms]
  Passed DINOForge.Tests.ParameterizedTests.PackLoaderFsCheckProperties.ContentLoadResult_ErrorAggregation_PreservesAllErrors [3 ms]
  Passed DINOForge.Tests.GameProcessManagerUnitTests.GetProcessId_ReturnsNullWhenGameNotRunning [10 ms]
  Passed DINOForge.Tests.ParameterizedTests.RuntimeBridgeFsCheckProperties.AssetBundleCache_Get_ReturnsSameInstanceForRepeatedKey [4 ms]
  Passed DINOForge.Tests.ParameterizedTests.AddressablesFsCheckProperties.AssetReplacementEngine_RegisterTexture_ThenResolve_ReturnsMapped [23 ms]
  Passed DINOForge.Tests.InstallManifestValidationTests.TryReadManifest_MalformedManifest_ReturnsNull [16 ms]
  Passed DINOForge.Tests.BalanceCalculatorPropertyTests.PowerRatingIsNonNegative [9 ms]
  Passed DINOForge.Tests.ParameterizedTests.BridgeFsCheckProperties.SessionKeyCache_Remove_RemovesKey [9 ms]
  Passed DINOForge.Tests.InstallManifestValidationTests.InstallManifest_EmptyFiles_FailsValidation [3 ms]
  Passed DINOForge.Tests.DependencyResolverPropertyTests.PackWithNoDependenciesAlwaysResolves [30 ms]
  Passed DINOForge.Tests.DependencyResolverPropertyTests.LoadOrder_RespectsDependencyOrdering [1 ms]
  Passed DINOForge.Tests.InstallManifestValidationTests.InstallManifest_BlankRelativePath_FailsValidation [2 ms]
  Passed DINOForge.Tests.ParameterizedTests.AssetPipelineFsCheckProperties.AssetOptimization_LODPolycount_IsMonotonicallyDecreasing [15 ms]
  Passed DINOForge.Tests.TotalConversionTests.Manifest_DefaultType_IsTotalConversion [< 1 ms]
  Passed DINOForge.Tests.TotalConversionTests.Validator_SingletonFalse_ReturnsWarning [< 1 ms]
[12:37:25 INF] Connecting to pipe 'dinoforge-test-pipe-38d2733dc3ba4e7784bcd9a3fe82d72e' with timeout 5000ms
[12:37:25 INF] Successfully connected to pipe 'dinoforge-test-pipe-38d2733dc3ba4e7784bcd9a3fe82d72e'
[12:37:25 DBG] Sending request 'connect' to pipe 'dinoforge-test-pipe-38d2733dc3ba4e7784bcd9a3fe82d72e' (attempt 1/4)
[12:37:25 INF] Request 'connect' completed successfully in 0ms
[12:37:25 INF] Captured session_id 81d33110c0b745188f46a649511c3dae from connect handshake
  Passed DINOForge.Tests.TotalConversionTests.AssetEngine_MappedAsset_MissingFile_FallsBackToVanilla [< 1 ms]
  Passed DINOForge.Tests.TotalConversionTests.TcAssetReplacements_Empty_HasEmptyDictionaries [< 1 ms]
  Passed DINOForge.Tests.TotalConversionTests.AssetEngine_UiMapping_RegisteredCorrectly [< 1 ms]
  Passed DINOForge.Tests.TotalConversionTests.AssetEngine_NoMapping_ReturnsVanillaPath [< 1 ms]
  Passed DINOForge.Tests.TotalConversionTests.Validator_UnknownArchetype_ReturnsWarning [< 1 ms]
  Passed DINOForge.Tests.TotalConversionTests.Validator_FactionMissingId_ReturnsError [< 1 ms]
  Passed DINOForge.Tests.TotalConversionTests.Validator_FactionMissingReplaces_ReturnsError [< 1 ms]
  Passed DINOForge.Tests.TotalConversionTests.TcFactionEntry_DefaultArchetype_IsCustom [< 1 ms]
  Passed DINOForge.Tests.TotalConversionTests.Manifest_ReplacesVanilla_MapsCorrectly [< 1 ms]
[12:37:25 ERR] Failed to connect to pipe 'dinoforge-game-bridge'
System.TimeoutException: Connection timeout after 5s
 ---> System.OperationCanceledException: The operation was canceled.
   at System.Threading.CancellationToken.ThrowOperationCanceledException()
   at System.Threading.CancellationToken.ThrowIfCancellationRequested()
   at System.IO.Pipes.NamedPipeClientStream.ConnectInternal(Int32 timeout, CancellationToken cancellationToken, Int32 startTime)
   at System.Threading.ExecutionContext.RunFromThreadPoolDispatchLoop(Thread threadPoolThread, ExecutionContext executionContext, ContextCallback callback, Object state)
--- End of stack trace from previous location ---
  Passed DINOForge.Tests.GameProcessManagerUnitTests.KillAsync_WithNoRunningGame_ReturnsWithoutException [15 ms]
  Passed DINOForge.Tests.TotalConversionTests.Manifest_Empty_HasDefaults [< 1 ms]
  Passed DINOForge.Tests.TotalConversionTests.AssetEngine_AudioMapping_RegisteredCorrectly [< 1 ms]
  Passed DINOForge.Tests.TotalConversionTests.Validator_WrongType_ReturnsError [< 1 ms]
  Passed DINOForge.Tests.TotalConversionTests.Manifest_FactionCount_ReflectsAdded [< 1 ms]
  Passed DINOForge.Tests.TotalConversionTests.Manifest_DefaultSingleton_IsTrue [< 1 ms]
  Passed DINOForge.Tests.TotalConversionTests.GetUnreplacedFactions_AllReplaced_ReturnsEmpty [< 1 ms]
  Passed DINOForge.Tests.TotalConversionTests.AssetEngine_LoadFromManifest_RegistersMappings [< 1 ms]
  Passed DINOForge.Tests.TotalConversionTests.AssetEngine_TextureAndUiAndAudio_AllResolve [< 1 ms]
   at System.Threading.ExecutionContext.RunFromThreadPoolDispatchLoop(Thread threadPoolThread, ExecutionContext executionContext, ContextCallback callback, Object state)
   at System.Threading.Tasks.Task.ExecuteWithThreadLocal(Task& currentTaskSlot, Thread threadPoolThread)
--- End of stack trace from previous location ---
   at DINOForge.Bridge.Client.GameClient.ConnectAsync(Nullable`1 connectTimeout, CancellationToken ct) in C:\Users\koosh\Dino\src\Bridge\Client\GameClient.cs:line 172
   --- End of inner exception stack trace ---
   at DINOForge.Bridge.Client.GameClient.ConnectAsync(Nullable`1 connectTimeout, CancellationToken ct) in C:\Users\koosh\Dino\src\Bridge\Client\GameClient.cs:line 176
[12:37:25 WRN] Retrying request 'dumpState' (attempt 2/4)
  Passed DINOForge.Tests.TotalConversionTests.GetUnreplacedFactions_MissingOne_ReturnsMissing [< 1 ms]
  Passed DINOForge.Tests.TotalConversionTests.Validator_MissingFactionForReplacement_ReturnsError [< 1 ms]
  Passed DINOForge.Tests.TotalConversionTests.Validator_ValidManifest_IsValid [< 1 ms]
  Passed DINOForge.Tests.TotalConversionTests.Validator_NoReplacesVanilla_ReturnsError [< 1 ms]
  Passed DINOForge.Tests.TotalConversionTests.AssetEngine_Clear_RemovesAllMappings [< 1 ms]
  Passed DINOForge.Tests.TotalConversionTests.AssetEngine_TextureMapping_RegisteredCorrectly [< 1 ms]
  Passed DINOForge.Tests.TotalConversionTests.Validator_EmptyUnits_ReturnsWarning [< 1 ms]
  Passed DINOForge.Tests.TotalConversionTests.Validator_UnknownVanillaFaction_ReturnsWarning [< 1 ms]
  Passed DINOForge.Tests.TotalConversionTests.Validator_AllVanillaFactionsKnown [< 1 ms]
[12:37:25 ERR] Failed to connect to pipe 'dinoforge-game-bridge'
System.TimeoutException: Connection timeout after 5s
 ---> System.OperationCanceledException: The operation was canceled.
   at System.Threading.CancellationToken.ThrowOperationCanceledException()
   at System.Threading.CancellationToken.ThrowIfCancellationRequested()
   at System.IO.Pipes.NamedPipeClientStream.ConnectInternal(Int32 timeout, CancellationToken cancellationToken, Int32 startTime)
   at System.Threading.ExecutionContext.RunFromThreadPoolDispatchLoop(Thread threadPoolThread, ExecutionContext executionContext, ContextCallback callback, Object state)
--- End of stack trace from previous location ---
   at System.Threading.ExecutionContext.RunFromThreadPoolDispatchLoop(Thread threadPoolThread, ExecutionContext executionContext, ContextCallback callback, Object state)
   at System.Threading.Tasks.Task.ExecuteWithThreadLocal(Task& currentTaskSlot, Thread threadPoolThread)
--- End of stack trace from previous location ---
   at DINOForge.Bridge.Client.GameClient.ConnectAsync(Nullable`1 connectTimeout, CancellationToken ct) in C:\Users\koosh\Dino\src\Bridge\Client\GameClient.cs:line 172
   --- End of inner exception stack trace ---
   at DINOForge.Bridge.Client.GameClient.ConnectAsync(Nullable`1 connectTimeout, CancellationToken ct) in C:\Users\koosh\Dino\src\Bridge\Client\GameClient.cs:line 176
[12:37:25 WRN] Retrying request 'dumpState' (attempt 2/4)
  Passed DINOForge.Tests.GameClientCoverageTests.IsConnected_ReflectsConnectedState(state: Connected) [< 1 ms]
  Passed DINOForge.Tests.GameClientCoverageTests.IsConnected_ReflectsConnectedState(state: Error) [< 1 ms]
  Passed DINOForge.Tests.GameClientCoverageTests.IsConnected_ReflectsConnectedState(state: Connecting) [< 1 ms]
  Passed DINOForge.Tests.GameClientCoverageTests.IsConnected_ReflectsConnectedState(state: Disconnected) [< 1 ms]
  Passed DINOForge.Tests.GameClientCoverageTests.ConnectAsync_WhenDisposedState_ThrowsObjectDisposedException [1 ms]
  Passed DINOForge.Tests.GameClientCoverageTests.ConnectAsync_WhenDisposed_ThrowsObjectDisposedException [1 ms]
  Passed DINOForge.Tests.InstallManifestValidationTests.TryReadManifest_WellFormedManifest_ReturnsParsed [14 ms]
  Passed DINOForge.Tests.InstallManifestValidationTests.InstallManifest_MalformedSha256_FailsValidation [2 ms]
[xUnit.net 00:00:05.95]     DINOForge.Tests.ParameterizedTests.McpServerFsCheckProperties.JsonRpcRequest_MalformedJSON_ThrowsJsonException [FAIL]
[xUnit.net 00:00:05.95]       FsCheck.Xunit.PropertyFailedException : 
[xUnit.net 00:00:05.95]       Falsifiable, after 16 tests (0 shrinks) (5039365018208005583,6704368539292032751). 
[xUnit.net 00:00:05.95]       Last step was invoked with size of 17 and seed of (8598451229243430457,1704521489367706509).
[xUnit.net 00:00:05.95]       Replay directly at failing step with (8598451229243430457,1704521489367706509,17).
[xUnit.net 00:00:05.95]       Original:
[xUnit.net 00:00:05.95]       "
"
[xUnit.net 00:00:05.95]       
[xUnit.net 00:00:05.95]       ---- Expected isValid to be True because Malformed JSON must either throw an exception or deserialize into an object (not return null), but found False.
[xUnit.net 00:00:05.95]       Stack Trace:
[xUnit.net 00:00:05.95]         
[xUnit.net 00:00:05.95]         ----- Inner Stack Trace -----
[xUnit.net 00:00:05.95]            at FluentAssertions.Execution.XUnit2TestFramework.Throw(String message)
[xUnit.net 00:00:05.95]            at FluentAssertions.Execution.TestFrameworkProvider.Throw(String message)
[xUnit.net 00:00:05.95]            at FluentAssertions.Execution.DefaultAssertionStrategy.HandleFailure(String message)
[xUnit.net 00:00:05.95]            at FluentAssertions.Execution.AssertionScope.FailWith(Func`1 failReasonFunc)
[xUnit.net 00:00:05.96]            at FluentAssertions.Execution.AssertionScope.FailWith(Func`1 failReasonFunc)
[xUnit.net 00:00:05.96]            at FluentAssertions.Execution.AssertionScope.FailWith(String message, Object[] args)
[xUnit.net 00:00:05.96]            at FluentAssertions.Primitives.BooleanAssertions`1.BeTrue(String because, Object[] becauseArgs)
[xUnit.net 00:00:05.96]         C:\Users\koosh\Dino\src\Tests\ParameterizedTests\McpServerFsCheckProperties.cs(323,0): at DINOForge.Tests.ParameterizedTests.McpServerFsCheckProperties.JsonRpcRequest_MalformedJSON_ThrowsJsonException(String malformedJson)
[xUnit.net 00:00:05.96]            at InvokeStub_McpServerFsCheckProperties.JsonRpcRequest_MalformedJSON_ThrowsJsonException(Object, Span`1)
[xUnit.net 00:00:05.96]            at System.Reflection.MethodBaseInvoker.InvokeWithOneArg(Object obj, BindingFlags invokeAttr, Binder binder, Object[] parameters, CultureInfo culture)
[xUnit.net 00:00:05.96]         --- End of stack trace from previous location ---
[xUnit.net 00:00:05.96]         C:\Users\kurts\Projects\FsCheck\src\FsCheck\Runner.fs(595,0): at FsCheck.Runner.invokeAndThrowInner@592-1.Invoke(Object[] o)
[xUnit.net 00:00:05.96]         D:\workspace\_work\1\s\src\fsharp\FSharp.Core\reflect.fs(986,0): at <StartupCode$FSharp-Core>.$Reflect.Invoke@986-4.Invoke(T1 inp)
[xUnit.net 00:00:05.96]            at System.Lazy`1.ViaFactory(LazyThreadSafetyMode mode)
[xUnit.net 00:00:05.96]            at System.Lazy`1.ExecutionAndPublication(LazyHelper executionAndPublication, Boolean useDefaultConstructor)
[xUnit.net 00:00:05.96]            at System.Lazy`1.CreateValue()
[xUnit.net 00:00:05.96]         C:\Users\kurts\Projects\FsCheck\src\FsCheck\Testable.fs(164,0): at FsCheck.Testable.Prop.safeForce[a](Lazy`1 body)
[12:37:25 ERR] Failed to connect to pipe 'dinoforge-game-bridge'
System.TimeoutException: Connection timeout after 5s
 ---> System.OperationCanceledException: The operation was canceled.
   at System.Threading.CancellationToken.ThrowOperationCanceledException()
   at System.Threading.CancellationToken.ThrowIfCancellationRequested()
   at System.IO.Pipes.NamedPipeClientStream.ConnectInternal(Int32 timeout, CancellationToken cancellationToken, Int32 startTime)
   at System.Threading.ExecutionContext.RunFromThreadPoolDispatchLoop(Thread threadPoolThread, ExecutionContext executionContext, ContextCallback callback, Object state)
--- End of stack trace from previous location ---
   at System.Threading.ExecutionContext.RunFromThreadPoolDispatchLoop(Thread threadPoolThread, ExecutionContext executionContext, ContextCallback callback, Object state)
   at System.Threading.Tasks.Task.ExecuteWithThreadLocal(Task& currentTaskSlot, Thread threadPoolThread)
--- End of stack trace from previous location ---
   at DINOForge.Bridge.Client.GameClient.ConnectAsync(Nullable`1 connectTimeout, CancellationToken ct) in C:\Users\koosh\Dino\src\Bridge\Client\GameClient.cs:line 172
   --- End of inner exception stack trace ---
   at DINOForge.Bridge.Client.GameClient.ConnectAsync(Nullable`1 connectTimeout, CancellationToken ct) in C:\Users\koosh\Dino\src\Bridge\Client\GameClient.cs:line 176
[12:37:25 WRN] Retrying request 'getResources' (attempt 2/4)
  Failed DINOForge.Tests.ParameterizedTests.McpServerFsCheckProperties.JsonRpcRequest_MalformedJSON_ThrowsJsonException [19 ms]
  Error Message:
   FsCheck.Xunit.PropertyFailedException : 
Falsifiable, after 16 tests (0 shrinks) (5039365018208005583,6704368539292032751). 
Last step was invoked with size of 17 and seed of (8598451229243430457,1704521489367706509).
Replay directly at failing step with (8598451229243430457,1704521489367706509,17).
Original:
"
"

---- Expected isValid to be True because Malformed JSON must either throw an exception or deserialize into an object (not return null), but found False.
  Stack Trace:
  
----- Inner Stack Trace -----
   at FluentAssertions.Execution.XUnit2TestFramework.Throw(String message)
   at FluentAssertions.Execution.TestFrameworkProvider.Throw(String message)
   at FluentAssertions.Execution.DefaultAssertionStrategy.HandleFailure(String message)
   at FluentAssertions.Execution.AssertionScope.FailWith(Func`1 failReasonFunc)
   at FluentAssertions.Execution.AssertionScope.FailWith(Func`1 failReasonFunc)
   at FluentAssertions.Execution.AssertionScope.FailWith(String message, Object[] args)
   at FluentAssertions.Primitives.BooleanAssertions`1.BeTrue(String because, Object[] becauseArgs)
   at DINOForge.Tests.ParameterizedTests.McpServerFsCheckProperties.JsonRpcRequest_MalformedJSON_ThrowsJsonException(String malformedJson) in C:\Users\koosh\Dino\src\Tests\ParameterizedTests\McpServerFsCheckProperties.cs:line 323
   at InvokeStub_McpServerFsCheckProperties.JsonRpcRequest_MalformedJSON_ThrowsJsonException(Object, Span`1)
   at System.Reflection.MethodBaseInvoker.InvokeWithOneArg(Object obj, BindingFlags invokeAttr, Binder binder, Object[] parameters, CultureInfo culture)
--- End of stack trace from previous location ---
   at FsCheck.Runner.invokeAndThrowInner@592-1.Invoke(Object[] o) in C:\Users\kurts\Projects\FsCheck\src\FsCheck\Runner.fs:line 595
   at <StartupCode$FSharp-Core>.$Reflect.Invoke@986-4.Invoke(T1 inp) in D:\workspace\_work\1\s\src\fsharp\FSharp.Core\reflect.fs:line 986
   at System.Lazy`1.ViaFactory(LazyThreadSafetyMode mode)
   at System.Lazy`1.ExecutionAndPublication(LazyHelper executionAndPublication, Boolean useDefaultConstructor)
   at System.Lazy`1.CreateValue()
   at FsCheck.Testable.Prop.safeForce[a](Lazy`1 body) in C:\Users\kurts\Projects\FsCheck\src\FsCheck\Testable.fs:line 164
  Passed DINOForge.Tests.GameClientCoverageTests.SendRequestCoreAsync_WhenServerReturnsError_ThrowsGameClientException [8 ms]
  Passed DINOForge.Tests.GameClientCoverageTests.GameProcessManager_WaitForExitAsync_WhenCancelled_ThrowsOperationCanceledException [1 ms]
  Passed DINOForge.Tests.GameClientCoverageTests.Dispose_AfterConnect_DoesNotThrow [< 1 ms]
  Passed DINOForge.Tests.GameClientCoverageTests.GameClientException_WithMessageAndInnerException_ChainsCorrectly [< 1 ms]
  Passed DINOForge.Tests.GameClientCoverageTests.SendRequestCoreAsync_WhenResultDeserializationFails_ThrowsGameClientException [9 ms]
  Passed DINOForge.Tests.GameClientCoverageTests.GameClientOptions_CanSetCustomValues [< 1 ms]
  Passed DINOForge.Tests.GameClientCoverageTests.Dispose_SetsStateToDisconnected [< 1 ms]
  Passed DINOForge.Tests.GameClientCoverageTests.SendRequestCoreAsync_WhenResponseLineIsEmpty_ThrowsGameClientException [9 ms]
  Passed DINOForge.Tests.GameClientCoverageTests.SendRequestAsync_WithParameters_PassesCorrectJsonRpc [5 ms]
  Passed DINOForge.Tests.GameClientCoverageTests.ScreenshotAsync_DelegatesCorrectly [6 ms]
  Passed DINOForge.Tests.GameClientCoverageTests.StartGameAsync_DelegatesCorrectly [6 ms]
  Passed DINOForge.Tests.GameClientCoverageTests.ReadLineAsync_CancellationLoop_ChecksTokenOnEachIteration [6 ms]
  Passed DINOForge.Tests.GameClientCoverageTests.PingResult_CanSetPong [< 1 ms]
  Passed DINOForge.Tests.GameClientCoverageTests.GameProcessManager_KillAsync_WithInvalidOperationException_DoesNotThrow [7 ms]
  Passed DINOForge.Tests.GameClientCoverageTests.ConnectAsync_WhenAlreadyConnected_ReturnsImmediately [6 ms]
  Passed DINOForge.Tests.GameClientCoverageTests.GameProcessManager_WaitForExitAsync_WhenGameNotRunning_ReturnsImmediately [7 ms]
[12:37:25 ERR] Failed to connect to pipe 'dinoforge-game-bridge'
System.TimeoutException: Connection timeout after 5s
 ---> System.OperationCanceledException: The operation was canceled.
   at System.Threading.CancellationToken.ThrowOperationCanceledException()
   at System.Threading.CancellationToken.ThrowIfCancellationRequested()
   at System.IO.Pipes.NamedPipeClientStream.ConnectInternal(Int32 timeout, CancellationToken cancellationToken, Int32 startTime)
   at System.Threading.ExecutionContext.RunFromThreadPoolDispatchLoop(Thread threadPoolThread, ExecutionContext executionContext, ContextCallback callback, Object state)
--- End of stack trace from previous location ---
   at System.Threading.ExecutionContext.RunFromThreadPoolDispatchLoop(Thread threadPoolThread, ExecutionContext executionContext, ContextCallback callback, Object state)
   at System.Threading.Tasks.Task.ExecuteWithThreadLocal(Task& currentTaskSlot, Thread threadPoolThread)
--- End of stack trace from previous location ---
   at DINOForge.Bridge.Client.GameClient.ConnectAsync(Nullable`1 connectTimeout, CancellationToken ct) in C:\Users\koosh\Dino\src\Bridge\Client\GameClient.cs:line 172
   --- End of inner exception stack trace ---
   at DINOForge.Bridge.Client.GameClient.ConnectAsync(Nullable`1 connectTimeout, CancellationToken ct) in C:\Users\koosh\Dino\src\Bridge\Client\GameClient.cs:line 176
[12:37:25 ERR] Failed to connect to pipe 'dinoforge-game-bridge'
System.TimeoutException: Connection timeout after 5s
 ---> System.OperationCanceledException: The operation was canceled.
   at System.Threading.CancellationToken.ThrowOperationCanceledException()
   at System.Threading.CancellationToken.ThrowIfCancellationRequested()
   at System.IO.Pipes.NamedPipeClientStream.ConnectInternal(Int32 timeout, CancellationToken cancellationToken, Int32 startTime)
   at System.Threading.ExecutionContext.RunFromThreadPoolDispatchLoop(Thread threadPoolThread, ExecutionContext executionContext, ContextCallback callback, Object state)
--- End of stack trace from previous location ---
   at System.Threading.ExecutionContext.RunFromThreadPoolDispatchLoop(Thread threadPoolThread, ExecutionContext executionContext, ContextCallback callback, Object state)
   at System.Threading.Tasks.Task.ExecuteWithThreadLocal(Task& currentTaskSlot, Thread threadPoolThread)
--- End of stack trace from previous location ---
   at DINOForge.Bridge.Client.GameClient.ConnectAsync(Nullable`1 connectTimeout, CancellationToken ct) in C:\Users\koosh\Dino\src\Bridge\Client\GameClient.cs:line 172
   --- End of inner exception stack trace ---
   at DINOForge.Bridge.Client.GameClient.ConnectAsync(Nullable`1 connectTimeout, CancellationToken ct) in C:\Users\koosh\Dino\src\Bridge\Client\GameClient.cs:line 176
[12:37:25 WRN] Retrying request 'waitForWorld' (attempt 2/4)
[12:37:25 WRN] Retrying request 'screenshot' (attempt 2/4)
  Passed DINOForge.Tests.GameClientCoverageTests.Dispose_ClearsAllState [1 ms]
  Passed DINOForge.Tests.GameClientCoverageTests.GameClientException_Constructors_WorkCorrectly [< 1 ms]
  Passed DINOForge.Tests.GameClientCoverageTests.Disconnect_SetsStateToDisconnected [5 ms]
  Passed DINOForge.Tests.GameClientCoverageTests.GameProcessManager_WaitForExitAsync_CanBeCancelled [1 ms]
  Passed DINOForge.Tests.GameClientCoverageTests.Dispose_AfterMultipleDisconnects_DoesNotThrow [4 ms]
  Passed DINOForge.Tests.GameClientCoverageTests.GameProcessManager_WaitForExitAsync_CancellationThrowsOperationCanceledException [< 1 ms]
  Passed DINOForge.Tests.GameClientCoverageTests.GameProcessManager_DefaultSteamPaths_ContainsExpectedPaths [< 1 ms]
  Passed DINOForge.Tests.GameClientCoverageTests.GameProcessManager_KillAsync_WhenProcessAlreadyExited_HandlesGracefully [8 ms]
  Passed DINOForge.Tests.GameClientCoverageTests.StateTransition_ErrorThenDisconnected [5 ms]
[12:37:25 ERR] Failed to connect to pipe 'dinoforge-game-bridge'
System.TimeoutException: Connection timeout after 5s
 ---> System.OperationCanceledException: The operation was canceled.
   at System.Threading.CancellationToken.ThrowOperationCanceledException()
   at System.Threading.CancellationToken.ThrowIfCancellationRequested()
   at System.IO.Pipes.NamedPipeClientStream.ConnectInternal(Int32 timeout, CancellationToken cancellationToken, Int32 startTime)
   at System.Threading.ExecutionContext.RunFromThreadPoolDispatchLoop(Thread threadPoolThread, ExecutionContext executionContext, ContextCallback callback, Object state)
--- End of stack trace from previous location ---
   at System.Threading.ExecutionContext.RunFromThreadPoolDispatchLoop(Thread threadPoolThread, ExecutionContext executionContext, ContextCallback callback, Object state)
   at System.Threading.Tasks.Task.ExecuteWithThreadLocal(Task& currentTaskSlot, Thread threadPoolThread)
--- End of stack trace from previous location ---
   at DINOForge.Bridge.Client.GameClient.ConnectAsync(Nullable`1 connectTimeout, CancellationToken ct) in C:\Users\koosh\Dino\src\Bridge\Client\GameClient.cs:line 172
   --- End of inner exception stack trace ---
   at DINOForge.Bridge.Client.GameClient.ConnectAsync(Nullable`1 connectTimeout, CancellationToken ct) in C:\Users\koosh\Dino\src\Bridge\Client\GameClient.cs:line 176
  Passed DINOForge.Tests.GameClientCoverageTests.QueryUiAsync_DelegatesCorrectly [5 ms]
  Passed DINOForge.Tests.GameClientCoverageTests.GameProcessManager_KillAsync_DoesNotThrow_WhenNoGame [11 ms]
  Passed DINOForge.Tests.GameClientCoverageTests.JsonRpcError_WithData_SerializesCorrectly [1 ms]
  Passed DINOForge.Tests.GameClientCoverageTests.JsonRpcRequest_WithComplexNestedParams_SerializesCorrectly [2 ms]
  Passed DINOForge.Tests.GameClientCoverageTests.GameProcessManager_LaunchAsync_ReturnsFalse_WhenNoSteamAndNoGameFound [< 1 ms]
  Passed DINOForge.Tests.GameClientCoverageTests.JsonRpcRequest_WithNullId_SerializesCorrectly [< 1 ms]
  Passed DINOForge.Tests.PackOverridesUnitTests.PropertiesCanBeSet_AndRetrieved [1 ms]
  Passed DINOForge.Tests.ParameterizedTests.RuntimeBridgeFsCheckProperties.FactionSystem_PlayerAndEnemyFactions_AreDisjoint [2 ms]
[12:37:25 WRN] Retrying request 'ping' (attempt 2/4)
  Passed DINOForge.Tests.PackOverridesUnitTests.DefaultConstructor_AllPropertiesNull [< 1 ms]
  Passed DINOForge.Tests.SchemaVersionCompatibilityPropertyTests.Version_IsCompatibleWithItself [2 ms]
  Passed DINOForge.Tests.SchemaVersionCompatibilityPropertyTests.BoundedRange_Accepts_VersionsInRange(version: "1.99.99") [< 1 ms]
  Passed DINOForge.Tests.SchemaVersionCompatibilityPropertyTests.BoundedRange_Accepts_VersionsInRange(version: "1.0.0") [< 1 ms]
  Passed DINOForge.Tests.SchemaVersionCompatibilityPropertyTests.BoundedRange_Accepts_VersionsInRange(version: "1.5.0") [< 1 ms]
  Passed DINOForge.Tests.ParameterizedTests.PackLoaderFsCheckProperties.ContentLoader_FilterByDomain_ReturnsSubset [4 ms]
  Passed DINOForge.Tests.ParameterizedTests.ToolsFsCheckProperties.AssetOptimization_ComputeLODPolycount_RespectsBounds [13 ms]
  Passed DINOForge.Tests.ParameterizedTests.BridgeFsCheckProperties.BridgeReceipt_Serialize_Roundtrip_SnakeCasePreserved [18 ms]
  Passed Fuzz: Extremely long string values are truncated or rejected gracefully(length: 10000) [36 ms]
  Passed Fuzz: Extremely long string values are truncated or rejected gracefully(length: 1000) [1 ms]
  Passed DINOForge.Tests.DumpToolsTests.ShowNamespaces_WithValidFixture_ReturnsSuccessAndDisplaysNamespaceTree [2 s]
  Passed DINOForge.Tests.ContentLoaderRoundTripPropertyTests.ValidPackYaml_OnlyThrowsExpectedExceptions [44 ms]
[12:37:25 ERR] Failed to connect to pipe 'dinoforge-game-bridge'
System.TimeoutException: Connection timeout after 5s
 ---> System.OperationCanceledException: The operation was canceled.
   at System.Threading.CancellationToken.ThrowOperationCanceledException()
   at System.Threading.CancellationToken.ThrowIfCancellationRequested()
   at System.IO.Pipes.NamedPipeClientStream.ConnectInternal(Int32 timeout, CancellationToken cancellationToken, Int32 startTime)
   at System.Threading.ExecutionContext.RunFromThreadPoolDispatchLoop(Thread threadPoolThread, ExecutionContext executionContext, ContextCallback callback, Object state)
--- End of stack trace from previous location ---
   at System.Threading.ExecutionContext.RunFromThreadPoolDispatchLoop(Thread threadPoolThread, ExecutionContext executionContext, ContextCallback callback, Object state)
   at System.Threading.Tasks.Task.ExecuteWithThreadLocal(Task& currentTaskSlot, Thread threadPoolThread)
--- End of stack trace from previous location ---
   at DINOForge.Bridge.Client.GameClient.ConnectAsync(Nullable`1 connectTimeout, CancellationToken ct) in C:\Users\koosh\Dino\src\Bridge\Client\GameClient.cs:line 172
   --- End of inner exception stack trace ---
   at DINOForge.Bridge.Client.GameClient.ConnectAsync(Nullable`1 connectTimeout, CancellationToken ct) in C:\Users\koosh\Dino\src\Bridge\Client\GameClient.cs:line 176
[12:37:25 WRN] Retrying request 'waitForWorld' (attempt 2/4)
  Passed DINOForge.Tests.GoDependencyResolverValidationTests.ResolverOutput_BlankResolvedEntry_FailsValidation [1 ms]
  Passed DINOForge.Tests.GoDependencyResolverValidationTests.ResolverOutput_EmptyResolvedAndErrors_FailsValidation [< 1 ms]
  Passed DINOForge.Tests.ParameterizedTests.AddressablesFsCheckProperties.AssetReplacementEngine_GetTotalMappings_EqualsRegisteredCount [46 ms]
  Passed DINOForge.Tests.GoDependencyResolverValidationTests.ResolverOutput_JsonGuard_EmptyPayload_ThrowsInvalidDataException [1 ms]
  Passed DINOForge.Tests.Bridge.BridgeReceiptVerifierUnitTests.VerificationResult_WithNullReason_DefaultsToEmpty [< 1 ms]
  Passed DINOForge.Tests.Bridge.BridgeReceiptVerifierUnitTests.VerificationResult_Construction_StoredCorrectly [< 1 ms]
  Passed DINOForge.Tests.Bridge.BridgeReceiptVerifierUnitTests.Verify_WithRegressedFrame_ReturnsFalse [1 ms]
  Passed Fuzz: Extremely long string values are truncated or rejected gracefully(length: 100000) [7 ms]
  Passed DINOForge.Tests.Bridge.BridgeReceiptVerifierUnitTests.Verify_WithUnknownSessionId_IsHandshakeReturnsValid [< 1 ms]
  Passed DINOForge.Tests.Bridge.BridgeReceiptVerifierUnitTests.Verify_WithZeroFrameInHandshake_ReturnsValid [< 1 ms]
  Passed DINOForge.Tests.Bridge.BridgeReceiptVerifierUnitTests.Verify_WithValidReceipt_ReturnsValid [< 1 ms]
  Passed DINOForge.Tests.Bridge.BridgeReceiptVerifierUnitTests.ComputeReceiptHmac_WithDifferentInputs_ProducesDifferentOutputs [< 1 ms]
  Passed DINOForge.Tests.DependencyResolverPropertyTests.SelfDependencyDetected [50 ms]
  Passed DINOForge.Tests.Bridge.BridgeReceiptVerifierUnitTests.Verify_WithNullResponse_ThrowsArgumentNullException [< 1 ms]
  Passed DINOForge.Tests.Bridge.BridgeReceiptVerifierUnitTests.Verify_WithModeOff_AlwaysReturnsValid [< 1 ms]
[12:37:25 ERR] Failed to connect to pipe 'dinoforge-game-bridge'
System.TimeoutException: Connection timeout after 5s
 ---> System.OperationCanceledException: The operation was canceled.
   at System.Threading.CancellationToken.ThrowOperationCanceledException()
   at System.Threading.CancellationToken.ThrowIfCancellationRequested()
   at System.IO.Pipes.NamedPipeClientStream.ConnectInternal(Int32 timeout, CancellationToken cancellationToken, Int32 startTime)
   at System.Threading.ExecutionContext.RunFromThreadPoolDispatchLoop(Thread threadPoolThread, ExecutionContext executionContext, ContextCallback callback, Object state)
--- End of stack trace from previous location ---
   at System.Threading.ExecutionContext.RunFromThreadPoolDispatchLoop(Thread threadPoolThread, ExecutionContext executionContext, ContextCallback callback, Object state)
   at System.Threading.Tasks.Task.ExecuteWithThreadLocal(Task& currentTaskSlot, Thread threadPoolThread)
--- End of stack trace from previous location ---
   at DINOForge.Bridge.Client.GameClient.ConnectAsync(Nullable`1 connectTimeout, CancellationToken ct) in C:\Users\koosh\Dino\src\Bridge\Client\GameClient.cs:line 172
   --- End of inner exception stack trace ---
   at DINOForge.Bridge.Client.GameClient.ConnectAsync(Nullable`1 connectTimeout, CancellationToken ct) in C:\Users\koosh\Dino\src\Bridge\Client\GameClient.cs:line 176
[12:37:25 INF] Connecting to pipe 'dinoforge-test-pipe-5829abec75fb4a9b8ca5c2d968ca614b' with timeout 5000ms
[12:37:25 WRN] Retrying request 'screenshot' (attempt 2/4)
[12:37:25 INF] Successfully connected to pipe 'dinoforge-test-pipe-5829abec75fb4a9b8ca5c2d968ca614b'
[12:37:25 DBG] Sending request 'connect' to pipe 'dinoforge-test-pipe-5829abec75fb4a9b8ca5c2d968ca614b' (attempt 1/4)
[12:37:25 INF] Request 'connect' completed successfully in 0ms
[12:37:25 INF] Captured session_id 64cc3f28c39742dab53807228f9e46f9 from connect handshake
[12:37:25 DBG] Sending request 'ping' to pipe 'dinoforge-test-pipe-5829abec75fb4a9b8ca5c2d968ca614b' (attempt 1/4)
[12:37:25 INF] Request 'ping' completed successfully in 0ms
  Passed DINOForge.Tests.Bridge.BridgeReceiptVerifierUnitTests.Verify_WithTamperedHmac_ReturnsFalse [< 1 ms]
  Passed DINOForge.Tests.BalanceComprehensiveTests.CalculatePowerRating_ZeroCost_NoException [< 1 ms]
  Passed DINOForge.Tests.Bridge.BridgeReceiptVerifierUnitTests.Verify_WithUnknownSessionId_StrictReturnsFalse [< 1 ms]
  Passed DINOForge.Tests.BalanceComprehensiveTests.CalculatePowerRating_WithDoctrine_DifferentFromWithout [< 1 ms]
  Passed Fuzz: YAML with special characters parses or throws descriptively(yaml: "id: test\nname: \"Emoji: 🎮🚀💻\"") [2 ms]
  Passed DINOForge.Tests.BalanceComprehensiveTests.CompareFactions_ExtremeStatDifference_SignificantAdvantage [< 1 ms]
  Passed DINOForge.Tests.Bridge.BridgeReceiptVerifierUnitTests.ComputeReceiptHmac_WithNullKey_ThrowsArgumentNullException [< 1 ms]
  Passed DINOForge.Tests.BalanceComprehensiveTests.CompareFactions_Faction2Stronger_CorrectlyIdentified [< 1 ms]
  Passed DINOForge.Tests.Bridge.BridgeReceiptVerifierUnitTests.Verify_WithMissingReceipt_StrictReturnsFalse [< 1 ms]
  Passed DINOForge.Tests.BalanceComprehensiveTests.CompareFactions_SlightAdvantage_Detected [< 1 ms]
  Passed Fuzz: YAML with special characters parses or throws descriptively(yaml: "id: test\nname: \"Unicode: 日本語 中文\"") [< 1 ms]
  Passed DINOForge.Tests.BalanceComprehensiveTests.CompareFactions_SymmetricFactions_RatioNearOne [< 1 ms]
  Passed DINOForge.Tests.EconomyCoverageGapTests.TradeRoute_ExchangeRateCanBeNegative [< 1 ms]
  Passed Fuzz: YAML with special characters parses or throws descriptively(yaml: "id: test\nname: \"@#$%^&*()\"") [< 1 ms]
  Passed DINOForge.Tests.EconomyCoverageGapTests.TradeRoute_SourceResourceCanBeNull [< 1 ms]
  Passed DINOForge.Tests.Bridge.BridgeReceiptVerifierUnitTests.Verify_WithNullCache_ThrowsArgumentNullException [< 1 ms]
  Passed DINOForge.Tests.EconomyCoverageGapTests.TradeRoute_CooldownTicksCanBeZero [< 1 ms]
  Passed DINOForge.Tests.EconomyCoverageGapTests.EconomyProfile_ConsumptionMultipliers_CanBeSet [< 1 ms]
  Passed DINOForge.Tests.EconomyCoverageGapTests.EconomyProfile_GetConsumptionMultiplier_DefaultsToOne [< 1 ms]
  Passed DINOForge.Tests.EconomyCoverageGapTests.TradeRoute_CooldownTicksCanBeNegative [< 1 ms]
  Passed DINOForge.Tests.Bridge.BridgeReceiptVerifierUnitTests.ComputeReceiptHmac_WithNullTimestamp_ThrowsArgumentNullException [< 1 ms]
  Passed DINOForge.Tests.EconomyCoverageGapTests.ResourceRate_ZeroBaseRate_EffectiveRateIsZero [< 1 ms]
  Passed DINOForge.Tests.EconomyCoverageGapTests.ProductionCalculator_GetResourceBalance_VeryLargeValues [< 1 ms]
  Passed DINOForge.Tests.EconomyCoverageGapTests.EconomyProfile_GetProductionMultiplier_DefaultsToOne [< 1 ms]
  Passed DINOForge.Tests.Bridge.BridgeReceiptVerifierUnitTests.ComputeReceiptHmac_WithNullStateSha_ThrowsArgumentNullException [< 1 ms]
  Passed DINOForge.Tests.EconomyCoverageGapTests.ProductionCalculator_GetResourceBalance_ZeroProduction [< 1 ms]
  Passed DINOForge.Tests.EconomyCoverageGapTests.EconomyProfile_TradeRateModifier_CanBeVeryLarge [< 1 ms]
  Passed DINOForge.Tests.Bridge.BridgeReceiptVerifierUnitTests.ComputeReceiptHmac_WithValidInputs_ReturnsHex [< 1 ms]
  Passed DINOForge.Tests.EconomyCoverageGapTests.ResourceRate_NegativeBaseRate_EffectiveRateIsNegative [< 1 ms]
  Passed DINOForge.Tests.EconomyCoverageGapTests.ResourceRate_VeryLargeMultiplier_NoOverflow [< 1 ms]
  Passed DINOForge.Tests.Bridge.BridgeReceiptVerifierUnitTests.Verify_WithMissingReceipt_WarnOnlyReturnsValid [< 1 ms]
  Passed DINOForge.Tests.EconomyCoverageGapTests.EconomyProfile_TradeRateModifier_CanBeNegative [< 1 ms]
  Passed DINOForge.Tests.EconomyCoverageGapTests.TradeRoute_CanBeDisabled [< 1 ms]
  Passed DINOForge.Tests.Bridge.BridgeReceiptVerifierUnitTests.Verify_WithValidReceipt_UpdatesLastFrame [< 1 ms]
  Passed DINOForge.Tests.EconomyCoverageGapTests.TradeRoute_DefaultValues [< 1 ms]
  Passed DINOForge.Tests.EconomyCoverageGapTests.ProductionCalculator_GetResourceBalance_NegativeProduction [< 1 ms]
  Passed DINOForge.Tests.Bridge.BridgeReceiptVerifierUnitTests.Verify_WithZeroFrameOutsideHandshake_ReturnsFalse [< 1 ms]
  Passed DINOForge.Tests.EconomyCoverageGapTests.EconomyProfile_ProductionMultipliers_CanBeSet [< 1 ms]
  Passed DINOForge.Tests.EconomyCoverageGapTests.ResourceRate_ZeroMultiplier_ResultsInZero [< 1 ms]
  Passed DINOForge.Tests.EconomyCoverageGapTests.TradeRoute_ExchangeRateCanBeZero [< 1 ms]
  Passed DINOForge.Tests.EconomyCoverageGapTests.EconomyProfile_TradeRateModifier_DefaultIsOne [< 1 ms]
  Passed DINOForge.Tests.EconomyCoverageGapTests.TradeRoute_TargetResourceCanBeNull [< 1 ms]
  Passed DINOForge.Tests.ScenarioContentLoaderTests.ScenarioContentLoader_LoadPack_ThrowsForMissingDirectory [< 1 ms]
  Passed DINOForge.Tests.Bridge.SessionKeyCacheUnitTests.Set_WithNullSessionId_ThrowsArgumentNullException [< 1 ms]
  Passed DINOForge.Tests.Bridge.SessionKeyCacheUnitTests.Set_CorrectKeyLengthForHmacSha256 [< 1 ms]
  Passed DINOForge.Tests.Bridge.SessionKeyCacheUnitTests.Remove_ClearsKeyBytes [< 1 ms]
  Passed DINOForge.Tests.Bridge.SessionKeyCacheUnitTests.TryGet_WithExistingSession_ReturnsTrue [< 1 ms]
  Passed DINOForge.Tests.ScenarioContentLoaderTests.ScenarioContentLoader_LoadPack_HandlesEmptyDirectory [1 ms]
  Passed DINOForge.Tests.Bridge.SessionKeyCacheUnitTests.Set_32ByteKeyExactly_Succeeds [< 1 ms]
  Passed DINOForge.Tests.Bridge.SessionKeyCacheUnitTests.Remove_WithExistingSession_ReturnsTrue [< 1 ms]
  Passed DINOForge.Tests.Bridge.SessionKeyCacheUnitTests.Set_WithNullKey_ThrowsArgumentNullException [< 1 ms]
  Passed DINOForge.Tests.Bridge.SessionKeyCacheUnitTests.Set_Overwrites_ExistingEntry [< 1 ms]
  Passed DINOForge.Tests.Bridge.SessionKeyCacheUnitTests.Dispose_ClearsAllKeys [< 1 ms]
  Passed DINOForge.Tests.Bridge.SessionKeyCacheUnitTests.Remove_RemovesOnlySpecificSession [< 1 ms]
  Passed DINOForge.Tests.Bridge.SessionKeyCacheUnitTests.MultipleKeys_StoredIndependently [< 1 ms]
  Passed DINOForge.Tests.Bridge.SessionKeyCacheUnitTests.Remove_WithMissingSession_ReturnsFalse [< 1 ms]
  Passed DINOForge.Tests.Bridge.SessionKeyCacheUnitTests.SessionId_CaseSensitive [< 1 ms]
  Passed DINOForge.Tests.Bridge.SessionKeyCacheUnitTests.TryGet_WithMissingSession_ReturnsFalse [< 1 ms]
  Passed DINOForge.Tests.Bridge.SessionKeyCacheUnitTests.Set_WithValidKey_CachesSuccessfully [< 1 ms]
  Passed Fuzz: Corpus files from FuzzCorpus/yaml/ load without exception [7 ms]
  Passed DINOForge.Tests.Bridge.SessionKeyCacheUnitTests.Set_WithWrongKeyLength_ThrowsArgumentException [< 1 ms]
  Passed DINOForge.Tests.Bridge.SessionKeyCacheUnitTests.TryGet_WithNullSessionId_ReturnsFalse [< 1 ms]
  Passed Fuzz: Invalid YAML syntax is caught, not silently ignored(yaml: "id: test\nname: : invalid") [1 ms]
  Passed DINOForge.Tests.Bridge.SessionKeyCacheUnitTests.Dispose_MultipleCallsAreIdempotent [< 1 ms]
  Passed DINOForge.Tests.Bridge.SessionKeyCacheUnitTests.Remove_WithNullSessionId_ReturnsFalse [< 1 ms]
  Passed Fuzz: Invalid YAML syntax is caught, not silently ignored(yaml: "id: test\nname: unclosed \"string") [< 1 ms]
  Passed Fuzz: Invalid YAML syntax is caught, not silently ignored(yaml: "id: test\n  - invalid: list\nid: duplicate") [< 1 ms]
  Passed DINOForge.Tests.Mocks.Tests.MockFileDiscoveryServiceTests.GetFiles_WithSinglePattern_ReturnsMatchingFiles [< 1 ms]
  Passed Fuzz: Null or empty string input returns error, not exception(input: "   ") [< 1 ms]
  Passed DINOForge.Tests.Mocks.Tests.MockFileDiscoveryServiceTests.GetFiles_WithMultiplePatterns_ReturnsAllMatching [< 1 ms]
  Passed Fuzz: Null or empty string input returns error, not exception(input: null) [< 1 ms]
  Passed DINOForge.Tests.Mocks.Tests.MockFileDiscoveryServiceTests.DiscoverPackDirectories_FindsDirectoriesWithPackYaml [< 1 ms]
  Passed DINOForge.Tests.Mocks.Tests.MockFileDiscoveryServiceTests.ResetToDefaults_ClearsCustomExclusions [< 1 ms]
  Passed Fuzz: Null or empty string input returns error, not exception(input: "") [< 1 ms]
  Passed DINOForge.Tests.Mocks.Tests.MockFileDiscoveryServiceTests.AddExclusion_TracksCallCount [< 1 ms]
  Passed DINOForge.Tests.Mocks.Tests.MockFileDiscoveryServiceTests.GetDirectories_ReturnsAllDirectories [< 1 ms]
  Passed DINOForge.Tests.Mocks.Tests.MockFileDiscoveryServiceTests.DefaultExclusions_ReturnsNonEmptyList [< 1 ms]
  Passed DINOForge.Tests.Mocks.Tests.MockFileDiscoveryServiceTests.ClearExclusions_RemovesAllCustomPatterns [< 1 ms]
  Passed Fuzz: Circular reference detection does not cause exception [1 ms]
  Passed Property: Numeric version parts extract correctly(version: "10.20.30", expectedMajor: 10) [< 1 ms]
  Passed Property: Numeric version parts extract correctly(version: "0.0.0", expectedMajor: 0) [< 1 ms]
  Passed Property: Numeric version parts extract correctly(version: "1.2.3", expectedMajor: 1) [< 1 ms]
  Passed Property: Valid version strings parse without exception(versionString: "1.0.0-alpha") [< 1 ms]
  Passed Property: Valid version strings parse without exception(versionString: "1.0.0-beta.1") [< 1 ms]
  Passed Property: Valid version strings parse without exception(versionString: "1.0.0") [< 1 ms]
  Passed Property: Valid version strings parse without exception(versionString: "1.2.3+build.1") [< 1 ms]
  Passed Property: Valid version strings parse without exception(versionString: "0.1.0") [< 1 ms]
  Passed Property: Valid version strings parse without exception(versionString: "2.0.0-rc.1") [< 1 ms]
  Passed Property: Valid version strings parse without exception(versionString: "1.2.3") [< 1 ms]
  Passed Property: Valid version strings parse without exception(versionString: "999.999.999-alpha.999+build.12345") [< 1 ms]
  Passed Property: Empty or whitespace version strings are preserved(versionString: "") [< 1 ms]
  Passed Fuzz: Deeply nested YAML does not cause stack overflow [1 ms]
  Passed Property: Empty or whitespace version strings are preserved(versionString: " ") [< 1 ms]
  Passed Property: Very long version strings handled safely(length: 100) [< 1 ms]
  Passed Property: Very long version strings handled safely(length: 500) [< 1 ms]
  Passed Property: Framework version constraints parse without exception(constraint: "*") [< 1 ms]
  Passed DINOForge.Tests.UnitDefinitionUnitTests.Validate_NegativeHp_ReturnsFailure [< 1 ms]
  Passed Property: Framework version constraints parse without exception(constraint: ">=0.1.0") [< 1 ms]
  Passed Property: Framework version constraints parse without exception(constraint: ">0.1.0 <=1.0.0") [< 1 ms]
  Passed Property: Framework version constraints parse without exception(constraint: ">=1.0.0 <2.0.0") [< 1 ms]
  Passed Property: Framework version constraints parse without exception(constraint: "1.0.0") [< 1 ms]
  Passed DINOForge.Tests.UnitDefinitionUnitTests.Validate_InvalidHpZero_ReturnsFailure [< 1 ms]
  Passed Property: Version with special characters preserved(version: "1.0.0+meta.data") [< 1 ms]
  Passed Property: Version with special characters preserved(version: "1.0.0-alpha+build.123") [< 1 ms]
  Passed DINOForge.Tests.UnitDefinitionUnitTests.Validate_WithValidData_ReturnsSuccess [< 1 ms]
  Passed Property: Version with special characters preserved(version: "1.0.0-beta.1.2.3") [< 1 ms]
  Passed DINOForge.Tests.UnitDefinitionUnitTests.Validate_MultipleErrors_ReturnsAllErrors [< 1 ms]
  Passed Property: PackManifest with all version fields populated [< 1 ms]
  Passed DINOForge.Tests.UnitDefinitionUnitTests.Validate_AccuracyAboveOne_ReturnsFailure [< 1 ms]
  Passed DINOForge.Tests.UnitDefinitionUnitTests.Validate_WithOptionalFields_ReturnsSuccess [< 1 ms]
  Passed DINOForge.Tests.SDK.RegistryErrorTests.RegisterEntry_WithDuplicateId_ConflictDetected [< 1 ms]
  Passed DINOForge.Tests.UnitDefinitionUnitTests.Validate_AccuracyNegative_ReturnsFailure [< 1 ms]
  Passed DINOForge.Tests.SDK.RegistryErrorTests.QueryRegistry_WithNullFilter_ReturnsAll [< 1 ms]
  Passed DINOForge.Tests.UnitDefinitionUnitTests.Validate_ValidBoundaryAccuracyOne_ReturnsSuccess [< 1 ms]
  Passed DINOForge.Tests.SDK.RegistryErrorTests.QueryRegistry_WithFilter_ReturnsMatching [< 1 ms]
  Passed DINOForge.Tests.UnitDefinitionUnitTests.Validate_MissingId_ReturnsFailure [< 1 ms]
  Passed DINOForge.Tests.SDK.RegistryErrorTests.ValidateReference_ToNonExistentEntry_ErrorDetected [< 1 ms]
  Passed DINOForge.Tests.UnitDefinitionUnitTests.Validate_ValidBoundaryAccuracy_ReturnsSuccess [< 1 ms]
  Passed DINOForge.Tests.SDK.RegistryErrorTests.RegisterEntry_WithNullId_FailsValidation [< 1 ms]
  Passed DINOForge.Tests.UnitDefinitionUnitTests.Validate_MissingFactionId_ReturnsFailure [< 1 ms]
  Passed DINOForge.Tests.SDK.RegistryErrorTests.RegisterEntry_WithValidData_Succeeds [< 1 ms]
  Passed DINOForge.Tests.SDK.RegistryErrorTests.DeleteEntry_WhenNotExists_NotFound [< 1 ms]
  Passed DINOForge.Tests.UnitDefinitionUnitTests.Constructor_DefaultValues_InitializesCorrectly [< 1 ms]
  Passed DINOForge.Tests.SDK.RegistryErrorTests.RegisterEntry_WithEmptyId_FailsValidation [< 1 ms]
  Passed DINOForge.Tests.UnitDefinitionUnitTests.Validate_MissingDisplayName_ReturnsFailure [< 1 ms]
  Passed DINOForge.Tests.SDK.RegistryErrorTests.ValidateCycle_A_Refs_B_B_Refs_A_IsDetected [< 1 ms]
  Passed DINOForge.Tests.SDK.RegistryErrorTests.ValidateConstraint_MaxHealth_EnforcesLimit [< 1 ms]
  Passed DINOForge.Tests.SDK.RegistryErrorTests.UpdateEntry_WithInvalidValue_FailsValidation [< 1 ms]
  Passed DINOForge.Tests.SDK.RegistryErrorTests.ValidateConstraint_MinDamage_EnforcesLimit [< 1 ms]
  Passed DINOForge.Tests.SDK.RegistryErrorTests.RegisterEntry_WithReservedId_ConflictDetected [< 1 ms]
  Passed DINOForge.Tests.SDK.RegistryErrorTests.ConflictCheck_BetweenPacks_IsEnforced [< 1 ms]
  Passed DINOForge.Tests.NativeInteropTests+GoDependencyResolverTests.ResolveDependencies_NullAvailable_ThrowsArgumentNullException [< 1 ms]
  Passed DINOForge.Tests.Phase3ACloneInfantryLODTests.Phase3A_CloneUnit_HasDefinitionUpdate(unitId: "rep_clone_militia") [1 ms]
  Passed DINOForge.Tests.NativeInteropTests+GoDependencyResolverTests.ResolveDependencies_NullTarget_ThrowsException [< 1 ms]
  Passed DINOForge.Tests.NativeInteropTests+GoDependencyResolverTests.ResolveDependencies_FallbackToCSharp_WhenBinaryNotAvailable [4 ms]
  Passed DINOForge.Tests.Phase3ACloneInfantryLODTests.Phase3A_CloneUnit_HasDefinitionUpdate(unitId: "rep_clone_heavy") [4 ms]
  Passed DINOForge.Tests.Phase3ACloneInfantryLODTests.Phase3A_CloneUnit_HasDefinitionUpdate(unitId: "rep_clone_sharpshooter") [< 1 ms]
  Passed DINOForge.Tests.NativeInteropTests+GoDependencyResolverTests.ResolveDependencies_ComplexDiamond_SortsCorrectly [< 1 ms]
  Passed DINOForge.Tests.NativeInteropTests+GoDependencyResolverTests.ResolveDependencies_MissingDependency_ReportsError [< 1 ms]
  Passed DINOForge.Tests.Phase3ACloneInfantryLODTests.Phase3A_CloneUnit_HasDefinitionUpdate(unitId: "rep_arf_trooper") [< 1 ms]
  Passed DINOForge.Tests.NativeInteropTests+GoDependencyResolverTests.ResolveDependencies_EmptyGraph_Succeeds [< 1 ms]
  Passed DINOForge.Tests.NativeInteropTests+GoDependencyResolverTests.ResolveDependencies_CircularDependency_ReportsError [< 1 ms]
  Passed DINOForge.Tests.NativeInteropTests+GoDependencyResolverTests.IsAvailable_WhenBinaryNotFound_ReturnsFalse [< 1 ms]
  Passed DINOForge.Tests.Phase3ACloneInfantryLODTests.Phase3A_CloneUnit_HasDefinitionUpdate(unitId: "rep_clone_medic") [< 1 ms]
  Passed DINOForge.Tests.ScenarioContentLoaderTests.ScenarioContentLoader_LoadPack_ThrowsForMalformedYaml [21 ms]
  Passed DINOForge.Tests.Phase3ACloneInfantryLODTests.Phase3A_CloneUnit_ConfiguredCorrectly(unitId: "rep_clone_heavy") [< 1 ms]
  Passed DINOForge.Tests.Phase3ACloneInfantryLODTests.Phase3A_CloneUnit_ConfiguredCorrectly(unitId: "rep_clone_militia") [< 1 ms]
  Passed DINOForge.Tests.Phase3ACloneInfantryLODTests.Phase3A_CloneUnit_ConfiguredCorrectly(unitId: "rep_clone_sharpshooter") [< 1 ms]
  Passed DINOForge.Tests.Phase3ACloneInfantryLODTests.Phase3A_CloneUnit_ConfiguredCorrectly(unitId: "rep_clone_medic") [< 1 ms]
  Passed DINOForge.Tests.Phase3ACloneInfantryLODTests.Phase3A_CloneUnit_ConfiguredCorrectly(unitId: "rep_arf_trooper") [< 1 ms]
  Passed DINOForge.Tests.Phase3ACloneInfantryLODTests.Phase3A_CloneUnit_HasAddressableKey(unitId: "rep_clone_heavy") [< 1 ms]
  Passed DINOForge.Tests.Phase3ACloneInfantryLODTests.Phase3A_CloneUnit_HasAddressableKey(unitId: "rep_clone_sharpshooter") [< 1 ms]
  Passed DINOForge.Tests.Phase3ACloneInfantryLODTests.Phase3A_CloneUnit_HasAddressableKey(unitId: "rep_arf_trooper") [< 1 ms]
  Passed DINOForge.Tests.Phase3ACloneInfantryLODTests.Phase3A_CloneUnit_HasAddressableKey(unitId: "rep_clone_militia") [< 1 ms]
  Passed DINOForge.Tests.ScenarioContentLoaderTests.ScenarioContentLoader_LoadPack_LoadsValidScenario [6 ms]
  Passed DINOForge.Tests.Phase3ACloneInfantryLODTests.Phase3A_CloneUnit_HasAddressableKey(unitId: "rep_clone_medic") [< 1 ms]
  Passed DINOForge.Tests.ScenarioContentLoaderTests.ScenarioContentLoader_Constructor_CreatesSuccessfully [< 1 ms]
  Passed DINOForge.Tests.Phase3ACloneInfantryLODTests.Phase3A_CloneUnit_HasOutputPrefab(unitId: "rep_clone_militia") [< 1 ms]
  Passed DINOForge.Tests.ScenarioContentLoaderTests.ScenarioContentLoader_Constructor_NullRegistryThrows [< 1 ms]
  Passed DINOForge.Tests.Phase3ACloneInfantryLODTests.Phase3A_CloneUnit_HasOutputPrefab(unitId: "rep_clone_sharpshooter") [< 1 ms]
  Passed DINOForge.Tests.Phase3ACloneInfantryLODTests.Phase3A_CloneUnit_HasOutputPrefab(unitId: "rep_clone_heavy") [< 1 ms]
  Passed DINOForge.Tests.Phase3ACloneInfantryLODTests.Phase3A_CloneUnit_HasOutputPrefab(unitId: "rep_arf_trooper") [< 1 ms]
  Passed DINOForge.Tests.Phase3ACloneInfantryLODTests.Phase3A_CloneUnit_HasOutputPrefab(unitId: "rep_clone_medic") [< 1 ms]
  Passed DINOForge.Tests.Phase3ACloneInfantryLODTests.Phase3A_CloneUnit_ReferencesRawGlbPath_InConfiguration(unitId: "rep_clone_militia") [< 1 ms]
  Passed DINOForge.Tests.Phase3ACloneInfantryLODTests.Phase3A_CloneUnit_ReferencesRawGlbPath_InConfiguration(unitId: "rep_arf_trooper") [< 1 ms]
  Passed DINOForge.Tests.Phase3ACloneInfantryLODTests.Phase3A_CloneUnit_ReferencesRawGlbPath_InConfiguration(unitId: "rep_clone_medic") [< 1 ms]
  Passed DINOForge.Tests.Phase3ACloneInfantryLODTests.Phase3A_CloneUnit_ReferencesRawGlbPath_InConfiguration(unitId: "rep_clone_sharpshooter") [< 1 ms]
  Passed DINOForge.Tests.Phase3ACloneInfantryLODTests.Phase3A_CloneUnit_ReferencesRawGlbPath_InConfiguration(unitId: "rep_clone_heavy") [< 1 ms]
  Passed DINOForge.Tests.Phase3ACloneInfantryLODTests.Phase3A_CloneUnits_UseDistinctRawGlbPaths [4 ms]
  Passed DINOForge.Tests.Phase3ACloneInfantryLODTests.Phase3A_RepublicUnit_IsRepublicFaction(unitId: "rep_clone_sharpshooter") [< 1 ms]
  Passed DINOForge.Tests.Phase3ACloneInfantryLODTests.Phase3A_RepublicUnit_IsRepublicFaction(unitId: "rep_clone_militia") [< 1 ms]
  Passed DINOForge.Tests.Phase3ACloneInfantryLODTests.Phase3A_RepublicUnit_IsRepublicFaction(unitId: "rep_arf_trooper") [< 1 ms]
  Passed DINOForge.Tests.Phase3ACloneInfantryLODTests.Phase3A_RepublicUnit_IsRepublicFaction(unitId: "rep_clone_heavy") [< 1 ms]
  Passed DINOForge.Tests.Phase3ACloneInfantryLODTests.Phase3A_RepublicUnit_IsRepublicFaction(unitId: "rep_clone_medic") [< 1 ms]
  Passed DINOForge.Tests.Phase3ACloneInfantryLODTests.Phase3A_RepublicUnits_Yaml_Exists [< 1 ms]
  Passed DINOForge.Tests.ScenarioContentLoaderTests.ScenarioContentLoader_LoadPack_LoadsMultipleScenarios [21 ms]
  Passed DINOForge.Tests.Phase3ACloneInfantryLODTests.Phase3A_RawAssets_Size_ConditionalCheck [12 ms]
  Passed DINOForge.Tests.Phase3ACloneInfantryLODTests.Phase3A_Configuration_Has5CloneUnits [< 1 ms]
  Passed DINOForge.Tests.Phase3ACloneInfantryLODTests.Phase3A_RepublicUnit_Defined(unitId: "rep_arf_trooper") [< 1 ms]
  Passed DINOForge.Tests.Phase3ACloneInfantryLODTests.Phase3A_RepublicUnit_Defined(unitId: "rep_clone_militia") [< 1 ms]
  Passed DINOForge.Tests.Phase3ACloneInfantryLODTests.Phase3A_RepublicUnit_Defined(unitId: "rep_clone_heavy") [< 1 ms]
  Passed DINOForge.Tests.Phase3ACloneInfantryLODTests.Phase3A_RepublicUnit_Defined(unitId: "rep_clone_sharpshooter") [< 1 ms]
  Passed DINOForge.Tests.Phase3ACloneInfantryLODTests.Phase3A_RepublicUnit_Defined(unitId: "rep_clone_medic") [< 1 ms]
  Passed DINOForge.Tests.Phase3ACloneInfantryLODTests.Phase3A_RepublicMaterial_Defined [< 1 ms]
  Passed DINOForge.Tests.Phase3ACloneInfantryLODTests.Phase3A_Configuration_Exists [< 1 ms]
  Passed DINOForge.Tests.ScenarioContentLoaderTests.ScenarioContentLoader_LoadPack_LoadsFromNestedDirectories [6 ms]
  Passed DINOForge.Tests.ScenarioContentLoaderTests.ScenarioContentLoader_LoadPack_PreservesAllScenarioProperties [5 ms]
  Passed DINOForge.Tests.Phase3ACloneInfantryLODTests.Phase3A_Raw_Assets_ConditionalCheck [8 ms]
  Passed DINOForge.Tests.Phase3ACloneInfantryLODTests.Phase3A_Configuration_ContainsV0_8_1_Infantry [< 1 ms]
  Passed DINOForge.Tests.Phase3ACloneInfantryLODTests.Phase3A_RepublicUnits_Has5PlusUnits [< 1 ms]
  Passed DINOForge.Tests.ModMenuTests.MenuManager_SetActivePanel_NullOrEmpty_Throws [1 ms]
  Passed DINOForge.Tests.ModMenuTests.UIPlugin_ValidatePack_EmptyPackId_Throws [< 1 ms]
  Passed DINOForge.Tests.ModMenuTests.MenuManager_Open_SetsIsMenuOpen [< 1 ms]
  Passed DINOForge.Tests.InstallerTests.Verify_MissingBepInExOnly_ReportsPartialInstall [6 ms]
  Passed DINOForge.Tests.InstallerTests.ParseLibraryFoldersVdf_MultipleLibraries_ExtractsAllPaths [< 1 ms]
  Passed DINOForge.Tests.ModMenuTests.MenuManager_GetPanelStates_ReturnsAllRegistered [1 ms]
  Passed DINOForge.Tests.InstallerTests.ParseLibraryFoldersVdf_NoPathKeys_ReturnsEmptyList [< 1 ms]
  Passed DINOForge.Tests.ModMenuTests.HUDInjectionSystem_RegisterAndGet_Works [< 1 ms]
  Passed DINOForge.Tests.ModMenuTests.HUDInjectionSystem_RegisterBeforeInit_Throws [< 1 ms]
  Passed DINOForge.Tests.ModMenuTests.MenuManager_Close_ClearsIsMenuOpen [< 1 ms]
  Passed DINOForge.Tests.ModMenuTests.HUDInjectionSystem_Shutdown_ClearsAll [< 1 ms]
  Passed DINOForge.Tests.ModMenuTests.MenuManager_SetPanelVisible_UpdatesState [< 1 ms]
  Passed DINOForge.Tests.ModMenuTests.UIPlugin_ValidatePack_ValidPackId_ReturnsEmpty [< 1 ms]
  Passed DINOForge.Tests.InstallerTests.Verify_EmptyDirectory_ReportsAllMissing [1 ms]
  Passed DINOForge.Tests.ArchitectureTests.SDK_Models_ShouldBeInModelsNamespace [50 ms]
  Passed DINOForge.Tests.ModMenuTests.HUDInjectionSystem_Unregister_RemovesElement [< 1 ms]
  Passed DINOForge.Tests.InstallerTests.ParseLibraryFoldersVdf_SingleLibrary_ExtractsPath [< 1 ms]
  Passed DINOForge.Tests.ModMenuTests.MenuManager_IsPanelVisible_UnregisteredPanel_ReturnsFalse [< 1 ms]
  Passed DINOForge.Tests.ModMenuTests.HUDInjectionSystem_Initialize_SetsFlag [< 1 ms]
  Passed DINOForge.Tests.InstallerTests.ParseLibraryFoldersVdf_EmptyContent_ReturnsEmptyList [< 1 ms]
  Passed DINOForge.Tests.ModMenuTests.UIPlugin_ContentTypes_ContainsExpectedTypes [< 1 ms]
  Passed DINOForge.Tests.InstallerTests.FindGameInLibrary_NonexistentLibrary_ReturnsNull [< 1 ms]
  Passed DINOForge.Tests.ModMenuTests.MenuManager_SetActivePanel_ChangesPanel [< 1 ms]
  Passed DINOForge.Tests.ModMenuTests.MenuManager_RegisterPanel_CanQueryVisibility [< 1 ms]
  Passed DINOForge.Tests.ModMenuTests.MenuManager_Toggle_OpensAndCloses [< 1 ms]
  Passed DINOForge.Tests.ModMenuTests.MenuManager_InitialState_IsClosed [< 1 ms]
  Passed DINOForge.Tests.InstallerTests.Verify_NullPath_ReturnsIssues [< 1 ms]
  Passed DINOForge.Tests.ScenarioRegistryUnitTests.GetScenario_CaseInsensitive_ReturnsScenario [< 1 ms]
  Passed DINOForge.Tests.InstallerTests.Verify_NonexistentPath_ReturnsIssues [< 1 ms]
  Passed DINOForge.Tests.ScenarioRegistryUnitTests.Register_NullScenario_ThrowsArgumentNullException [< 1 ms]
  Passed DINOForge.Tests.ScenarioRegistryUnitTests.All_MultipleRegistrations_IncludesAllScenarios [< 1 ms]
  Passed DINOForge.Tests.ScenarioRegistryUnitTests.Register_OverrideExisting_ReplacesScenario [< 1 ms]
  Passed DINOForge.Tests.ScenarioRegistryUnitTests.Count_MatchesAllSize [< 1 ms]
  Passed DINOForge.Tests.ScenarioRegistryUnitTests.TryGetScenario_CaseInsensitive_FindsScenario [< 1 ms]
  Passed DINOForge.Tests.ScenarioRegistryUnitTests.Register_DifferentIdsSameData_CountsAsTwo [< 1 ms]
  Passed DINOForge.Tests.ScenarioRegistryUnitTests.TryGetScenario_ExistingId_ReturnsTrueWithScenario [< 1 ms]
  Passed DINOForge.Tests.ScenarioRegistryUnitTests.TryGetScenario_NonExistentId_ReturnsFalseWithNull [< 1 ms]
  Passed DINOForge.Tests.ScenarioRegistryUnitTests.Register_NewScenario_AddsToRegistry [< 1 ms]
  Passed DINOForge.Tests.ScenarioRegistryUnitTests.GetScenario_AfterMultipleRegistrations_ReturnsLatest [< 1 ms]
  Passed DINOForge.Tests.ScenarioRegistryUnitTests.Contains_AfterMultipleRegistrations_WorksCorrectly [< 1 ms]
  Passed DINOForge.Tests.ScenarioRegistryUnitTests.All_ReturnsUniqueScenarios [< 1 ms]
  Passed DINOForge.Tests.ScenarioRegistryUnitTests.Contains_NonExistentId_ReturnsFalse [< 1 ms]
  Passed DINOForge.Tests.ScenarioRegistryUnitTests.Constructor_InitializesEmptyRegistry [< 1 ms]
  Passed DINOForge.Tests.ScenarioRegistryUnitTests.All_ReturnsEmptyReadOnlyListOnStartup [< 1 ms]
  Passed DINOForge.Tests.ScenarioRegistryUnitTests.Contains_CaseInsensitive_ReturnsTrue [< 1 ms]
  Passed DINOForge.Tests.ScenarioRegistryUnitTests.GetScenario_NonExistentId_ThrowsKeyNotFoundException [< 1 ms]
  Passed DINOForge.Tests.ScenarioRegistryUnitTests.GetScenario_ExistingId_ReturnsScenario [< 1 ms]
  Passed DINOForge.Tests.ScenarioRegistryUnitTests.Register_MultipleScenarios_IncreasesCount [< 1 ms]
  Passed DINOForge.Tests.ScenarioRegistryUnitTests.All_ReturnsReadOnlyList [< 1 ms]
  Passed DINOForge.Tests.ScenarioRegistryUnitTests.Contains_ExistingId_ReturnsTrue [< 1 ms]
  Passed DINOForge.Tests.ArchetypeTests.GetArchetype_ReturnsArchetype_ForAllCanonicalTypes(id: "industrial_swarm") [1 ms]
  Passed DINOForge.Tests.ArchetypeTests.GetArchetype_ReturnsArchetype_ForAllCanonicalTypes(id: "order") [< 1 ms]
  Passed DINOForge.Tests.ArchetypeTests.GetArchetype_ReturnsArchetype_ForAllCanonicalTypes(id: "asymmetric") [< 1 ms]
  Passed DINOForge.Tests.ArchetypeTests.GetArchetype_ThrowsForUnknown [< 1 ms]
  Passed DINOForge.Tests.ArchetypeTests.Asymmetric_HasCorrectModifiers [< 1 ms]
  Passed DINOForge.Tests.ArchetypeTests.IndustrialSwarm_HasCorrectModifiers [< 1 ms]
  Passed DINOForge.Tests.ArchetypeTests.Order_HasCorrectModifiers [< 1 ms]
  Passed DINOForge.Tests.ArchetypeTests.All_ReturnsThreeCanonicalArchetypes [< 1 ms]
  Passed DINOForge.Tests.InstallerTests.Verify_FullInstall_ReportsAllGood [8 ms]
  Passed DINOForge.Tests.InstallerTests.DinoAppId_IsCorrect [< 1 ms]
  Passed DINOForge.Tests.AssetServiceTests.Constructor_NullGameDir_Throws [< 1 ms]
  Passed DINOForge.Tests.AssetServiceTests.AssetValidationResult_Failure_HasErrorsAndNoAssets [< 1 ms]
  Passed DINOForge.Tests.AssetServiceTests.AddressablesCatalog_Load_MissingInternalIds_Throws [9 ms]
  Passed DINOForge.Tests.AssetServiceTests.AssetInfo_NullTypeName_Throws [< 1 ms]
  Passed DINOForge.Tests.AssetServiceTests.AddressablesCatalog_Load_ValidCatalog_ParsesBundlePaths [4 ms]
  Passed DINOForge.Tests.AssetServiceTests.ReadCatalog_NonExistentDir_ReturnsEmpty [< 1 ms]
  Passed DINOForge.Tests.AssetServiceTests.Constructor_NonExistentDir_DoesNotThrow [< 1 ms]
  Passed DINOForge.Tests.AssetServiceTests.AddressablesCatalog_Load_EmptyInternalIds_ReturnsEmptyMap [5 ms]
  Passed DINOForge.Tests.AssetServiceTests.AddressablesCatalog_Load_InvalidJson_Throws [2 ms]
  Passed DINOForge.Tests.AssetServiceTests.AssetValidationResult_ValidResult_HasNoErrors [< 1 ms]
  Passed DINOForge.Tests.AssetServiceTests.BundleInfo_NullPath_Throws [< 1 ms]
  Passed DINOForge.Tests.AssetServiceTests.ResolveBundlePath_ReplacesPlaceholder [< 1 ms]
  Passed DINOForge.Tests.AssetServiceTests.AssetValidationResult_NullUnityVersion_Throws [< 1 ms]
  Passed DINOForge.Tests.AssetServiceTests.AssetInfo_StoresAllProperties [< 1 ms]
  Passed DINOForge.Tests.AssetServiceTests.AssetInfo_NullName_Throws [< 1 ms]
  Passed DINOForge.Tests.AssetServiceTests.ValidateModBundle_NonExistentFile_ReturnsErrors [< 1 ms]
  Passed DINOForge.Tests.AssetServiceTests.AddressablesCatalog_NonExistentFile_Throws [< 1 ms]
  Passed DINOForge.Tests.AssetServiceTests.Dispose_CanBeCalledMultipleTimes [< 1 ms]
  Passed DINOForge.Tests.AssetServiceTests.BundleInfo_StoresAllProperties [< 1 ms]
  Passed DINOForge.Tests.AssetServiceTests.ResolveBundlePath_NoPlaceholder_ReturnsOriginal [< 1 ms]
  Passed DINOForge.Tests.AssetServiceTests.ListBundles_NonExistentDir_ReturnsEmpty [< 1 ms]
  Passed DINOForge.Tests.AssetServiceTests.BundleInfo_NullName_Throws [< 1 ms]
  Passed DINOForge.Tests.AssetServiceTests.ExtractAsset_NonExistentBundle_ReturnsNull [< 1 ms]
  Passed DINOForge.Tests.Mocks.Tests.MockUnitFactoryTests.RequestSpawn_DoesNotCheckSpawnability [< 1 ms]
  Passed DINOForge.Tests.Mocks.Tests.MockUnitFactoryTests.CanSpawn_MultipleChecks_TracksCallCount [< 1 ms]
  Passed DINOForge.Tests.Mocks.Tests.MockUnitFactoryTests.CanSpawn_WithRegisteredUnit_ReturnsTrue [< 1 ms]
  Passed DINOForge.Tests.Mocks.Tests.MockUnitFactoryTests.ClearRequests_RemovesAllSpawnRequests [< 1 ms]
  Passed DINOForge.Tests.Mocks.Tests.MockUnitFactoryTests.CanSpawn_WithUnregisteredUnit_ReturnsFalse [< 1 ms]
  Passed DINOForge.Tests.Mocks.Tests.MockUnitFactoryTests.RequestSpawn_TracksSpawnRequest [< 1 ms]
  Passed DINOForge.Tests.Mocks.Tests.MockUnitFactoryTests.SetSpawnable_CanOverride [< 1 ms]
  Passed DINOForge.Tests.Mocks.Tests.MockUnitFactoryTests.SpawnRequests_ReturnsReadOnlyList [< 1 ms]
  Passed DINOForge.Tests.Mocks.Tests.MockUnitFactoryTests.RequestSpawn_MultipleRequests_TracksAll [< 1 ms]
  Passed DINOForge.Tests.ArchitectureTests.SDK_ShouldNot_DependOnRuntime [72 ms]
  Passed DINOForge.Tests.ArchitectureTests.SDK_ShouldNot_DependOnDomains [30 ms]
  Passed DINOForge.Tests.ArchitectureTests.SDK_PublicInterfaces_ShouldBeInSDKNamespace [2 ms]
  Passed DINOForge.Tests.PackLoadsUnitTests.PropertiesCanBeSet_AndRetrieved [< 1 ms]
  Passed DINOForge.Tests.PackLoadsUnitTests.DefaultConstructor_AllPropertiesNull [< 1 ms]
  Passed DINOForge.Tests.Phase3BDroidLODTests.Phase3B_DroidUnit_HasDefinitionUpdate(unitId: "cis_probe_droid") [2 ms]
  Passed DINOForge.Tests.Phase3BDroidLODTests.Phase3B_DroidUnit_HasDefinitionUpdate(unitId: "cis_droideka") [12 ms]
  Passed DINOForge.Tests.Phase3BDroidLODTests.Phase3B_DroidUnit_HasDefinitionUpdate(unitId: "cis_sniper_droid") [2 ms]
  Passed DINOForge.Tests.Phase3BDroidLODTests.Phase3B_DroidUnit_HasDefinitionUpdate(unitId: "cis_b1_battle_droid") [2 ms]
  Passed DINOForge.Tests.Phase3BDroidLODTests.Phase3B_DroidUnit_HasDefinitionUpdate(unitId: "cis_bx_commando_droid") [1 ms]
  Passed DINOForge.Tests.Phase3BDroidLODTests.Phase3B_DroidUnit_ReferencesRawGlbPath_InConfiguration(unitId: "cis_b1_battle_droid") [2 ms]
  Passed DINOForge.Tests.Phase3BDroidLODTests.Phase3B_DroidUnit_ReferencesRawGlbPath_InConfiguration(unitId: "cis_sniper_droid") [2 ms]
  Passed DINOForge.Tests.Phase3BDroidLODTests.Phase3B_DroidUnit_ReferencesRawGlbPath_InConfiguration(unitId: "cis_droideka") [2 ms]
  Passed DINOForge.Tests.Phase3BDroidLODTests.Phase3B_DroidUnit_ReferencesRawGlbPath_InConfiguration(unitId: "cis_probe_droid") [2 ms]
  Passed DINOForge.Tests.Phase3BDroidLODTests.Phase3B_DroidUnit_ReferencesRawGlbPath_InConfiguration(unitId: "cis_bx_commando_droid") [2 ms]
  Passed DINOForge.Tests.Phase3BDroidLODTests.Phase3B_DroidUnit_ConfiguredCorrectly(unitId: "cis_bx_commando_droid") [2 ms]
  Passed DINOForge.Tests.Phase3BDroidLODTests.Phase3B_DroidUnit_ConfiguredCorrectly(unitId: "cis_probe_droid") [2 ms]
  Passed DINOForge.Tests.Phase3BDroidLODTests.Phase3B_DroidUnit_ConfiguredCorrectly(unitId: "cis_b1_battle_droid") [2 ms]
  Passed DINOForge.Tests.Phase3BDroidLODTests.Phase3B_DroidUnit_ConfiguredCorrectly(unitId: "cis_droideka") [2 ms]
  Passed DINOForge.Tests.Phase3BDroidLODTests.Phase3B_DroidUnit_ConfiguredCorrectly(unitId: "cis_sniper_droid") [2 ms]
  Passed DINOForge.Tests.Phase3BDroidLODTests.Phase3B_DroidUnits_UseDistinctRawGlbPaths [15 ms]
  Passed DINOForge.Tests.Phase3BDroidLODTests.Phase3B_DroidUnit_HasAddressableKey(unitId: "cis_probe_droid") [2 ms]
  Passed DINOForge.Tests.Phase3BDroidLODTests.Phase3B_DroidUnit_HasAddressableKey(unitId: "cis_sniper_droid") [2 ms]
  Passed DINOForge.Tests.Phase3BDroidLODTests.Phase3B_DroidUnit_HasAddressableKey(unitId: "cis_bx_commando_droid") [2 ms]
  Passed DINOForge.Tests.Phase3BDroidLODTests.Phase3B_DroidUnit_HasAddressableKey(unitId: "cis_droideka") [2 ms]
  Passed DINOForge.Tests.Phase3BDroidLODTests.Phase3B_DroidUnit_HasAddressableKey(unitId: "cis_b1_battle_droid") [2 ms]
  Passed DINOForge.Tests.Phase3BDroidLODTests.Phase3B_CISUnit_IsCISFaction(unitId: "cis_b1_battle_droid") [< 1 ms]
  Passed DINOForge.Tests.Phase3BDroidLODTests.Phase3B_CISUnit_IsCISFaction(unitId: "cis_sniper_droid") [< 1 ms]
  Passed DINOForge.Tests.Phase3BDroidLODTests.Phase3B_CISUnit_IsCISFaction(unitId: "cis_probe_droid") [< 1 ms]
  Passed DINOForge.Tests.Phase3BDroidLODTests.Phase3B_CISUnit_IsCISFaction(unitId: "cis_bx_commando_droid") [< 1 ms]
  Passed DINOForge.Tests.Phase3BDroidLODTests.Phase3B_CISUnit_IsCISFaction(unitId: "cis_droideka") [< 1 ms]
  Passed DINOForge.Tests.Phase3BDroidLODTests.Phase3B_CISMaterial_Defined [< 1 ms]
  Passed DINOForge.Tests.Phase3BDroidLODTests.Phase3B_DroidUnit_HasOutputPrefab(unitId: "cis_b1_battle_droid") [2 ms]
  Passed DINOForge.Tests.Phase3BDroidLODTests.Phase3B_DroidUnit_HasOutputPrefab(unitId: "cis_droideka") [2 ms]
  Passed DINOForge.Tests.Phase3BDroidLODTests.Phase3B_DroidUnit_HasOutputPrefab(unitId: "cis_bx_commando_droid") [2 ms]
  Passed DINOForge.Tests.Phase3BDroidLODTests.Phase3B_DroidUnit_HasOutputPrefab(unitId: "cis_sniper_droid") [2 ms]
  Passed DINOForge.Tests.Phase3BDroidLODTests.Phase3B_DroidUnit_HasOutputPrefab(unitId: "cis_probe_droid") [1 ms]
  Passed DINOForge.Tests.Phase3BDroidLODTests.Phase3B_Configuration_Exists [< 1 ms]
  Passed DINOForge.Tests.Phase3BDroidLODTests.Phase3B_CISUnits_Has5Units [< 1 ms]
  Passed DINOForge.Tests.Phase3BDroidLODTests.Phase3B_CISUnit_Defined(unitId: "cis_probe_droid") [< 1 ms]
  Passed DINOForge.Tests.Phase3BDroidLODTests.Phase3B_CISUnit_Defined(unitId: "cis_bx_commando_droid") [< 1 ms]
  Passed DINOForge.Tests.Phase3BDroidLODTests.Phase3B_CISUnit_Defined(unitId: "cis_b1_battle_droid") [< 1 ms]
  Passed DINOForge.Tests.Phase3BDroidLODTests.Phase3B_CISUnit_Defined(unitId: "cis_droideka") [< 1 ms]
  Passed DINOForge.Tests.Phase3BDroidLODTests.Phase3B_CISUnit_Defined(unitId: "cis_sniper_droid") [< 1 ms]
  Passed DINOForge.Tests.Phase3BDroidLODTests.Phase3B_Configuration_Has5Droids [1 ms]
  Passed DINOForge.Tests.Phase3BDroidLODTests.Phase3B_Configuration_ContainsV0_9_0_CISDroids [< 1 ms]
  Passed DINOForge.Tests.Phase3BDroidLODTests.Phase3B_CISUnits_Yaml_Exists [< 1 ms]
  Passed DINOForge.Tests.SDK.UI.ModMenuHostAdapterTests.Instance_IsSingleton [< 1 ms]
  Passed DINOForge.Tests.SDK.UI.ModMenuHostAdapterTests.Toggle_WithoutTarget_FlipsIntendedVisible [< 1 ms]
  Passed DINOForge.Tests.SDK.UI.ModMenuHostAdapterTests.Show_DelegatesToTarget_WhenWired [< 1 ms]
  Passed DINOForge.Tests.SDK.UI.ModMenuHostAdapterTests.Instance_ImplementsIModMenuHost [< 1 ms]
  Passed DINOForge.Tests.SDK.UI.ModMenuHostAdapterTests.Show_WithoutTarget_RecordsIntendedVisible [< 1 ms]
  Passed DINOForge.Tests.EconomyPluginUnitTests.GenerateBalanceReport_ThrowsArgumentNullException_WhenTradeRoutesIsNull [< 1 ms]
  Passed DINOForge.Tests.EconomyPluginUnitTests.Balance_IsNotNull_AfterConstruction [< 1 ms]
  Passed DINOForge.Tests.EconomyPluginUnitTests.ValidatePack_ReturnsValidationResult [< 1 ms]
  Passed DINOForge.Tests.EconomyPluginUnitTests.Production_IsNotNull_AfterConstruction [< 1 ms]
  Passed DINOForge.Tests.EconomyPluginUnitTests.Trade_IsNotNull_AfterConstruction [< 1 ms]
  Passed DINOForge.Tests.EconomyPluginUnitTests.Validator_IsNotNull_AfterConstruction [< 1 ms]
  Passed DINOForge.Tests.EconomyPluginUnitTests.ValidatePack_ThrowsArgumentException_WhenPackIdIsEmpty [< 1 ms]
  Passed DINOForge.Tests.EconomyPluginUnitTests.ValidatePack_ThrowsArgumentException_WhenPackIdIsNull [< 1 ms]
  Passed DINOForge.Tests.EconomyPluginUnitTests.Constructor_InitializesAllSubsystems [< 1 ms]
  Passed DINOForge.Tests.EconomyPluginUnitTests.GenerateBalanceReport_ReturnsBalanceReport [< 1 ms]
  Passed DINOForge.Tests.EconomyPluginUnitTests.GenerateBalanceReport_ThrowsArgumentException_WhenPackIdIsNull [< 1 ms]
  Passed DINOForge.Tests.EconomyPluginUnitTests.ValidatePack_ThrowsArgumentNullException_WhenProfilesIsNull [< 1 ms]
  Passed DINOForge.Tests.EconomyPluginUnitTests.Constructor_ThrowsArgumentNullException_WhenRegistriesIsNull [< 1 ms]
  Passed DINOForge.Tests.EconomyPluginUnitTests.ValidatePack_ThrowsArgumentNullException_WhenTradeRoutesIsNull [3 ms]
  Passed DINOForge.Tests.EconomyPluginUnitTests.GenerateBalanceReport_ThrowsArgumentException_WhenPackIdIsEmpty [< 1 ms]
  Passed DINOForge.Tests.EconomyPluginUnitTests.GenerateBalanceReport_ThrowsArgumentNullException_WhenProfilesIsNull [< 1 ms]
  Passed DINOForge.Tests.ParameterizedTests.RuntimeBridgeFsCheckProperties.WaveInjector_GetActiveWaveCount_IsNonNegative [1 ms]
  Passed DINOForge.Tests.SchemaVersionCompatibilityPropertyTests.Wildcard_AlwaysMatches [1 ms]
  Passed DINOForge.Tests.SchemaVersionCompatibilityPropertyTests.GeConstraint_Accepts_ExactLowerBound [< 1 ms]
  Passed DINOForge.Tests.Support.TestWaitTests.UntilAsync_CancellationRequested_Throws [1 s]
  Passed DINOForge.Tests.Support.TestWaitTests.UntilAsync_NullPredicate_Throws [1 ms]
  Passed DINOForge.Tests.ParameterizedTests.RuntimeBridgeFsCheckProperties.WaveInjector_QueueWave_IgnoresNullRequest [1 ms]
  Passed DINOForge.Tests.CompatibilityCheckerPropertyTests.CaretBlocksMajorVersionChanges [3 ms]
  Passed DINOForge.Tests.ParameterizedTests.ToolsFsCheckProperties.CliTools_TryParseVersionSuffix_ExtractsExactly [8 ms]
  Passed DINOForge.Tests.ParameterizedTests.McpServerFsCheckProperties.JsonRpcRequest_Jsonrpc_AlwaysVersion2Point0 [9 ms]
  Passed DINOForge.Tests.ParameterizedTests.AddressablesFsCheckProperties.AddressablesCatalog_ResolveBundlePath_ReplacesPaths [6 ms]
  Passed DINOForge.Tests.ParameterizedTests.BridgeFsCheckProperties.BridgeReceipt_HmacCompute_IsCollisionResistant [12 ms]
  Passed DINOForge.Tests.ParameterizedTests.ScenarioRunnerFsCheckProperties.DifficultyScaler_ScaleResources_NormalDifficulty_ReturnsExact [8 ms]
  Passed DINOForge.Tests.MockGameBridgeServerTests.MockGameBridgeServer_MonotonicFrameCounter [1 s]
[xUnit.net 00:00:06.42]     DINOForge.Tests.MockGameBridgeServerTests.MockGameBridgeServer_StrictMode_AcceptsValidReceipt [SKIP]
[xUnit.net 00:00:06.42]       Issue #409: 6s timeout during receipt verification
  Skipped DINOForge.Tests.MockGameBridgeServerTests.MockGameBridgeServer_StrictMode_AcceptsValidReceipt [1 ms]
  Passed DINOForge.Tests.CompatibilityCheckerPropertyTests.TildeBlocksMinorVersionChanges [1 ms]
  Passed DINOForge.Tests.ParameterizedTests.PackLoaderFsCheckProperties.PackDependencyResolver_LoadOrder_IsTopologicalSort [13 ms]
  Passed DINOForge.Tests.ParameterizedTests.RegistryFsCheckProperties.PackDependencyResolver_Cycle_DetectedAndFails [14 ms]
  Passed DINOForge.Tests.ParameterizedTests.ScenarioRunnerFsCheckProperties.DifficultyScaler_ScaleResources_Monotonic_Hard_LessThan_Normal [6 ms]
  Passed DINOForge.Tests.CompatibilityCheckerPropertyTests.EmptyRangeAlwaysMatches [6 ms]
  Passed DINOForge.Tests.ParameterizedTests.ScenarioRunnerFsCheckProperties.VictoryCondition_SurviveWaves_ZeroTarget_AlwaysTrue [1 ms]
  Passed DINOForge.Tests.ParameterizedTests.ScenarioRunnerFsCheckProperties.ScriptedEvent_TriggerEvaluation_IsIdempotent [1 ms]
  Passed DINOForge.Tests.ParameterizedTests.McpServerFsCheckProperties.JsonRpcResponse_Result_And_Error_MutuallyExclusive [12 ms]
  Passed DINOForge.Tests.ParameterizedTests.ScenarioRunnerFsCheckProperties.ScenarioRunner_CheckDefeatConditions_PopulationZero_ConsistenWithState [1 ms]
  Passed DINOForge.Tests.ParameterizedTests.ToolsFsCheckProperties.AssetctlCli_TryParseModelRef_ExtractsPartsExactly [16 ms]
  Passed DINOForge.Tests.CompatibilityCheckerPropertyTests.GreaterThanOrEqualMonotonicity [7 ms]
  Passed DINOForge.Tests.ParameterizedTests.RegistryFsCheckProperties.Registry_Contains_ConsistentWithGet [14 ms]
  Passed DINOForge.Tests.ParameterizedTests.McpServerFsCheckProperties.BridgeReceipt_SessionId_UTF8RoundtripLossless [5 ms]
  Passed DINOForge.Tests.CompatibilityCheckerPropertyTests.WildcardAlwaysMatches [2 ms]
  Passed DINOForge.Tests.ParameterizedTests.AddressablesFsCheckProperties.AssetReplacementEngine_Clear_ResetsAllMaps [18 ms]
  Passed DINOForge.Tests.ParameterizedTests.ScenarioRunnerFsCheckProperties.DifficultyScaler_ScaleWaveIntensity_Monotonic_InWaveNumber [5 ms]
  Passed DINOForge.Tests.ParameterizedTests.RegistryFsCheckProperties.Registry_Get_UnknownId_ReturnsNull [8 ms]
  Passed DINOForge.Tests.CompatibilityCheckerPropertyTests.ExactVersionMatchingIsReflexive [8 ms]
  Passed DINOForge.Tests.ParameterizedTests.ScenarioRunnerFsCheckProperties.VictoryCondition_FieldAssignment_IsStableAndRetrieves [9 ms]
  Passed DINOForge.Tests.ParameterizedTests.ScenarioRunnerFsCheckProperties.ScenarioRunner_CheckVictoryConditions_EmptyConditions_ReturnsFalse [3 ms]
  Passed DINOForge.Tests.ParameterizedTests.McpServerFsCheckProperties.JsonRpcRequest_SpecialCharsInParams_RoundtripLosslessly [19 ms]
  Passed DINOForge.Tests.ParameterizedTests.RegistryFsCheckProperties.PackDependencyResolver_LinearChain_PreservesOrder [14 ms]
  Passed DINOForge.Tests.ParameterizedTests.ToolsFsCheckProperties.DumpTools_EntityAggregation_SumEqualsTotal [25 ms]
  Passed DINOForge.Tests.ParameterizedTests.McpServerFsCheckProperties.JsonRpcRequest_MethodName_AssignmentStable [9 ms]
  Passed DINOForge.Tests.ParameterizedTests.ScenarioRunnerFsCheckProperties.DefeatCondition_NullableTargetValue_PreservesNullability [15 ms]
  Passed DINOForge.Tests.ParameterizedTests.RegistryFsCheckProperties.Registry_Register_Then_Get_ReturnsItem [11 ms]
  Passed DINOForge.Tests.ParameterizedTests.ToolsFsCheckProperties.PrefabGeneration_SanitizeAssetId_ProducesValidIdentifier [12 ms]
  Passed DINOForge.Tests.ParameterizedTests.McpServerFsCheckProperties.JsonRpcError_Code_NeverZero [7 ms]
  Passed DINOForge.Tests.ParameterizedTests.ToolsFsCheckProperties.AssetImport_MeshRoundtrip_PreservesTriangleCount [1 ms]
  Passed DINOForge.Tests.ParameterizedTests.ToolsFsCheckProperties.AddressablesService_ValidateCatalogKey_RejectsSpaces [4 ms]
  Passed DINOForge.Tests.ParameterizedTests.McpServerFsCheckProperties.JsonRpcRequest_And_Response_ID_Correlatable [10 ms]
[xUnit.net 00:00:06.45]     DINOForge.Tests.Support.TestWaitTests.UntilAsync_PredicateBecomesTrue_ReturnsTrueWithinTimeout [SKIP]
[xUnit.net 00:00:06.46]       Iter-118: Timing-sensitive test — 1528ms vs expected <1000ms
[12:37:26 DBG] Sending request 'dumpState' to pipe 'dinoforge-game-bridge' (attempt 2/4)
[12:37:26 ERR] Cannot send request - not connected to pipe 'dinoforge-game-bridge'
[12:37:26 WRN] Request 'dumpState' failed on attempt 2: Not connected to the game bridge. Call ConnectAsync first.
DINOForge.Bridge.Client.GameClientException: Not connected to the game bridge. Call ConnectAsync first.
   at DINOForge.Bridge.Client.GameClient.SendRequestCoreAsync[T](String method, Object parameters, CancellationToken ct, Nullable`1 sendTimeout, Nullable`1 readTimeout) in C:\Users\koosh\Dino\src\Bridge\Client\GameClient.cs:line 501
   at DINOForge.Bridge.Client.GameClient.SendRequestAsync[T](String method, Object parameters, CancellationToken ct) in C:\Users\koosh\Dino\src\Bridge\Client\GameClient.cs:line 462
[12:37:26 INF] Connecting to pipe 'dinoforge-game-bridge' with timeout 5000ms
[12:37:26 DBG] Sending request 'dumpState' to pipe 'dinoforge-game-bridge' (attempt 2/4)
[12:37:26 ERR] Cannot send request - not connected to pipe 'dinoforge-game-bridge'
[12:37:26 WRN] Request 'dumpState' failed on attempt 2: Not connected to the game bridge. Call ConnectAsync first.
DINOForge.Bridge.Client.GameClientException: Not connected to the game bridge. Call ConnectAsync first.
   at DINOForge.Bridge.Client.GameClient.SendRequestCoreAsync[T](String method, Object parameters, CancellationToken ct, Nullable`1 sendTimeout, Nullable`1 readTimeout) in C:\Users\koosh\Dino\src\Bridge\Client\GameClient.cs:line 501
   at DINOForge.Bridge.Client.GameClient.SendRequestAsync[T](String method, Object parameters, CancellationToken ct) in C:\Users\koosh\Dino\src\Bridge\Client\GameClient.cs:line 462
[12:37:26 INF] Connecting to pipe 'dinoforge-game-bridge' with timeout 5000ms
[12:37:26 DBG] Sending request 'getResources' to pipe 'dinoforge-game-bridge' (attempt 2/4)
[12:37:26 ERR] Cannot send request - not connected to pipe 'dinoforge-game-bridge'
[12:37:26 WRN] Request 'getResources' failed on attempt 2: Not connected to the game bridge. Call ConnectAsync first.
DINOForge.Bridge.Client.GameClientException: Not connected to the game bridge. Call ConnectAsync first.
   at DINOForge.Bridge.Client.GameClient.SendRequestCoreAsync[T](String method, Object parameters, CancellationToken ct, Nullable`1 sendTimeout, Nullable`1 readTimeout) in C:\Users\koosh\Dino\src\Bridge\Client\GameClient.cs:line 501
   at DINOForge.Bridge.Client.GameClient.SendRequestAsync[T](String method, Object parameters, CancellationToken ct) in C:\Users\koosh\Dino\src\Bridge\Client\GameClient.cs:line 462
[12:37:26 INF] Connecting to pipe 'dinoforge-game-bridge' with timeout 5000ms
[12:37:26 DBG] Sending request 'screenshot' to pipe 'dinoforge-game-bridge' (attempt 2/4)
[12:37:26 DBG] Sending request 'waitForWorld' to pipe 'dinoforge-game-bridge' (attempt 2/4)
[12:37:26 ERR] Cannot send request - not connected to pipe 'dinoforge-game-bridge'
[12:37:26 ERR] Cannot send request - not connected to pipe 'dinoforge-game-bridge'
[12:37:26 WRN] Request 'screenshot' failed on attempt 2: Not connected to the game bridge. Call ConnectAsync first.
DINOForge.Bridge.Client.GameClientException: Not connected to the game bridge. Call ConnectAsync first.
   at DINOForge.Bridge.Client.GameClient.SendRequestCoreAsync[T](String method, Object parameters, CancellationToken ct, Nullable`1 sendTimeout, Nullable`1 readTimeout) in C:\Users\koosh\Dino\src\Bridge\Client\GameClient.cs:line 501
   at DINOForge.Bridge.Client.GameClient.SendRequestAsync[T](String method, Object parameters, CancellationToken ct) in C:\Users\koosh\Dino\src\Bridge\Client\GameClient.cs:line 462
[12:37:26 WRN] Request 'waitForWorld' failed on attempt 2: Not connected to the game bridge. Call ConnectAsync first.
DINOForge.Bridge.Client.GameClientException: Not connected to the game bridge. Call ConnectAsync first.
   at DINOForge.Bridge.Client.GameClient.SendRequestCoreAsync[T](String method, Object parameters, CancellationToken ct, Nullable`1 sendTimeout, Nullable`1 readTimeout) in C:\Users\koosh\Dino\src\Bridge\Client\GameClient.cs:line 501
   at DINOForge.Bridge.Client.GameClient.SendRequestAsync[T](String method, Object parameters, CancellationToken ct) in C:\Users\koosh\Dino\src\Bridge\Client\GameClient.cs:line 462
[12:37:26 INF] Connecting to pipe 'dinoforge-game-bridge' with timeout 5000ms
[12:37:26 INF] Connecting to pipe 'dinoforge-game-bridge' with timeout 5000ms
[12:37:26 DBG] Sending request 'ping' to pipe 'dinoforge-game-bridge' (attempt 2/4)
[12:37:26 ERR] Cannot send request - not connected to pipe 'dinoforge-game-bridge'
[12:37:26 WRN] Request 'ping' failed on attempt 2: Not connected to the game bridge. Call ConnectAsync first.
DINOForge.Bridge.Client.GameClientException: Not connected to the game bridge. Call ConnectAsync first.
   at DINOForge.Bridge.Client.GameClient.SendRequestCoreAsync[T](String method, Object parameters, CancellationToken ct, Nullable`1 sendTimeout, Nullable`1 readTimeout) in C:\Users\koosh\Dino\src\Bridge\Client\GameClient.cs:line 501
   at DINOForge.Bridge.Client.GameClient.SendRequestAsync[T](String method, Object parameters, CancellationToken ct) in C:\Users\koosh\Dino\src\Bridge\Client\GameClient.cs:line 462
[12:37:26 INF] Connecting to pipe 'dinoforge-game-bridge' with timeout 5000ms
[12:37:26 DBG] Sending request 'waitForWorld' to pipe 'dinoforge-game-bridge' (attempt 2/4)
[12:37:26 ERR] Cannot send request - not connected to pipe 'dinoforge-game-bridge'
[12:37:26 WRN] Request 'waitForWorld' failed on attempt 2: Not connected to the game bridge. Call ConnectAsync first.
DINOForge.Bridge.Client.GameClientException: Not connected to the game bridge. Call ConnectAsync first.
   at DINOForge.Bridge.Client.GameClient.SendRequestCoreAsync[T](String method, Object parameters, CancellationToken ct, Nullable`1 sendTimeout, Nullable`1 readTimeout) in C:\Users\koosh\Dino\src\Bridge\Client\GameClient.cs:line 501
   at DINOForge.Bridge.Client.GameClient.SendRequestAsync[T](String method, Object parameters, CancellationToken ct) in C:\Users\koosh\Dino\src\Bridge\Client\GameClient.cs:line 462
[12:37:26 INF] Connecting to pipe 'dinoforge-game-bridge' with timeout 5000ms
[12:37:26 DBG] Sending request 'screenshot' to pipe 'dinoforge-game-bridge' (attempt 2/4)
[12:37:26 ERR] Cannot send request - not connected to pipe 'dinoforge-game-bridge'
[12:37:26 WRN] Request 'screenshot' failed on attempt 2: Not connected to the game bridge. Call ConnectAsync first.
DINOForge.Bridge.Client.GameClientException: Not connected to the game bridge. Call ConnectAsync first.
   at DINOForge.Bridge.Client.GameClient.SendRequestCoreAsync[T](String method, Object parameters, CancellationToken ct, Nullable`1 sendTimeout, Nullable`1 readTimeout) in C:\Users\koosh\Dino\src\Bridge\Client\GameClient.cs:line 501
   at DINOForge.Bridge.Client.GameClient.SendRequestAsync[T](String method, Object parameters, CancellationToken ct) in C:\Users\koosh\Dino\src\Bridge\Client\GameClient.cs:line 462
[12:37:26 INF] Connecting to pipe 'dinoforge-game-bridge' with timeout 5000ms
  Passed DINOForge.Tests.ParameterizedTests.RegistryFsCheckProperties.Registry_All_Count_EqualsRegistrationCount [18 ms]
  Passed DINOForge.Tests.ParameterizedTests.McpServerFsCheckProperties.BridgeReceipt_RequiredFields_NeverNull [7 ms]
  Passed DINOForge.Tests.MockGameBridgeServerTests.MockGameBridgeServer_ConnectHandshake_ReturnsSessionEnvelope [117 ms]
  Passed DINOForge.Tests.Support.TestWaitTests.UntilAsync_PredicateNeverTrue_ReturnsFalseAfterTimeout [230 ms]
  Skipped DINOForge.Tests.Support.TestWaitTests.UntilAsync_PredicateBecomesTrue_ReturnsTrueWithinTimeout [1 ms]
  Passed DINOForge.Tests.MockGameBridgeServerTests.GameClient_DefaultOptions_PerformsHandshakeAndVerifiesStrict [111 ms]
  Passed DINOForge.Tests.DumpToolsTests.ShowSystems_WithValidFixture_ReturnsSuccessAndListsSystems [2 s]
[12:37:28 ERR] Failed to connect to pipe 'dinoforge-game-bridge'
System.TimeoutException: Connection timeout after 5s
 ---> System.OperationCanceledException: The operation was canceled.
   at System.Threading.CancellationToken.ThrowOperationCanceledException()
   at System.Threading.CancellationToken.ThrowIfCancellationRequested()
   at System.IO.Pipes.NamedPipeClientStream.ConnectInternal(Int32 timeout, CancellationToken cancellationToken, Int32 startTime)
   at System.Threading.ExecutionContext.RunFromThreadPoolDispatchLoop(Thread threadPoolThread, ExecutionContext executionContext, ContextCallback callback, Object state)
--- End of stack trace from previous location ---
   at System.Threading.ExecutionContext.RunFromThreadPoolDispatchLoop(Thread threadPoolThread, ExecutionContext executionContext, ContextCallback callback, Object state)
   at System.Threading.Tasks.Task.ExecuteWithThreadLocal(Task& currentTaskSlot, Thread threadPoolThread)
--- End of stack trace from previous location ---
   at DINOForge.Bridge.Client.GameClient.ConnectAsync(Nullable`1 connectTimeout, CancellationToken ct) in C:\Users\koosh\Dino\src\Bridge\Client\GameClient.cs:line 172
   --- End of inner exception stack trace ---
   at DINOForge.Bridge.Client.GameClient.ConnectAsync(Nullable`1 connectTimeout, CancellationToken ct) in C:\Users\koosh\Dino\src\Bridge\Client\GameClient.cs:line 176
[12:37:28 ERR] Failed to execute 'ping' after 1 attempts
DINOForge.Bridge.Client.GameClientException: Connection closed by the game bridge server.
   at DINOForge.Bridge.Client.GameClient.SendRequestCoreAsync[T](String method, Object parameters, CancellationToken ct, Nullable`1 sendTimeout, Nullable`1 readTimeout) in C:\Users\koosh\Dino\src\Bridge\Client\GameClient.cs:line 578
   at DINOForge.Bridge.Client.GameClient.SendRequestAsync[T](String method, Object parameters, CancellationToken ct) in C:\Users\koosh\Dino\src\Bridge\Client\GameClient.cs:line 462
  Passed DINOForge.Tests.GameClientCoverageTests.RetryCountExceeded_ThrowsAfterRetries [5 s]
[12:37:28 DBG] Sending request 'ping' to pipe 'dinoforge-game-bridge' (attempt 1/1)
[12:37:28 ERR] Server returned error for request 'ping': [-32600] Invalid request
[12:37:28 WRN] Request 'ping' failed on attempt 1: Server error [-32600]: Invalid request
DINOForge.Bridge.Client.GameClientException: Server error [-32600]: Invalid request
   at DINOForge.Bridge.Client.GameClient.SendRequestCoreAsync[T](String method, Object parameters, CancellationToken ct, Nullable`1 sendTimeout, Nullable`1 readTimeout) in C:\Users\koosh\Dino\src\Bridge\Client\GameClient.cs:line 592
   at DINOForge.Bridge.Client.GameClient.SendRequestAsync[T](String method, Object parameters, CancellationToken ct) in C:\Users\koosh\Dino\src\Bridge\Client\GameClient.cs:line 462
[12:37:28 ERR] Failed to execute 'ping' after 1 attempts
DINOForge.Bridge.Client.GameClientException: Server error [-32600]: Invalid request
   at DINOForge.Bridge.Client.GameClient.SendRequestCoreAsync[T](String method, Object parameters, CancellationToken ct, Nullable`1 sendTimeout, Nullable`1 readTimeout) in C:\Users\koosh\Dino\src\Bridge\Client\GameClient.cs:line 592
   at DINOForge.Bridge.Client.GameClient.SendRequestAsync[T](String method, Object parameters, CancellationToken ct) in C:\Users\koosh\Dino\src\Bridge\Client\GameClient.cs:line 462
[12:37:28 DBG] Sending request 'ping' to pipe 'dinoforge-game-bridge' (attempt 1/1)
[12:37:28 ERR] Cannot send request - not connected to pipe 'dinoforge-game-bridge'
[12:37:28 WRN] Request 'ping' failed on attempt 1: Not connected to the game bridge. Call ConnectAsync first.
DINOForge.Bridge.Client.GameClientException: Not connected to the game bridge. Call ConnectAsync first.
   at DINOForge.Bridge.Client.GameClient.SendRequestCoreAsync[T](String method, Object parameters, CancellationToken ct, Nullable`1 sendTimeout, Nullable`1 readTimeout) in C:\Users\koosh\Dino\src\Bridge\Client\GameClient.cs:line 501
   at DINOForge.Bridge.Client.GameClient.SendRequestAsync[T](String method, Object parameters, CancellationToken ct) in C:\Users\koosh\Dino\src\Bridge\Client\GameClient.cs:line 462
[12:37:28 INF] Connecting to pipe 'dinoforge-game-bridge' with timeout 5000ms
  Passed DINOForge.Tests.GameClientCoverageTests.ValidErrorResponse_ThrowsGameClientException [6 ms]
  Passed DINOForge.Tests.DumpToolsTests.ShowComponents_WithValidFixture_ReturnsSuccessAndListsComponentCounts [1 s]
[12:37:31 ERR] Failed to connect to pipe 'dinoforge-game-bridge'
System.TimeoutException: Connection timeout after 5s
 ---> System.OperationCanceledException: The operation was canceled.
   at System.Threading.CancellationToken.ThrowOperationCanceledException()
   at System.Threading.CancellationToken.ThrowIfCancellationRequested()
   at System.IO.Pipes.NamedPipeClientStream.ConnectInternal(Int32 timeout, CancellationToken cancellationToken, Int32 startTime)
   at System.Threading.ExecutionContext.RunFromThreadPoolDispatchLoop(Thread threadPoolThread, ExecutionContext executionContext, ContextCallback callback, Object state)
--- End of stack trace from previous location ---
   at System.Threading.ExecutionContext.RunFromThreadPoolDispatchLoop(Thread threadPoolThread, ExecutionContext executionContext, ContextCallback callback, Object state)
   at System.Threading.Tasks.Task.ExecuteWithThreadLocal(Task& currentTaskSlot, Thread threadPoolThread)
--- End of stack trace from previous location ---
   at DINOForge.Bridge.Client.GameClient.ConnectAsync(Nullable`1 connectTimeout, CancellationToken ct) in C:\Users\koosh\Dino\src\Bridge\Client\GameClient.cs:line 172
   --- End of inner exception stack trace ---
   at DINOForge.Bridge.Client.GameClient.ConnectAsync(Nullable`1 connectTimeout, CancellationToken ct) in C:\Users\koosh\Dino\src\Bridge\Client\GameClient.cs:line 176
[12:37:31 ERR] Failed to connect to pipe 'dinoforge-game-bridge'
System.TimeoutException: Connection timeout after 5s
 ---> System.OperationCanceledException: The operation was canceled.
   at System.Threading.CancellationToken.ThrowOperationCanceledException()
   at System.Threading.CancellationToken.ThrowIfCancellationRequested()
   at System.IO.Pipes.NamedPipeClientStream.ConnectInternal(Int32 timeout, CancellationToken cancellationToken, Int32 startTime)
   at System.Threading.ExecutionContext.RunFromThreadPoolDispatchLoop(Thread threadPoolThread, ExecutionContext executionContext, ContextCallback callback, Object state)
--- End of stack trace from previous location ---
   at System.Threading.ExecutionContext.RunFromThreadPoolDispatchLoop(Thread threadPoolThread, ExecutionContext executionContext, ContextCallback callback, Object state)
   at System.Threading.Tasks.Task.ExecuteWithThreadLocal(Task& currentTaskSlot, Thread threadPoolThread)
--- End of stack trace from previous location ---
   at DINOForge.Bridge.Client.GameClient.ConnectAsync(Nullable`1 connectTimeout, CancellationToken ct) in C:\Users\koosh\Dino\src\Bridge\Client\GameClient.cs:line 172
   --- End of inner exception stack trace ---
   at DINOForge.Bridge.Client.GameClient.ConnectAsync(Nullable`1 connectTimeout, CancellationToken ct) in C:\Users\koosh\Dino\src\Bridge\Client\GameClient.cs:line 176
[12:37:31 WRN] Retrying request 'dumpState' (attempt 3/4)
[12:37:31 WRN] Retrying request 'dumpState' (attempt 3/4)
[12:37:31 ERR] Failed to connect to pipe 'dinoforge-game-bridge'
System.TimeoutException: Connection timeout after 5s
 ---> System.OperationCanceledException: The operation was canceled.
   at System.Threading.CancellationToken.ThrowOperationCanceledException()
   at System.Threading.CancellationToken.ThrowIfCancellationRequested()
   at System.IO.Pipes.NamedPipeClientStream.ConnectInternal(Int32 timeout, CancellationToken cancellationToken, Int32 startTime)
   at System.Threading.ExecutionContext.RunFromThreadPoolDispatchLoop(Thread threadPoolThread, ExecutionContext executionContext, ContextCallback callback, Object state)
--- End of stack trace from previous location ---
   at System.Threading.ExecutionContext.RunFromThreadPoolDispatchLoop(Thread threadPoolThread, ExecutionContext executionContext, ContextCallback callback, Object state)
   at System.Threading.Tasks.Task.ExecuteWithThreadLocal(Task& currentTaskSlot, Thread threadPoolThread)
--- End of stack trace from previous location ---
   at DINOForge.Bridge.Client.GameClient.ConnectAsync(Nullable`1 connectTimeout, CancellationToken ct) in C:\Users\koosh\Dino\src\Bridge\Client\GameClient.cs:line 172
   --- End of inner exception stack trace ---
   at DINOForge.Bridge.Client.GameClient.ConnectAsync(Nullable`1 connectTimeout, CancellationToken ct) in C:\Users\koosh\Dino\src\Bridge\Client\GameClient.cs:line 176
[12:37:31 WRN] Retrying request 'getResources' (attempt 3/4)
[12:37:31 ERR] Failed to connect to pipe 'dinoforge-game-bridge'
System.TimeoutException: Connection timeout after 5s
 ---> System.OperationCanceledException: The operation was canceled.
   at System.Threading.CancellationToken.ThrowOperationCanceledException()
   at System.Threading.CancellationToken.ThrowIfCancellationRequested()
   at System.IO.Pipes.NamedPipeClientStream.ConnectInternal(Int32 timeout, CancellationToken cancellationToken, Int32 startTime)
   at System.Threading.ExecutionContext.RunFromThreadPoolDispatchLoop(Thread threadPoolThread, ExecutionContext executionContext, ContextCallback callback, Object state)
--- End of stack trace from previous location ---
   at System.Threading.ExecutionContext.RunFromThreadPoolDispatchLoop(Thread threadPoolThread, ExecutionContext executionContext, ContextCallback callback, Object state)
   at System.Threading.Tasks.Task.ExecuteWithThreadLocal(Task& currentTaskSlot, Thread threadPoolThread)
--- End of stack trace from previous location ---
   at DINOForge.Bridge.Client.GameClient.ConnectAsync(Nullable`1 connectTimeout, CancellationToken ct) in C:\Users\koosh\Dino\src\Bridge\Client\GameClient.cs:line 172
   --- End of inner exception stack trace ---
   at DINOForge.Bridge.Client.GameClient.ConnectAsync(Nullable`1 connectTimeout, CancellationToken ct) in C:\Users\koosh\Dino\src\Bridge\Client\GameClient.cs:line 176
[12:37:31 ERR] Failed to connect to pipe 'dinoforge-game-bridge'
System.TimeoutException: Connection timeout after 5s
 ---> System.OperationCanceledException: The operation was canceled.
   at System.Threading.CancellationToken.ThrowOperationCanceledException()
   at System.Threading.CancellationToken.ThrowIfCancellationRequested()
   at System.IO.Pipes.NamedPipeClientStream.ConnectInternal(Int32 timeout, CancellationToken cancellationToken, Int32 startTime)
   at System.Threading.ExecutionContext.RunFromThreadPoolDispatchLoop(Thread threadPoolThread, ExecutionContext executionContext, ContextCallback callback, Object state)
--- End of stack trace from previous location ---
   at System.Threading.ExecutionContext.RunFromThreadPoolDispatchLoop(Thread threadPoolThread, ExecutionContext executionContext, ContextCallback callback, Object state)
   at System.Threading.Tasks.Task.ExecuteWithThreadLocal(Task& currentTaskSlot, Thread threadPoolThread)
--- End of stack trace from previous location ---
   at DINOForge.Bridge.Client.GameClient.ConnectAsync(Nullable`1 connectTimeout, CancellationToken ct) in C:\Users\koosh\Dino\src\Bridge\Client\GameClient.cs:line 172
   --- End of inner exception stack trace ---
   at DINOForge.Bridge.Client.GameClient.ConnectAsync(Nullable`1 connectTimeout, CancellationToken ct) in C:\Users\koosh\Dino\src\Bridge\Client\GameClient.cs:line 176
[12:37:31 WRN] Retrying request 'waitForWorld' (attempt 3/4)
[12:37:31 WRN] Retrying request 'screenshot' (attempt 3/4)
[12:37:31 ERR] Failed to connect to pipe 'dinoforge-game-bridge'
System.TimeoutException: Connection timeout after 5s
 ---> System.OperationCanceledException: The operation was canceled.
   at System.Threading.CancellationToken.ThrowOperationCanceledException()
   at System.Threading.CancellationToken.ThrowIfCancellationRequested()
   at System.IO.Pipes.NamedPipeClientStream.ConnectInternal(Int32 timeout, CancellationToken cancellationToken, Int32 startTime)
   at System.Threading.ExecutionContext.RunFromThreadPoolDispatchLoop(Thread threadPoolThread, ExecutionContext executionContext, ContextCallback callback, Object state)
--- End of stack trace from previous location ---
   at System.Threading.ExecutionContext.RunFromThreadPoolDispatchLoop(Thread threadPoolThread, ExecutionContext executionContext, ContextCallback callback, Object state)
   at System.Threading.Tasks.Task.ExecuteWithThreadLocal(Task& currentTaskSlot, Thread threadPoolThread)
--- End of stack trace from previous location ---
   at DINOForge.Bridge.Client.GameClient.ConnectAsync(Nullable`1 connectTimeout, CancellationToken ct) in C:\Users\koosh\Dino\src\Bridge\Client\GameClient.cs:line 172
   --- End of inner exception stack trace ---
   at DINOForge.Bridge.Client.GameClient.ConnectAsync(Nullable`1 connectTimeout, CancellationToken ct) in C:\Users\koosh\Dino\src\Bridge\Client\GameClient.cs:line 176
[12:37:31 WRN] Retrying request 'ping' (attempt 3/4)
[12:37:31 ERR] Failed to connect to pipe 'dinoforge-game-bridge'
System.TimeoutException: Connection timeout after 5s
 ---> System.OperationCanceledException: The operation was canceled.
   at System.Threading.CancellationToken.ThrowOperationCanceledException()
   at System.Threading.CancellationToken.ThrowIfCancellationRequested()
   at System.IO.Pipes.NamedPipeClientStream.ConnectInternal(Int32 timeout, CancellationToken cancellationToken, Int32 startTime)
   at System.Threading.ExecutionContext.RunFromThreadPoolDispatchLoop(Thread threadPoolThread, ExecutionContext executionContext, ContextCallback callback, Object state)
--- End of stack trace from previous location ---
   at System.Threading.ExecutionContext.RunFromThreadPoolDispatchLoop(Thread threadPoolThread, ExecutionContext executionContext, ContextCallback callback, Object state)
   at System.Threading.Tasks.Task.ExecuteWithThreadLocal(Task& currentTaskSlot, Thread threadPoolThread)
--- End of stack trace from previous location ---
   at DINOForge.Bridge.Client.GameClient.ConnectAsync(Nullable`1 connectTimeout, CancellationToken ct) in C:\Users\koosh\Dino\src\Bridge\Client\GameClient.cs:line 172
   --- End of inner exception stack trace ---
   at DINOForge.Bridge.Client.GameClient.ConnectAsync(Nullable`1 connectTimeout, CancellationToken ct) in C:\Users\koosh\Dino\src\Bridge\Client\GameClient.cs:line 176
[12:37:31 WRN] Retrying request 'waitForWorld' (attempt 3/4)
[12:37:31 ERR] Failed to connect to pipe 'dinoforge-game-bridge'
System.TimeoutException: Connection timeout after 5s
 ---> System.OperationCanceledException: The operation was canceled.
   at System.Threading.CancellationToken.ThrowOperationCanceledException()
   at System.Threading.CancellationToken.ThrowIfCancellationRequested()
   at System.IO.Pipes.NamedPipeClientStream.ConnectInternal(Int32 timeout, CancellationToken cancellationToken, Int32 startTime)
   at System.Threading.ExecutionContext.RunFromThreadPoolDispatchLoop(Thread threadPoolThread, ExecutionContext executionContext, ContextCallback callback, Object state)
--- End of stack trace from previous location ---
   at System.Threading.ExecutionContext.RunFromThreadPoolDispatchLoop(Thread threadPoolThread, ExecutionContext executionContext, ContextCallback callback, Object state)
   at System.Threading.Tasks.Task.ExecuteWithThreadLocal(Task& currentTaskSlot, Thread threadPoolThread)
--- End of stack trace from previous location ---
   at DINOForge.Bridge.Client.GameClient.ConnectAsync(Nullable`1 connectTimeout, CancellationToken ct) in C:\Users\koosh\Dino\src\Bridge\Client\GameClient.cs:line 172
   --- End of inner exception stack trace ---
   at DINOForge.Bridge.Client.GameClient.ConnectAsync(Nullable`1 connectTimeout, CancellationToken ct) in C:\Users\koosh\Dino\src\Bridge\Client\GameClient.cs:line 176
[12:37:31 WRN] Retrying request 'screenshot' (attempt 3/4)
  Passed DINOForge.Tests.DumpToolsTests.AnalyzeDump_WithValidFixture_ReturnsSuccessAndParsesWorlds [1 s]
[12:37:32 DBG] Sending request 'dumpState' to pipe 'dinoforge-game-bridge' (attempt 3/4)
[12:37:32 DBG] Sending request 'dumpState' to pipe 'dinoforge-game-bridge' (attempt 3/4)
[12:37:32 ERR] Cannot send request - not connected to pipe 'dinoforge-game-bridge'
[12:37:32 ERR] Cannot send request - not connected to pipe 'dinoforge-game-bridge'
[12:37:32 WRN] Request 'dumpState' failed on attempt 3: Not connected to the game bridge. Call ConnectAsync first.
DINOForge.Bridge.Client.GameClientException: Not connected to the game bridge. Call ConnectAsync first.
   at DINOForge.Bridge.Client.GameClient.SendRequestCoreAsync[T](String method, Object parameters, CancellationToken ct, Nullable`1 sendTimeout, Nullable`1 readTimeout) in C:\Users\koosh\Dino\src\Bridge\Client\GameClient.cs:line 501
   at DINOForge.Bridge.Client.GameClient.SendRequestAsync[T](String method, Object parameters, CancellationToken ct) in C:\Users\koosh\Dino\src\Bridge\Client\GameClient.cs:line 462
[12:37:32 WRN] Request 'dumpState' failed on attempt 3: Not connected to the game bridge. Call ConnectAsync first.
DINOForge.Bridge.Client.GameClientException: Not connected to the game bridge. Call ConnectAsync first.
   at DINOForge.Bridge.Client.GameClient.SendRequestCoreAsync[T](String method, Object parameters, CancellationToken ct, Nullable`1 sendTimeout, Nullable`1 readTimeout) in C:\Users\koosh\Dino\src\Bridge\Client\GameClient.cs:line 501
   at DINOForge.Bridge.Client.GameClient.SendRequestAsync[T](String method, Object parameters, CancellationToken ct) in C:\Users\koosh\Dino\src\Bridge\Client\GameClient.cs:line 462
[12:37:32 INF] Connecting to pipe 'dinoforge-game-bridge' with timeout 5000ms
[12:37:32 INF] Connecting to pipe 'dinoforge-game-bridge' with timeout 5000ms
[12:37:32 DBG] Sending request 'getResources' to pipe 'dinoforge-game-bridge' (attempt 3/4)
[12:37:32 ERR] Cannot send request - not connected to pipe 'dinoforge-game-bridge'
[12:37:32 WRN] Request 'getResources' failed on attempt 3: Not connected to the game bridge. Call ConnectAsync first.
DINOForge.Bridge.Client.GameClientException: Not connected to the game bridge. Call ConnectAsync first.
   at DINOForge.Bridge.Client.GameClient.SendRequestCoreAsync[T](String method, Object parameters, CancellationToken ct, Nullable`1 sendTimeout, Nullable`1 readTimeout) in C:\Users\koosh\Dino\src\Bridge\Client\GameClient.cs:line 501
   at DINOForge.Bridge.Client.GameClient.SendRequestAsync[T](String method, Object parameters, CancellationToken ct) in C:\Users\koosh\Dino\src\Bridge\Client\GameClient.cs:line 462
[12:37:32 INF] Connecting to pipe 'dinoforge-game-bridge' with timeout 5000ms
[12:37:32 DBG] Sending request 'waitForWorld' to pipe 'dinoforge-game-bridge' (attempt 3/4)
[12:37:32 DBG] Sending request 'screenshot' to pipe 'dinoforge-game-bridge' (attempt 3/4)
[12:37:32 ERR] Cannot send request - not connected to pipe 'dinoforge-game-bridge'
[12:37:32 ERR] Cannot send request - not connected to pipe 'dinoforge-game-bridge'
[12:37:32 WRN] Request 'screenshot' failed on attempt 3: Not connected to the game bridge. Call ConnectAsync first.
DINOForge.Bridge.Client.GameClientException: Not connected to the game bridge. Call ConnectAsync first.
   at DINOForge.Bridge.Client.GameClient.SendRequestCoreAsync[T](String method, Object parameters, CancellationToken ct, Nullable`1 sendTimeout, Nullable`1 readTimeout) in C:\Users\koosh\Dino\src\Bridge\Client\GameClient.cs:line 501
   at DINOForge.Bridge.Client.GameClient.SendRequestAsync[T](String method, Object parameters, CancellationToken ct) in C:\Users\koosh\Dino\src\Bridge\Client\GameClient.cs:line 462
[12:37:32 WRN] Request 'waitForWorld' failed on attempt 3: Not connected to the game bridge. Call ConnectAsync first.
DINOForge.Bridge.Client.GameClientException: Not connected to the game bridge. Call ConnectAsync first.
   at DINOForge.Bridge.Client.GameClient.SendRequestCoreAsync[T](String method, Object parameters, CancellationToken ct, Nullable`1 sendTimeout, Nullable`1 readTimeout) in C:\Users\koosh\Dino\src\Bridge\Client\GameClient.cs:line 501
   at DINOForge.Bridge.Client.GameClient.SendRequestAsync[T](String method, Object parameters, CancellationToken ct) in C:\Users\koosh\Dino\src\Bridge\Client\GameClient.cs:line 462
[12:37:32 INF] Connecting to pipe 'dinoforge-game-bridge' with timeout 5000ms
[12:37:32 INF] Connecting to pipe 'dinoforge-game-bridge' with timeout 5000ms
[12:37:32 DBG] Sending request 'ping' to pipe 'dinoforge-game-bridge' (attempt 3/4)
[12:37:32 ERR] Cannot send request - not connected to pipe 'dinoforge-game-bridge'
[12:37:32 WRN] Request 'ping' failed on attempt 3: Not connected to the game bridge. Call ConnectAsync first.
DINOForge.Bridge.Client.GameClientException: Not connected to the game bridge. Call ConnectAsync first.
   at DINOForge.Bridge.Client.GameClient.SendRequestCoreAsync[T](String method, Object parameters, CancellationToken ct, Nullable`1 sendTimeout, Nullable`1 readTimeout) in C:\Users\koosh\Dino\src\Bridge\Client\GameClient.cs:line 501
   at DINOForge.Bridge.Client.GameClient.SendRequestAsync[T](String method, Object parameters, CancellationToken ct) in C:\Users\koosh\Dino\src\Bridge\Client\GameClient.cs:line 462
[12:37:32 INF] Connecting to pipe 'dinoforge-game-bridge' with timeout 5000ms
[12:37:32 DBG] Sending request 'waitForWorld' to pipe 'dinoforge-game-bridge' (attempt 3/4)
[12:37:32 ERR] Cannot send request - not connected to pipe 'dinoforge-game-bridge'
[12:37:32 WRN] Request 'waitForWorld' failed on attempt 3: Not connected to the game bridge. Call ConnectAsync first.
DINOForge.Bridge.Client.GameClientException: Not connected to the game bridge. Call ConnectAsync first.
   at DINOForge.Bridge.Client.GameClient.SendRequestCoreAsync[T](String method, Object parameters, CancellationToken ct, Nullable`1 sendTimeout, Nullable`1 readTimeout) in C:\Users\koosh\Dino\src\Bridge\Client\GameClient.cs:line 501
   at DINOForge.Bridge.Client.GameClient.SendRequestAsync[T](String method, Object parameters, CancellationToken ct) in C:\Users\koosh\Dino\src\Bridge\Client\GameClient.cs:line 462
[12:37:32 INF] Connecting to pipe 'dinoforge-game-bridge' with timeout 5000ms
[12:37:32 DBG] Sending request 'screenshot' to pipe 'dinoforge-game-bridge' (attempt 3/4)
[12:37:32 ERR] Cannot send request - not connected to pipe 'dinoforge-game-bridge'
[12:37:32 WRN] Request 'screenshot' failed on attempt 3: Not connected to the game bridge. Call ConnectAsync first.
DINOForge.Bridge.Client.GameClientException: Not connected to the game bridge. Call ConnectAsync first.
   at DINOForge.Bridge.Client.GameClient.SendRequestCoreAsync[T](String method, Object parameters, CancellationToken ct, Nullable`1 sendTimeout, Nullable`1 readTimeout) in C:\Users\koosh\Dino\src\Bridge\Client\GameClient.cs:line 501
   at DINOForge.Bridge.Client.GameClient.SendRequestAsync[T](String method, Object parameters, CancellationToken ct) in C:\Users\koosh\Dino\src\Bridge\Client\GameClient.cs:line 462
[12:37:32 INF] Connecting to pipe 'dinoforge-game-bridge' with timeout 5000ms
  Passed DINOForge.Tests.DumpToolsTests.AnalyzeDump_WithMissingFile_ReturnsErrorCode [1 s]
[12:37:33 ERR] Failed to connect to pipe 'dinoforge-game-bridge'
System.TimeoutException: Connection timeout after 5s
 ---> System.OperationCanceledException: The operation was canceled.
   at System.Threading.CancellationToken.ThrowOperationCanceledException()
   at System.Threading.CancellationToken.ThrowIfCancellationRequested()
   at System.IO.Pipes.NamedPipeClientStream.ConnectInternal(Int32 timeout, CancellationToken cancellationToken, Int32 startTime)
   at System.Threading.ExecutionContext.RunFromThreadPoolDispatchLoop(Thread threadPoolThread, ExecutionContext executionContext, ContextCallback callback, Object state)
--- End of stack trace from previous location ---
   at System.Threading.ExecutionContext.RunFromThreadPoolDispatchLoop(Thread threadPoolThread, ExecutionContext executionContext, ContextCallback callback, Object state)
   at System.Threading.Tasks.Task.ExecuteWithThreadLocal(Task& currentTaskSlot, Thread threadPoolThread)
--- End of stack trace from previous location ---
   at DINOForge.Bridge.Client.GameClient.ConnectAsync(Nullable`1 connectTimeout, CancellationToken ct) in C:\Users\koosh\Dino\src\Bridge\Client\GameClient.cs:line 172
   --- End of inner exception stack trace ---
   at DINOForge.Bridge.Client.GameClient.ConnectAsync(Nullable`1 connectTimeout, CancellationToken ct) in C:\Users\koosh\Dino\src\Bridge\Client\GameClient.cs:line 176
[12:37:33 ERR] Failed to execute 'ping' after 1 attempts
DINOForge.Bridge.Client.GameClientException: Not connected to the game bridge. Call ConnectAsync first.
   at DINOForge.Bridge.Client.GameClient.SendRequestCoreAsync[T](String method, Object parameters, CancellationToken ct, Nullable`1 sendTimeout, Nullable`1 readTimeout) in C:\Users\koosh\Dino\src\Bridge\Client\GameClient.cs:line 501
   at DINOForge.Bridge.Client.GameClient.SendRequestAsync[T](String method, Object parameters, CancellationToken ct) in C:\Users\koosh\Dino\src\Bridge\Client\GameClient.cs:line 462
[12:37:33 INF] Disconnecting from pipe 'dinoforge-game-bridge'
[12:37:33 DBG] Disconnection complete
[12:37:33 DBG] Sending request 'verifyMod' to pipe 'dinoforge-game-bridge' (attempt 1/1)
[12:37:33 INF] Request 'verifyMod' completed successfully in 0ms
[12:37:33 DBG] Already connected to pipe 'dinoforge-game-bridge'
[12:37:33 DBG] Sending request 'pressKey' to pipe 'dinoforge-game-bridge' (attempt 1/1)
[12:37:33 INF] Request 'pressKey' completed successfully in 0ms
[12:37:33 INF] Disconnecting from pipe 'dinoforge-game-bridge'
[xUnit.net 00:00:14.71]     DINOForge.Tests.GameClientCoverageTests.KillAsync_WhenProcessIsRunning_DoesNotThrow [SKIP]
[xUnit.net 00:00:14.71]       #397 — closure-gate hang (iter-92/93), skip until testhost stabilizes
[12:37:33 DBG] Disconnection complete
[12:37:33 DBG] Sending request 'toggleUi' to pipe 'dinoforge-game-bridge' (attempt 1/1)
[12:37:33 INF] Request 'toggleUi' completed successfully in 0ms
  Passed DINOForge.Tests.GameClientCoverageTests.SendRequestCoreAsync_WhenDisconnected_RequestThrows [5 s]
  Passed DINOForge.Tests.GameClientCoverageTests.Disconnect_WhenAlreadyDisconnected_DoesNotThrow [4 ms]
  Passed DINOForge.Tests.GameClientCoverageTests.VerifyModAsync_DelegatesCorrectly [4 ms]
  Passed DINOForge.Tests.GameClientCoverageTests.GameProcessManager_KillAsync_WhenNoGame_DoesNotThrow [7 ms]
  Passed DINOForge.Tests.GameClientCoverageTests.ConnectAsync_WhenAlreadyConnected_DoesNotThrow [4 ms]
  Passed DINOForge.Tests.GameClientCoverageTests.ScanSceneAsync_SendsCorrectRequest [4 ms]
  Skipped DINOForge.Tests.GameClientCoverageTests.KillAsync_WhenProcessIsRunning_DoesNotThrow [1 ms]
  Passed DINOForge.Tests.GameClientCoverageTests.Dispose_AfterDisconnect_StillDisposes [4 ms]
  Passed DINOForge.Tests.GameClientCoverageTests.GameProcessManager_GetProcessId_WhenGameNotRunning_ReturnsNull [12 ms]
[12:37:33 DBG] Sending request 'ping' to pipe 'dinoforge-game-bridge' (attempt 1/2)
[12:37:33 ERR] Received invalid JSON-RPC response for request 'ping': 
[12:37:33 WRN] Request 'ping' failed on attempt 1: Received invalid JSON-RPC response.
DINOForge.Bridge.Client.GameClientException: Received invalid JSON-RPC response.
   at DINOForge.Bridge.Client.GameClient.SendRequestCoreAsync[T](String method, Object parameters, CancellationToken ct, Nullable`1 sendTimeout, Nullable`1 readTimeout) in C:\Users\koosh\Dino\src\Bridge\Client\GameClient.cs:line 585
   at DINOForge.Bridge.Client.GameClient.SendRequestAsync[T](String method, Object parameters, CancellationToken ct) in C:\Users\koosh\Dino\src\Bridge\Client\GameClient.cs:line 462
[12:37:33 WRN] Retrying request 'ping' (attempt 2/2)
[12:37:33 DBG] Sending request 'ping' to pipe 'dinoforge-game-bridge' (attempt 2/2)
[12:37:33 ERR] Connection closed by game bridge server for request 'ping'
[12:37:33 WRN] Request 'ping' failed on attempt 2: Connection closed by the game bridge server.
DINOForge.Bridge.Client.GameClientException: Connection closed by the game bridge server.
   at DINOForge.Bridge.Client.GameClient.SendRequestCoreAsync[T](String method, Object parameters, CancellationToken ct, Nullable`1 sendTimeout, Nullable`1 readTimeout) in C:\Users\koosh\Dino\src\Bridge\Client\GameClient.cs:line 578
   at DINOForge.Bridge.Client.GameClient.SendRequestAsync[T](String method, Object parameters, CancellationToken ct) in C:\Users\koosh\Dino\src\Bridge\Client\GameClient.cs:line 462
[12:37:33 INF] Connecting to pipe 'dinoforge-game-bridge' with timeout 10ms
[12:37:33 ERR] Failed to connect to pipe 'dinoforge-game-bridge'
System.TimeoutException: Connection timeout after 0.01s
 ---> System.OperationCanceledException: The operation was canceled.
   at System.Threading.CancellationToken.ThrowOperationCanceledException()
   at System.Threading.CancellationToken.ThrowIfCancellationRequested()
   at System.IO.Pipes.NamedPipeClientStream.ConnectInternal(Int32 timeout, CancellationToken cancellationToken, Int32 startTime)
   at System.Threading.ExecutionContext.RunFromThreadPoolDispatchLoop(Thread threadPoolThread, ExecutionContext executionContext, ContextCallback callback, Object state)
--- End of stack trace from previous location ---
   at System.Threading.ExecutionContext.RunFromThreadPoolDispatchLoop(Thread threadPoolThread, ExecutionContext executionContext, ContextCallback callback, Object state)
   at System.Threading.Tasks.Task.ExecuteWithThreadLocal(Task& currentTaskSlot, Thread threadPoolThread)
--- End of stack trace from previous location ---
   at DINOForge.Bridge.Client.GameClient.ConnectAsync(Nullable`1 connectTimeout, CancellationToken ct) in C:\Users\koosh\Dino\src\Bridge\Client\GameClient.cs:line 172
   --- End of inner exception stack trace ---
   at DINOForge.Bridge.Client.GameClient.ConnectAsync(Nullable`1 connectTimeout, CancellationToken ct) in C:\Users\koosh\Dino\src\Bridge\Client\GameClient.cs:line 176
[12:37:33 ERR] Failed to execute 'ping' after 2 attempts
DINOForge.Bridge.Client.GameClientException: Connection closed by the game bridge server.
   at DINOForge.Bridge.Client.GameClient.SendRequestCoreAsync[T](String method, Object parameters, CancellationToken ct, Nullable`1 sendTimeout, Nullable`1 readTimeout) in C:\Users\koosh\Dino\src\Bridge\Client\GameClient.cs:line 578
   at DINOForge.Bridge.Client.GameClient.SendRequestAsync[T](String method, Object parameters, CancellationToken ct) in C:\Users\koosh\Dino\src\Bridge\Client\GameClient.cs:line 462
[12:37:33 INF] Disconnecting from pipe 'dinoforge-game-bridge'
[12:37:34 DBG] Disconnection complete
[12:37:34 DBG] Sending request 'ping' to pipe 'dinoforge-game-bridge' (attempt 1/1)
[12:37:34 WRN] Request 'ping' failed on attempt 1: Not connected to the game bridge. Call ConnectAsync first.
DINOForge.Bridge.Client.GameClientException: Not connected to the game bridge. Call ConnectAsync first.
   at DINOForge.Bridge.Client.GameClient.SendRequestCoreAsync[T](String method, Object parameters, CancellationToken ct, Nullable`1 sendTimeout, Nullable`1 readTimeout) in C:\Users\koosh\Dino\src\Bridge\Client\GameClient.cs:line 560
   at DINOForge.Bridge.Client.GameClient.SendRequestAsync[T](String method, Object parameters, CancellationToken ct) in C:\Users\koosh\Dino\src\Bridge\Client\GameClient.cs:line 462
[12:37:34 ERR] Failed to execute 'ping' after 1 attempts
DINOForge.Bridge.Client.GameClientException: Not connected to the game bridge. Call ConnectAsync first.
   at DINOForge.Bridge.Client.GameClient.SendRequestCoreAsync[T](String method, Object parameters, CancellationToken ct, Nullable`1 sendTimeout, Nullable`1 readTimeout) in C:\Users\koosh\Dino\src\Bridge\Client\GameClient.cs:line 560
   at DINOForge.Bridge.Client.GameClient.SendRequestAsync[T](String method, Object parameters, CancellationToken ct) in C:\Users\koosh\Dino\src\Bridge\Client\GameClient.cs:line 462
  Passed DINOForge.Tests.GameClientCoverageTests.JsonRpcResponse_WithNullResult_SerializesCorrectly [< 1 ms]
  Passed DINOForge.Tests.GameClientCoverageTests.ToggleUiAsync_DelegatesCorrectly [5 ms]
  Passed DINOForge.Tests.GameClientCoverageTests.GameProcessManager_WaitForExitAsync_WhenAlreadyExited_ReturnsImmediately [6 ms]
  Passed DINOForge.Tests.GameClientCoverageTests.GameProcessManager_GetProcessId_ReturnsCorrectValue [11 ms]
  Passed DINOForge.Tests.GameClientCoverageTests.SendRequestAsync_WhenConnectAsyncThrowsDuringReconnect_ContinuesRetryLoop [42 ms]
  Passed DINOForge.Tests.GameClientCoverageTests.GameProcessManager_IsRunning_PropertyIsAccessible [6 ms]
  Passed DINOForge.Tests.GameClientCoverageTests.Disconnect_WhenNeverConnected_DoesNotThrow [4 ms]
  Passed DINOForge.Tests.GameClientCoverageTests.SendRequestCoreAsync_WhenReaderIsNull_ThrowsGameClientException [6 ms]
  Passed DINOForge.Tests.GameClientCoverageTests.JsonRpcResponse_WithComplexResult_SerializesCorrectly [1 ms]
[12:37:34 DBG] Sending request 'ping' to pipe 'dinoforge-game-bridge' (attempt 1/1)
[12:37:34 ERR] Connection closed by game bridge server for request 'ping'
[12:37:34 WRN] Request 'ping' failed on attempt 1: Connection closed by the game bridge server.
DINOForge.Bridge.Client.GameClientException: Connection closed by the game bridge server.
   at DINOForge.Bridge.Client.GameClient.SendRequestCoreAsync[T](String method, Object parameters, CancellationToken ct, Nullable`1 sendTimeout, Nullable`1 readTimeout) in C:\Users\koosh\Dino\src\Bridge\Client\GameClient.cs:line 578
   at DINOForge.Bridge.Client.GameClient.SendRequestAsync[T](String method, Object parameters, CancellationToken ct) in C:\Users\koosh\Dino\src\Bridge\Client\GameClient.cs:line 462
[12:37:34 INF] Connecting to pipe 'dinoforge-game-bridge' with timeout 5000ms
  Passed DINOForge.Tests.GameClientCoverageTests.JsonRpcError_CanSetAllProperties [< 1 ms]
[12:37:37 ERR] Failed to connect to pipe 'dinoforge-game-bridge'
System.TimeoutException: Connection timeout after 5s
 ---> System.OperationCanceledException: The operation was canceled.
   at System.Threading.CancellationToken.ThrowOperationCanceledException()
   at System.Threading.CancellationToken.ThrowIfCancellationRequested()
   at System.IO.Pipes.NamedPipeClientStream.ConnectInternal(Int32 timeout, CancellationToken cancellationToken, Int32 startTime)
   at System.Threading.ExecutionContext.RunFromThreadPoolDispatchLoop(Thread threadPoolThread, ExecutionContext executionContext, ContextCallback callback, Object state)
--- End of stack trace from previous location ---
   at System.Threading.ExecutionContext.RunFromThreadPoolDispatchLoop(Thread threadPoolThread, ExecutionContext executionContext, ContextCallback callback, Object state)
   at System.Threading.Tasks.Task.ExecuteWithThreadLocal(Task& currentTaskSlot, Thread threadPoolThread)
--- End of stack trace from previous location ---
   at DINOForge.Bridge.Client.GameClient.ConnectAsync(Nullable`1 connectTimeout, CancellationToken ct) in C:\Users\koosh\Dino\src\Bridge\Client\GameClient.cs:line 172
   --- End of inner exception stack trace ---
   at DINOForge.Bridge.Client.GameClient.ConnectAsync(Nullable`1 connectTimeout, CancellationToken ct) in C:\Users\koosh\Dino\src\Bridge\Client\GameClient.cs:line 176
[12:37:37 ERR] Failed to connect to pipe 'dinoforge-game-bridge'
System.TimeoutException: Connection timeout after 5s
 ---> System.OperationCanceledException: The operation was canceled.
   at System.Threading.CancellationToken.ThrowOperationCanceledException()
   at System.Threading.CancellationToken.ThrowIfCancellationRequested()
   at System.IO.Pipes.NamedPipeClientStream.ConnectInternal(Int32 timeout, CancellationToken cancellationToken, Int32 startTime)
   at System.Threading.ExecutionContext.RunFromThreadPoolDispatchLoop(Thread threadPoolThread, ExecutionContext executionContext, ContextCallback callback, Object state)
--- End of stack trace from previous location ---
   at System.Threading.ExecutionContext.RunFromThreadPoolDispatchLoop(Thread threadPoolThread, ExecutionContext executionContext, ContextCallback callback, Object state)
   at System.Threading.Tasks.Task.ExecuteWithThreadLocal(Task& currentTaskSlot, Thread threadPoolThread)
--- End of stack trace from previous location ---
   at DINOForge.Bridge.Client.GameClient.ConnectAsync(Nullable`1 connectTimeout, CancellationToken ct) in C:\Users\koosh\Dino\src\Bridge\Client\GameClient.cs:line 172
   --- End of inner exception stack trace ---
   at DINOForge.Bridge.Client.GameClient.ConnectAsync(Nullable`1 connectTimeout, CancellationToken ct) in C:\Users\koosh\Dino\src\Bridge\Client\GameClient.cs:line 176
[12:37:37 WRN] Retrying request 'dumpState' (attempt 4/4)
[12:37:37 WRN] Retrying request 'dumpState' (attempt 4/4)
[12:37:37 ERR] Failed to connect to pipe 'dinoforge-game-bridge'
System.TimeoutException: Connection timeout after 5s
 ---> System.OperationCanceledException: The operation was canceled.
   at System.Threading.CancellationToken.ThrowOperationCanceledException()
   at System.Threading.CancellationToken.ThrowIfCancellationRequested()
   at System.IO.Pipes.NamedPipeClientStream.ConnectInternal(Int32 timeout, CancellationToken cancellationToken, Int32 startTime)
   at System.Threading.ExecutionContext.RunFromThreadPoolDispatchLoop(Thread threadPoolThread, ExecutionContext executionContext, ContextCallback callback, Object state)
--- End of stack trace from previous location ---
   at System.Threading.ExecutionContext.RunFromThreadPoolDispatchLoop(Thread threadPoolThread, ExecutionContext executionContext, ContextCallback callback, Object state)
   at System.Threading.Tasks.Task.ExecuteWithThreadLocal(Task& currentTaskSlot, Thread threadPoolThread)
--- End of stack trace from previous location ---
   at DINOForge.Bridge.Client.GameClient.ConnectAsync(Nullable`1 connectTimeout, CancellationToken ct) in C:\Users\koosh\Dino\src\Bridge\Client\GameClient.cs:line 172
   --- End of inner exception stack trace ---
   at DINOForge.Bridge.Client.GameClient.ConnectAsync(Nullable`1 connectTimeout, CancellationToken ct) in C:\Users\koosh\Dino\src\Bridge\Client\GameClient.cs:line 176
[12:37:37 WRN] Retrying request 'getResources' (attempt 4/4)
[12:37:37 ERR] Failed to connect to pipe 'dinoforge-game-bridge'
System.TimeoutException: Connection timeout after 5s
 ---> System.OperationCanceledException: The operation was canceled.
   at System.Threading.CancellationToken.ThrowOperationCanceledException()
   at System.Threading.CancellationToken.ThrowIfCancellationRequested()
   at System.IO.Pipes.NamedPipeClientStream.ConnectInternal(Int32 timeout, CancellationToken cancellationToken, Int32 startTime)
   at System.Threading.ExecutionContext.RunFromThreadPoolDispatchLoop(Thread threadPoolThread, ExecutionContext executionContext, ContextCallback callback, Object state)
--- End of stack trace from previous location ---
   at System.Threading.ExecutionContext.RunFromThreadPoolDispatchLoop(Thread threadPoolThread, ExecutionContext executionContext, ContextCallback callback, Object state)
   at System.Threading.Tasks.Task.ExecuteWithThreadLocal(Task& currentTaskSlot, Thread threadPoolThread)
--- End of stack trace from previous location ---
   at DINOForge.Bridge.Client.GameClient.ConnectAsync(Nullable`1 connectTimeout, CancellationToken ct) in C:\Users\koosh\Dino\src\Bridge\Client\GameClient.cs:line 172
   --- End of inner exception stack trace ---
   at DINOForge.Bridge.Client.GameClient.ConnectAsync(Nullable`1 connectTimeout, CancellationToken ct) in C:\Users\koosh\Dino\src\Bridge\Client\GameClient.cs:line 176
[12:37:37 ERR] Failed to connect to pipe 'dinoforge-game-bridge'
System.TimeoutException: Connection timeout after 5s
 ---> System.OperationCanceledException: The operation was canceled.
   at System.Threading.CancellationToken.ThrowOperationCanceledException()
   at System.Threading.CancellationToken.ThrowIfCancellationRequested()
   at System.IO.Pipes.NamedPipeClientStream.ConnectInternal(Int32 timeout, CancellationToken cancellationToken, Int32 startTime)
   at System.Threading.ExecutionContext.RunFromThreadPoolDispatchLoop(Thread threadPoolThread, ExecutionContext executionContext, ContextCallback callback, Object state)
--- End of stack trace from previous location ---
   at System.Threading.ExecutionContext.RunFromThreadPoolDispatchLoop(Thread threadPoolThread, ExecutionContext executionContext, ContextCallback callback, Object state)
   at System.Threading.Tasks.Task.ExecuteWithThreadLocal(Task& currentTaskSlot, Thread threadPoolThread)
--- End of stack trace from previous location ---
   at DINOForge.Bridge.Client.GameClient.ConnectAsync(Nullable`1 connectTimeout, CancellationToken ct) in C:\Users\koosh\Dino\src\Bridge\Client\GameClient.cs:line 172
   --- End of inner exception stack trace ---
   at DINOForge.Bridge.Client.GameClient.ConnectAsync(Nullable`1 connectTimeout, CancellationToken ct) in C:\Users\koosh\Dino\src\Bridge\Client\GameClient.cs:line 176
[12:37:37 WRN] Retrying request 'screenshot' (attempt 4/4)
[12:37:37 WRN] Retrying request 'waitForWorld' (attempt 4/4)
[12:37:37 ERR] Failed to connect to pipe 'dinoforge-game-bridge'
System.TimeoutException: Connection timeout after 5s
 ---> System.OperationCanceledException: The operation was canceled.
   at System.Threading.CancellationToken.ThrowOperationCanceledException()
   at System.Threading.CancellationToken.ThrowIfCancellationRequested()
   at System.IO.Pipes.NamedPipeClientStream.ConnectInternal(Int32 timeout, CancellationToken cancellationToken, Int32 startTime)
   at System.Threading.ExecutionContext.RunFromThreadPoolDispatchLoop(Thread threadPoolThread, ExecutionContext executionContext, ContextCallback callback, Object state)
--- End of stack trace from previous location ---
   at System.Threading.ExecutionContext.RunFromThreadPoolDispatchLoop(Thread threadPoolThread, ExecutionContext executionContext, ContextCallback callback, Object state)
   at System.Threading.Tasks.Task.ExecuteWithThreadLocal(Task& currentTaskSlot, Thread threadPoolThread)
--- End of stack trace from previous location ---
   at DINOForge.Bridge.Client.GameClient.ConnectAsync(Nullable`1 connectTimeout, CancellationToken ct) in C:\Users\koosh\Dino\src\Bridge\Client\GameClient.cs:line 172
   --- End of inner exception stack trace ---
   at DINOForge.Bridge.Client.GameClient.ConnectAsync(Nullable`1 connectTimeout, CancellationToken ct) in C:\Users\koosh\Dino\src\Bridge\Client\GameClient.cs:line 176
[12:37:37 WRN] Retrying request 'ping' (attempt 4/4)
[12:37:37 ERR] Failed to connect to pipe 'dinoforge-game-bridge'
System.TimeoutException: Connection timeout after 5s
 ---> System.OperationCanceledException: The operation was canceled.
   at System.Threading.CancellationToken.ThrowOperationCanceledException()
   at System.Threading.CancellationToken.ThrowIfCancellationRequested()
   at System.IO.Pipes.NamedPipeClientStream.ConnectInternal(Int32 timeout, CancellationToken cancellationToken, Int32 startTime)
   at System.Threading.ExecutionContext.RunFromThreadPoolDispatchLoop(Thread threadPoolThread, ExecutionContext executionContext, ContextCallback callback, Object state)
--- End of stack trace from previous location ---
   at System.Threading.ExecutionContext.RunFromThreadPoolDispatchLoop(Thread threadPoolThread, ExecutionContext executionContext, ContextCallback callback, Object state)
   at System.Threading.Tasks.Task.ExecuteWithThreadLocal(Task& currentTaskSlot, Thread threadPoolThread)
--- End of stack trace from previous location ---
   at DINOForge.Bridge.Client.GameClient.ConnectAsync(Nullable`1 connectTimeout, CancellationToken ct) in C:\Users\koosh\Dino\src\Bridge\Client\GameClient.cs:line 172
   --- End of inner exception stack trace ---
   at DINOForge.Bridge.Client.GameClient.ConnectAsync(Nullable`1 connectTimeout, CancellationToken ct) in C:\Users\koosh\Dino\src\Bridge\Client\GameClient.cs:line 176
[12:37:37 WRN] Retrying request 'waitForWorld' (attempt 4/4)
[12:37:37 ERR] Failed to connect to pipe 'dinoforge-game-bridge'
System.TimeoutException: Connection timeout after 5s
 ---> System.OperationCanceledException: The operation was canceled.
   at System.Threading.CancellationToken.ThrowOperationCanceledException()
   at System.Threading.CancellationToken.ThrowIfCancellationRequested()
   at System.IO.Pipes.NamedPipeClientStream.ConnectInternal(Int32 timeout, CancellationToken cancellationToken, Int32 startTime)
   at System.Threading.ExecutionContext.RunFromThreadPoolDispatchLoop(Thread threadPoolThread, ExecutionContext executionContext, ContextCallback callback, Object state)
--- End of stack trace from previous location ---
   at System.Threading.ExecutionContext.RunFromThreadPoolDispatchLoop(Thread threadPoolThread, ExecutionContext executionContext, ContextCallback callback, Object state)
   at System.Threading.Tasks.Task.ExecuteWithThreadLocal(Task& currentTaskSlot, Thread threadPoolThread)
--- End of stack trace from previous location ---
   at DINOForge.Bridge.Client.GameClient.ConnectAsync(Nullable`1 connectTimeout, CancellationToken ct) in C:\Users\koosh\Dino\src\Bridge\Client\GameClient.cs:line 172
   --- End of inner exception stack trace ---
   at DINOForge.Bridge.Client.GameClient.ConnectAsync(Nullable`1 connectTimeout, CancellationToken ct) in C:\Users\koosh\Dino\src\Bridge\Client\GameClient.cs:line 176
[12:37:37 WRN] Retrying request 'screenshot' (attempt 4/4)
[12:37:38 DBG] Sending request 'dumpState' to pipe 'dinoforge-game-bridge' (attempt 4/4)
[12:37:38 DBG] Sending request 'dumpState' to pipe 'dinoforge-game-bridge' (attempt 4/4)
[12:37:38 ERR] Cannot send request - not connected to pipe 'dinoforge-game-bridge'
[12:37:38 ERR] Cannot send request - not connected to pipe 'dinoforge-game-bridge'
[12:37:38 WRN] Request 'dumpState' failed on attempt 4: Not connected to the game bridge. Call ConnectAsync first.
DINOForge.Bridge.Client.GameClientException: Not connected to the game bridge. Call ConnectAsync first.
   at DINOForge.Bridge.Client.GameClient.SendRequestCoreAsync[T](String method, Object parameters, CancellationToken ct, Nullable`1 sendTimeout, Nullable`1 readTimeout) in C:\Users\koosh\Dino\src\Bridge\Client\GameClient.cs:line 501
   at DINOForge.Bridge.Client.GameClient.SendRequestAsync[T](String method, Object parameters, CancellationToken ct)
[12:37:38 WRN] Request 'dumpState' failed on attempt 4: Not connected to the game bridge. Call ConnectAsync first.
DINOForge.Bridge.Client.GameClientException: Not connected to the game bridge. Call ConnectAsync first.
   at DINOForge.Bridge.Client.GameClient.SendRequestCoreAsync[T](String method, Object parameters, CancellationToken ct, Nullable`1 sendTimeout, Nullable`1 readTimeout) in C:\Users\koosh\Dino\src\Bridge\Client\GameClient.cs:line 501
   at DINOForge.Bridge.Client.GameClient.SendRequestAsync[T](String method, Object parameters, CancellationToken ct)
[12:37:38 INF] Connecting to pipe 'dinoforge-game-bridge' with timeout 5000ms
[12:37:38 INF] Connecting to pipe 'dinoforge-game-bridge' with timeout 5000ms
[12:37:38 DBG] Sending request 'getResources' to pipe 'dinoforge-game-bridge' (attempt 4/4)
[12:37:38 ERR] Cannot send request - not connected to pipe 'dinoforge-game-bridge'
[12:37:38 WRN] Request 'getResources' failed on attempt 4: Not connected to the game bridge. Call ConnectAsync first.
DINOForge.Bridge.Client.GameClientException: Not connected to the game bridge. Call ConnectAsync first.
   at DINOForge.Bridge.Client.GameClient.SendRequestCoreAsync[T](String method, Object parameters, CancellationToken ct, Nullable`1 sendTimeout, Nullable`1 readTimeout) in C:\Users\koosh\Dino\src\Bridge\Client\GameClient.cs:line 501
   at DINOForge.Bridge.Client.GameClient.SendRequestAsync[T](String method, Object parameters, CancellationToken ct)
[12:37:38 INF] Connecting to pipe 'dinoforge-game-bridge' with timeout 5000ms
[12:37:38 DBG] Sending request 'waitForWorld' to pipe 'dinoforge-game-bridge' (attempt 4/4)
[12:37:38 DBG] Sending request 'screenshot' to pipe 'dinoforge-game-bridge' (attempt 4/4)
[12:37:38 ERR] Cannot send request - not connected to pipe 'dinoforge-game-bridge'
[12:37:38 ERR] Cannot send request - not connected to pipe 'dinoforge-game-bridge'
[12:37:38 WRN] Request 'screenshot' failed on attempt 4: Not connected to the game bridge. Call ConnectAsync first.
DINOForge.Bridge.Client.GameClientException: Not connected to the game bridge. Call ConnectAsync first.
   at DINOForge.Bridge.Client.GameClient.SendRequestCoreAsync[T](String method, Object parameters, CancellationToken ct, Nullable`1 sendTimeout, Nullable`1 readTimeout) in C:\Users\koosh\Dino\src\Bridge\Client\GameClient.cs:line 501
   at DINOForge.Bridge.Client.GameClient.SendRequestAsync[T](String method, Object parameters, CancellationToken ct)
[12:37:38 WRN] Request 'waitForWorld' failed on attempt 4: Not connected to the game bridge. Call ConnectAsync first.
DINOForge.Bridge.Client.GameClientException: Not connected to the game bridge. Call ConnectAsync first.
   at DINOForge.Bridge.Client.GameClient.SendRequestCoreAsync[T](String method, Object parameters, CancellationToken ct, Nullable`1 sendTimeout, Nullable`1 readTimeout) in C:\Users\koosh\Dino\src\Bridge\Client\GameClient.cs:line 501
   at DINOForge.Bridge.Client.GameClient.SendRequestAsync[T](String method, Object parameters, CancellationToken ct)
[12:37:38 INF] Connecting to pipe 'dinoforge-game-bridge' with timeout 5000ms
[12:37:38 INF] Connecting to pipe 'dinoforge-game-bridge' with timeout 5000ms
[12:37:38 DBG] Sending request 'ping' to pipe 'dinoforge-game-bridge' (attempt 4/4)
[12:37:38 ERR] Cannot send request - not connected to pipe 'dinoforge-game-bridge'
[12:37:38 WRN] Request 'ping' failed on attempt 4: Not connected to the game bridge. Call ConnectAsync first.
DINOForge.Bridge.Client.GameClientException: Not connected to the game bridge. Call ConnectAsync first.
   at DINOForge.Bridge.Client.GameClient.SendRequestCoreAsync[T](String method, Object parameters, CancellationToken ct, Nullable`1 sendTimeout, Nullable`1 readTimeout) in C:\Users\koosh\Dino\src\Bridge\Client\GameClient.cs:line 501
   at DINOForge.Bridge.Client.GameClient.SendRequestAsync[T](String method, Object parameters, CancellationToken ct)
[12:37:38 INF] Connecting to pipe 'dinoforge-game-bridge' with timeout 5000ms
[12:37:38 DBG] Sending request 'waitForWorld' to pipe 'dinoforge-game-bridge' (attempt 4/4)
[12:37:38 ERR] Cannot send request - not connected to pipe 'dinoforge-game-bridge'
[12:37:38 WRN] Request 'waitForWorld' failed on attempt 4: Not connected to the game bridge. Call ConnectAsync first.
DINOForge.Bridge.Client.GameClientException: Not connected to the game bridge. Call ConnectAsync first.
   at DINOForge.Bridge.Client.GameClient.SendRequestCoreAsync[T](String method, Object parameters, CancellationToken ct, Nullable`1 sendTimeout, Nullable`1 readTimeout) in C:\Users\koosh\Dino\src\Bridge\Client\GameClient.cs:line 501
   at DINOForge.Bridge.Client.GameClient.SendRequestAsync[T](String method, Object parameters, CancellationToken ct)
[12:37:38 INF] Connecting to pipe 'dinoforge-game-bridge' with timeout 5000ms
[12:37:38 DBG] Sending request 'screenshot' to pipe 'dinoforge-game-bridge' (attempt 4/4)
[12:37:38 ERR] Cannot send request - not connected to pipe 'dinoforge-game-bridge'
[12:37:38 WRN] Request 'screenshot' failed on attempt 4: Not connected to the game bridge. Call ConnectAsync first.
DINOForge.Bridge.Client.GameClientException: Not connected to the game bridge. Call ConnectAsync first.
   at DINOForge.Bridge.Client.GameClient.SendRequestCoreAsync[T](String method, Object parameters, CancellationToken ct, Nullable`1 sendTimeout, Nullable`1 readTimeout) in C:\Users\koosh\Dino\src\Bridge\Client\GameClient.cs:line 501
   at DINOForge.Bridge.Client.GameClient.SendRequestAsync[T](String method, Object parameters, CancellationToken ct)
[12:37:38 INF] Connecting to pipe 'dinoforge-game-bridge' with timeout 5000ms
[12:37:39 ERR] Failed to connect to pipe 'dinoforge-game-bridge'
System.TimeoutException: Connection timeout after 5s
 ---> System.OperationCanceledException: The operation was canceled.
   at System.Threading.CancellationToken.ThrowOperationCanceledException()
   at System.Threading.CancellationToken.ThrowIfCancellationRequested()
   at System.IO.Pipes.NamedPipeClientStream.ConnectInternal(Int32 timeout, CancellationToken cancellationToken, Int32 startTime)
   at System.Threading.ExecutionContext.RunFromThreadPoolDispatchLoop(Thread threadPoolThread, ExecutionContext executionContext, ContextCallback callback, Object state)
--- End of stack trace from previous location ---
   at System.Threading.ExecutionContext.RunFromThreadPoolDispatchLoop(Thread threadPoolThread, ExecutionContext executionContext, ContextCallback callback, Object state)
   at System.Threading.Tasks.Task.ExecuteWithThreadLocal(Task& currentTaskSlot, Thread threadPoolThread)
--- End of stack trace from previous location ---
   at DINOForge.Bridge.Client.GameClient.ConnectAsync(Nullable`1 connectTimeout, CancellationToken ct) in C:\Users\koosh\Dino\src\Bridge\Client\GameClient.cs:line 172
   --- End of inner exception stack trace ---
   at DINOForge.Bridge.Client.GameClient.ConnectAsync(Nullable`1 connectTimeout, CancellationToken ct) in C:\Users\koosh\Dino\src\Bridge\Client\GameClient.cs:line 176
[12:37:39 ERR] Failed to execute 'ping' after 1 attempts
DINOForge.Bridge.Client.GameClientException: Connection closed by the game bridge server.
   at DINOForge.Bridge.Client.GameClient.SendRequestCoreAsync[T](String method, Object parameters, CancellationToken ct, Nullable`1 sendTimeout, Nullable`1 readTimeout) in C:\Users\koosh\Dino\src\Bridge\Client\GameClient.cs:line 578
   at DINOForge.Bridge.Client.GameClient.SendRequestAsync[T](String method, Object parameters, CancellationToken ct) in C:\Users\koosh\Dino\src\Bridge\Client\GameClient.cs:line 462
  Passed DINOForge.Tests.GameClientCoverageTests.ReadLineAsync_WhenStreamReturnsNull_HandledAsDisconnect [5 s]
[12:37:39 DBG] Already connected to pipe 'dinoforge-game-bridge'
[12:37:39 DBG] Sending request 'ping' to pipe 'dinoforge-game-bridge' (attempt 1/1)
[12:37:39 WRN] Server returned null result for request 'ping'
[12:37:39 WRN] Request 'ping' failed on attempt 1: Server returned null result for 'ping'.
DINOForge.Bridge.Client.GameClientException: Server returned null result for 'ping'.
   at DINOForge.Bridge.Client.GameClient.SendRequestCoreAsync[T](String method, Object parameters, CancellationToken ct, Nullable`1 sendTimeout, Nullable`1 readTimeout) in C:\Users\koosh\Dino\src\Bridge\Client\GameClient.cs:line 598
   at DINOForge.Bridge.Client.GameClient.SendRequestAsync[T](String method, Object parameters, CancellationToken ct)
[12:37:39 ERR] Failed to execute 'ping' after 1 attempts
DINOForge.Bridge.Client.GameClientException: Server returned null result for 'ping'.
   at DINOForge.Bridge.Client.GameClient.SendRequestCoreAsync[T](String method, Object parameters, CancellationToken ct, Nullable`1 sendTimeout, Nullable`1 readTimeout) in C:\Users\koosh\Dino\src\Bridge\Client\GameClient.cs:line 598
   at DINOForge.Bridge.Client.GameClient.SendRequestAsync[T](String method, Object parameters, CancellationToken ct)
[12:37:39 DBG] Sending request 'getUiTree' to pipe 'dinoforge-game-bridge' (attempt 1/1)
[12:37:39 INF] Request 'getUiTree' completed successfully in 0ms
[12:37:39 DBG] Sending request 'ping' to pipe 'dinoforge-game-bridge' (attempt 1/2)
[12:37:39 WRN] Server returned null result for request 'ping'
[12:37:39 WRN] Request 'ping' failed on attempt 1: Server returned null result for 'ping'.
DINOForge.Bridge.Client.GameClientException: Server returned null result for 'ping'.
   at DINOForge.Bridge.Client.GameClient.SendRequestCoreAsync[T](String method, Object parameters, CancellationToken ct, Nullable`1 sendTimeout, Nullable`1 readTimeout) in C:\Users\koosh\Dino\src\Bridge\Client\GameClient.cs:line 598
   at DINOForge.Bridge.Client.GameClient.SendRequestAsync[T](String method, Object parameters, CancellationToken ct)
[12:37:39 WRN] Retrying request 'ping' (attempt 2/2)
[12:37:39 DBG] Sending request 'ping' to pipe 'dinoforge-game-bridge' (attempt 2/2)
[12:37:39 ERR] Connection closed by game bridge server for request 'ping'
[12:37:39 WRN] Request 'ping' failed on attempt 2: Connection closed by the game bridge server.
DINOForge.Bridge.Client.GameClientException: Connection closed by the game bridge server.
   at DINOForge.Bridge.Client.GameClient.SendRequestCoreAsync[T](String method, Object parameters, CancellationToken ct, Nullable`1 sendTimeout, Nullable`1 readTimeout) in C:\Users\koosh\Dino\src\Bridge\Client\GameClient.cs:line 578
   at DINOForge.Bridge.Client.GameClient.SendRequestAsync[T](String method, Object parameters, CancellationToken ct)
[12:37:39 INF] Connecting to pipe 'dinoforge-game-bridge' with timeout 5000ms
  Passed DINOForge.Tests.GameClientCoverageTests.GameClient_Dispose_CanBeCalledMultipleTimes [< 1 ms]
  Passed DINOForge.Tests.GameClientCoverageTests.ConnectAsync_WhenAlreadyConnected_StateMachine_DoesNotThrow [4 ms]
  Passed DINOForge.Tests.GameClientCoverageTests.SendRequestCoreAsync_WhenResponseResultIsNull_ThrowsGameClientException [5 ms]
  Passed DINOForge.Tests.GameClientCoverageTests.GetUiTreeAsync_DelegatesCorrectly [4 ms]
[12:37:43 ERR] Failed to connect to pipe 'dinoforge-game-bridge'
System.TimeoutException: Connection timeout after 5s
 ---> System.OperationCanceledException: The operation was canceled.
   at System.Threading.CancellationToken.ThrowOperationCanceledException()
   at System.Threading.CancellationToken.ThrowIfCancellationRequested()
   at System.IO.Pipes.NamedPipeClientStream.ConnectInternal(Int32 timeout, CancellationToken cancellationToken, Int32 startTime)
   at System.Threading.ExecutionContext.RunFromThreadPoolDispatchLoop(Thread threadPoolThread, ExecutionContext executionContext, ContextCallback callback, Object state)
--- End of stack trace from previous location ---
   at System.Threading.ExecutionContext.RunFromThreadPoolDispatchLoop(Thread threadPoolThread, ExecutionContext executionContext, ContextCallback callback, Object state)
   at System.Threading.Tasks.Task.ExecuteWithThreadLocal(Task& currentTaskSlot, Thread threadPoolThread)
--- End of stack trace from previous location ---
   at DINOForge.Bridge.Client.GameClient.ConnectAsync(Nullable`1 connectTimeout, CancellationToken ct) in C:\Users\koosh\Dino\src\Bridge\Client\GameClient.cs:line 172
   --- End of inner exception stack trace ---
   at DINOForge.Bridge.Client.GameClient.ConnectAsync(Nullable`1 connectTimeout, CancellationToken ct) in C:\Users\koosh\Dino\src\Bridge\Client\GameClient.cs:line 176
[12:37:43 ERR] Failed to connect to pipe 'dinoforge-game-bridge'
System.TimeoutException: Connection timeout after 5s
 ---> System.OperationCanceledException: The operation was canceled.
   at System.Threading.CancellationToken.ThrowOperationCanceledException()
   at System.Threading.CancellationToken.ThrowIfCancellationRequested()
   at System.IO.Pipes.NamedPipeClientStream.ConnectInternal(Int32 timeout, CancellationToken cancellationToken, Int32 startTime)
   at System.Threading.ExecutionContext.RunFromThreadPoolDispatchLoop(Thread threadPoolThread, ExecutionContext executionContext, ContextCallback callback, Object state)
--- End of stack trace from previous location ---
   at System.Threading.ExecutionContext.RunFromThreadPoolDispatchLoop(Thread threadPoolThread, ExecutionContext executionContext, ContextCallback callback, Object state)
   at System.Threading.Tasks.Task.ExecuteWithThreadLocal(Task& currentTaskSlot, Thread threadPoolThread)
--- End of stack trace from previous location ---
   at DINOForge.Bridge.Client.GameClient.ConnectAsync(Nullable`1 connectTimeout, CancellationToken ct) in C:\Users\koosh\Dino\src\Bridge\Client\GameClient.cs:line 172
   --- End of inner exception stack trace ---
   at DINOForge.Bridge.Client.GameClient.ConnectAsync(Nullable`1 connectTimeout, CancellationToken ct) in C:\Users\koosh\Dino\src\Bridge\Client\GameClient.cs:line 176
[12:37:43 ERR] Failed to execute 'dumpState' after 4 attempts
DINOForge.Bridge.Client.GameClientException: Not connected to the game bridge. Call ConnectAsync first.
   at DINOForge.Bridge.Client.GameClient.SendRequestCoreAsync[T](String method, Object parameters, CancellationToken ct, Nullable`1 sendTimeout, Nullable`1 readTimeout) in C:\Users\koosh\Dino\src\Bridge\Client\GameClient.cs:line 501
   at DINOForge.Bridge.Client.GameClient.SendRequestAsync[T](String method, Object parameters, CancellationToken ct)
[12:37:43 ERR] Failed to execute 'dumpState' after 4 attempts
DINOForge.Bridge.Client.GameClientException: Not connected to the game bridge. Call ConnectAsync first.
   at DINOForge.Bridge.Client.GameClient.SendRequestCoreAsync[T](String method, Object parameters, CancellationToken ct, Nullable`1 sendTimeout, Nullable`1 readTimeout) in C:\Users\koosh\Dino\src\Bridge\Client\GameClient.cs:line 501
   at DINOForge.Bridge.Client.GameClient.SendRequestAsync[T](String method, Object parameters, CancellationToken ct)
[12:37:43 ERR] Failed to connect to pipe 'dinoforge-game-bridge'
System.TimeoutException: Connection timeout after 5s
 ---> System.OperationCanceledException: The operation was canceled.
   at System.Threading.CancellationToken.ThrowOperationCanceledException()
   at System.IO.Pipes.NamedPipeClientStream.ConnectInternal(Int32 timeout, CancellationToken cancellationToken, Int32 startTime)
   at System.Threading.ExecutionContext.RunFromThreadPoolDispatchLoop(Thread threadPoolThread, ExecutionContext executionContext, ContextCallback callback, Object state)
--- End of stack trace from previous location ---
   at System.Threading.ExecutionContext.RunFromThreadPoolDispatchLoop(Thread threadPoolThread, ExecutionContext executionContext, ContextCallback callback, Object state)
   at System.Threading.Tasks.Task.ExecuteWithThreadLocal(Task& currentTaskSlot, Thread threadPoolThread)
--- End of stack trace from previous location ---
   at DINOForge.Bridge.Client.GameClient.ConnectAsync(Nullable`1 connectTimeout, CancellationToken ct) in C:\Users\koosh\Dino\src\Bridge\Client\GameClient.cs:line 172
   --- End of inner exception stack trace ---
   at DINOForge.Bridge.Client.GameClient.ConnectAsync(Nullable`1 connectTimeout, CancellationToken ct) in C:\Users\koosh\Dino\src\Bridge\Client\GameClient.cs:line 176
[12:37:43 ERR] Failed to execute 'getResources' after 4 attempts
DINOForge.Bridge.Client.GameClientException: Not connected to the game bridge. Call ConnectAsync first.
   at DINOForge.Bridge.Client.GameClient.SendRequestCoreAsync[T](String method, Object parameters, CancellationToken ct, Nullable`1 sendTimeout, Nullable`1 readTimeout) in C:\Users\koosh\Dino\src\Bridge\Client\GameClient.cs:line 501
   at DINOForge.Bridge.Client.GameClient.SendRequestAsync[T](String method, Object parameters, CancellationToken ct)
[12:37:43 ERR] Failed to connect to pipe 'dinoforge-game-bridge'
System.TimeoutException: Connection timeout after 5s
 ---> System.OperationCanceledException: The operation was canceled.
   at System.Threading.CancellationToken.ThrowOperationCanceledException()
   at System.IO.Pipes.NamedPipeClientStream.ConnectInternal(Int32 timeout, CancellationToken cancellationToken, Int32 startTime)
   at System.Threading.ExecutionContext.RunFromThreadPoolDispatchLoop(Thread threadPoolThread, ExecutionContext executionContext, ContextCallback callback, Object state)
--- End of stack trace from previous location ---
   at System.Threading.ExecutionContext.RunFromThreadPoolDispatchLoop(Thread threadPoolThread, ExecutionContext executionContext, ContextCallback callback, Object state)
   at System.Threading.Tasks.Task.ExecuteWithThreadLocal(Task& currentTaskSlot, Thread threadPoolThread)
--- End of stack trace from previous location ---
   at DINOForge.Bridge.Client.GameClient.ConnectAsync(Nullable`1 connectTimeout, CancellationToken ct) in C:\Users\koosh\Dino\src\Bridge\Client\GameClient.cs:line 172
   --- End of inner exception stack trace ---
   at DINOForge.Bridge.Client.GameClient.ConnectAsync(Nullable`1 connectTimeout, CancellationToken ct) in C:\Users\koosh\Dino\src\Bridge\Client\GameClient.cs:line 176
[12:37:43 ERR] Failed to connect to pipe 'dinoforge-game-bridge'
System.TimeoutException: Connection timeout after 5s
 ---> System.OperationCanceledException: The operation was canceled.
   at System.Threading.CancellationToken.ThrowOperationCanceledException()
   at System.IO.Pipes.NamedPipeClientStream.ConnectInternal(Int32 timeout, CancellationToken cancellationToken, Int32 startTime)
   at System.Threading.ExecutionContext.RunFromThreadPoolDispatchLoop(Thread threadPoolThread, ExecutionContext executionContext, ContextCallback callback, Object state)
--- End of stack trace from previous location ---
   at System.Threading.ExecutionContext.RunFromThreadPoolDispatchLoop(Thread threadPoolThread, ExecutionContext executionContext, ContextCallback callback, Object state)
   at System.Threading.Tasks.Task.ExecuteWithThreadLocal(Task& currentTaskSlot, Thread threadPoolThread)
--- End of stack trace from previous location ---
   at DINOForge.Bridge.Client.GameClient.ConnectAsync(Nullable`1 connectTimeout, CancellationToken ct) in C:\Users\koosh\Dino\src\Bridge\Client\GameClient.cs:line 172
   --- End of inner exception stack trace ---
   at DINOForge.Bridge.Client.GameClient.ConnectAsync(Nullable`1 connectTimeout, CancellationToken ct) in C:\Users\koosh\Dino\src\Bridge\Client\GameClient.cs:line 176
[12:37:43 ERR] Failed to execute 'screenshot' after 4 attempts
DINOForge.Bridge.Client.GameClientException: Not connected to the game bridge. Call ConnectAsync first.
   at DINOForge.Bridge.Client.GameClient.SendRequestCoreAsync[T](String method, Object parameters, CancellationToken ct, Nullable`1 sendTimeout, Nullable`1 readTimeout) in C:\Users\koosh\Dino\src\Bridge\Client\GameClient.cs:line 501
   at DINOForge.Bridge.Client.GameClient.SendRequestAsync[T](String method, Object parameters, CancellationToken ct)
[12:37:43 ERR] Failed to execute 'waitForWorld' after 4 attempts
DINOForge.Bridge.Client.GameClientException: Not connected to the game bridge. Call ConnectAsync first.
   at DINOForge.Bridge.Client.GameClient.SendRequestCoreAsync[T](String method, Object parameters, CancellationToken ct, Nullable`1 sendTimeout, Nullable`1 readTimeout) in C:\Users\koosh\Dino\src\Bridge\Client\GameClient.cs:line 501
   at DINOForge.Bridge.Client.GameClient.SendRequestAsync[T](String method, Object parameters, CancellationToken ct)
[12:37:43 ERR] Failed to connect to pipe 'dinoforge-game-bridge'
System.TimeoutException: Connection timeout after 5s
 ---> System.OperationCanceledException: The operation was canceled.
   at System.Threading.CancellationToken.ThrowOperationCanceledException()
   at System.IO.Pipes.NamedPipeClientStream.ConnectInternal(Int32 timeout, CancellationToken cancellationToken, Int32 startTime)
   at System.Threading.ExecutionContext.RunFromThreadPoolDispatchLoop(Thread threadPoolThread, ExecutionContext executionContext, ContextCallback callback, Object state)
--- End of stack trace from previous location ---
   at System.Threading.ExecutionContext.RunFromThreadPoolDispatchLoop(Thread threadPoolThread, ExecutionContext executionContext, ContextCallback callback, Object state)
   at System.Threading.Tasks.Task.ExecuteWithThreadLocal(Task& currentTaskSlot, Thread threadPoolThread)
--- End of stack trace from previous location ---
   at DINOForge.Bridge.Client.GameClient.ConnectAsync(Nullable`1 connectTimeout, CancellationToken ct) in C:\Users\koosh\Dino\src\Bridge\Client\GameClient.cs:line 172
   --- End of inner exception stack trace ---
   at DINOForge.Bridge.Client.GameClient.ConnectAsync(Nullable`1 connectTimeout, CancellationToken ct) in C:\Users\koosh\Dino\src\Bridge\Client\GameClient.cs:line 176
[12:37:43 ERR] Failed to execute 'ping' after 4 attempts
DINOForge.Bridge.Client.GameClientException: Not connected to the game bridge. Call ConnectAsync first.
   at DINOForge.Bridge.Client.GameClient.SendRequestCoreAsync[T](String method, Object parameters, CancellationToken ct, Nullable`1 sendTimeout, Nullable`1 readTimeout) in C:\Users\koosh\Dino\src\Bridge\Client\GameClient.cs:line 501
   at DINOForge.Bridge.Client.GameClient.SendRequestAsync[T](String method, Object parameters, CancellationToken ct)
[12:37:43 ERR] Failed to connect to pipe 'dinoforge-game-bridge'
System.TimeoutException: Connection timeout after 5s
 ---> System.OperationCanceledException: The operation was canceled.
   at System.Threading.CancellationToken.ThrowOperationCanceledException()
   at System.IO.Pipes.NamedPipeClientStream.ConnectInternal(Int32 timeout, CancellationToken cancellationToken, Int32 startTime)
   at System.Threading.ExecutionContext.RunFromThreadPoolDispatchLoop(Thread threadPoolThread, ExecutionContext executionContext, ContextCallback callback, Object state)
--- End of stack trace from previous location ---
   at System.Threading.ExecutionContext.RunFromThreadPoolDispatchLoop(Thread threadPoolThread, ExecutionContext executionContext, ContextCallback callback, Object state)
   at System.Threading.Tasks.Task.ExecuteWithThreadLocal(Task& currentTaskSlot, Thread threadPoolThread)
--- End of stack trace from previous location ---
   at DINOForge.Bridge.Client.GameClient.ConnectAsync(Nullable`1 connectTimeout, CancellationToken ct) in C:\Users\koosh\Dino\src\Bridge\Client\GameClient.cs:line 172
   --- End of inner exception stack trace ---
   at DINOForge.Bridge.Client.GameClient.ConnectAsync(Nullable`1 connectTimeout, CancellationToken ct) in C:\Users\koosh\Dino\src\Bridge\Client\GameClient.cs:line 176
[12:37:43 ERR] Failed to execute 'waitForWorld' after 4 attempts
DINOForge.Bridge.Client.GameClientException: Not connected to the game bridge. Call ConnectAsync first.
   at DINOForge.Bridge.Client.GameClient.SendRequestCoreAsync[T](String method, Object parameters, CancellationToken ct, Nullable`1 sendTimeout, Nullable`1 readTimeout) in C:\Users\koosh\Dino\src\Bridge\Client\GameClient.cs:line 501
   at DINOForge.Bridge.Client.GameClient.SendRequestAsync[T](String method, Object parameters, CancellationToken ct)
[12:37:43 ERR] Failed to connect to pipe 'dinoforge-game-bridge'
System.TimeoutException: Connection timeout after 5s
 ---> System.OperationCanceledException: The operation was canceled.
   at System.Threading.CancellationToken.ThrowOperationCanceledException()
   at System.IO.Pipes.NamedPipeClientStream.ConnectInternal(Int32 timeout, CancellationToken cancellationToken, Int32 startTime)
   at System.Threading.ExecutionContext.RunFromThreadPoolDispatchLoop(Thread threadPoolThread, ExecutionContext executionContext, ContextCallback callback, Object state)
--- End of stack trace from previous location ---
   at System.Threading.ExecutionContext.RunFromThreadPoolDispatchLoop(Thread threadPoolThread, ExecutionContext executionContext, ContextCallback callback, Object state)
   at System.Threading.Tasks.Task.ExecuteWithThreadLocal(Task& currentTaskSlot, Thread threadPoolThread)
--- End of stack trace from previous location ---
   at DINOForge.Bridge.Client.GameClient.ConnectAsync(Nullable`1 connectTimeout, CancellationToken ct) in C:\Users\koosh\Dino\src\Bridge\Client\GameClient.cs:line 172
   --- End of inner exception stack trace ---
   at DINOForge.Bridge.Client.GameClient.ConnectAsync(Nullable`1 connectTimeout, CancellationToken ct) in C:\Users\koosh\Dino\src\Bridge\Client\GameClient.cs:line 176
[12:37:43 ERR] Failed to execute 'screenshot' after 4 attempts
DINOForge.Bridge.Client.GameClientException: Not connected to the game bridge. Call ConnectAsync first.
   at DINOForge.Bridge.Client.GameClient.SendRequestCoreAsync[T](String method, Object parameters, CancellationToken ct, Nullable`1 sendTimeout, Nullable`1 readTimeout) in C:\Users\koosh\Dino\src\Bridge\Client\GameClient.cs:line 501
   at DINOForge.Bridge.Client.GameClient.SendRequestAsync[T](String method, Object parameters, CancellationToken ct)
[12:37:44 ERR] Failed to connect to pipe 'dinoforge-game-bridge'
System.TimeoutException: Connection timeout after 5s
 ---> System.OperationCanceledException: The operation was canceled.
   at System.Threading.CancellationToken.ThrowOperationCanceledException()
   at System.IO.Pipes.NamedPipeClientStream.ConnectInternal(Int32 timeout, CancellationToken cancellationToken, Int32 startTime)
   at System.Threading.ExecutionContext.RunFromThreadPoolDispatchLoop(Thread threadPoolThread, ExecutionContext executionContext, ContextCallback callback, Object state)
--- End of stack trace from previous location ---
   at System.Threading.ExecutionContext.RunFromThreadPoolDispatchLoop(Thread threadPoolThread, ExecutionContext executionContext, ContextCallback callback, Object state)
   at System.Threading.Tasks.Task.ExecuteWithThreadLocal(Task& currentTaskSlot, Thread threadPoolThread)
--- End of stack trace from previous location ---
   at DINOForge.Bridge.Client.GameClient.ConnectAsync(Nullable`1 connectTimeout, CancellationToken ct) in C:\Users\koosh\Dino\src\Bridge\Client\GameClient.cs:line 172
   --- End of inner exception stack trace ---
   at DINOForge.Bridge.Client.GameClient.ConnectAsync(Nullable`1 connectTimeout, CancellationToken ct) in C:\Users\koosh\Dino\src\Bridge\Client\GameClient.cs:line 176
[12:37:44 ERR] Failed to execute 'ping' after 2 attempts
DINOForge.Bridge.Client.GameClientException: Connection closed by the game bridge server.
   at DINOForge.Bridge.Client.GameClient.SendRequestCoreAsync[T](String method, Object parameters, CancellationToken ct, Nullable`1 sendTimeout, Nullable`1 readTimeout) in C:\Users\koosh\Dino\src\Bridge\Client\GameClient.cs:line 578
   at DINOForge.Bridge.Client.GameClient.SendRequestAsync[T](String method, Object parameters, CancellationToken ct)
  Passed DINOForge.Tests.GameClientCoverageTests.SendRequestAsync_GivesUpAfterAllRetries [5 s]
[12:37:44 DBG] Sending request 'ping' to pipe 'dinoforge-game-bridge' (attempt 1/1)
[12:37:44 ERR] Read timed out for request 'ping' after 20ms
System.OperationCanceledException: The operation was canceled.
   at System.Threading.CancellationToken.ThrowOperationCanceledException()
   at System.Threading.CancellationToken.ThrowIfCancellationRequested()
   at DINOForge.Bridge.Client.GameClient.ReadLineAsync(StreamReader reader, CancellationToken ct) in C:\Users\koosh\Dino\src\Bridge\Client\GameClient.cs:line 649
   at DINOForge.Bridge.Client.GameClient.SendRequestCoreAsync[T](String method, Object parameters, CancellationToken ct, Nullable`1 sendTimeout, Nullable`1 readTimeout) in C:\Users\koosh\Dino\src\Bridge\Client\GameClient.cs:line 562
[12:37:44 WRN] Request 'ping' failed on attempt 1: Read timed out for request 'ping' after 20ms
DINOForge.Bridge.Client.GameClientException: Read timed out for request 'ping' after 20ms
 ---> System.OperationCanceledException: The operation was canceled.
   at System.Threading.CancellationToken.ThrowOperationCanceledException()
   at System.Threading.CancellationToken.ThrowIfCancellationRequested()
   at DINOForge.Bridge.Client.GameClient.ReadLineAsync(StreamReader reader, CancellationToken ct) in C:\Users\koosh\Dino\src\Bridge\Client\GameClient.cs:line 649
   at DINOForge.Bridge.Client.GameClient.SendRequestCoreAsync[T](String method, Object parameters, CancellationToken ct, Nullable`1 sendTimeout, Nullable`1 readTimeout) in C:\Users\koosh\Dino\src\Bridge\Client\GameClient.cs:line 562
   --- End of inner exception stack trace ---
   at DINOForge.Bridge.Client.GameClient.SendRequestCoreAsync[T](String method, Object parameters, CancellationToken ct, Nullable`1 sendTimeout, Nullable`1 readTimeout) in C:\Users\koosh\Dino\src\Bridge\Client\GameClient.cs:line 570
   at DINOForge.Bridge.Client.GameClient.SendRequestAsync[T](String method, Object parameters, CancellationToken ct)
[12:37:44 INF] Connecting to pipe 'dinoforge-game-bridge' with timeout 5000ms
[12:37:49 ERR] Failed to connect to pipe 'dinoforge-game-bridge'
System.TimeoutException: Connection timeout after 5s
 ---> System.OperationCanceledException: The operation was canceled.
   at System.Threading.CancellationToken.ThrowOperationCanceledException()
   at System.IO.Pipes.NamedPipeClientStream.ConnectInternal(Int32 timeout, CancellationToken cancellationToken, Int32 startTime)
   at System.Threading.ExecutionContext.RunFromThreadPoolDispatchLoop(Thread threadPoolThread, ExecutionContext executionContext, ContextCallback callback, Object state)
--- End of stack trace from previous location ---
   at System.Threading.ExecutionContext.RunFromThreadPoolDispatchLoop(Thread threadPoolThread, ExecutionContext executionContext, ContextCallback callback, Object state)
   at System.Threading.Tasks.Task.ExecuteWithThreadLocal(Task& currentTaskSlot, Thread threadPoolThread)
--- End of stack trace from previous location ---
   at DINOForge.Bridge.Client.GameClient.ConnectAsync(Nullable`1 connectTimeout, CancellationToken ct) in C:\Users\koosh\Dino\src\Bridge\Client\GameClient.cs:line 172
   --- End of inner exception stack trace ---
   at DINOForge.Bridge.Client.GameClient.ConnectAsync(Nullable`1 connectTimeout, CancellationToken ct) in C:\Users\koosh\Dino\src\Bridge\Client\GameClient.cs:line 176
[12:37:49 ERR] Failed to execute 'ping' after 1 attempts
DINOForge.Bridge.Client.GameClientException: Read timed out for request 'ping' after 20ms
 ---> System.OperationCanceledException: The operation was canceled.
   at System.Threading.CancellationToken.ThrowOperationCanceledException()
   at System.Threading.CancellationToken.ThrowIfCancellationRequested()
   at DINOForge.Bridge.Client.GameClient.ReadLineAsync(StreamReader reader, CancellationToken ct) in C:\Users\koosh\Dino\src\Bridge\Client\GameClient.cs:line 649
   at DINOForge.Bridge.Client.GameClient.SendRequestCoreAsync[T](String method, Object parameters, CancellationToken ct, Nullable`1 sendTimeout, Nullable`1 readTimeout) in C:\Users\koosh\Dino\src\Bridge\Client\GameClient.cs:line 562
   --- End of inner exception stack trace ---
   at DINOForge.Bridge.Client.GameClient.SendRequestCoreAsync[T](String method, Object parameters, CancellationToken ct, Nullable`1 sendTimeout, Nullable`1 readTimeout) in C:\Users\koosh\Dino\src\Bridge\Client\GameClient.cs:line 570
   at DINOForge.Bridge.Client.GameClient.SendRequestAsync[T](String method, Object parameters, CancellationToken ct)
  Passed DINOForge.Tests.GameClientCoverageTests.SendRequestCoreAsync_WithOperationCanceledException_ThrowsGameClientException [5 s]
[12:37:49 DBG] Sending request 'ping' to pipe 'dinoforge-game-bridge' (attempt 1/1)
[12:37:49 WRN] Server returned null result for request 'ping'
[12:37:49 WRN] Request 'ping' failed on attempt 1: Server returned null result for 'ping'.
DINOForge.Bridge.Client.GameClientException: Server returned null result for 'ping'.
   at DINOForge.Bridge.Client.GameClient.SendRequestCoreAsync[T](String method, Object parameters, CancellationToken ct, Nullable`1 sendTimeout, Nullable`1 readTimeout) in C:\Users\koosh\Dino\src\Bridge\Client\GameClient.cs:line 598
   at DINOForge.Bridge.Client.GameClient.SendRequestAsync[T](String method, Object parameters, CancellationToken ct)
[12:37:49 ERR] Failed to execute 'ping' after 1 attempts
DINOForge.Bridge.Client.GameClientException: Server returned null result for 'ping'.
   at DINOForge.Bridge.Client.GameClient.SendRequestCoreAsync[T](String method, Object parameters, CancellationToken ct, Nullable`1 sendTimeout, Nullable`1 readTimeout) in C:\Users\koosh\Dino\src\Bridge\Client\GameClient.cs:line 598
   at DINOForge.Bridge.Client.GameClient.SendRequestAsync[T](String method, Object parameters, CancellationToken ct)
[12:37:49 INF] Disconnecting from pipe 'dinoforge-game-bridge'
[12:37:49 DBG] Disconnection complete
[12:37:49 INF] Disconnecting from pipe 'dinoforge-game-bridge'
[12:37:49 DBG] Disconnection complete
[12:37:49 INF] Connecting to pipe 'nonexistent-pipe-fail' with timeout 100ms
[12:37:49 ERR] Failed to connect to pipe 'nonexistent-pipe-fail'
System.TimeoutException: Connection timeout after 0.1s
 ---> System.OperationCanceledException: The operation was canceled.
   at System.Threading.CancellationToken.ThrowOperationCanceledException()
   at System.IO.Pipes.NamedPipeClientStream.ConnectInternal(Int32 timeout, CancellationToken cancellationToken, Int32 startTime)
   at System.Threading.ExecutionContext.RunFromThreadPoolDispatchLoop(Thread threadPoolThread, ExecutionContext executionContext, ContextCallback callback, Object state)
--- End of stack trace from previous location ---
   at System.Threading.ExecutionContext.RunFromThreadPoolDispatchLoop(Thread threadPoolThread, ExecutionContext executionContext, ContextCallback callback, Object state)
   at System.Threading.Tasks.Task.ExecuteWithThreadLocal(Task& currentTaskSlot, Thread threadPoolThread)
--- End of stack trace from previous location ---
   at DINOForge.Bridge.Client.GameClient.ConnectAsync(Nullable`1 connectTimeout, CancellationToken ct) in C:\Users\koosh\Dino\src\Bridge\Client\GameClient.cs:line 172
   --- End of inner exception stack trace ---
   at DINOForge.Bridge.Client.GameClient.ConnectAsync(Nullable`1 connectTimeout, CancellationToken ct) in C:\Users\koosh\Dino\src\Bridge\Client\GameClient.cs:line 176
[12:37:49 DBG] Sending request 'ping' to pipe 'dinoforge-game-bridge' (attempt 1/1)
[12:37:49 ERR] Cannot send request - not connected to pipe 'dinoforge-game-bridge'
[12:37:49 WRN] Request 'ping' failed on attempt 1: Not connected to the game bridge. Call ConnectAsync first.
DINOForge.Bridge.Client.GameClientException: Not connected to the game bridge. Call ConnectAsync first.
   at DINOForge.Bridge.Client.GameClient.SendRequestCoreAsync[T](String method, Object parameters, CancellationToken ct, Nullable`1 sendTimeout, Nullable`1 readTimeout) in C:\Users\koosh\Dino\src\Bridge\Client\GameClient.cs:line 501
   at DINOForge.Bridge.Client.GameClient.SendRequestAsync[T](String method, Object parameters, CancellationToken ct)
[12:37:49 INF] Connecting to pipe 'dinoforge-game-bridge' with timeout 5000ms
  Passed DINOForge.Tests.GameClientCoverageTests.GameProcessManager_IsRunning_ReflectsActualState [20 ms]
  Passed DINOForge.Tests.GameClientCoverageTests.SendRequestCoreAsync_WhenResponseResultIsNullExplicitly_ThrowsGameClientException [6 ms]
  Passed DINOForge.Tests.GameClientCoverageTests.Disconnect_WhenConnected_ClearsState [4 ms]
  Passed DINOForge.Tests.GameClientCoverageTests.Disconnect_AfterError_ClearsPipe [4 ms]
  Passed DINOForge.Tests.GameClientCoverageTests.GameProcessManager_IsRunning_WhenGameNotRunning_ReturnsFalse [6 ms]
  Passed DINOForge.Tests.GameClientCoverageTests.ConnectAsync_WhenPipeConnectionFails_ThrowsGameClientException [129 ms]
[12:37:54 ERR] Failed to connect to pipe 'dinoforge-game-bridge'
System.TimeoutException: Connection timeout after 5s
 ---> System.OperationCanceledException: The operation was canceled.
   at System.Threading.CancellationToken.ThrowOperationCanceledException()
   at System.IO.Pipes.NamedPipeClientStream.ConnectInternal(Int32 timeout, CancellationToken cancellationToken, Int32 startTime)
   at System.Threading.ExecutionContext.RunFromThreadPoolDispatchLoop(Thread threadPoolThread, ExecutionContext executionContext, ContextCallback callback, Object state)
--- End of stack trace from previous location ---
   at System.Threading.ExecutionContext.RunFromThreadPoolDispatchLoop(Thread threadPoolThread, ExecutionContext executionContext, ContextCallback callback, Object state)
   at System.Threading.Tasks.Task.ExecuteWithThreadLocal(Task& currentTaskSlot, Thread threadPoolThread)
--- End of stack trace from previous location ---
   at DINOForge.Bridge.Client.GameClient.ConnectAsync(Nullable`1 connectTimeout, CancellationToken ct) in C:\Users\koosh\Dino\src\Bridge\Client\GameClient.cs:line 172
   --- End of inner exception stack trace ---
   at DINOForge.Bridge.Client.GameClient.ConnectAsync(Nullable`1 connectTimeout, CancellationToken ct) in C:\Users\koosh\Dino\src\Bridge\Client\GameClient.cs:line 176
[12:37:54 ERR] Failed to execute 'ping' after 1 attempts
DINOForge.Bridge.Client.GameClientException: Not connected to the game bridge. Call ConnectAsync first.
   at DINOForge.Bridge.Client.GameClient.SendRequestCoreAsync[T](String method, Object parameters, CancellationToken ct, Nullable`1 sendTimeout, Nullable`1 readTimeout) in C:\Users\koosh\Dino\src\Bridge\Client\GameClient.cs:line 501
   at DINOForge.Bridge.Client.GameClient.SendRequestAsync[T](String method, Object parameters, CancellationToken ct)
  Passed DINOForge.Tests.GameClientCoverageTests.SendRequestCoreAsync_WhenNotConnected_ThrowsGameClientException [5 s]
[12:37:54 INF] Connecting to pipe 'nonexistent-pipe-timeout' with timeout 1ms
[12:37:54 ERR] Failed to connect to pipe 'nonexistent-pipe-timeout'
System.TimeoutException: Connection timeout after 0.001s
 ---> System.OperationCanceledException: The operation was canceled.
   at System.Threading.CancellationToken.ThrowOperationCanceledException()
   at System.IO.Pipes.NamedPipeClientStream.ConnectInternal(Int32 timeout, CancellationToken cancellationToken, Int32 startTime)
   at System.Threading.ExecutionContext.RunFromThreadPoolDispatchLoop(Thread threadPoolThread, ExecutionContext executionContext, ContextCallback callback, Object state)
--- End of stack trace from previous location ---
   at System.Threading.ExecutionContext.RunFromThreadPoolDispatchLoop(Thread threadPoolThread, ExecutionContext executionContext, ContextCallback callback, Object state)
   at System.Threading.Tasks.Task.ExecuteWithThreadLocal(Task& currentTaskSlot, Thread threadPoolThread)
--- End of stack trace from previous location ---
   at DINOForge.Bridge.Client.GameClient.ConnectAsync(Nullable`1 connectTimeout, CancellationToken ct) in C:\Users\koosh\Dino\src\Bridge\Client\GameClient.cs:line 172
   --- End of inner exception stack trace ---
   at DINOForge.Bridge.Client.GameClient.ConnectAsync(Nullable`1 connectTimeout, CancellationToken ct) in C:\Users\koosh\Dino\src\Bridge\Client\GameClient.cs:line 176
[12:37:54 DBG] Sending request 'waitForUi' to pipe 'dinoforge-game-bridge' (attempt 1/1)
[12:37:54 INF] Request 'waitForUi' completed successfully in 0ms
[12:37:54 DBG] Sending request 'getCatalog' to pipe 'dinoforge-game-bridge' (attempt 1/1)
[12:37:54 INF] Request 'getCatalog' completed successfully in 0ms
[12:37:54 DBG] Sending request 'ping' to pipe 'dinoforge-game-bridge' (attempt 1/1)
[12:37:54 WRN] Request 'ping' failed on attempt 1: Simulated write failure
System.IO.IOException: Simulated write failure
   at DINOForge.Tests.GameClientCoverageTests.ThrowingMemoryStream.Write(Byte[] buffer, Int32 offset, Int32 count) in C:\Users\koosh\Dino\src\Tests\GameClientCoverageTests.cs:line 1057
   at System.IO.MemoryStream.WriteAsync(ReadOnlyMemory`1 buffer, CancellationToken cancellationToken)
--- End of stack trace from previous location ---
   at System.IO.StreamWriter.<FlushAsyncInternal>g__Core|76_0(Boolean flushStream, Boolean flushEncoder, CancellationToken cancellationToken)
   at System.IO.StreamWriter.WriteAsyncInternal(ReadOnlyMemory`1 source, Boolean appendNewLine, CancellationToken cancellationToken)
   at DINOForge.Bridge.Client.GameClient.SendRequestCoreAsync[T](String method, Object parameters, CancellationToken ct, Nullable`1 sendTimeout, Nullable`1 readTimeout) in C:\Users\koosh\Dino\src\Bridge\Client\GameClient.cs:line 533
   at DINOForge.Bridge.Client.GameClient.SendRequestAsync[T](String method, Object parameters, CancellationToken ct)
[12:37:54 ERR] Failed to execute 'ping' after 1 attempts
System.IO.IOException: Simulated write failure
   at DINOForge.Tests.GameClientCoverageTests.ThrowingMemoryStream.Write(Byte[] buffer, Int32 offset, Int32 count) in C:\Users\koosh\Dino\src\Tests\GameClientCoverageTests.cs:line 1057
   at System.IO.MemoryStream.WriteAsync(ReadOnlyMemory`1 buffer, CancellationToken cancellationToken)
--- End of stack trace from previous location ---
   at System.IO.StreamWriter.<FlushAsyncInternal>g__Core|76_0(Boolean flushStream, Boolean flushEncoder, CancellationToken cancellationToken)
   at System.IO.StreamWriter.WriteAsyncInternal(ReadOnlyMemory`1 source, Boolean appendNewLine, CancellationToken cancellationToken)
   at DINOForge.Bridge.Client.GameClient.SendRequestCoreAsync[T](String method, Object parameters, CancellationToken ct, Nullable`1 sendTimeout, Nullable`1 readTimeout) in C:\Users\koosh\Dino\src\Bridge\Client\GameClient.cs:line 533
   at DINOForge.Bridge.Client.GameClient.SendRequestAsync[T](String method, Object parameters, CancellationToken ct)
  Passed DINOForge.Tests.GameClientCoverageTests.GameClientOptions_CanSetAllProperties [< 1 ms]
  Passed DINOForge.Tests.GameClientCoverageTests.ConnectAsync_WhenPipeTimesOut_ThrowsGameClientException [31 ms]
  Passed DINOForge.Tests.GameClientCoverageTests.WaitForUiAsync_DelegatesCorrectly [5 ms]
  Passed DINOForge.Tests.GameClientCoverageTests.GetCatalogAsync_DelegatesCorrectly [5 ms]
  Passed DINOForge.Tests.GameClientCoverageTests.SendRequestAsync_WhenWriteFails_ThrowsAfterRetries [7 ms]
  Passed DINOForge.Tests.GameClientCoverageTests.GameClientOptions_DefaultValues_AreCorrect [< 1 ms]
  Passed DINOForge.Tests.GameClientCoverageTests.GameProcessManager_WaitForExitAsync_WithExceptionRetry_HandlesGracefully [7 ms]
  Passed DINOForge.Tests.GameClientCoverageTests.JsonRpcRequest_WithEmptyParams_SerializesCorrectly [< 1 ms]
  Passed DINOForge.Tests.GameClientCoverageTests.GameClientException_WithInnerException_ChainsCorrectly [< 1 ms]
  Passed DINOForge.Tests.GameClientCoverageTests.GameProcessManager_LaunchAsync_WhenAlreadyRunning_ReturnsTrue [1 s]
[12:37:56 INF] Connecting to pipe 'nonexistent-pipe-cancel' with timeout 5000ms
[12:37:56 ERR] Failed to connect to pipe 'nonexistent-pipe-cancel'
System.Threading.Tasks.TaskCanceledException: A task was canceled.
   at DINOForge.Bridge.Client.GameClient.ConnectAsync(Nullable`1 connectTimeout, CancellationToken ct) in C:\Users\koosh\Dino\src\Bridge\Client\GameClient.cs:line 172
[12:37:56 INF] Connecting to pipe 'nonexistent-pipe' with timeout 100ms
[12:37:56 ERR] Failed to connect to pipe 'nonexistent-pipe'
System.TimeoutException: Connection timeout after 0.1s
 ---> System.OperationCanceledException: The operation was canceled.
   at System.Threading.CancellationToken.ThrowOperationCanceledException()
   at System.IO.Pipes.NamedPipeClientStream.ConnectInternal(Int32 timeout, CancellationToken cancellationToken, Int32 startTime)
   at System.Threading.ExecutionContext.RunFromThreadPoolDispatchLoop(Thread threadPoolThread, ExecutionContext executionContext, ContextCallback callback, Object state)
--- End of stack trace from previous location ---
   at System.Threading.ExecutionContext.RunFromThreadPoolDispatchLoop(Thread threadPoolThread, ExecutionContext executionContext, ContextCallback callback, Object state)
   at System.Threading.Tasks.Task.ExecuteWithThreadLocal(Task& currentTaskSlot, Thread threadPoolThread)
--- End of stack trace from previous location ---
   at DINOForge.Bridge.Client.GameClient.ConnectAsync(Nullable`1 connectTimeout, CancellationToken ct) in C:\Users\koosh\Dino\src\Bridge\Client\GameClient.cs:line 172
   --- End of inner exception stack trace ---
   at DINOForge.Bridge.Client.GameClient.ConnectAsync(Nullable`1 connectTimeout, CancellationToken ct) in C:\Users\koosh\Dino\src\Bridge\Client\GameClient.cs:line 176
[12:37:56 DBG] Sending request 'dismissLoadScreen' to pipe 'dinoforge-game-bridge' (attempt 1/1)
[12:37:56 INF] Request 'dismissLoadScreen' completed successfully in 0ms
[12:37:56 DBG] Sending request 'ping' to pipe 'dinoforge-game-bridge' (attempt 1/1)
[12:37:56 INF] Request 'ping' completed successfully in 0ms
[12:37:56 DBG] Sending request 'clickButton' to pipe 'dinoforge-game-bridge' (attempt 1/1)
[12:37:56 INF] Request 'clickButton' completed successfully in 0ms
[12:37:56 DBG] Sending request 'queryEntities' to pipe 'dinoforge-game-bridge' (attempt 1/1)
[12:37:56 INF] Request 'queryEntities' completed successfully in 0ms
[12:37:56 DBG] Sending request 'waitForWorld' to pipe 'dinoforge-game-bridge' (attempt 1/1)
  Passed DINOForge.Tests.GameClientCoverageTests.State_Transitions_AreCorrect [< 1 ms]
  Passed DINOForge.Tests.GameClientCoverageTests.Dispose_CanBeCalledMultipleTimes [< 1 ms]
  Passed DINOForge.Tests.GameClientCoverageTests.ConnectAsync_WhenCancelled_ThrowsOperationCanceledException [7 ms]
  Passed DINOForge.Tests.GameClientCoverageTests.ConnectAsync_WhenConnectingState_DoesNotThrow [135 ms]
  Passed DINOForge.Tests.GameClientCoverageTests.DismissLoadScreenAsync_SendsCorrectRequest [5 ms]
  Passed DINOForge.Tests.GameClientCoverageTests.PingAsync_DelegatesCorrectly [4 ms]
  Passed DINOForge.Tests.GameClientCoverageTests.GameProcessManager_GetProcessId_ReturnsCorrectValueOrNull [7 ms]
  Passed DINOForge.Tests.GameClientCoverageTests.ClickButtonAsync_SendsCorrectRequest [5 ms]
  Passed DINOForge.Tests.GameClientCoverageTests.QueryEntitiesAsync_DelegatesCorrectly [4 ms]
[12:37:56 INF] Request 'waitForWorld' completed successfully in 0ms
[12:37:56 DBG] Sending request 'ping' to pipe 'dinoforge-game-bridge' (attempt 1/1)
[12:37:56 ERR] Read timed out for request 'ping' after 30ms
System.OperationCanceledException: The operation was canceled.
   at System.Threading.CancellationToken.ThrowOperationCanceledException()
   at System.Threading.CancellationToken.ThrowIfCancellationRequested()
   at DINOForge.Bridge.Client.GameClient.ReadLineAsync(StreamReader reader, CancellationToken ct) in C:\Users\koosh\Dino\src\Bridge\Client\GameClient.cs:line 649
   at DINOForge.Bridge.Client.GameClient.SendRequestCoreAsync[T](String method, Object parameters, CancellationToken ct, Nullable`1 sendTimeout, Nullable`1 readTimeout) in C:\Users\koosh\Dino\src\Bridge\Client\GameClient.cs:line 562
[12:37:56 WRN] Request 'ping' failed on attempt 1: Read timed out for request 'ping' after 30ms
DINOForge.Bridge.Client.GameClientException: Read timed out for request 'ping' after 30ms
 ---> System.OperationCanceledException: The operation was canceled.
   at System.Threading.CancellationToken.ThrowOperationCanceledException()
   at System.Threading.CancellationToken.ThrowIfCancellationRequested()
   at DINOForge.Bridge.Client.GameClient.ReadLineAsync(StreamReader reader, CancellationToken ct) in C:\Users\koosh\Dino\src\Bridge\Client\GameClient.cs:line 649
   at DINOForge.Bridge.Client.GameClient.SendRequestCoreAsync[T](String method, Object parameters, CancellationToken ct, Nullable`1 sendTimeout, Nullable`1 readTimeout) in C:\Users\koosh\Dino\src\Bridge\Client\GameClient.cs:line 562
   --- End of inner exception stack trace ---
   at DINOForge.Bridge.Client.GameClient.SendRequestCoreAsync[T](String method, Object parameters, CancellationToken ct, Nullable`1 sendTimeout, Nullable`1 readTimeout) in C:\Users\koosh\Dino\src\Bridge\Client\GameClient.cs:line 570
   at DINOForge.Bridge.Client.GameClient.SendRequestAsync[T](String method, Object parameters, CancellationToken ct)
[12:37:56 INF] Connecting to pipe 'dinoforge-game-bridge' with timeout 5000ms
  Passed DINOForge.Tests.GameClientCoverageTests.WaitForWorldAsync_DelegatesCorrectly [6 ms]
[12:38:01 ERR] Failed to connect to pipe 'dinoforge-game-bridge'
System.TimeoutException: Connection timeout after 5s
 ---> System.OperationCanceledException: The operation was canceled.
   at System.Threading.CancellationToken.ThrowOperationCanceledException()
   at System.IO.Pipes.NamedPipeClientStream.ConnectInternal(Int32 timeout, CancellationToken cancellationToken, Int32 startTime)
   at System.Threading.ExecutionContext.RunFromThreadPoolDispatchLoop(Thread threadPoolThread, ExecutionContext executionContext, ContextCallback callback, Object state)
--- End of stack trace from previous location ---
   at System.Threading.ExecutionContext.RunFromThreadPoolDispatchLoop(Thread threadPoolThread, ExecutionContext executionContext, ContextCallback callback, Object state)
   at System.Threading.Tasks.Task.ExecuteWithThreadLocal(Task& currentTaskSlot, Thread threadPoolThread)
--- End of stack trace from previous location ---
   at DINOForge.Bridge.Client.GameClient.ConnectAsync(Nullable`1 connectTimeout, CancellationToken ct) in C:\Users\koosh\Dino\src\Bridge\Client\GameClient.cs:line 172
   --- End of inner exception stack trace ---
   at DINOForge.Bridge.Client.GameClient.ConnectAsync(Nullable`1 connectTimeout, CancellationToken ct) in C:\Users\koosh\Dino\src\Bridge\Client\GameClient.cs:line 176
[12:38:01 ERR] Failed to execute 'ping' after 1 attempts
DINOForge.Bridge.Client.GameClientException: Read timed out for request 'ping' after 30ms
 ---> System.OperationCanceledException: The operation was canceled.
   at System.Threading.CancellationToken.ThrowOperationCanceledException()
   at System.Threading.CancellationToken.ThrowIfCancellationRequested()
   at DINOForge.Bridge.Client.GameClient.ReadLineAsync(StreamReader reader, CancellationToken ct) in C:\Users\koosh\Dino\src\Bridge\Client\GameClient.cs:line 649
   at DINOForge.Bridge.Client.GameClient.SendRequestCoreAsync[T](String method, Object parameters, CancellationToken ct, Nullable`1 sendTimeout, Nullable`1 readTimeout) in C:\Users\koosh\Dino\src\Bridge\Client\GameClient.cs:line 562
   --- End of inner exception stack trace ---
   at DINOForge.Bridge.Client.GameClient.SendRequestCoreAsync[T](String method, Object parameters, CancellationToken ct, Nullable`1 sendTimeout, Nullable`1 readTimeout) in C:\Users\koosh\Dino\src\Bridge\Client\GameClient.cs:line 570
   at DINOForge.Bridge.Client.GameClient.SendRequestAsync[T](String method, Object parameters, CancellationToken ct)
  Passed DINOForge.Tests.GameClientCoverageTests.SendRequestCoreAsync_WithTimeoutOnSecondRead_ThrowsGameClientException [5 s]
[12:38:01 DBG] Sending request 'ping' to pipe 'dinoforge-game-bridge' (attempt 1/2)
[12:38:01 INF] Connecting to pipe 'test-pipe-does-not-exist' with timeout 100ms
[12:38:01 ERR] Failed to connect to pipe 'test-pipe-does-not-exist'
System.TimeoutException: Connection timeout after 0.1s
 ---> System.OperationCanceledException: The operation was canceled.
   at System.Threading.CancellationToken.ThrowOperationCanceledException()
   at System.IO.Pipes.NamedPipeClientStream.ConnectInternal(Int32 timeout, CancellationToken cancellationToken, Int32 startTime)
   at System.Threading.ExecutionContext.RunFromThreadPoolDispatchLoop(Thread threadPoolThread, ExecutionContext executionContext, ContextCallback callback, Object state)
--- End of stack trace from previous location ---
   at System.Threading.ExecutionContext.RunFromThreadPoolDispatchLoop(Thread threadPoolThread, ExecutionContext executionContext, ContextCallback callback, Object state)
   at System.Threading.Tasks.Task.ExecuteWithThreadLocal(Task& currentTaskSlot, Thread threadPoolThread)
--- End of stack trace from previous location ---
   at DINOForge.Bridge.Client.GameClient.ConnectAsync(Nullable`1 connectTimeout, CancellationToken ct) in C:\Users\koosh\Dino\src\Bridge\Client\GameClient.cs:line 172
   --- End of inner exception stack trace ---
   at DINOForge.Bridge.Client.GameClient.ConnectAsync(Nullable`1 connectTimeout, CancellationToken ct) in C:\Users\koosh\Dino\src\Bridge\Client\GameClient.cs:line 176
[12:38:01 DBG] Sending request 'getResources' to pipe 'dinoforge-game-bridge' (attempt 1/1)
[12:38:01 INF] Request 'getResources' completed successfully in 0ms
[12:38:01 DBG] Sending request 'status' to pipe 'dinoforge-game-bridge' (attempt 1/1)
[12:38:01 INF] Request 'status' completed successfully in 0ms
[12:38:01 DBG] Sending request 'ping' to pipe 'dinoforge-game-bridge' (attempt 1/1)
[12:38:01 ERR] Cannot send request - not connected to pipe 'dinoforge-game-bridge'
[12:38:01 WRN] Request 'ping' failed on attempt 1: Not connected to the game bridge. Call ConnectAsync first.
DINOForge.Bridge.Client.GameClientException: Not connected to the game bridge. Call ConnectAsync first.
   at DINOForge.Bridge.Client.GameClient.SendRequestCoreAsync[T](String method, Object parameters, CancellationToken ct, Nullable`1 sendTimeout, Nullable`1 readTimeout) in C:\Users\koosh\Dino\src\Bridge\Client\GameClient.cs:line 501
   at DINOForge.Bridge.Client.GameClient.SendRequestAsync[T](String method, Object parameters, CancellationToken ct)
[12:38:01 ERR] Failed to execute 'ping' after 1 attempts
DINOForge.Bridge.Client.GameClientException: Not connected to the game bridge. Call ConnectAsync first.
   at DINOForge.Bridge.Client.GameClient.SendRequestCoreAsync[T](String method, Object parameters, CancellationToken ct, Nullable`1 sendTimeout, Nullable`1 readTimeout) in C:\Users\koosh\Dino\src\Bridge\Client\GameClient.cs:line 501
   at DINOForge.Bridge.Client.GameClient.SendRequestAsync[T](String method, Object parameters, CancellationToken ct)
[12:38:01 DBG] Sending request 'reloadPacks' to pipe 'dinoforge-game-bridge' (attempt 1/1)
[12:38:01 INF] Request 'reloadPacks' completed successfully in 0ms
  Passed DINOForge.Tests.GameClientCoverageTests.SendRequestAsync_RetriesOnOperationCanceledException [8 ms]
  Passed DINOForge.Tests.GameClientCoverageTests.ConnectAsync_WithValidPipeServer_WouldConnect [130 ms]
  Passed DINOForge.Tests.GameClientCoverageTests.GetResourcesAsync_DelegatesCorrectly [6 ms]
  Passed DINOForge.Tests.GameClientCoverageTests.GameProcessManager_LaunchAsync_WithInvalidPath_ReturnsFalse [24 ms]
  Passed DINOForge.Tests.GameClientCoverageTests.StatusAsync_DelegatesCorrectly [6 ms]
  Passed DINOForge.Tests.GameClientCoverageTests.GameProcessManager_WaitForExitAsync_WithAlreadyExitedProcess_ReturnsImmediately [18 ms]
  Passed DINOForge.Tests.GameClientCoverageTests.SendRequestCoreAsync_WhenWriterIsNull_ThrowsGameClientException [9 ms]
  Passed DINOForge.Tests.GameClientCoverageTests.ReloadPacksAsync_DelegatesCorrectly [9 ms]
  Passed DINOForge.Tests.GameClientCoverageTests.GameProcessManager_WaitForExitAsync_ReturnsTask [26 ms]
[12:38:01 DBG] Sending request 'ping' to pipe 'dinoforge-game-bridge' (attempt 1/2)
[12:38:01 INF] Request 'ping' completed successfully in 0ms
[12:38:01 DBG] Sending request 'ping' to pipe 'dinoforge-game-bridge' (attempt 1/3)
[12:38:01 ERR] Received invalid JSON-RPC response for request 'ping': 
[12:38:01 WRN] Request 'ping' failed on attempt 1: Received invalid JSON-RPC response.
DINOForge.Bridge.Client.GameClientException: Received invalid JSON-RPC response.
   at DINOForge.Bridge.Client.GameClient.SendRequestCoreAsync[T](String method, Object parameters, CancellationToken ct, Nullable`1 sendTimeout, Nullable`1 readTimeout) in C:\Users\koosh\Dino\src\Bridge\Client\GameClient.cs:line 585
   at DINOForge.Bridge.Client.GameClient.SendRequestAsync[T](String method, Object parameters, CancellationToken ct)
[12:38:01 WRN] Retrying request 'ping' (attempt 2/3)
[12:38:01 DBG] Sending request 'ping' to pipe 'dinoforge-game-bridge' (attempt 2/3)
[12:38:01 ERR] Connection closed by game bridge server for request 'ping'
[12:38:01 WRN] Request 'ping' failed on attempt 2: Connection closed by the game bridge server.
DINOForge.Bridge.Client.GameClientException: Connection closed by the game bridge server.
   at DINOForge.Bridge.Client.GameClient.SendRequestCoreAsync[T](String method, Object parameters, CancellationToken ct, Nullable`1 sendTimeout, Nullable`1 readTimeout) in C:\Users\koosh\Dino\src\Bridge\Client\GameClient.cs:line 578
   at DINOForge.Bridge.Client.GameClient.SendRequestAsync[T](String method, Object parameters, CancellationToken ct)
[12:38:01 INF] Connecting to pipe 'dinoforge-game-bridge' with timeout 5000ms
  Passed DINOForge.Tests.GameClientCoverageTests.GameProcessManager_KillAsync_WhenGameNotRunning_DoesNotThrow [13 ms]
  Passed DINOForge.Tests.GameClientCoverageTests.GameClientOptions_CanBeChained [< 1 ms]
  Passed DINOForge.Tests.GameClientCoverageTests.ThrowIfDisposed_AfterDispose_ThrowsObjectDisposedException [1 ms]
  Passed DINOForge.Tests.GameClientCoverageTests.SendRequestAsync_RetriesAndSucceeds [8 ms]
  Passed DINOForge.Tests.ParameterizedTests.HotReloadFsCheckProperties.PackFileWatcher_EnqueuedEvents_ReturnedInOrder [39 s]
  Passed DINOForge.Tests.ParameterizedTests.HotReloadFsCheckProperties.HotReloadResult_Failure_PreservesErrors [20 ms]
  Passed DINOForge.Tests.ParameterizedTests.HotReloadFsCheckProperties.HotReloadResult_Success_IsImmutable [13 ms]
  Passed DINOForge.Tests.ParameterizedTests.HotReloadFsCheckProperties.HotReloadResult_Partial_PreservesBothSuccessAndErrors [16 ms]
[12:38:06 ERR] Failed to connect to pipe 'dinoforge-game-bridge'
System.TimeoutException: Connection timeout after 5s
 ---> System.OperationCanceledException: The operation was canceled.
   at System.Threading.CancellationToken.ThrowOperationCanceledException()
   at System.IO.Pipes.NamedPipeClientStream.ConnectInternal(Int32 timeout, CancellationToken cancellationToken, Int32 startTime)
   at System.Threading.ExecutionContext.RunFromThreadPoolDispatchLoop(Thread threadPoolThread, ExecutionContext executionContext, ContextCallback callback, Object state)
--- End of stack trace from previous location ---
   at System.Threading.ExecutionContext.RunFromThreadPoolDispatchLoop(Thread threadPoolThread, ExecutionContext executionContext, ContextCallback callback, Object state)
   at System.Threading.Tasks.Task.ExecuteWithThreadLocal(Task& currentTaskSlot, Thread threadPoolThread)
--- End of stack trace from previous location ---
   at DINOForge.Bridge.Client.GameClient.ConnectAsync(Nullable`1 connectTimeout, CancellationToken ct) in C:\Users\koosh\Dino\src\Bridge\Client\GameClient.cs:line 172
   --- End of inner exception stack trace ---
   at DINOForge.Bridge.Client.GameClient.ConnectAsync(Nullable`1 connectTimeout, CancellationToken ct) in C:\Users\koosh\Dino\src\Bridge\Client\GameClient.cs:line 176
[12:38:06 WRN] Retrying request 'ping' (attempt 3/3)
[12:38:06 DBG] Sending request 'ping' to pipe 'dinoforge-game-bridge' (attempt 3/3)
[12:38:06 ERR] Cannot send request - not connected to pipe 'dinoforge-game-bridge'
[12:38:06 WRN] Request 'ping' failed on attempt 3: Not connected to the game bridge. Call ConnectAsync first.
DINOForge.Bridge.Client.GameClientException: Not connected to the game bridge. Call ConnectAsync first.
   at DINOForge.Bridge.Client.GameClient.SendRequestCoreAsync[T](String method, Object parameters, CancellationToken ct, Nullable`1 sendTimeout, Nullable`1 readTimeout) in C:\Users\koosh\Dino\src\Bridge\Client\GameClient.cs:line 501
   at DINOForge.Bridge.Client.GameClient.SendRequestAsync[T](String method, Object parameters, CancellationToken ct)
[12:38:06 INF] Connecting to pipe 'dinoforge-game-bridge' with timeout 5000ms
[12:38:11 ERR] Failed to connect to pipe 'dinoforge-game-bridge'
System.TimeoutException: Connection timeout after 5s
 ---> System.OperationCanceledException: The operation was canceled.
   at System.Threading.CancellationToken.ThrowOperationCanceledException()
   at System.IO.Pipes.NamedPipeClientStream.ConnectInternal(Int32 timeout, CancellationToken cancellationToken, Int32 startTime)
   at System.Threading.ExecutionContext.RunFromThreadPoolDispatchLoop(Thread threadPoolThread, ExecutionContext executionContext, ContextCallback callback, Object state)
--- End of stack trace from previous location ---
   at System.Threading.ExecutionContext.RunFromThreadPoolDispatchLoop(Thread threadPoolThread, ExecutionContext executionContext, ContextCallback callback, Object state)
   at System.Threading.Tasks.Task.ExecuteWithThreadLocal(Task& currentTaskSlot, Thread threadPoolThread)
--- End of stack trace from previous location ---
   at DINOForge.Bridge.Client.GameClient.ConnectAsync(Nullable`1 connectTimeout, CancellationToken ct) in C:\Users\koosh\Dino\src\Bridge\Client\GameClient.cs:line 172
   --- End of inner exception stack trace ---
   at DINOForge.Bridge.Client.GameClient.ConnectAsync(Nullable`1 connectTimeout, CancellationToken ct) in C:\Users\koosh\Dino\src\Bridge\Client\GameClient.cs:line 176
[12:38:11 ERR] Failed to execute 'ping' after 3 attempts
DINOForge.Bridge.Client.GameClientException: Not connected to the game bridge. Call ConnectAsync first.
   at DINOForge.Bridge.Client.GameClient.SendRequestCoreAsync[T](String method, Object parameters, CancellationToken ct, Nullable`1 sendTimeout, Nullable`1 readTimeout) in C:\Users\koosh\Dino\src\Bridge\Client\GameClient.cs:line 501
   at DINOForge.Bridge.Client.GameClient.SendRequestAsync[T](String method, Object parameters, CancellationToken ct)
  Passed DINOForge.Tests.GameClientCoverageTests.SendRequestAsync_RetryWithLastException_ThrowsWithRetryMessage [10 s]
[12:38:11 INF] Disconnecting from pipe 'dinoforge-game-bridge'
[12:38:11 DBG] Disconnection complete
[12:38:11 DBG] Sending request 'ping' to pipe 'dinoforge-game-bridge' (attempt 1/1)
[12:38:11 INF] Request 'ping' completed successfully in 0ms
[12:38:11 DBG] Sending request 'ping' to pipe 'dinoforge-game-bridge' (attempt 1/1)
[12:38:11 INF] Request 'ping' completed successfully in 0ms
  Passed DINOForge.Tests.GameClientCoverageTests.PingResult_DefaultValues [< 1 ms]
  Passed DINOForge.Tests.GameClientCoverageTests.GameProcessManager_LaunchAsync_WithNonExistentPath_ReturnsFalse [43 ms]
  Passed DINOForge.Tests.GameClientCoverageTests.Disconnect_AfterError_ClearsResources [12 ms]
  Passed DINOForge.Tests.GameClientCoverageTests.SendRequestCoreAsync_WithEmptyResultObject_DeserializesSuccessfully [9 ms]
  Passed DINOForge.Tests.GameClientCoverageTests.ResponseWithNullId_ThrowsGameClientException [10 ms]
  Passed DINOForge.Tests.GameClientCoverageTests.GameClientOptions_Defaults_AreCorrect [< 1 ms]
  Passed DINOForge.Tests.GameClientCoverageTests.GameProcessManager_LaunchAsync_WithNonExistentGamePath_ReturnsExpectedResult [19 ms]
  Passed DINOForge.Tests.GameClientCoverageTests.StateProperty_IsThreadSafe [16 ms]
  Passed DINOForge.Tests.GameClientCoverageTests.GameProcessManager_LaunchAsync_WithNullPath_TriesSteamAndFallsBack [65 ms]
[12:38:11 DBG] Sending request 'ping' to pipe 'dinoforge-game-bridge' (attempt 1/1)
[12:38:11 INF] Disconnecting from pipe 'dinoforge-game-bridge'
[12:38:11 DBG] Disconnection complete
[12:38:11 DBG] Sending request 'ping' to pipe 'dinoforge-game-bridge' (attempt 1/1)
[12:38:11 INF] Request 'ping' completed successfully in 0ms
[12:38:11 DBG] Sending request 'ping' to pipe 'dinoforge-game-bridge' (attempt 1/1)
[12:38:11 ERR] Connection closed by game bridge server for request 'ping'
[12:38:11 WRN] Request 'ping' failed on attempt 1: Connection closed by the game bridge server.
DINOForge.Bridge.Client.GameClientException: Connection closed by the game bridge server.
   at DINOForge.Bridge.Client.GameClient.SendRequestCoreAsync[T](String method, Object parameters, CancellationToken ct, Nullable`1 sendTimeout, Nullable`1 readTimeout) in C:\Users\koosh\Dino\src\Bridge\Client\GameClient.cs:line 578
   at DINOForge.Bridge.Client.GameClient.SendRequestAsync[T](String method, Object parameters, CancellationToken ct)
[12:38:11 INF] Connecting to pipe 'dinoforge-game-bridge' with timeout 5000ms
  Passed DINOForge.Tests.GameClientCoverageTests.GameClient_Constructor_WithNullOptions_ThrowsArgumentNullException [1 ms]
  Passed DINOForge.Tests.GameClientCoverageTests.ReadLineAsync_WhenCancelled_ThrowsOperationCanceledException [8 ms]
  Passed DINOForge.Tests.GameClientCoverageTests.GameClientException_WithMessage_HasCorrectMessage [< 1 ms]
  Passed DINOForge.Tests.GameClientCoverageTests.CleanupPipe_WithNullResources_DoesNotThrow [8 ms]
  Passed DINOForge.Tests.GameClientCoverageTests.SendRequestCoreAsync_WhenDeserializationSucceeds_ReturnsResult [13 ms]
[12:38:16 ERR] Failed to connect to pipe 'dinoforge-game-bridge'
System.TimeoutException: Connection timeout after 5s
 ---> System.OperationCanceledException: The operation was canceled.
   at System.Threading.CancellationToken.ThrowOperationCanceledException()
   at System.IO.Pipes.NamedPipeClientStream.ConnectInternal(Int32 timeout, CancellationToken cancellationToken, Int32 startTime)
   at System.Threading.ExecutionContext.RunFromThreadPoolDispatchLoop(Thread threadPoolThread, ExecutionContext executionContext, ContextCallback callback, Object state)
--- End of stack trace from previous location ---
   at System.Threading.ExecutionContext.RunFromThreadPoolDispatchLoop(Thread threadPoolThread, ExecutionContext executionContext, ContextCallback callback, Object state)
   at System.Threading.Tasks.Task.ExecuteWithThreadLocal(Task& currentTaskSlot, Thread threadPoolThread)
--- End of stack trace from previous location ---
   at DINOForge.Bridge.Client.GameClient.ConnectAsync(Nullable`1 connectTimeout, CancellationToken ct) in C:\Users\koosh\Dino\src\Bridge\Client\GameClient.cs:line 172
   --- End of inner exception stack trace ---
   at DINOForge.Bridge.Client.GameClient.ConnectAsync(Nullable`1 connectTimeout, CancellationToken ct) in C:\Users\koosh\Dino\src\Bridge\Client\GameClient.cs:line 176
[12:38:16 ERR] Failed to execute 'ping' after 1 attempts
DINOForge.Bridge.Client.GameClientException: Connection closed by the game bridge server.
   at DINOForge.Bridge.Client.GameClient.SendRequestCoreAsync[T](String method, Object parameters, CancellationToken ct, Nullable`1 sendTimeout, Nullable`1 readTimeout) in C:\Users\koosh\Dino\src\Bridge\Client\GameClient.cs:line 578
   at DINOForge.Bridge.Client.GameClient.SendRequestAsync[T](String method, Object parameters, CancellationToken ct)
[12:38:16 DBG] Sending request 'expectUi' to pipe 'dinoforge-game-bridge' (attempt 1/1)
  Passed DINOForge.Tests.GameClientCoverageTests.SendRequestAsync_ExhaustsRetries_ThenThrows [5 s]
[12:38:16 INF] Request 'expectUi' completed successfully in 0ms
[12:38:16 INF] Disconnecting from pipe 'dinoforge-game-bridge'
[12:38:16 DBG] Disconnection complete
[12:38:16 DBG] Sending request 'getStat' to pipe 'dinoforge-game-bridge' (attempt 1/1)
[12:38:16 INF] Request 'getStat' completed successfully in 0ms
[12:38:16 DBG] Sending request 'listSaves' to pipe 'dinoforge-game-bridge' (attempt 1/1)
[12:38:16 INF] Request 'listSaves' completed successfully in 0ms
[12:38:16 DBG] Sending request 'ping' to pipe 'dinoforge-game-bridge' (attempt 1/3)
[12:38:16 WRN] Request 'ping' failed on attempt 1: One or more errors occurred. (Pipe has been broken)
System.AggregateException: One or more errors occurred. (Pipe has been broken)
 ---> System.IO.IOException: Pipe has been broken
   at DINOForge.Tests.GameClientCoverageTests.BrokenPipeStream.Read(Byte[] buffer, Int32 offset, Int32 count) in C:\Users\koosh\Dino\src\Tests\GameClientCoverageTests.cs:line 1079
   at System.IO.MemoryStream.ReadAsync(Memory`1 buffer, CancellationToken cancellationToken)
--- End of stack trace from previous location ---
   at System.IO.StreamReader.ReadBufferAsync(CancellationToken cancellationToken)
   at System.IO.StreamReader.ReadLineAsyncInternal(CancellationToken cancellationToken)
   --- End of inner exception stack trace ---
   at System.Threading.Tasks.Task.ThrowIfExceptional(Boolean includeTaskCanceledExceptions)
   at System.Threading.Tasks.Task`1.GetResultCore(Boolean waitCompletionNotification)
   at DINOForge.Bridge.Client.GameClient.ReadLineAsync(StreamReader reader, CancellationToken ct) in C:\Users\koosh\Dino\src\Bridge\Client\GameClient.cs:line 658
   at DINOForge.Bridge.Client.GameClient.SendRequestCoreAsync[T](String method, Object parameters, CancellationToken ct, Nullable`1 sendTimeout, Nullable`1 readTimeout) in C:\Users\koosh\Dino\src\Bridge\Client\GameClient.cs:line 562
   at DINOForge.Bridge.Client.GameClient.SendRequestAsync[T](String method, Object parameters, CancellationToken ct)
[12:38:16 WRN] Retrying request 'ping' (attempt 2/3)
[12:38:16 DBG] Sending request 'ping' to pipe 'dinoforge-game-bridge' (attempt 2/3)
[12:38:16 WRN] Request 'ping' failed on attempt 2: One or more errors occurred. (Pipe has been broken)
System.AggregateException: One or more errors occurred. (Pipe has been broken)
 ---> System.IO.IOException: Pipe has been broken
   at DINOForge.Tests.GameClientCoverageTests.BrokenPipeStream.Read(Byte[] buffer, Int32 offset, Int32 count) in C:\Users\koosh\Dino\src\Tests\GameClientCoverageTests.cs:line 1079
   at System.IO.MemoryStream.ReadAsync(Memory`1 buffer, CancellationToken cancellationToken)
--- End of stack trace from previous location ---
   at System.IO.StreamReader.ReadBufferAsync(CancellationToken cancellationToken)
   at System.IO.StreamReader.ReadLineAsyncInternal(CancellationToken cancellationToken)
   --- End of inner exception stack trace ---
   at System.Threading.Tasks.Task.ThrowIfExceptional(Boolean includeTaskCanceledExceptions)
   at System.Threading.Tasks.Task`1.GetResultCore(Boolean waitCompletionNotification)
   at DINOForge.Bridge.Client.GameClient.ReadLineAsync(StreamReader reader, CancellationToken ct) in C:\Users\koosh\Dino\src\Bridge\Client\GameClient.cs:line 658
   at DINOForge.Bridge.Client.GameClient.SendRequestCoreAsync[T](String method, Object parameters, CancellationToken ct, Nullable`1 sendTimeout, Nullable`1 readTimeout) in C:\Users\koosh\Dino\src\Bridge\Client\GameClient.cs:line 562
   at DINOForge.Bridge.Client.GameClient.SendRequestAsync[T](String method, Object parameters, CancellationToken ct)
[12:38:16 WRN] Retrying request 'ping' (attempt 3/3)
[12:38:16 DBG] Sending request 'ping' to pipe 'dinoforge-game-bridge' (attempt 3/3)
[12:38:16 WRN] Request 'ping' failed on attempt 3: One or more errors occurred. (Pipe has been broken)
System.AggregateException: One or more errors occurred. (Pipe has been broken)
 ---> System.IO.IOException: Pipe has been broken
   at DINOForge.Tests.GameClientCoverageTests.BrokenPipeStream.Read(Byte[] buffer, Int32 offset, Int32 count) in C:\Users\koosh\Dino\src\Tests\GameClientCoverageTests.cs:line 1079
   at System.IO.MemoryStream.ReadAsync(Memory`1 buffer, CancellationToken cancellationToken)
--- End of stack trace from previous location ---
   at System.IO.StreamReader.ReadBufferAsync(CancellationToken cancellationToken)
   at System.IO.StreamReader.ReadLineAsyncInternal(CancellationToken cancellationToken)
   --- End of inner exception stack trace ---
   at System.Threading.Tasks.Task.ThrowIfExceptional(Boolean includeTaskCanceledExceptions)
   at System.Threading.Tasks.Task`1.GetResultCore(Boolean waitCompletionNotification)
   at DINOForge.Bridge.Client.GameClient.ReadLineAsync(StreamReader reader, CancellationToken ct) in C:\Users\koosh\Dino\src\Bridge\Client\GameClient.cs:line 658
   at DINOForge.Bridge.Client.GameClient.SendRequestCoreAsync[T](String method, Object parameters, CancellationToken ct, Nullable`1 sendTimeout, Nullable`1 readTimeout) in C:\Users\koosh\Dino\src\Bridge\Client\GameClient.cs:line 562
   at DINOForge.Bridge.Client.GameClient.SendRequestAsync[T](String method, Object parameters, CancellationToken ct)
[12:38:16 ERR] Failed to execute 'ping' after 3 attempts
System.AggregateException: One or more errors occurred. (Pipe has been broken)
 ---> System.IO.IOException: Pipe has been broken
   at DINOForge.Tests.GameClientCoverageTests.BrokenPipeStream.Read(Byte[] buffer, Int32 offset, Int32 count) in C:\Users\koosh\Dino\src\Tests\GameClientCoverageTests.cs:line 1079
   at System.IO.MemoryStream.ReadAsync(Memory`1 buffer, CancellationToken cancellationToken)
--- End of stack trace from previous location ---
   at System.IO.StreamReader.ReadBufferAsync(CancellationToken cancellationToken)
   at System.IO.StreamReader.ReadLineAsyncInternal(CancellationToken cancellationToken)
   --- End of inner exception stack trace ---
   at System.Threading.Tasks.Task.ThrowIfExceptional(Boolean includeTaskCanceledExceptions)
   at System.Threading.Tasks.Task`1.GetResultCore(Boolean waitCompletionNotification)
   at DINOForge.Bridge.Client.GameClient.ReadLineAsync(StreamReader reader, CancellationToken ct) in C:\Users\koosh\Dino\src\Bridge\Client\GameClient.cs:line 658
   at DINOForge.Bridge.Client.GameClient.SendRequestCoreAsync[T](String method, Object parameters, CancellationToken ct, Nullable`1 sendTimeout, Nullable`1 readTimeout) in C:\Users\koosh\Dino\src\Bridge\Client\GameClient.cs:line 562
   at DINOForge.Bridge.Client.GameClient.SendRequestAsync[T](String method, Object parameters, CancellationToken ct)
[12:38:16 DBG] Sending request 'ping' to pipe 'dinoforge-game-bridge' (attempt 1/1)
[12:38:16 WRN] Server returned null result for request 'ping'
[12:38:16 WRN] Request 'ping' failed on attempt 1: Server returned null result for 'ping'.
DINOForge.Bridge.Client.GameClientException: Server returned null result for 'ping'.
   at DINOForge.Bridge.Client.GameClient.SendRequestCoreAsync[T](String method, Object parameters, CancellationToken ct, Nullable`1 sendTimeout, Nullable`1 readTimeout) in C:\Users\koosh\Dino\src\Bridge\Client\GameClient.cs:line 598
   at DINOForge.Bridge.Client.GameClient.SendRequestAsync[T](String method, Object parameters, CancellationToken ct)
[12:38:16 ERR] Failed to execute 'ping' after 1 attempts
DINOForge.Bridge.Client.GameClientException: Server returned null result for 'ping'.
   at DINOForge.Bridge.Client.GameClient.SendRequestCoreAsync[T](String method, Object parameters, CancellationToken ct, Nullable`1 sendTimeout, Nullable`1 readTimeout) in C:\Users\koosh\Dino\src\Bridge\Client\GameClient.cs:line 598
   at DINOForge.Bridge.Client.GameClient.SendRequestAsync[T](String method, Object parameters, CancellationToken ct)
  Passed DINOForge.Tests.GameClientCoverageTests.ExpectUiAsync_DelegatesCorrectly [5 ms]
  Passed DINOForge.Tests.GameClientCoverageTests.GameProcessManager_LaunchAsync_WithNonExistentExe_ReturnsFalse [13 ms]
  Passed DINOForge.Tests.GameClientCoverageTests.CleanupPipe_HandlesAlreadyDisposedResources [5 ms]
  Passed DINOForge.Tests.GameClientCoverageTests.GetStatAsync_DelegatesCorrectly [6 ms]
  Passed DINOForge.Tests.GameClientCoverageTests.ConnectionState_AllValuesExist [1 ms]
  Passed DINOForge.Tests.GameClientCoverageTests.ListSavesAsync_SendsCorrectRequest [5 ms]
  Passed DINOForge.Tests.GameClientCoverageTests.JsonRpcResponse_WithError_SerializesCorrectly [< 1 ms]
  Passed DINOForge.Tests.GameClientCoverageTests.SendRequestAsync_AllAttemptsFail_ThrowsAfterRetries [39 ms]
  Passed DINOForge.Tests.GameClientCoverageTests.NullResult_ThrowsGameClientException [7 ms]
[12:38:16 DBG] Sending request 'ping' to pipe 'dinoforge-game-bridge' (attempt 1/1)
[12:38:16 ERR] Received invalid JSON-RPC response for request 'ping':    
[12:38:16 WRN] Request 'ping' failed on attempt 1: Received invalid JSON-RPC response.
DINOForge.Bridge.Client.GameClientException: Received invalid JSON-RPC response.
   at DINOForge.Bridge.Client.GameClient.SendRequestCoreAsync[T](String method, Object parameters, CancellationToken ct, Nullable`1 sendTimeout, Nullable`1 readTimeout) in C:\Users\koosh\Dino\src\Bridge\Client\GameClient.cs:line 585
   at DINOForge.Bridge.Client.GameClient.SendRequestAsync[T](String method, Object parameters, CancellationToken ct)
[12:38:16 ERR] Failed to execute 'ping' after 1 attempts
DINOForge.Bridge.Client.GameClientException: Received invalid JSON-RPC response.
   at DINOForge.Bridge.Client.GameClient.SendRequestCoreAsync[T](String method, Object parameters, CancellationToken ct, Nullable`1 sendTimeout, Nullable`1 readTimeout) in C:\Users\koosh\Dino\src\Bridge\Client\GameClient.cs:line 585
   at DINOForge.Bridge.Client.GameClient.SendRequestAsync[T](String method, Object parameters, CancellationToken ct)
[12:38:16 DBG] Sending request 'getComponentMap' to pipe 'dinoforge-game-bridge' (attempt 1/1)
[12:38:16 INF] Request 'getComponentMap' completed successfully in 0ms
[12:38:16 DBG] Sending request 'applyOverride' to pipe 'dinoforge-game-bridge' (attempt 1/1)
[12:38:16 INF] Request 'applyOverride' completed successfully in 0ms
[12:38:16 DBG] Sending request 'invokeMethod' to pipe 'dinoforge-game-bridge' (attempt 1/1)
[12:38:17 INF] Request 'invokeMethod' completed successfully in 0ms
[12:38:17 DBG] Sending request 'ping' to pipe 'dinoforge-game-bridge' (attempt 1/2)
[12:38:17 WRN] Request 'ping' failed on attempt 1: Not connected to the game bridge. Call ConnectAsync first.
DINOForge.Bridge.Client.GameClientException: Not connected to the game bridge. Call ConnectAsync first.
   at DINOForge.Bridge.Client.GameClient.SendRequestCoreAsync[T](String method, Object parameters, CancellationToken ct, Nullable`1 sendTimeout, Nullable`1 readTimeout) in C:\Users\koosh\Dino\src\Bridge\Client\GameClient.cs:line 560
   at DINOForge.Bridge.Client.GameClient.SendRequestAsync[T](String method, Object parameters, CancellationToken ct)
[12:38:17 WRN] Retrying request 'ping' (attempt 2/2)
[12:38:17 DBG] Sending request 'ping' to pipe 'dinoforge-game-bridge' (attempt 2/2)
[12:38:17 WRN] Request 'ping' failed on attempt 2: Not connected to the game bridge. Call ConnectAsync first.
DINOForge.Bridge.Client.GameClientException: Not connected to the game bridge. Call ConnectAsync first.
   at DINOForge.Bridge.Client.GameClient.SendRequestCoreAsync[T](String method, Object parameters, CancellationToken ct, Nullable`1 sendTimeout, Nullable`1 readTimeout) in C:\Users\koosh\Dino\src\Bridge\Client\GameClient.cs:line 560
   at DINOForge.Bridge.Client.GameClient.SendRequestAsync[T](String method, Object parameters, CancellationToken ct)
[12:38:17 ERR] Failed to execute 'ping' after 2 attempts
DINOForge.Bridge.Client.GameClientException: Not connected to the game bridge. Call ConnectAsync first.
   at DINOForge.Bridge.Client.GameClient.SendRequestCoreAsync[T](String method, Object parameters, CancellationToken ct, Nullable`1 sendTimeout, Nullable`1 readTimeout) in C:\Users\koosh\Dino\src\Bridge\Client\GameClient.cs:line 560
   at DINOForge.Bridge.Client.GameClient.SendRequestAsync[T](String method, Object parameters, CancellationToken ct)
[12:38:17 DBG] Sending request 'loadSave' to pipe 'dinoforge-game-bridge' (attempt 1/1)
[12:38:17 INF] Request 'loadSave' completed successfully in 0ms
[12:38:17 DBG] Sending request 'dumpState' to pipe 'dinoforge-game-bridge' (attempt 1/1)
[12:38:17 INF] Request 'dumpState' completed successfully in 0ms
  Passed DINOForge.Tests.GameClientCoverageTests.SendRequestCoreAsync_WhenReadReturnsWhitespace_DeserializesEmptyObject [7 ms]
  Passed DINOForge.Tests.GameClientCoverageTests.GetComponentMapAsync_DelegatesCorrectly [7 ms]
  Passed DINOForge.Tests.GameClientCoverageTests.ApplyOverrideAsync_DelegatesCorrectly [6 ms]
  Passed DINOForge.Tests.GameClientCoverageTests.InvokeMethodAsync_SendsCorrectRequest [7 ms]
  Passed DINOForge.Tests.GameClientCoverageTests.SendRequestAsync_WhenDisconnected_RetriesAndReconnects [24 ms]
  Passed DINOForge.Tests.GameClientCoverageTests.GameProcessManager_DefaultSteamPaths_AreCorrect [< 1 ms]
  Passed DINOForge.Tests.GameClientCoverageTests.IsConnected_IsFalseAtStart [< 1 ms]
  Passed DINOForge.Tests.GameClientCoverageTests.LoadSaveAsync_SendsCorrectRequest [6 ms]
  Passed DINOForge.Tests.GameClientCoverageTests.DumpStateAsync_DelegatesCorrectly [5 ms]
[12:38:17 INF] Connecting to pipe 'nonexistent-pipe-connect-timeout' with timeout 1ms
[12:38:17 ERR] Failed to connect to pipe 'nonexistent-pipe-connect-timeout'
System.TimeoutException: Connection timeout after 0.001s
 ---> System.OperationCanceledException: The operation was canceled.
   at System.Threading.CancellationToken.ThrowOperationCanceledException()
   at System.IO.Pipes.NamedPipeClientStream.ConnectInternal(Int32 timeout, CancellationToken cancellationToken, Int32 startTime)
   at System.Threading.ExecutionContext.RunFromThreadPoolDispatchLoop(Thread threadPoolThread, ExecutionContext executionContext, ContextCallback callback, Object state)
--- End of stack trace from previous location ---
   at System.Threading.ExecutionContext.RunFromThreadPoolDispatchLoop(Thread threadPoolThread, ExecutionContext executionContext, ContextCallback callback, Object state)
   at System.Threading.Tasks.Task.ExecuteWithThreadLocal(Task& currentTaskSlot, Thread threadPoolThread)
--- End of stack trace from previous location ---
   at DINOForge.Bridge.Client.GameClient.ConnectAsync(Nullable`1 connectTimeout, CancellationToken ct) in C:\Users\koosh\Dino\src\Bridge\Client\GameClient.cs:line 172
   --- End of inner exception stack trace ---
   at DINOForge.Bridge.Client.GameClient.ConnectAsync(Nullable`1 connectTimeout, CancellationToken ct) in C:\Users\koosh\Dino\src\Bridge\Client\GameClient.cs:line 176
[12:38:17 DBG] Sending request 'ping' to pipe 'dinoforge-game-bridge' (attempt 1/1)
[12:38:17 ERR] Read timed out for request 'ping' after 50ms
System.OperationCanceledException: The operation was canceled.
   at System.Threading.CancellationToken.ThrowOperationCanceledException()
   at System.Threading.CancellationToken.ThrowIfCancellationRequested()
   at DINOForge.Bridge.Client.GameClient.ReadLineAsync(StreamReader reader, CancellationToken ct) in C:\Users\koosh\Dino\src\Bridge\Client\GameClient.cs:line 649
   at DINOForge.Bridge.Client.GameClient.SendRequestCoreAsync[T](String method, Object parameters, CancellationToken ct, Nullable`1 sendTimeout, Nullable`1 readTimeout) in C:\Users\koosh\Dino\src\Bridge\Client\GameClient.cs:line 562
[12:38:17 WRN] Request 'ping' failed on attempt 1: Read timed out for request 'ping' after 50ms
DINOForge.Bridge.Client.GameClientException: Read timed out for request 'ping' after 50ms
 ---> System.OperationCanceledException: The operation was canceled.
   at System.Threading.CancellationToken.ThrowOperationCanceledException()
   at System.Threading.CancellationToken.ThrowIfCancellationRequested()
   at DINOForge.Bridge.Client.GameClient.ReadLineAsync(StreamReader reader, CancellationToken ct) in C:\Users\koosh\Dino\src\Bridge\Client\GameClient.cs:line 649
   at DINOForge.Bridge.Client.GameClient.SendRequestCoreAsync[T](String method, Object parameters, CancellationToken ct, Nullable`1 sendTimeout, Nullable`1 readTimeout) in C:\Users\koosh\Dino\src\Bridge\Client\GameClient.cs:line 562
   --- End of inner exception stack trace ---
   at DINOForge.Bridge.Client.GameClient.SendRequestCoreAsync[T](String method, Object parameters, CancellationToken ct, Nullable`1 sendTimeout, Nullable`1 readTimeout) in C:\Users\koosh\Dino\src\Bridge\Client\GameClient.cs:line 570
   at DINOForge.Bridge.Client.GameClient.SendRequestAsync[T](String method, Object parameters, CancellationToken ct)
[12:38:17 INF] Connecting to pipe 'dinoforge-game-bridge' with timeout 5000ms
  Passed DINOForge.Tests.GameClientCoverageTests.GameProcessManager_LaunchAsync_WithNullGamePath_TriesSteamThenFindsExe [8 ms]
  Passed DINOForge.Tests.GameClientCoverageTests.GameClientOptions_DefaultValues_AreSensible [< 1 ms]
  Passed DINOForge.Tests.GameClientCoverageTests.JsonRpcResponse_WithId_SerializesCorrectly [< 1 ms]
  Passed DINOForge.Tests.GameClientCoverageTests.ConnectAsync_WhenTimeoutFiresDuringConnect_ThrowsGameClientException [10 ms]
[12:38:22 ERR] Failed to connect to pipe 'dinoforge-game-bridge'
System.TimeoutException: Connection timeout after 5s
 ---> System.OperationCanceledException: The operation was canceled.
   at System.Threading.CancellationToken.ThrowOperationCanceledException()
   at System.IO.Pipes.NamedPipeClientStream.ConnectInternal(Int32 timeout, CancellationToken cancellationToken, Int32 startTime)
   at System.Threading.ExecutionContext.RunFromThreadPoolDispatchLoop(Thread threadPoolThread, ExecutionContext executionContext, ContextCallback callback, Object state)
--- End of stack trace from previous location ---
   at System.Threading.ExecutionContext.RunFromThreadPoolDispatchLoop(Thread threadPoolThread, ExecutionContext executionContext, ContextCallback callback, Object state)
   at System.Threading.Tasks.Task.ExecuteWithThreadLocal(Task& currentTaskSlot, Thread threadPoolThread)
--- End of stack trace from previous location ---
   at DINOForge.Bridge.Client.GameClient.ConnectAsync(Nullable`1 connectTimeout, CancellationToken ct) in C:\Users\koosh\Dino\src\Bridge\Client\GameClient.cs:line 172
   --- End of inner exception stack trace ---
   at DINOForge.Bridge.Client.GameClient.ConnectAsync(Nullable`1 connectTimeout, CancellationToken ct) in C:\Users\koosh\Dino\src\Bridge\Client\GameClient.cs:line 176
[12:38:22 ERR] Failed to execute 'ping' after 1 attempts
DINOForge.Bridge.Client.GameClientException: Read timed out for request 'ping' after 50ms
 ---> System.OperationCanceledException: The operation was canceled.
   at System.Threading.CancellationToken.ThrowOperationCanceledException()
   at System.Threading.CancellationToken.ThrowIfCancellationRequested()
   at DINOForge.Bridge.Client.GameClient.ReadLineAsync(StreamReader reader, CancellationToken ct) in C:\Users\koosh\Dino\src\Bridge\Client\GameClient.cs:line 649
   at DINOForge.Bridge.Client.GameClient.SendRequestCoreAsync[T](String method, Object parameters, CancellationToken ct, Nullable`1 sendTimeout, Nullable`1 readTimeout) in C:\Users\koosh\Dino\src\Bridge\Client\GameClient.cs:line 562
   --- End of inner exception stack trace ---
   at DINOForge.Bridge.Client.GameClient.SendRequestCoreAsync[T](String method, Object parameters, CancellationToken ct, Nullable`1 sendTimeout, Nullable`1 readTimeout) in C:\Users\koosh\Dino\src\Bridge\Client\GameClient.cs:line 570
   at DINOForge.Bridge.Client.GameClient.SendRequestAsync[T](String method, Object parameters, CancellationToken ct)
[12:38:22 INF] Disconnecting from pipe 'dinoforge-game-bridge'
  Passed DINOForge.Tests.GameClientCoverageTests.SendRequestCoreAsync_WhenReadTimesOut_ThrowsGameClientException [5 s]
[12:38:22 DBG] Disconnection complete
[12:38:22 INF] Disconnecting from pipe 'dinoforge-game-bridge'
[12:38:22 DBG] Disconnection complete
[12:38:22 DBG] Sending request 'ping' to pipe 'dinoforge-game-bridge' (attempt 1/1)
[12:38:22 WRN] Request 'ping' failed on attempt 1: Unexpected character encountered while parsing value: n. Path '', line 0, position 0.
Newtonsoft.Json.JsonReaderException: Unexpected character encountered while parsing value: n. Path '', line 0, position 0.
   at Newtonsoft.Json.JsonTextReader.ParseValue()
   at Newtonsoft.Json.JsonReader.ReadForType(JsonContract contract, Boolean hasConverter)
   at Newtonsoft.Json.Serialization.JsonSerializerInternalReader.Deserialize(JsonReader reader, Type objectType, Boolean checkAdditionalContent)
   at Newtonsoft.Json.JsonSerializer.DeserializeInternal(JsonReader reader, Type objectType)
   at Newtonsoft.Json.JsonConvert.DeserializeObject(String value, Type type, JsonSerializerSettings settings)
   at DINOForge.Bridge.Client.GameClient.SendRequestCoreAsync[T](String method, Object parameters, CancellationToken ct, Nullable`1 sendTimeout, Nullable`1 readTimeout) in C:\Users\koosh\Dino\src\Bridge\Client\GameClient.cs:line 581
   at DINOForge.Bridge.Client.GameClient.SendRequestAsync[T](String method, Object parameters, CancellationToken ct)
[12:38:22 ERR] Failed to execute 'ping' after 1 attempts
Newtonsoft.Json.JsonReaderException: Unexpected character encountered while parsing value: n. Path '', line 0, position 0.
   at Newtonsoft.Json.JsonTextReader.ParseValue()
   at Newtonsoft.Json.JsonReader.ReadForType(JsonContract contract, Boolean hasConverter)
   at Newtonsoft.Json.Serialization.JsonSerializerInternalReader.Deserialize(JsonReader reader, Type objectType, Boolean checkAdditionalContent)
   at Newtonsoft.Json.JsonSerializer.DeserializeInternal(JsonReader reader, Type objectType)
   at Newtonsoft.Json.JsonConvert.DeserializeObject(String value, Type type, JsonSerializerSettings settings)
   at DINOForge.Bridge.Client.GameClient.SendRequestCoreAsync[T](String method, Object parameters, CancellationToken ct, Nullable`1 sendTimeout, Nullable`1 readTimeout) in C:\Users\koosh\Dino\src\Bridge\Client\GameClient.cs:line 581
   at DINOForge.Bridge.Client.GameClient.SendRequestAsync[T](String method, Object parameters, CancellationToken ct)
[12:38:22 DBG] Sending request 'ping' to pipe 'dinoforge-game-bridge' (attempt 1/1)
  Passed DINOForge.Tests.GameClientCoverageTests.Disconnect_ClearsAllResources [5 ms]
  Passed DINOForge.Tests.GameClientCoverageTests.Disconnect_WhenErrorState_ClearsState [9 ms]
  Passed DINOForge.Tests.GameClientCoverageTests.Options_AreSetCorrectly [< 1 ms]
  Passed DINOForge.Tests.GameClientCoverageTests.GameProcessManager_LaunchAsync_WithSteamException_FallsThrough [13 ms]
  Passed DINOForge.Tests.GameClientCoverageTests.JsonRpcRequest_NullParams_SerializesWithoutParams [< 1 ms]
  Passed DINOForge.Tests.GameClientCoverageTests.InvalidJsonResponse_ThrowsGameClientException [7 ms]
  Passed DINOForge.Tests.GameClientCoverageTests.State_IsDisconnectedAtStart [< 1 ms]
  Passed DINOForge.Tests.GameClientCoverageTests.GameProcessManager_LaunchAsync_WithNullGamePath_AndNoSteam_ReturnsFalse [16 ms]
  Passed DINOForge.Tests.GameClientCoverageTests.GameClient_InitialState_IsDisconnected [< 1 ms]
[12:38:22 WRN] Request 'ping' failed on attempt 1: Invalid character after parsing property name. Expected ':' but got: j. Path '', line 1, position 10.
Newtonsoft.Json.JsonReaderException: Invalid character after parsing property name. Expected ':' but got: j. Path '', line 1, position 10.
   at Newtonsoft.Json.JsonTextReader.ParseProperty()
   at Newtonsoft.Json.JsonTextReader.ParseObject()
   at Newtonsoft.Json.Serialization.JsonSerializerInternalReader.CreateObject(JsonReader reader, Type objectType, JsonContract contract, JsonProperty member, JsonContainerContract containerContract, JsonProperty containerMember, Object existingValue)
   at Newtonsoft.Json.Serialization.JsonSerializerInternalReader.CreateValueInternal(JsonReader reader, Type objectType, JsonContract contract, JsonProperty member, JsonContainerContract containerContract, JsonProperty containerMember, Object existingValue)
   at Newtonsoft.Json.Serialization.JsonSerializerInternalReader.Deserialize(JsonReader reader, Type objectType, Boolean checkAdditionalContent)
   at Newtonsoft.Json.JsonSerializer.DeserializeInternal(JsonReader reader, Type objectType)
   at Newtonsoft.Json.JsonConvert.DeserializeObject(String value, Type type, JsonSerializerSettings settings)
   at DINOForge.Bridge.Client.GameClient.SendRequestCoreAsync[T](String method, Object parameters, CancellationToken ct, Nullable`1 sendTimeout, Nullable`1 readTimeout) in C:\Users\koosh\Dino\src\Bridge\Client\GameClient.cs:line 581
   at DINOForge.Bridge.Client.GameClient.SendRequestAsync[T](String method, Object parameters, CancellationToken ct)
[12:38:22 ERR] Failed to execute 'ping' after 1 attempts
Newtonsoft.Json.JsonReaderException: Invalid character after parsing property name. Expected ':' but got: j. Path '', line 1, position 10.
   at Newtonsoft.Json.JsonTextReader.ParseProperty()
   at Newtonsoft.Json.JsonTextReader.ParseObject()
   at Newtonsoft.Json.Serialization.JsonSerializerInternalReader.CreateObject(JsonReader reader, Type objectType, JsonContract contract, JsonProperty member, JsonContainerContract containerContract, JsonProperty containerMember, Object existingValue)
   at Newtonsoft.Json.Serialization.JsonSerializerInternalReader.CreateValueInternal(JsonReader reader, Type objectType, JsonContract contract, JsonProperty member, JsonContainerContract containerContract, JsonProperty containerMember, Object existingValue)
   at Newtonsoft.Json.Serialization.JsonSerializerInternalReader.Deserialize(JsonReader reader, Type objectType, Boolean checkAdditionalContent)
   at Newtonsoft.Json.JsonSerializer.DeserializeInternal(JsonReader reader, Type objectType)
   at Newtonsoft.Json.JsonConvert.DeserializeObject(String value, Type type, JsonSerializerSettings settings)
   at DINOForge.Bridge.Client.GameClient.SendRequestCoreAsync[T](String method, Object parameters, CancellationToken ct, Nullable`1 sendTimeout, Nullable`1 readTimeout) in C:\Users\koosh\Dino\src\Bridge\Client\GameClient.cs:line 581
   at DINOForge.Bridge.Client.GameClient.SendRequestAsync[T](String method, Object parameters, CancellationToken ct)
[12:38:22 DBG] Sending request 'loadScene' to pipe 'dinoforge-game-bridge' (attempt 1/1)
[12:38:22 INF] Request 'loadScene' completed successfully in 0ms
[12:38:22 DBG] Sending request 'ping' to pipe 'dinoforge-game-bridge' (attempt 1/2)
[12:38:22 WRN] Request 'ping' failed on attempt 1: Not connected to the game bridge. Call ConnectAsync first.
DINOForge.Bridge.Client.GameClientException: Not connected to the game bridge. Call ConnectAsync first.
   at DINOForge.Bridge.Client.GameClient.SendRequestCoreAsync[T](String method, Object parameters, CancellationToken ct, Nullable`1 sendTimeout, Nullable`1 readTimeout) in C:\Users\koosh\Dino\src\Bridge\Client\GameClient.cs:line 560
   at DINOForge.Bridge.Client.GameClient.SendRequestAsync[T](String method, Object parameters, CancellationToken ct)
[12:38:22 WRN] Retrying request 'ping' (attempt 2/2)
[12:38:22 DBG] Sending request 'ping' to pipe 'dinoforge-game-bridge' (attempt 2/2)
[12:38:22 WRN] Request 'ping' failed on attempt 2: Not connected to the game bridge. Call ConnectAsync first.
DINOForge.Bridge.Client.GameClientException: Not connected to the game bridge. Call ConnectAsync first.
   at DINOForge.Bridge.Client.GameClient.SendRequestCoreAsync[T](String method, Object parameters, CancellationToken ct, Nullable`1 sendTimeout, Nullable`1 readTimeout) in C:\Users\koosh\Dino\src\Bridge\Client\GameClient.cs:line 560
   at DINOForge.Bridge.Client.GameClient.SendRequestAsync[T](String method, Object parameters, CancellationToken ct)
[12:38:22 ERR] Failed to execute 'ping' after 2 attempts
DINOForge.Bridge.Client.GameClientException: Not connected to the game bridge. Call ConnectAsync first.
   at DINOForge.Bridge.Client.GameClient.SendRequestCoreAsync[T](String method, Object parameters, CancellationToken ct, Nullable`1 sendTimeout, Nullable`1 readTimeout) in C:\Users\koosh\Dino\src\Bridge\Client\GameClient.cs:line 560
   at DINOForge.Bridge.Client.GameClient.SendRequestAsync[T](String method, Object parameters, CancellationToken ct)
[12:38:22 DBG] Sending request 'clickUi' to pipe 'dinoforge-game-bridge' (attempt 1/1)
[12:38:22 INF] Request 'clickUi' completed successfully in 0ms
  Passed DINOForge.Tests.GameClientCoverageTests.SendRequestCoreAsync_WhenResponseJsonIsCorrupt_ThrowsGameClientException [8 ms]
  Passed DINOForge.Tests.GameClientCoverageTests.LoadSceneAsync_DelegatesCorrectly [7 ms]
  Passed DINOForge.Tests.GameClientCoverageTests.GameProcessManager_WaitForExitAsync_WithCancelledToken_Throws [1 ms]
  Passed DINOForge.Tests.GameClientCoverageTests.JsonRpcRequest_WithParameters_SerializesCorrectly [< 1 ms]
  Passed DINOForge.Tests.GameClientCoverageTests.SendRequestAsync_RetriesAfterDisconnect_ThenFailsGracefully [19 ms]
  Passed DINOForge.Tests.GameClientCoverageTests.ClickUiAsync_DelegatesCorrectly [6 ms]
  Passed DINOForge.Tests.AssetSwapRegistryTests.Count_ReflectsRegisteredItems [< 1 ms]
  Passed DINOForge.Tests.AssetSwapRegistryTests.Register_NullRequest_ThrowsArgumentNullException [< 1 ms]
  Passed DINOForge.Tests.AssetSwapRegistryTests.GetPending_AfterClear_ReturnsEmpty [< 1 ms]
  Passed DINOForge.Tests.AssetSwapRegistryTests.ResetApplied_ResetsFailCounts [< 1 ms]
  Passed DINOForge.Tests.AssetSwapRegistryTests.GetPending_EmptyRegistry_ReturnsEmpty [< 1 ms]
  Passed DINOForge.Tests.AssetSwapRegistryTests.Register_ConcurrentFromMultipleThreads_NoneAreLost [4 ms]
  Passed DINOForge.Tests.AssetSwapRegistryTests.Register_MultipleItems_AllReturnedAsPending [< 1 ms]
  Passed DINOForge.Tests.AssetSwapRegistryTests.MarkFailed_AfterMaxRetries_ExcludedFromPending [< 1 ms]
  Passed DINOForge.Tests.AssetSwapRegistryTests.Register_WithVanillaMapping_PreservesMapping [< 1 ms]
  Passed DINOForge.Tests.AssetSwapRegistryTests.Register_SameAddress_OverwritesPreviousEntry [< 1 ms]
  Passed DINOForge.Tests.AssetSwapRegistryTests.MarkApplied_RemovesEntryFromPending [< 1 ms]
  Passed DINOForge.Tests.AssetSwapRegistryTests.Register_SingleItem_CanBeRetrievedViaPending [< 1 ms]
  Passed DINOForge.Tests.AssetSwapRegistryTests.MarkFailed_BelowMaxRetries_StillInPending [< 1 ms]
  Passed DINOForge.Tests.ModelCoverageTests.AssetSwapRegistry_MarkApplied_RemovesFromPending [< 1 ms]
  Passed DINOForge.Tests.ModelCoverageTests.AssetSwapRegistry_Register_ThenGetPending_ReturnsRequest [< 1 ms]
  Passed DINOForge.Tests.ModelCoverageTests.RegistryDocument_SetVersion [< 1 ms]
  Passed DINOForge.Tests.ModelCoverageTests.UnitAudio_DefaultConstruction [< 1 ms]
  Passed DINOForge.Tests.ModelCoverageTests.UnitAudio_SetSelectSound [< 1 ms]
  Passed DINOForge.Tests.ModelCoverageTests.GlobalStyle_SetFontStyle [< 1 ms]
  Passed DINOForge.Tests.ModelCoverageTests.ValidationError_Constructor_SetsProperties [< 1 ms]
  Passed DINOForge.Tests.ModelCoverageTests.UnitVisuals_DefaultConstruction [< 1 ms]
  Passed DINOForge.Tests.ModelCoverageTests.FactionAudio_SetAmbientPack [< 1 ms]
  Passed DINOForge.Tests.ModelCoverageTests.AssetSwapRequest_Constructor_ThrowsOnNullAssetAddress [< 1 ms]
  Passed DINOForge.Tests.ModelCoverageTests.PackOverrides_SetUnits [< 1 ms]
  Passed DINOForge.Tests.ModelCoverageTests.PackOverrides_SetBuildings [< 1 ms]
  Passed DINOForge.Tests.ModelCoverageTests.GlobalStyle_DefaultConstruction [< 1 ms]
  Passed DINOForge.Tests.ModelCoverageTests.AssetSwapRequest_Applied_CanBeSet [< 1 ms]
  Passed DINOForge.Tests.ModelCoverageTests.PackOverrides_SetStats [< 1 ms]
  Passed DINOForge.Tests.ModelCoverageTests.RegistryDocument_SetUpdated [< 1 ms]
  Passed DINOForge.Tests.ModelCoverageTests.FactionVisuals_SetBothColors [< 1 ms]
  Passed DINOForge.Tests.ModelCoverageTests.AssetSwapRegistry_Count_ReturnsCorrectCount [< 1 ms]
  Passed DINOForge.Tests.ModelCoverageTests.UnitVisuals_SetPortrait [< 1 ms]
  Passed DINOForge.Tests.ModelCoverageTests.UnitAudio_SetAttackSound [< 1 ms]
  Passed DINOForge.Tests.ModelCoverageTests.GlobalStyle_SetTone [< 1 ms]
  Passed DINOForge.Tests.ModelCoverageTests.AssetSwapRequest_Constructor_SetProperties [< 1 ms]
  Passed DINOForge.Tests.ModelCoverageTests.AssetSwapRegistry_MarkApplied_WithEmptyString_DoesNotThrow [< 1 ms]
  Passed DINOForge.Tests.ModelCoverageTests.AssetSwapRequest_Constructor_ThrowsOnNullModBundlePath [< 1 ms]
  Passed DINOForge.Tests.ModelCoverageTests.FactionAudio_SetWeaponPack [< 1 ms]
  Passed DINOForge.Tests.ModelCoverageTests.PackOverrides_DefaultConstruction [< 1 ms]
  Passed DINOForge.Tests.ModelCoverageTests.UnitVisuals_SetIcon [< 1 ms]
  Passed DINOForge.Tests.ModelCoverageTests.FactionAudio_SetAllPacks [< 1 ms]
  Passed DINOForge.Tests.ModelCoverageTests.PackOverrides_SetAllProperties [< 1 ms]
  Passed DINOForge.Tests.ModelCoverageTests.RegistryDocument_SetAllProperties [< 1 ms]
  Passed DINOForge.Tests.ModelCoverageTests.FactionAudio_SetStructurePack [< 1 ms]
  Passed DINOForge.Tests.ModelCoverageTests.ValidationError_Constructor_WithDifferentRule [< 1 ms]
  Passed DINOForge.Tests.ModelCoverageTests.FactionVisuals_SetPrimaryColor [< 1 ms]
  Passed DINOForge.Tests.ModelCoverageTests.FactionVisuals_SetAccentColor [< 1 ms]
  Passed DINOForge.Tests.ModelCoverageTests.UnitAudio_SetAllSounds [< 1 ms]
  Passed DINOForge.Tests.ModelCoverageTests.UnitVisuals_SetAllFields [< 1 ms]
  Passed DINOForge.Tests.ModelCoverageTests.AssetSwapRegistry_Register_ThrowsOnNull [< 1 ms]
  Passed DINOForge.Tests.ModelCoverageTests.FactionAudio_DefaultConstruction [< 1 ms]
  Passed DINOForge.Tests.ModelCoverageTests.GlobalStyle_SetAllFields [< 1 ms]
  Passed DINOForge.Tests.ModelCoverageTests.RegistryDocument_DefaultConstruction [< 1 ms]
  Passed DINOForge.Tests.ModelCoverageTests.FactionVisuals_DefaultConstruction [< 1 ms]
  Passed DINOForge.Tests.ModelCoverageTests.GlobalStyle_SetUiTheme [< 1 ms]
  Passed DINOForge.Tests.ModelCoverageTests.RegistryDocument_SetPacks [< 1 ms]
  Passed DINOForge.Tests.ModelCoverageTests.ValidationError_Constructor_WithTypeRule [< 1 ms]
  Passed DINOForge.Tests.ModelCoverageTests.UnitAudio_SetDeathSound [< 1 ms]
  Passed DINOForge.Tests.ModelCoverageTests.UnitVisuals_SetModelOverride [< 1 ms]
  Passed DINOForge.Tests.ModelCoverageTests.AssetSwapRequest_Constructor_ThrowsOnNullAssetName [< 1 ms]
  Passed DINOForge.Tests.AssetSwapRegistryPropertyTests.ConcurrentRegister_NeverLosesRegistrations [3 ms]
  Passed DINOForge.Tests.AssetSwapRegistryPropertyTests.Register_SameAddressTwice_ReplacesPrevious [< 1 ms]
  Passed DINOForge.Tests.AssetSwapRegistryPropertyTests.GetPending_ReturnsAllRegisteredItems(count: 1) [< 1 ms]
  Passed DINOForge.Tests.AssetSwapRegistryPropertyTests.GetPending_ReturnsAllRegisteredItems(count: 50) [< 1 ms]
  Passed DINOForge.Tests.AssetSwapRegistryPropertyTests.GetPending_ReturnsAllRegisteredItems(count: 5) [< 1 ms]
  Passed DINOForge.Tests.AssetSwapRegistryPropertyTests.MarkApplied_RemovesFromPendingButPreservesCount [< 1 ms]
[xUnit.net 00:01:03.12]   Finished:    DINOForge.Tests
  Passed DINOForge.Tests.NativeDepResolverTests.Resolve_EnvVarPointingToMissingFile_FallsThroughToHardcoded [2 ms]
  Passed DINOForge.Tests.NativeDepResolverTests.Resolve_DirectoryMode_AcceptsDirectoryPath [< 1 ms]
  Passed DINOForge.Tests.NativeDepResolverTests.Resolve_HardcodedFallbackHits_ReturnsThatPath [1 ms]
  Passed DINOForge.Tests.NativeDepResolverTests.Resolve_EnvVarPointingToExistingFile_TakesPrecedence [1 ms]
  Passed DINOForge.Tests.NativeDepResolverTests.TryResolve_AllMiss_ReturnsNullInsteadOfThrowing [< 1 ms]
  Passed DINOForge.Tests.NativeDepResolverTests.Resolve_AllProbesMiss_ThrowsLoudFileNotFoundException [1 ms]

Test Run Failed.
Total tests: 3587
     Passed: 3582
     Failed: 1
    Skipped: 4
 Total time: 1.0636 Minutes
