<?xml version="1.0" encoding="utf-8"?><testsuites><testsuite name="pytest" errors="0" failures="0" skipped="0" tests="21" time="89.354" timestamp="2026-04-11T11:59:01.277628-07:00" hostname="kooshapari-desk"><testcase classname="test_vision.TestVisualValidatorInit" name="test_init_defaults" time="3.218" /><testcase classname="test_vision.TestVisualValidatorInit" name="test_init_custom_model" time="0.105" /><testcase classname="test_vision.TestGoldenRegistration" name="test_register_golden_with_mock_image" time="2.974" /><testcase classname="test_vision.TestGoldenRegistration" name="test_register_golden_nonexistent_file" time="2.858" /><testcase classname="test_vision.TestAnalysisWithoutImages" name="test_analyze_screenshot_nonexistent_file" time="2.541" /><testcase classname="test_vision.TestAnalysisWithoutImages" name="test_analyze_golden_unregistered_key" time="3.022" /><testcase classname="test_vision.TestAnalysisWithoutImages" name="test_analyze_with_empty_prompts" time="2.919" /><testcase classname="test_vision.TestGracefulDegradation" name="test_fallback_when_all_unavailable" time="2.881" /><testcase classname="test_vision.TestGracefulDegradation" name="test_dispatch_with_golden_key" time="3.463" /><testcase classname="test_vision.TestGracefulDegradation" name="test_dispatch_with_prompts_no_golden" time="2.897" /><testcase classname="test_vision.TestPHashDistance" name="test_phash_identical_images" time="3.122" /><testcase classname="test_vision.TestPHashDistance" name="test_phash_distance_threshold" time="3.072" /><testcase classname="test_vision.TestOpenCVFallback" name="test_opencv_analysis_available" time="3.303" /><testcase classname="test_vision.TestOpenCVFallback" name="test_opencv_disabled" time="2.981" /><testcase classname="test_vision.TestAnalysisDispatch" name="test_dispatch_order_golden_first" time="3.007" /><testcase classname="test_vision.TestAnalysisDispatch" name="test_analysis_result_structure" time="2.959" /><testcase classname="test_vision.TestClipIntegration" name="test_clip_model_loading" time="2.817" /><testcase classname="test_vision.TestClipIntegration" name="test_clip_analysis_with_sample_prompts" time="3.910" /><testcase classname="test_vision.TestLoadImage" name="test_load_valid_image" time="2.600" /><testcase classname="test_vision.TestLoadImage" name="test_load_nonexistent_image" time="2.711" /><testcase classname="test_vision.TestLoadImage" name="test_load_invalid_image_data" time="13.949" /></testsuite></testsuites>