

C:\Users\koosh\.nuget\packages\system.text.encodings.web\10.0.8\buildTransitive\netcoreapp2.0\System.Text.Encodings.Web.targets(4,5): warning : System.Text.Encodings.Web 10.0.8 doesn't support net6.0 and has not been tested with it. Consider upgrading your TargetFramework to net8.0 or later. You may also set <SuppressTfmSupportBuildWarnings>true</SuppressTfmSupportBuildWarnings> in the project file to ignore this warning and attempt to run in this unsupported configuration at your own risk. [C:\Users\koosh\Dino\src\Tools\Installer\InstallerLib\DINOForge.Tools.Installer.csproj]
C:\Users\koosh\.nuget\packages\system.io.pipelines\10.0.8\buildTransitive\netcoreapp2.0\System.IO.Pipelines.targets(4,5): warning : System.IO.Pipelines 10.0.8 doesn't support net6.0 and has not been tested with it. Consider upgrading your TargetFramework to net8.0 or later. You may also set <SuppressTfmSupportBuildWarnings>true</SuppressTfmSupportBuildWarnings> in the project file to ignore this warning and attempt to run in this unsupported configuration at your own risk. [C:\Users\koosh\Dino\src\Tools\Installer\InstallerLib\DINOForge.Tools.Installer.csproj]
C:\Users\koosh\.nuget\packages\system.text.json\10.0.8\buildTransitive\netcoreapp2.0\System.Text.Json.targets(4,5): warning : System.Text.Json 10.0.8 doesn't support net6.0 and has not been tested with it. Consider upgrading your TargetFramework to net8.0 or later. You may also set <SuppressTfmSupportBuildWarnings>true</SuppressTfmSupportBuildWarnings> in the project file to ignore this warning and attempt to run in this unsupported configuration at your own risk. [C:\Users\koosh\Dino\src\Tools\Installer\InstallerLib\DINOForge.Tools.Installer.csproj]
Test run for C:\Users\koosh\Dino\src\Tests\bin\Release\net8.0\DINOForge.Tests.dll (.NETCoreApp,Version=v8.0)
Test run for C:\Users\koosh\Dino\src\Tests\Integration\bin\Release\net8.0\DINOForge.Tests.Integration.dll (.NETCoreApp,Version=v8.0)
A total of 1 test files matched the specified pattern.
A total of 1 test files matched the specified pattern.
[xUnit.net 00:00:00.24]     DINOForge.Tests.Integration.ParallelGameTestsWithHarness.BoxStructureTest_AllRequiredFilesPresent [SKIP]
[xUnit.net 00:00:00.26]     DINOForge.Tests.Integration.ParallelGameTestsWithHarness.ParallelLaunchTest_AllInstancesConnectWithin30Seconds [SKIP]
[xUnit.net 00:00:00.26]     DINOForge.Tests.Integration.ParallelGameTestsWithHarness.SymlinkValidationTest_NoAssetDuplication [SKIP]
[xUnit.net 00:00:00.26]     DINOForge.Tests.Integration.ParallelGameTestsWithHarness.ConcurrentOperationsTest_MultipleContainersWorkIndependently [SKIP]
  Skipped DINOForge.Tests.Integration.ParallelGameTestsWithHarness.BoxStructureTest_AllRequiredFilesPresent [1 ms]
  Skipped DINOForge.Tests.Integration.ParallelGameTestsWithHarness.ParallelLaunchTest_AllInstancesConnectWithin30Seconds [1 ms]
  Skipped DINOForge.Tests.Integration.ParallelGameTestsWithHarness.SymlinkValidationTest_NoAssetDuplication [1 ms]
  Skipped DINOForge.Tests.Integration.ParallelGameTestsWithHarness.ConcurrentOperationsTest_MultipleContainersWorkIndependently [1 ms]
[xUnit.net 00:00:00.27]     DINOForge.Tests.Integration.ParallelGameTestsWithHarness.PipeNameIsolationTest_UniqueNamesPerInstance [SKIP]
[xUnit.net 00:00:00.27]     DINOForge.Tests.Integration.ParallelGameTestsWithHarness.WorldReadinessPollTest_DetectsEntityCountWithoutSleep [SKIP]
  Skipped DINOForge.Tests.Integration.ParallelGameTestsWithHarness.PipeNameIsolationTest_UniqueNamesPerInstance [1 ms]
  Skipped DINOForge.Tests.Integration.ParallelGameTestsWithHarness.WorldReadinessPollTest_DetectsEntityCountWithoutSleep [1 ms]
[xUnit.net 00:00:02.12]     DINOForge.Tests.Bridge.GameClientFramingTests.ConnectAsync_WithoutTimeout_UsesOptionsDefault [SKIP]
  Skipped DINOForge.Tests.Bridge.GameClientFramingTests.ConnectAsync_WithoutTimeout_UsesOptionsDefault [1 ms]
[xUnit.net 00:00:05.17]     DINOForge.Tests.MockGameBridgeServerTests.MockGameBridgeServer_StrictMode_AcceptsValidReceipt [SKIP]
  Skipped DINOForge.Tests.MockGameBridgeServerTests.MockGameBridgeServer_StrictMode_AcceptsValidReceipt [1 ms]
The active test run was aborted. Reason: Test host process crashed
Data collector 'Blame' message: The specified inactivity time of 90 seconds has elapsed. Collecting hang dumps from testhost and its child processes.
[xUnit.net 00:02:08.54]     DINOForge.Tests.GameClientCoverageTests.KillAsync_WhenProcessIsRunning_DoesNotThrow [SKIP]

Passed!  - Failed:     0, Passed:   135, Skipped:     6, Total:   141, Duration: 8 s - DINOForge.Tests.Integration.dll (net8.0)
Test Run Aborted.

  Skipped DINOForge.Tests.GameClientCoverageTests.KillAsync_WhenProcessIsRunning_DoesNotThrow [1 ms]
The active Test Run was aborted because the host process exited unexpectedly. Please inspect the call stack above, if available, to get more information about where the exception originated from.
The test running when the crash occurred: 
DINOForge.Tests.Integration.Tests.ScreenshotFallbackTests.Screenshot_FileSize_IsReasonable
DINOForge.Tests.Integration.Tests.MockGameServerTests.GameClient_Status_ReportsEntitiesAfterPackLoad
DINOForge.Tests.Integration.Tests.ErrorPathTests.MultipleClients_OneDisconnects_OthersContinue
DINOForge.Tests.Integration.Tests.LiveGameIntegrationTests.LiveGame_ApplyOverride_Succeeds
DINOForge.Tests.Integration.Tests.GameSandboxIntegrationTests.Sandbox_Gameplay_ApplyStatOverrides

This test may, or may not be the source of the crash.
The active test run was aborted. Reason: Test host process crashed
Data collector 'Blame' message: The specified inactivity time of 90 seconds has elapsed. Collecting hang dumps from testhost and its child processes.

Passed!  - Failed:     0, Passed:  3249, Skipped:     3, Total:  3252, Duration: 2 m 13 s - DINOForge.Tests.dll (net8.0)
Test Run Aborted.

The active Test Run was aborted because the host process exited unexpectedly. Please inspect the call stack above, if available, to get more information about where the exception originated from.
The test running when the crash occurred: 
DINOForge.Tests.Bridge.GameClientFramingTests.ConnectAsync_WithCustomTimeout_UsesProvidedValue
DINOForge.Tests.GameClientCoverageTests.SendRequestAsync_GivesUpAfterAllRetries

This test may, or may not be the source of the crash.

Attachments:
  C:\Users\koosh\Dino\src\Tests\Integration\TestResults\2ac523ec-6341-475a-8dee-7fd6ca328114\testhost_48100_20260518T092059_hangdump.dmp
  C:\Users\koosh\Dino\src\Tests\Integration\TestResults\2ac523ec-6341-475a-8dee-7fd6ca328114\Sequence_5446488da22145b08c4305c4e3f572d8.xml
  C:\Users\koosh\Dino\src\Tests\TestResults\f337318a-f1e1-465f-8928-266348ea6164\testhost_89132_20260518T092108_hangdump.dmp
  C:\Users\koosh\Dino\src\Tests\TestResults\f337318a-f1e1-465f-8928-266348ea6164\Sequence_22097bdba2d94033a8391eee6d170420.xml
